generated/prisma/edge.js(35,1): error TS2740: Type 'typeof Prisma' is missing the following properties from type 'typeof Prisma': TransactionIsolationLevel, UserScalarFieldEnum, ProfileScalarFieldEnum, CompanyScalarFieldEnum, and 10 more.
generated/prisma/edge.js(284,8): error TS2339: Property 'dirname' does not exist on type '{ generator: { name: string; provider: { fromEnvVar: null; value: string; }; output: { value: string; fromEnvVar: null; }; config: { engineType: string; }; binaryTargets: { fromEnvVar: null; value: string; native: boolean; }[]; previewFeatures: never[]; sourceFilePath: string; isCustomOutput: boolean; }; ... 10 more...'.
generated/prisma/edge.js(286,8): error TS2339: Property 'runtimeDataModel' does not exist on type '{ generator: { name: string; provider: { fromEnvVar: null; value: string; }; output: { value: string; fromEnvVar: null; }; config: { engineType: string; }; binaryTargets: { fromEnvVar: null; value: string; native: boolean; }[]; previewFeatures: never[]; sourceFilePath: string; isCustomOutput: boolean; }; ... 10 more...'.
generated/prisma/edge.js(287,43): error TS2339: Property 'runtimeDataModel' does not exist on type '{ generator: { name: string; provider: { fromEnvVar: null; value: string; }; output: { value: string; fromEnvVar: null; }; config: { engineType: string; }; binaryTargets: { fromEnvVar: null; value: string; native: boolean; }[]; previewFeatures: never[]; sourceFilePath: string; isCustomOutput: boolean; }; ... 10 more...'.
generated/prisma/edge.js(288,8): error TS2339: Property 'engineWasm' does not exist on type '{ generator: { name: string; provider: { fromEnvVar: null; value: string; }; output: { value: string; fromEnvVar: null; }; config: { engineType: string; }; binaryTargets: { fromEnvVar: null; value: string; native: boolean; }[]; previewFeatures: never[]; sourceFilePath: string; isCustomOutput: boolean; }; ... 10 more...'.
generated/prisma/edge.js(289,8): error TS2339: Property 'compilerWasm' does not exist on type '{ generator: { name: string; provider: { fromEnvVar: null; value: string; }; output: { value: string; fromEnvVar: null; }; config: { engineType: string; }; binaryTargets: { fromEnvVar: null; value: string; native: boolean; }[]; previewFeatures: never[]; sourceFilePath: string; isCustomOutput: boolean; }; ... 10 more...'.
generated/prisma/edge.js(291,8): error TS2339: Property 'injectableEdgeEnv' does not exist on type '{ generator: { name: string; provider: { fromEnvVar: null; value: string; }; output: { value: string; fromEnvVar: null; }; config: { engineType: string; }; binaryTargets: { fromEnvVar: null; value: string; native: boolean; }[]; previewFeatures: never[]; sourceFilePath: string; isCustomOutput: boolean; }; ... 10 more...'.
generated/prisma/edge.js(293,56): error TS7053: Element implicitly has an 'any' type because expression of type '"DATABASE_URL"' can't be used to index type 'typeof globalThis'.
  Property 'DATABASE_URL' does not exist on type 'typeof globalThis'.
generated/prisma/edge.js(297,42): error TS7053: Element implicitly has an 'any' type because expression of type '"DEBUG"' can't be used to index type 'typeof globalThis'.
  Property 'DEBUG' does not exist on type 'typeof globalThis'.
generated/prisma/edge.js(298,53): error TS7053: Element implicitly has an 'any' type because expression of type '"DEBUG"' can't be used to index type 'typeof globalThis'.
  Property 'DEBUG' does not exist on type 'typeof globalThis'.
generated/prisma/index-browser.js(14,3): error TS2305: Module '"./runtime/index-browser.js"' has no exported member 'skip'.
generated/prisma/index-browser.js(20,1): error TS2740: Type 'typeof Prisma' is missing the following properties from type 'typeof Prisma': TransactionIsolationLevel, UserScalarFieldEnum, ProfileScalarFieldEnum, CompanyScalarFieldEnum, and 10 more.
generated/prisma/index.js(35,1): error TS2740: Type 'typeof Prisma' is missing the following properties from type 'typeof Prisma': TransactionIsolationLevel, UserScalarFieldEnum, ProfileScalarFieldEnum, CompanyScalarFieldEnum, and 10 more.
generated/prisma/index.js(288,8): error TS2339: Property 'dirname' does not exist on type '{ generator: { name: string; provider: { fromEnvVar: null; value: string; }; output: { value: string; fromEnvVar: null; }; config: { engineType: string; }; binaryTargets: { fromEnvVar: null; value: string; native: boolean; }[]; previewFeatures: never[]; sourceFilePath: string; isCustomOutput: boolean; }; ... 10 more...'.
generated/prisma/index.js(299,10): error TS2339: Property 'dirname' does not exist on type '{ generator: { name: string; provider: { fromEnvVar: null; value: string; }; output: { value: string; fromEnvVar: null; }; config: { engineType: string; }; binaryTargets: { fromEnvVar: null; value: string; native: boolean; }[]; previewFeatures: never[]; sourceFilePath: string; isCustomOutput: boolean; }; ... 10 more...'.
generated/prisma/index.js(299,45): error TS2345: Argument of type 'string | undefined' is not assignable to parameter of type 'string'.
  Type 'undefined' is not assignable to type 'string'.
generated/prisma/index.js(300,10): error TS2339: Property 'isBundled' does not exist on type '{ generator: { name: string; provider: { fromEnvVar: null; value: string; }; output: { value: string; fromEnvVar: null; }; config: { engineType: string; }; binaryTargets: { fromEnvVar: null; value: string; native: boolean; }[]; previewFeatures: never[]; sourceFilePath: string; isCustomOutput: boolean; }; ... 10 more...'.
generated/prisma/index.js(303,8): error TS2339: Property 'runtimeDataModel' does not exist on type '{ generator: { name: string; provider: { fromEnvVar: null; value: string; }; output: { value: string; fromEnvVar: null; }; config: { engineType: string; }; binaryTargets: { fromEnvVar: null; value: string; native: boolean; }[]; previewFeatures: never[]; sourceFilePath: string; isCustomOutput: boolean; }; ... 10 more...'.
generated/prisma/index.js(304,43): error TS2339: Property 'runtimeDataModel' does not exist on type '{ generator: { name: string; provider: { fromEnvVar: null; value: string; }; output: { value: string; fromEnvVar: null; }; config: { engineType: string; }; binaryTargets: { fromEnvVar: null; value: string; native: boolean; }[]; previewFeatures: never[]; sourceFilePath: string; isCustomOutput: boolean; }; ... 10 more...'.
generated/prisma/index.js(305,8): error TS2339: Property 'engineWasm' does not exist on type '{ generator: { name: string; provider: { fromEnvVar: null; value: string; }; output: { value: string; fromEnvVar: null; }; config: { engineType: string; }; binaryTargets: { fromEnvVar: null; value: string; native: boolean; }[]; previewFeatures: never[]; sourceFilePath: string; isCustomOutput: boolean; }; ... 10 more...'.
generated/prisma/index.js(306,8): error TS2339: Property 'compilerWasm' does not exist on type '{ generator: { name: string; provider: { fromEnvVar: null; value: string; }; output: { value: string; fromEnvVar: null; }; config: { engineType: string; }; binaryTargets: { fromEnvVar: null; value: string; native: boolean; }[]; previewFeatures: never[]; sourceFilePath: string; isCustomOutput: boolean; }; ... 10 more...'.
generated/prisma/index.js(312,77): error TS2339: Property 'dirname' does not exist on type '{ generator: { name: string; provider: { fromEnvVar: null; value: string; }; output: { value: string; fromEnvVar: null; }; config: { engineType: string; }; binaryTargets: { fromEnvVar: null; value: string; native: boolean; }[]; previewFeatures: never[]; sourceFilePath: string; isCustomOutput: boolean; }; ... 10 more...'.
generated/prisma/index.js(313,81): error TS2339: Property 'dirname' does not exist on type '{ generator: { name: string; provider: { fromEnvVar: null; value: string; }; output: { value: string; fromEnvVar: null; }; config: { engineType: string; }; binaryTargets: { fromEnvVar: null; value: string; native: boolean; }[]; previewFeatures: never[]; sourceFilePath: string; isCustomOutput: boolean; }; ... 10 more...'.
generated/prisma/index.js(316,38): error TS2345: Argument of type '{ generator: { name: string; provider: { fromEnvVar: null; value: string; }; output: { value: string; fromEnvVar: null; }; config: { engineType: string; }; binaryTargets: { fromEnvVar: null; value: string; native: boolean; }[]; previewFeatures: never[]; sourceFilePath: string; isCustomOutput: boolean; }; ... 10 more...' is not assignable to parameter of type 'GetPrismaClientConfig'.
  Type '{ generator: { name: string; provider: { fromEnvVar: null; value: string; }; output: { value: string; fromEnvVar: null; }; config: { engineType: string; }; binaryTargets: { fromEnvVar: null; value: string; native: boolean; }[]; previewFeatures: never[]; sourceFilePath: string; isCustomOutput: boolean; }; ... 10 more...' is missing the following properties from type 'GetPrismaClientConfig': runtimeDataModel, dirname
generated/prisma/query_engine_bg.js(1,158): error TS7006: Parameter 'e' implicitly has an 'any' type.
generated/prisma/query_engine_bg.js(1,160): error TS7006: Parameter 't' implicitly has an 'any' type.
generated/prisma/query_engine_bg.js(1,216): error TS7006: Parameter 'e' implicitly has an 'any' type.
generated/prisma/query_engine_bg.js(1,218): error TS7006: Parameter 't' implicitly has an 'any' type.
generated/prisma/query_engine_bg.js(1,220): error TS7006: Parameter 'n' implicitly has an 'any' type.
generated/prisma/query_engine_bg.js(1,222): error TS7006: Parameter '_' implicitly has an 'any' type.
generated/prisma/query_engine_bg.js(1,388): error TS7006: Parameter 'e' implicitly has an 'any' type.
generated/prisma/query_engine_bg.js(1,4137): error TS7034: Variable 'r' implicitly has type 'any' in some locations where its type cannot be determined.
generated/prisma/query_engine_bg.js(1,4150): error TS7006: Parameter 'e' implicitly has an 'any' type.
generated/prisma/query_engine_bg.js(1,4161): error TS7034: Variable 'T' implicitly has type 'any' in some locations where its type cannot be determined.
generated/prisma/query_engine_bg.js(1,4188): error TS7005: Variable 'T' implicitly has an 'any' type.
generated/prisma/query_engine_bg.js(1,4198): error TS7005: Variable 'T' implicitly has an 'any' type.
generated/prisma/query_engine_bg.js(1,4235): error TS7005: Variable 'r' implicitly has an 'any' type.
generated/prisma/query_engine_bg.js(1,4253): error TS7005: Variable 'T' implicitly has an 'any' type.
generated/prisma/query_engine_bg.js(1,4359): error TS7006: Parameter 'e' implicitly has an 'any' type.
generated/prisma/query_engine_bg.js(1,4361): error TS7006: Parameter 't' implicitly has an 'any' type.
generated/prisma/query_engine_bg.js(1,4491): error TS7006: Parameter 'e' implicitly has an 'any' type.
generated/prisma/query_engine_bg.js(1,4493): error TS7006: Parameter 't' implicitly has an 'any' type.
generated/prisma/query_engine_bg.js(1,4571): error TS2339: Property 'encodeInto' does not exist on type 'never'.
generated/prisma/query_engine_bg.js(1,4591): error TS7006: Parameter 'e' implicitly has an 'any' type.
generated/prisma/query_engine_bg.js(1,4593): error TS7006: Parameter 't' implicitly has an 'any' type.
generated/prisma/query_engine_bg.js(1,4606): error TS2339: Property 'encode' does not exist on type 'never'.
generated/prisma/query_engine_bg.js(1,4678): error TS7006: Parameter 'e' implicitly has an 'any' type.
generated/prisma/query_engine_bg.js(1,4680): error TS7006: Parameter 't' implicitly has an 'any' type.
generated/prisma/query_engine_bg.js(1,4682): error TS7006: Parameter 'n' implicitly has an 'any' type.
generated/prisma/query_engine_bg.js(1,5063): error TS7034: Variable 'w' implicitly has type 'any' in some locations where its type cannot be determined.
generated/prisma/query_engine_bg.js(1,5090): error TS7005: Variable 'w' implicitly has an 'any' type.
generated/prisma/query_engine_bg.js(1,5100): error TS7005: Variable 'w' implicitly has an 'any' type.
generated/prisma/query_engine_bg.js(1,5124): error TS7005: Variable 'w' implicitly has an 'any' type.
generated/prisma/query_engine_bg.js(1,5152): error TS7005: Variable 'w' implicitly has an 'any' type.
generated/prisma/query_engine_bg.js(1,5163): error TS7005: Variable 'r' implicitly has an 'any' type.
generated/prisma/query_engine_bg.js(1,5197): error TS7005: Variable 'r' implicitly has an 'any' type.
generated/prisma/query_engine_bg.js(1,5215): error TS7005: Variable 'w' implicitly has an 'any' type.
generated/prisma/query_engine_bg.js(1,5228): error TS7006: Parameter 'e' implicitly has an 'any' type.
generated/prisma/query_engine_bg.js(1,5257): error TS7006: Parameter 'e' implicitly has an 'any' type.
generated/prisma/query_engine_bg.js(2,26): error TS7006: Parameter 'e' implicitly has an 'any' type.
generated/prisma/query_engine_bg.js(2,37): error TS7005: Variable 'r' implicitly has an 'any' type.
generated/prisma/query_engine_bg.js(2,72): error TS7005: Variable 'r' implicitly has an 'any' type.
generated/prisma/query_engine_bg.js(2,118): error TS7006: Parameter 'e' implicitly has an 'any' type.
generated/prisma/query_engine_bg.js(2,120): error TS7006: Parameter 't' implicitly has an 'any' type.
generated/prisma/query_engine_bg.js(2,142): error TS2683: 'this' implicitly has type 'any' because it does not have a type annotation.
generated/prisma/query_engine_bg.js(2,172): error TS7005: Variable 'r' implicitly has an 'any' type.
generated/prisma/query_engine_bg.js(2,210): error TS7006: Parameter 'e' implicitly has an 'any' type.
generated/prisma/query_engine_bg.js(2,212): error TS7006: Parameter 't' implicitly has an 'any' type.
generated/prisma/query_engine_bg.js(2,386): error TS7006: Parameter 'e' implicitly has an 'any' type.
generated/prisma/query_engine_bg.js(2,388): error TS7006: Parameter 't' implicitly has an 'any' type.
generated/prisma/query_engine_bg.js(2,390): error TS7006: Parameter 'n' implicitly has an 'any' type.
generated/prisma/query_engine_bg.js(2,392): error TS7006: Parameter '_' implicitly has an 'any' type.
generated/prisma/query_engine_bg.js(2,429): error TS7019: Rest parameter 'c' implicitly has an 'any[]' type.
generated/prisma/query_engine_bg.js(2,635): error TS7006: Parameter 'e' implicitly has an 'any' type.
generated/prisma/query_engine_bg.js(2,646): error TS7005: Variable 'r' implicitly has an 'any' type.
generated/prisma/query_engine_bg.js(2,684): error TS7005: Variable 'r' implicitly has an 'any' type.
generated/prisma/query_engine_bg.js(2,728): error TS7006: Parameter 'e' implicitly has an 'any' type.
generated/prisma/query_engine_bg.js(2,748): error TS7005: Variable 'r' implicitly has an 'any' type.
generated/prisma/query_engine_bg.js(2,768): error TS7005: Variable 'r' implicitly has an 'any' type.
generated/prisma/query_engine_bg.js(2,802): error TS7005: Variable 'r' implicitly has an 'any' type.
generated/prisma/query_engine_bg.js(2,863): error TS7005: Variable 'r' implicitly has an 'any' type.
generated/prisma/query_engine_bg.js(2,895): error TS7006: Parameter 'e' implicitly has an 'any' type.
generated/prisma/query_engine_bg.js(2,897): error TS7006: Parameter 't' implicitly has an 'any' type.
generated/prisma/query_engine_bg.js(2,899): error TS7006: Parameter 'n' implicitly has an 'any' type.
generated/prisma/query_engine_bg.js(2,902): error TS7005: Variable 'r' implicitly has an 'any' type.
generated/prisma/query_engine_bg.js(2,984): error TS7006: Parameter 'e' implicitly has an 'any' type.
generated/prisma/query_engine_bg.js(2,986): error TS7006: Parameter 't' implicitly has an 'any' type.
generated/prisma/query_engine_bg.js(2,988): error TS7006: Parameter 'n' implicitly has an 'any' type.
generated/prisma/query_engine_bg.js(2,990): error TS7006: Parameter '_' implicitly has an 'any' type.
generated/prisma/query_engine_bg.js(2,993): error TS7005: Variable 'r' implicitly has an 'any' type.
generated/prisma/query_engine_bg.js(2,1170): error TS7005: Variable 'r' implicitly has an 'any' type.
generated/prisma/query_engine_bg.js(2,1343): error TS7005: Variable 'r' implicitly has an 'any' type.
generated/prisma/query_engine_bg.js(2,1384): error TS7006: Parameter 't' implicitly has an 'any' type.
generated/prisma/query_engine_bg.js(2,1386): error TS7006: Parameter 'n' implicitly has an 'any' type.
generated/prisma/query_engine_bg.js(2,1401): error TS7005: Variable 'r' implicitly has an 'any' type.
generated/prisma/query_engine_bg.js(2,1421): error TS7005: Variable 'r' implicitly has an 'any' type.
generated/prisma/query_engine_bg.js(2,1453): error TS7005: Variable 'r' implicitly has an 'any' type.
generated/prisma/query_engine_bg.js(2,1473): error TS7005: Variable 'r' implicitly has an 'any' type.
generated/prisma/query_engine_bg.js(2,1506): error TS7005: Variable 'r' implicitly has an 'any' type.
generated/prisma/query_engine_bg.js(2,1572): error TS7006: Parameter 't' implicitly has an 'any' type.
generated/prisma/query_engine_bg.js(2,1574): error TS7006: Parameter 'n' implicitly has an 'any' type.
generated/prisma/query_engine_bg.js(2,1576): error TS7006: Parameter '_' implicitly has an 'any' type.
generated/prisma/query_engine_bg.js(2,1591): error TS7005: Variable 'r' implicitly has an 'any' type.
generated/prisma/query_engine_bg.js(2,1611): error TS7005: Variable 'r' implicitly has an 'any' type.
generated/prisma/query_engine_bg.js(2,1643): error TS7005: Variable 'r' implicitly has an 'any' type.
generated/prisma/query_engine_bg.js(2,1663): error TS7005: Variable 'r' implicitly has an 'any' type.
generated/prisma/query_engine_bg.js(2,1695): error TS7005: Variable 'r' implicitly has an 'any' type.
generated/prisma/query_engine_bg.js(2,1715): error TS7005: Variable 'r' implicitly has an 'any' type.
generated/prisma/query_engine_bg.js(2,1748): error TS7005: Variable 'r' implicitly has an 'any' type.
generated/prisma/query_engine_bg.js(2,1825): error TS7006: Parameter 't' implicitly has an 'any' type.
generated/prisma/query_engine_bg.js(2,1827): error TS7006: Parameter 'n' implicitly has an 'any' type.
generated/prisma/query_engine_bg.js(2,1829): error TS7006: Parameter '_' implicitly has an 'any' type.
generated/prisma/query_engine_bg.js(2,1844): error TS7005: Variable 'r' implicitly has an 'any' type.
generated/prisma/query_engine_bg.js(2,1864): error TS7005: Variable 'r' implicitly has an 'any' type.
generated/prisma/query_engine_bg.js(2,1896): error TS7005: Variable 'r' implicitly has an 'any' type.
generated/prisma/query_engine_bg.js(2,1916): error TS7005: Variable 'r' implicitly has an 'any' type.
generated/prisma/query_engine_bg.js(2,1948): error TS7005: Variable 'r' implicitly has an 'any' type.
generated/prisma/query_engine_bg.js(2,1968): error TS7005: Variable 'r' implicitly has an 'any' type.
generated/prisma/query_engine_bg.js(2,2001): error TS7005: Variable 'r' implicitly has an 'any' type.
generated/prisma/query_engine_bg.js(2,2081): error TS7006: Parameter 't' implicitly has an 'any' type.
generated/prisma/query_engine_bg.js(2,2083): error TS7006: Parameter 'n' implicitly has an 'any' type.
generated/prisma/query_engine_bg.js(2,2085): error TS7006: Parameter '_' implicitly has an 'any' type.
generated/prisma/query_engine_bg.js(2,2100): error TS7005: Variable 'r' implicitly has an 'any' type.
generated/prisma/query_engine_bg.js(2,2120): error TS7005: Variable 'r' implicitly has an 'any' type.
generated/prisma/query_engine_bg.js(2,2152): error TS7005: Variable 'r' implicitly has an 'any' type.
generated/prisma/query_engine_bg.js(2,2172): error TS7005: Variable 'r' implicitly has an 'any' type.
generated/prisma/query_engine_bg.js(2,2204): error TS7005: Variable 'r' implicitly has an 'any' type.
generated/prisma/query_engine_bg.js(2,2224): error TS7005: Variable 'r' implicitly has an 'any' type.
generated/prisma/query_engine_bg.js(2,2257): error TS7005: Variable 'r' implicitly has an 'any' type.
generated/prisma/query_engine_bg.js(2,2331): error TS7006: Parameter 't' implicitly has an 'any' type.
generated/prisma/query_engine_bg.js(2,2333): error TS7006: Parameter 'n' implicitly has an 'any' type.
generated/prisma/query_engine_bg.js(2,2335): error TS7006: Parameter '_' implicitly has an 'any' type.
generated/prisma/query_engine_bg.js(2,2346): error TS7005: Variable 'r' implicitly has an 'any' type.
generated/prisma/query_engine_bg.js(2,2472): error TS7006: Parameter 't' implicitly has an 'any' type.
generated/prisma/query_engine_bg.js(2,2474): error TS7006: Parameter 'n' implicitly has an 'any' type.
generated/prisma/query_engine_bg.js(2,2476): error TS7006: Parameter '_' implicitly has an 'any' type.
generated/prisma/query_engine_bg.js(2,2478): error TS7006: Parameter 'o' implicitly has an 'any' type.
generated/prisma/query_engine_bg.js(2,2493): error TS7005: Variable 'r' implicitly has an 'any' type.
generated/prisma/query_engine_bg.js(2,2513): error TS7005: Variable 'r' implicitly has an 'any' type.
generated/prisma/query_engine_bg.js(2,2545): error TS7005: Variable 'r' implicitly has an 'any' type.
generated/prisma/query_engine_bg.js(2,2565): error TS7005: Variable 'r' implicitly has an 'any' type.
generated/prisma/query_engine_bg.js(2,2608): error TS7005: Variable 'r' implicitly has an 'any' type.
generated/prisma/query_engine_bg.js(2,2628): error TS7005: Variable 'r' implicitly has an 'any' type.
generated/prisma/query_engine_bg.js(2,2666): error TS7005: Variable 'r' implicitly has an 'any' type.
generated/prisma/query_engine_bg.js(2,2686): error TS7005: Variable 'r' implicitly has an 'any' type.
generated/prisma/query_engine_bg.js(2,2719): error TS7005: Variable 'r' implicitly has an 'any' type.
generated/prisma/query_engine_bg.js(2,2777): error TS7006: Parameter 't' implicitly has an 'any' type.
generated/prisma/query_engine_bg.js(2,2792): error TS7005: Variable 'r' implicitly has an 'any' type.
generated/prisma/query_engine_bg.js(2,2812): error TS7005: Variable 'r' implicitly has an 'any' type.
generated/prisma/query_engine_bg.js(2,2845): error TS7005: Variable 'r' implicitly has an 'any' type.
generated/prisma/query_engine_bg.js(2,2893): error TS7006: Parameter 't' implicitly has an 'any' type.
generated/prisma/query_engine_bg.js(2,2895): error TS7006: Parameter 'n' implicitly has an 'any' type.
generated/prisma/query_engine_bg.js(2,2910): error TS7005: Variable 'r' implicitly has an 'any' type.
generated/prisma/query_engine_bg.js(2,2930): error TS7005: Variable 'r' implicitly has an 'any' type.
generated/prisma/query_engine_bg.js(2,2962): error TS7005: Variable 'r' implicitly has an 'any' type.
generated/prisma/query_engine_bg.js(2,2982): error TS7005: Variable 'r' implicitly has an 'any' type.
generated/prisma/query_engine_bg.js(2,3015): error TS7005: Variable 'r' implicitly has an 'any' type.
generated/prisma/query_engine_bg.js(2,3069): error TS7006: Parameter 't' implicitly has an 'any' type.
generated/prisma/query_engine_bg.js(2,3084): error TS7005: Variable 'r' implicitly has an 'any' type.
generated/prisma/query_engine_bg.js(2,3104): error TS7005: Variable 'r' implicitly has an 'any' type.
generated/prisma/query_engine_bg.js(2,3137): error TS7005: Variable 'r' implicitly has an 'any' type.
generated/prisma/query_engine_bg.js(2,3197): error TS7053: Element implicitly has an 'any' type because expression of type 'unique symbol' can't be used to index type 'E'.
  Property '[SymbolConstructor.dispose]' does not exist on type 'E'.
generated/prisma/query_engine_bg.js(2,3254): error TS7006: Parameter 'e' implicitly has an 'any' type.
generated/prisma/query_engine_bg.js(2,3256): error TS7006: Parameter 't' implicitly has an 'any' type.
generated/prisma/query_engine_bg.js(2,3291): error TS7006: Parameter 'e' implicitly has an 'any' type.
generated/prisma/query_engine_bg.js(2,3322): error TS7006: Parameter 'e' implicitly has an 'any' type.
generated/prisma/query_engine_bg.js(2,3324): error TS7006: Parameter 't' implicitly has an 'any' type.
generated/prisma/query_engine_bg.js(2,3351): error TS7005: Variable 'r' implicitly has an 'any' type.
generated/prisma/query_engine_bg.js(2,3371): error TS7005: Variable 'r' implicitly has an 'any' type.
generated/prisma/query_engine_bg.js(2,3458): error TS7006: Parameter 'e' implicitly has an 'any' type.
generated/prisma/query_engine_bg.js(2,3460): error TS7006: Parameter 't' implicitly has an 'any' type.
generated/prisma/query_engine_bg.js(2,3586): error TS7006: Parameter 'e' implicitly has an 'any' type.
generated/prisma/query_engine_bg.js(2,3669): error TS7006: Parameter 'e' implicitly has an 'any' type.
generated/prisma/query_engine_bg.js(2,3671): error TS7006: Parameter 't' implicitly has an 'any' type.
generated/prisma/query_engine_bg.js(2,3693): error TS7005: Variable 'r' implicitly has an 'any' type.
generated/prisma/query_engine_bg.js(2,3713): error TS7005: Variable 'r' implicitly has an 'any' type.
generated/prisma/query_engine_bg.js(2,3801): error TS7006: Parameter 'e' implicitly has an 'any' type.
generated/prisma/query_engine_bg.js(2,3803): error TS7006: Parameter 't' implicitly has an 'any' type.
generated/prisma/query_engine_bg.js(2,3832): error TS7006: Parameter 'e' implicitly has an 'any' type.
generated/prisma/query_engine_bg.js(2,3873): error TS7006: Parameter 'e' implicitly has an 'any' type.
generated/prisma/query_engine_bg.js(2,3916): error TS7006: Parameter 'e' implicitly has an 'any' type.
generated/prisma/query_engine_bg.js(2,3977): error TS7006: Parameter 'e' implicitly has an 'any' type.
generated/prisma/query_engine_bg.js(2,4018): error TS7006: Parameter 'e' implicitly has an 'any' type.
generated/prisma/query_engine_bg.js(2,4051): error TS7006: Parameter 'e' implicitly has an 'any' type.
generated/prisma/query_engine_bg.js(2,4053): error TS7006: Parameter 't' implicitly has an 'any' type.
generated/prisma/query_engine_bg.js(2,4081): error TS7006: Parameter 'e' implicitly has an 'any' type.
generated/prisma/query_engine_bg.js(2,4083): error TS7006: Parameter 't' implicitly has an 'any' type.
generated/prisma/query_engine_bg.js(2,4110): error TS7006: Parameter 'e' implicitly has an 'any' type.
generated/prisma/query_engine_bg.js(2,4112): error TS7006: Parameter 't' implicitly has an 'any' type.
generated/prisma/query_engine_bg.js(2,4230): error TS7006: Parameter 'e' implicitly has an 'any' type.
generated/prisma/query_engine_bg.js(2,4232): error TS7006: Parameter 't' implicitly has an 'any' type.
generated/prisma/query_engine_bg.js(2,4292): error TS7005: Variable 'r' implicitly has an 'any' type.
generated/prisma/query_engine_bg.js(2,4312): error TS7005: Variable 'r' implicitly has an 'any' type.
generated/prisma/query_engine_bg.js(2,4400): error TS7006: Parameter 'e' implicitly has an 'any' type.
generated/prisma/query_engine_bg.js(2,4402): error TS7006: Parameter 't' implicitly has an 'any' type.
generated/prisma/query_engine_bg.js(2,4441): error TS7006: Parameter 'e' implicitly has an 'any' type.
generated/prisma/query_engine_bg.js(2,4494): error TS7006: Parameter 'e' implicitly has an 'any' type.
generated/prisma/query_engine_bg.js(2,4496): error TS7006: Parameter 't' implicitly has an 'any' type.
generated/prisma/query_engine_bg.js(2,4498): error TS7006: Parameter 'n' implicitly has an 'any' type.
generated/prisma/query_engine_bg.js(2,4564): error TS7006: Parameter 'e' implicitly has an 'any' type.
generated/prisma/query_engine_bg.js(2,4566): error TS7006: Parameter 't' implicitly has an 'any' type.
generated/prisma/query_engine_bg.js(2,4610): error TS7006: Parameter 'e' implicitly has an 'any' type.
generated/prisma/query_engine_bg.js(2,4641): error TS7006: Parameter 'e' implicitly has an 'any' type.
generated/prisma/query_engine_bg.js(2,4670): error TS7006: Parameter 'e' implicitly has an 'any' type.
generated/prisma/query_engine_bg.js(2,4730): error TS7006: Parameter 'e' implicitly has an 'any' type.
generated/prisma/query_engine_bg.js(2,4732): error TS7006: Parameter 't' implicitly has an 'any' type.
generated/prisma/query_engine_bg.js(2,4780): error TS7006: Parameter 'e' implicitly has an 'any' type.
generated/prisma/query_engine_bg.js(2,4814): error TS7006: Parameter 'e' implicitly has an 'any' type.
generated/prisma/query_engine_bg.js(2,4816): error TS7006: Parameter 't' implicitly has an 'any' type.
generated/prisma/query_engine_bg.js(2,4867): error TS7006: Parameter 'e' implicitly has an 'any' type.
generated/prisma/query_engine_bg.js(2,4869): error TS7006: Parameter 't' implicitly has an 'any' type.
generated/prisma/query_engine_bg.js(2,4928): error TS7006: Parameter 'e' implicitly has an 'any' type.
generated/prisma/query_engine_bg.js(2,4930): error TS7006: Parameter 't' implicitly has an 'any' type.
generated/prisma/query_engine_bg.js(2,4981): error TS7006: Parameter 'e' implicitly has an 'any' type.
generated/prisma/query_engine_bg.js(2,4983): error TS7006: Parameter 't' implicitly has an 'any' type.
generated/prisma/query_engine_bg.js(2,5030): error TS7006: Parameter 'e' implicitly has an 'any' type.
generated/prisma/query_engine_bg.js(2,5032): error TS7006: Parameter 't' implicitly has an 'any' type.
generated/prisma/query_engine_bg.js(2,5083): error TS7006: Parameter 'e' implicitly has an 'any' type.
generated/prisma/query_engine_bg.js(2,5155): error TS7006: Parameter 'e' implicitly has an 'any' type.
generated/prisma/query_engine_bg.js(2,5219): error TS7006: Parameter 'e' implicitly has an 'any' type.
generated/prisma/query_engine_bg.js(2,5287): error TS7006: Parameter 'e' implicitly has an 'any' type.
generated/prisma/query_engine_bg.js(2,5358): error TS7006: Parameter 'e' implicitly has an 'any' type.
generated/prisma/query_engine_bg.js(2,5397): error TS7006: Parameter 'e' implicitly has an 'any' type.
generated/prisma/query_engine_bg.js(2,5480): error TS7006: Parameter 'e' implicitly has an 'any' type.
generated/prisma/query_engine_bg.js(2,5517): error TS7006: Parameter 'e' implicitly has an 'any' type.
generated/prisma/query_engine_bg.js(2,5548): error TS7006: Parameter 'e' implicitly has an 'any' type.
generated/prisma/query_engine_bg.js(2,5579): error TS7006: Parameter 'e' implicitly has an 'any' type.
generated/prisma/query_engine_bg.js(2,5674): error TS7006: Parameter 'e' implicitly has an 'any' type.
generated/prisma/query_engine_bg.js(2,5676): error TS7006: Parameter 't' implicitly has an 'any' type.
generated/prisma/query_engine_bg.js(2,5702): error TS7006: Parameter 'i' implicitly has an 'any' type.
generated/prisma/query_engine_bg.js(2,5704): error TS7006: Parameter 'c' implicitly has an 'any' type.
generated/prisma/query_engine_bg.js(2,5797): error TS2454: Variable 'n' is used before being assigned.
generated/prisma/query_engine_bg.js(2,5801): error TS2454: Variable 'n' is used before being assigned.
generated/prisma/query_engine_bg.js(2,5820): error TS7006: Parameter 'e' implicitly has an 'any' type.
generated/prisma/query_engine_bg.js(2,5920): error TS7006: Parameter 'e' implicitly has an 'any' type.
generated/prisma/query_engine_bg.js(2,5922): error TS7006: Parameter 't' implicitly has an 'any' type.
generated/prisma/query_engine_bg.js(2,5967): error TS7006: Parameter 'e' implicitly has an 'any' type.
generated/prisma/query_engine_bg.js(2,5969): error TS7006: Parameter 't' implicitly has an 'any' type.
generated/prisma/query_engine_bg.js(2,5979): error TS7009: 'new' expression, whose target lacks a construct signature, implicitly has an 'any' type.
generated/prisma/query_engine_bg.js(2,5985): error TS2554: Expected 0 arguments, but got 1.
generated/prisma/query_engine_bg.js(2,6005): error TS7006: Parameter 'e' implicitly has an 'any' type.
generated/prisma/query_engine_bg.js(2,6069): error TS7006: Parameter 'e' implicitly has an 'any' type.
generated/prisma/query_engine_bg.js(2,6112): error TS7006: Parameter 'e' implicitly has an 'any' type.
generated/prisma/query_engine_bg.js(2,6141): error TS7006: Parameter 'e' implicitly has an 'any' type.
generated/prisma/query_engine_bg.js(2,6202): error TS7006: Parameter 'e' implicitly has an 'any' type.
generated/prisma/query_engine_bg.js(2,6296): error TS7006: Parameter 'e' implicitly has an 'any' type.
generated/prisma/query_engine_bg.js(2,6328): error TS7006: Parameter 'e' implicitly has an 'any' type.
generated/prisma/query_engine_bg.js(2,6330): error TS7006: Parameter 't' implicitly has an 'any' type.
generated/prisma/query_engine_bg.js(2,6332): error TS7006: Parameter 'n' implicitly has an 'any' type.
generated/prisma/query_engine_bg.js(2,6387): error TS7006: Parameter 'e' implicitly has an 'any' type.
generated/prisma/query_engine_bg.js(2,6389): error TS7006: Parameter 't' implicitly has an 'any' type.
generated/prisma/query_engine_bg.js(2,6421): error TS7006: Parameter 'e' implicitly has an 'any' type.
generated/prisma/query_engine_bg.js(2,6460): error TS7006: Parameter 'e' implicitly has an 'any' type.
generated/prisma/query_engine_bg.js(2,6513): error TS7006: Parameter 'e' implicitly has an 'any' type.
generated/prisma/query_engine_bg.js(2,6515): error TS7006: Parameter 't' implicitly has an 'any' type.
generated/prisma/query_engine_bg.js(2,6598): error TS2339: Property 'require' does not exist on type '{ exports: any; }'.
generated/prisma/query_engine_bg.js(2,6630): error TS7006: Parameter 'e' implicitly has an 'any' type.
generated/prisma/query_engine_bg.js(2,6671): error TS7006: Parameter 'e' implicitly has an 'any' type.
generated/prisma/query_engine_bg.js(2,6673): error TS7006: Parameter 't' implicitly has an 'any' type.
generated/prisma/query_engine_bg.js(2,6715): error TS7006: Parameter 'e' implicitly has an 'any' type.
generated/prisma/query_engine_bg.js(2,6717): error TS7006: Parameter 't' implicitly has an 'any' type.
generated/prisma/query_engine_bg.js(2,6719): error TS7006: Parameter 'n' implicitly has an 'any' type.
generated/prisma/query_engine_bg.js(2,6741): error TS7006: Parameter 'e' implicitly has an 'any' type.
generated/prisma/query_engine_bg.js(2,6743): error TS7006: Parameter 't' implicitly has an 'any' type.
generated/prisma/query_engine_bg.js(2,6745): error TS7006: Parameter 'n' implicitly has an 'any' type.
generated/prisma/query_engine_bg.js(2,6778): error TS7006: Parameter 'e' implicitly has an 'any' type.
generated/prisma/query_engine_bg.js(2,6780): error TS7006: Parameter 't' implicitly has an 'any' type.
generated/prisma/query_engine_bg.js(2,6782): error TS7006: Parameter 'n' implicitly has an 'any' type.
generated/prisma/query_engine_bg.js(2,6828): error TS7006: Parameter 'e' implicitly has an 'any' type.
generated/prisma/query_engine_bg.js(2,6830): error TS7006: Parameter 't' implicitly has an 'any' type.
generated/prisma/query_engine_bg.js(2,6832): error TS7006: Parameter 'n' implicitly has an 'any' type.
generated/prisma/query_engine_bg.js(2,7173): error TS7006: Parameter 'e' implicitly has an 'any' type.
generated/prisma/query_engine_bg.js(2,7175): error TS7006: Parameter 't' implicitly has an 'any' type.
generated/prisma/query_engine_bg.js(2,7177): error TS7006: Parameter 'n' implicitly has an 'any' type.
generated/prisma/query_engine_bg.js(2,7223): error TS7006: Parameter 'e' implicitly has an 'any' type.
generated/prisma/query_engine_bg.js(2,7225): error TS7006: Parameter 't' implicitly has an 'any' type.
generated/prisma/query_engine_bg.js(2,7257): error TS7006: Parameter 'e' implicitly has an 'any' type.
generated/prisma/query_engine_bg.js(2,7259): error TS7006: Parameter 't' implicitly has an 'any' type.
generated/prisma/query_engine_bg.js(2,7261): error TS7006: Parameter 'n' implicitly has an 'any' type.
generated/prisma/query_engine_bg.js(2,7295): error TS7006: Parameter 'e' implicitly has an 'any' type.
generated/prisma/query_engine_bg.js(2,7329): error TS7006: Parameter 'e' implicitly has an 'any' type.
generated/prisma/query_engine_bg.js(2,7359): error TS7006: Parameter 'e' implicitly has an 'any' type.
generated/prisma/query_engine_bg.js(2,7392): error TS7006: Parameter 'e' implicitly has an 'any' type.
generated/prisma/query_engine_bg.js(2,7394): error TS7006: Parameter 't' implicitly has an 'any' type.
generated/prisma/query_engine_bg.js(2,7410): error TS7005: Variable 'r' implicitly has an 'any' type.
generated/prisma/query_engine_bg.js(2,7477): error TS7006: Parameter 'e' implicitly has an 'any' type.
generated/prisma/query_engine_bg.js(2,7479): error TS7006: Parameter 't' implicitly has an 'any' type.
generated/prisma/query_engine_bg.js(2,7508): error TS7006: Parameter 'e' implicitly has an 'any' type.
generated/prisma/query_engine_bg.js(2,7551): error TS7006: Parameter 'e' implicitly has an 'any' type.
generated/prisma/query_engine_bg.js(2,7575): error TS7006: Parameter 'e' implicitly has an 'any' type.
generated/prisma/query_engine_bg.js(2,7577): error TS7006: Parameter 't' implicitly has an 'any' type.
generated/prisma/query_engine_bg.js(2,7606): error TS7006: Parameter 'e' implicitly has an 'any' type.
generated/prisma/query_engine_bg.js(2,7640): error TS7005: Variable 'r' implicitly has an 'any' type.
generated/prisma/query_engine_bg.js(2,7774): error TS2303: Circular definition of import alias 'QueryEngine'.
generated/prisma/query_engine_bg.js(2,7774): error TS18004: No value exists in scope for the shorthand property 'QueryEngine'. Either declare one or provide an initializer.
generated/prisma/query_engine_bg.js(2,7786): error TS2303: Circular definition of import alias '__wbg_Error_e83987f665cf5504'.
generated/prisma/query_engine_bg.js(2,7786): error TS18004: No value exists in scope for the shorthand property '__wbg_Error_e83987f665cf5504'. Either declare one or provide an initializer.
generated/prisma/query_engine_bg.js(2,7815): error TS2303: Circular definition of import alias '__wbg_Number_bb48ca12f395cd08'.
generated/prisma/query_engine_bg.js(2,7815): error TS18004: No value exists in scope for the shorthand property '__wbg_Number_bb48ca12f395cd08'. Either declare one or provide an initializer.
generated/prisma/query_engine_bg.js(2,7845): error TS2303: Circular definition of import alias '__wbg_String_8f0eb39a4a4c2f66'.
generated/prisma/query_engine_bg.js(2,7845): error TS18004: No value exists in scope for the shorthand property '__wbg_String_8f0eb39a4a4c2f66'. Either declare one or provide an initializer.
generated/prisma/query_engine_bg.js(2,7875): error TS2303: Circular definition of import alias '__wbg___wbindgen_bigint_get_as_i64_f3ebc5a755000afd'.
generated/prisma/query_engine_bg.js(2,7875): error TS18004: No value exists in scope for the shorthand property '__wbg___wbindgen_bigint_get_as_i64_f3ebc5a755000afd'. Either declare one or provide an initializer.
generated/prisma/query_engine_bg.js(2,7927): error TS2303: Circular definition of import alias '__wbg___wbindgen_boolean_get_6d5a1ee65bab5f68'.
generated/prisma/query_engine_bg.js(2,7927): error TS18004: No value exists in scope for the shorthand property '__wbg___wbindgen_boolean_get_6d5a1ee65bab5f68'. Either declare one or provide an initializer.
generated/prisma/query_engine_bg.js(2,7973): error TS2303: Circular definition of import alias '__wbg___wbindgen_debug_string_df47ffb5e35e6763'.
generated/prisma/query_engine_bg.js(2,7973): error TS18004: No value exists in scope for the shorthand property '__wbg___wbindgen_debug_string_df47ffb5e35e6763'. Either declare one or provide an initializer.
generated/prisma/query_engine_bg.js(2,8020): error TS2303: Circular definition of import alias '__wbg___wbindgen_in_bb933bd9e1b3bc0f'.
generated/prisma/query_engine_bg.js(2,8020): error TS18004: No value exists in scope for the shorthand property '__wbg___wbindgen_in_bb933bd9e1b3bc0f'. Either declare one or provide an initializer.
generated/prisma/query_engine_bg.js(2,8057): error TS2303: Circular definition of import alias '__wbg___wbindgen_is_bigint_cb320707dcd35f0b'.
generated/prisma/query_engine_bg.js(2,8057): error TS18004: No value exists in scope for the shorthand property '__wbg___wbindgen_is_bigint_cb320707dcd35f0b'. Either declare one or provide an initializer.
generated/prisma/query_engine_bg.js(2,8101): error TS2303: Circular definition of import alias '__wbg___wbindgen_is_function_ee8a6c5833c90377'.
generated/prisma/query_engine_bg.js(2,8101): error TS18004: No value exists in scope for the shorthand property '__wbg___wbindgen_is_function_ee8a6c5833c90377'. Either declare one or provide an initializer.
generated/prisma/query_engine_bg.js(2,8147): error TS2303: Circular definition of import alias '__wbg___wbindgen_is_object_c818261d21f283a4'.
generated/prisma/query_engine_bg.js(2,8147): error TS18004: No value exists in scope for the shorthand property '__wbg___wbindgen_is_object_c818261d21f283a4'. Either declare one or provide an initializer.
generated/prisma/query_engine_bg.js(2,8191): error TS2303: Circular definition of import alias '__wbg___wbindgen_is_string_fbb76cb2940daafd'.
generated/prisma/query_engine_bg.js(2,8191): error TS18004: No value exists in scope for the shorthand property '__wbg___wbindgen_is_string_fbb76cb2940daafd'. Either declare one or provide an initializer.
generated/prisma/query_engine_bg.js(2,8235): error TS2303: Circular definition of import alias '__wbg___wbindgen_is_undefined_2d472862bd29a478'.
generated/prisma/query_engine_bg.js(2,8235): error TS18004: No value exists in scope for the shorthand property '__wbg___wbindgen_is_undefined_2d472862bd29a478'. Either declare one or provide an initializer.
generated/prisma/query_engine_bg.js(2,8282): error TS2303: Circular definition of import alias '__wbg___wbindgen_jsval_eq_6b13ab83478b1c50'.
generated/prisma/query_engine_bg.js(2,8282): error TS18004: No value exists in scope for the shorthand property '__wbg___wbindgen_jsval_eq_6b13ab83478b1c50'. Either declare one or provide an initializer.
generated/prisma/query_engine_bg.js(2,8325): error TS2303: Circular definition of import alias '__wbg___wbindgen_jsval_loose_eq_b664b38a2f582147'.
generated/prisma/query_engine_bg.js(2,8325): error TS18004: No value exists in scope for the shorthand property '__wbg___wbindgen_jsval_loose_eq_b664b38a2f582147'. Either declare one or provide an initializer.
generated/prisma/query_engine_bg.js(2,8374): error TS2303: Circular definition of import alias '__wbg___wbindgen_number_get_a20bf9b85341449d'.
generated/prisma/query_engine_bg.js(2,8374): error TS18004: No value exists in scope for the shorthand property '__wbg___wbindgen_number_get_a20bf9b85341449d'. Either declare one or provide an initializer.
generated/prisma/query_engine_bg.js(2,8419): error TS2303: Circular definition of import alias '__wbg___wbindgen_string_get_e4f06c90489ad01b'.
generated/prisma/query_engine_bg.js(2,8419): error TS18004: No value exists in scope for the shorthand property '__wbg___wbindgen_string_get_e4f06c90489ad01b'. Either declare one or provide an initializer.
generated/prisma/query_engine_bg.js(2,8464): error TS2303: Circular definition of import alias '__wbg___wbindgen_throw_b855445ff6a94295'.
generated/prisma/query_engine_bg.js(2,8464): error TS18004: No value exists in scope for the shorthand property '__wbg___wbindgen_throw_b855445ff6a94295'. Either declare one or provide an initializer.
generated/prisma/query_engine_bg.js(2,8504): error TS2303: Circular definition of import alias '__wbg__wbg_cb_unref_2454a539ea5790d9'.
generated/prisma/query_engine_bg.js(2,8504): error TS18004: No value exists in scope for the shorthand property '__wbg__wbg_cb_unref_2454a539ea5790d9'. Either declare one or provide an initializer.
generated/prisma/query_engine_bg.js(2,8541): error TS2303: Circular definition of import alias '__wbg_call_525440f72fbfc0ea'.
generated/prisma/query_engine_bg.js(2,8541): error TS18004: No value exists in scope for the shorthand property '__wbg_call_525440f72fbfc0ea'. Either declare one or provide an initializer.
generated/prisma/query_engine_bg.js(2,8569): error TS2303: Circular definition of import alias '__wbg_call_e762c39fa8ea36bf'.
generated/prisma/query_engine_bg.js(2,8569): error TS18004: No value exists in scope for the shorthand property '__wbg_call_e762c39fa8ea36bf'. Either declare one or provide an initializer.
generated/prisma/query_engine_bg.js(2,8597): error TS2303: Circular definition of import alias '__wbg_crypto_805be4ce92f1e370'.
generated/prisma/query_engine_bg.js(2,8597): error TS18004: No value exists in scope for the shorthand property '__wbg_crypto_805be4ce92f1e370'. Either declare one or provide an initializer.
generated/prisma/query_engine_bg.js(2,8627): error TS2303: Circular definition of import alias '__wbg_done_2042aa2670fb1db1'.
generated/prisma/query_engine_bg.js(2,8627): error TS18004: No value exists in scope for the shorthand property '__wbg_done_2042aa2670fb1db1'. Either declare one or provide an initializer.
generated/prisma/query_engine_bg.js(2,8655): error TS2303: Circular definition of import alias '__wbg_entries_e171b586f8f6bdbf'.
generated/prisma/query_engine_bg.js(2,8655): error TS18004: No value exists in scope for the shorthand property '__wbg_entries_e171b586f8f6bdbf'. Either declare one or provide an initializer.
generated/prisma/query_engine_bg.js(2,8686): error TS2303: Circular definition of import alias '__wbg_getRandomValues_f6a868620c8bab49'.
generated/prisma/query_engine_bg.js(2,8686): error TS18004: No value exists in scope for the shorthand property '__wbg_getRandomValues_f6a868620c8bab49'. Either declare one or provide an initializer.
generated/prisma/query_engine_bg.js(2,8725): error TS2303: Circular definition of import alias '__wbg_getTime_14776bfb48a1bff9'.
generated/prisma/query_engine_bg.js(2,8725): error TS18004: No value exists in scope for the shorthand property '__wbg_getTime_14776bfb48a1bff9'. Either declare one or provide an initializer.
generated/prisma/query_engine_bg.js(2,8756): error TS2303: Circular definition of import alias '__wbg_get_7bed016f185add81'.
generated/prisma/query_engine_bg.js(2,8756): error TS18004: No value exists in scope for the shorthand property '__wbg_get_7bed016f185add81'. Either declare one or provide an initializer.
generated/prisma/query_engine_bg.js(2,8783): error TS2303: Circular definition of import alias '__wbg_get_ece95cf6585650d9'.
generated/prisma/query_engine_bg.js(2,8783): error TS18004: No value exists in scope for the shorthand property '__wbg_get_ece95cf6585650d9'. Either declare one or provide an initializer.
generated/prisma/query_engine_bg.js(2,8810): error TS2303: Circular definition of import alias '__wbg_get_efcb449f58ec27c2'.
generated/prisma/query_engine_bg.js(2,8810): error TS18004: No value exists in scope for the shorthand property '__wbg_get_efcb449f58ec27c2'. Either declare one or provide an initializer.
generated/prisma/query_engine_bg.js(2,8837): error TS2303: Circular definition of import alias '__wbg_get_with_ref_key_1dc361bd10053bfe'.
generated/prisma/query_engine_bg.js(2,8837): error TS18004: No value exists in scope for the shorthand property '__wbg_get_with_ref_key_1dc361bd10053bfe'. Either declare one or provide an initializer.
generated/prisma/query_engine_bg.js(2,8877): error TS2303: Circular definition of import alias '__wbg_has_787fafc980c3ccdb'.
generated/prisma/query_engine_bg.js(2,8877): error TS18004: No value exists in scope for the shorthand property '__wbg_has_787fafc980c3ccdb'. Either declare one or provide an initializer.
generated/prisma/query_engine_bg.js(2,8904): error TS2303: Circular definition of import alias '__wbg_instanceof_ArrayBuffer_70beb1189ca63b38'.
generated/prisma/query_engine_bg.js(2,8904): error TS18004: No value exists in scope for the shorthand property '__wbg_instanceof_ArrayBuffer_70beb1189ca63b38'. Either declare one or provide an initializer.
generated/prisma/query_engine_bg.js(2,8950): error TS2303: Circular definition of import alias '__wbg_instanceof_Map_8579b5e2ab5437c7'.
generated/prisma/query_engine_bg.js(2,8950): error TS18004: No value exists in scope for the shorthand property '__wbg_instanceof_Map_8579b5e2ab5437c7'. Either declare one or provide an initializer.
generated/prisma/query_engine_bg.js(2,8988): error TS2303: Circular definition of import alias '__wbg_instanceof_Promise_001fdd42afa1b7ef'.
generated/prisma/query_engine_bg.js(2,8988): error TS18004: No value exists in scope for the shorthand property '__wbg_instanceof_Promise_001fdd42afa1b7ef'. Either declare one or provide an initializer.
generated/prisma/query_engine_bg.js(2,9030): error TS2303: Circular definition of import alias '__wbg_instanceof_Uint8Array_20c8e73002f7af98'.
generated/prisma/query_engine_bg.js(2,9030): error TS18004: No value exists in scope for the shorthand property '__wbg_instanceof_Uint8Array_20c8e73002f7af98'. Either declare one or provide an initializer.
generated/prisma/query_engine_bg.js(2,9075): error TS2303: Circular definition of import alias '__wbg_isArray_96e0af9891d0945d'.
generated/prisma/query_engine_bg.js(2,9075): error TS18004: No value exists in scope for the shorthand property '__wbg_isArray_96e0af9891d0945d'. Either declare one or provide an initializer.
generated/prisma/query_engine_bg.js(2,9106): error TS2303: Circular definition of import alias '__wbg_isSafeInteger_d216eda7911dde36'.
generated/prisma/query_engine_bg.js(2,9106): error TS18004: No value exists in scope for the shorthand property '__wbg_isSafeInteger_d216eda7911dde36'. Either declare one or provide an initializer.
generated/prisma/query_engine_bg.js(2,9143): error TS2303: Circular definition of import alias '__wbg_iterator_e5822695327a3c39'.
generated/prisma/query_engine_bg.js(2,9143): error TS18004: No value exists in scope for the shorthand property '__wbg_iterator_e5822695327a3c39'. Either declare one or provide an initializer.
generated/prisma/query_engine_bg.js(2,9175): error TS2303: Circular definition of import alias '__wbg_keys_b4d27b02ad14f4be'.
generated/prisma/query_engine_bg.js(2,9175): error TS18004: No value exists in scope for the shorthand property '__wbg_keys_b4d27b02ad14f4be'. Either declare one or provide an initializer.
generated/prisma/query_engine_bg.js(2,9203): error TS2303: Circular definition of import alias '__wbg_length_69bca3cb64fc8748'.
generated/prisma/query_engine_bg.js(2,9203): error TS18004: No value exists in scope for the shorthand property '__wbg_length_69bca3cb64fc8748'. Either declare one or provide an initializer.
generated/prisma/query_engine_bg.js(2,9233): error TS2303: Circular definition of import alias '__wbg_length_cdd215e10d9dd507'.
generated/prisma/query_engine_bg.js(2,9233): error TS18004: No value exists in scope for the shorthand property '__wbg_length_cdd215e10d9dd507'. Either declare one or provide an initializer.
generated/prisma/query_engine_bg.js(2,9263): error TS2303: Circular definition of import alias '__wbg_msCrypto_2ac4d17c4748234a'.
generated/prisma/query_engine_bg.js(2,9263): error TS18004: No value exists in scope for the shorthand property '__wbg_msCrypto_2ac4d17c4748234a'. Either declare one or provide an initializer.
generated/prisma/query_engine_bg.js(2,9295): error TS2303: Circular definition of import alias '__wbg_new_0_f9740686d739025c'.
generated/prisma/query_engine_bg.js(2,9295): error TS18004: No value exists in scope for the shorthand property '__wbg_new_0_f9740686d739025c'. Either declare one or provide an initializer.
generated/prisma/query_engine_bg.js(2,9324): error TS2303: Circular definition of import alias '__wbg_new_1acc0b6eea89d040'.
generated/prisma/query_engine_bg.js(2,9324): error TS18004: No value exists in scope for the shorthand property '__wbg_new_1acc0b6eea89d040'. Either declare one or provide an initializer.
generated/prisma/query_engine_bg.js(2,9351): error TS2303: Circular definition of import alias '__wbg_new_3c3d849046688a66'.
generated/prisma/query_engine_bg.js(2,9351): error TS18004: No value exists in scope for the shorthand property '__wbg_new_3c3d849046688a66'. Either declare one or provide an initializer.
generated/prisma/query_engine_bg.js(2,9378): error TS2303: Circular definition of import alias '__wbg_new_5a79be3ab53b8aa5'.
generated/prisma/query_engine_bg.js(2,9378): error TS18004: No value exists in scope for the shorthand property '__wbg_new_5a79be3ab53b8aa5'. Either declare one or provide an initializer.
generated/prisma/query_engine_bg.js(2,9405): error TS2303: Circular definition of import alias '__wbg_new_68651c719dcda04e'.
generated/prisma/query_engine_bg.js(2,9405): error TS18004: No value exists in scope for the shorthand property '__wbg_new_68651c719dcda04e'. Either declare one or provide an initializer.
generated/prisma/query_engine_bg.js(2,9432): error TS2303: Circular definition of import alias '__wbg_new_e17d9f43105b08be'.
generated/prisma/query_engine_bg.js(2,9432): error TS18004: No value exists in scope for the shorthand property '__wbg_new_e17d9f43105b08be'. Either declare one or provide an initializer.
generated/prisma/query_engine_bg.js(2,9459): error TS2303: Circular definition of import alias '__wbg_new_from_slice_92f4d78ca282a2d2'.
generated/prisma/query_engine_bg.js(2,9459): error TS18004: No value exists in scope for the shorthand property '__wbg_new_from_slice_92f4d78ca282a2d2'. Either declare one or provide an initializer.
generated/prisma/query_engine_bg.js(2,9497): error TS2303: Circular definition of import alias '__wbg_new_no_args_ee98eee5275000a4'.
generated/prisma/query_engine_bg.js(2,9497): error TS18004: No value exists in scope for the shorthand property '__wbg_new_no_args_ee98eee5275000a4'. Either declare one or provide an initializer.
generated/prisma/query_engine_bg.js(2,9532): error TS2303: Circular definition of import alias '__wbg_new_with_length_01aa0dc35aa13543'.
generated/prisma/query_engine_bg.js(2,9532): error TS18004: No value exists in scope for the shorthand property '__wbg_new_with_length_01aa0dc35aa13543'. Either declare one or provide an initializer.
generated/prisma/query_engine_bg.js(2,9571): error TS2303: Circular definition of import alias '__wbg_next_020810e0ae8ebcb0'.
generated/prisma/query_engine_bg.js(2,9571): error TS18004: No value exists in scope for the shorthand property '__wbg_next_020810e0ae8ebcb0'. Either declare one or provide an initializer.
generated/prisma/query_engine_bg.js(2,9599): error TS2303: Circular definition of import alias '__wbg_next_2c826fe5dfec6b6a'.
generated/prisma/query_engine_bg.js(2,9599): error TS18004: No value exists in scope for the shorthand property '__wbg_next_2c826fe5dfec6b6a'. Either declare one or provide an initializer.
generated/prisma/query_engine_bg.js(2,9627): error TS2303: Circular definition of import alias '__wbg_node_ecc8306b9857f33d'.
generated/prisma/query_engine_bg.js(2,9627): error TS18004: No value exists in scope for the shorthand property '__wbg_node_ecc8306b9857f33d'. Either declare one or provide an initializer.
generated/prisma/query_engine_bg.js(2,9655): error TS2303: Circular definition of import alias '__wbg_now_793306c526e2e3b6'.
generated/prisma/query_engine_bg.js(2,9655): error TS18004: No value exists in scope for the shorthand property '__wbg_now_793306c526e2e3b6'. Either declare one or provide an initializer.
generated/prisma/query_engine_bg.js(2,9682): error TS2303: Circular definition of import alias '__wbg_now_7fd00a794a07d388'.
generated/prisma/query_engine_bg.js(2,9682): error TS18004: No value exists in scope for the shorthand property '__wbg_now_7fd00a794a07d388'. Either declare one or provide an initializer.
generated/prisma/query_engine_bg.js(2,9709): error TS2303: Circular definition of import alias '__wbg_now_b3f7572f6ef3d3a9'.
generated/prisma/query_engine_bg.js(2,9709): error TS18004: No value exists in scope for the shorthand property '__wbg_now_b3f7572f6ef3d3a9'. Either declare one or provide an initializer.
generated/prisma/query_engine_bg.js(2,9736): error TS2303: Circular definition of import alias '__wbg_process_5cff2739921be718'.
generated/prisma/query_engine_bg.js(2,9736): error TS18004: No value exists in scope for the shorthand property '__wbg_process_5cff2739921be718'. Either declare one or provide an initializer.
generated/prisma/query_engine_bg.js(2,9767): error TS2303: Circular definition of import alias '__wbg_prototypesetcall_2a6620b6922694b2'.
generated/prisma/query_engine_bg.js(2,9767): error TS18004: No value exists in scope for the shorthand property '__wbg_prototypesetcall_2a6620b6922694b2'. Either declare one or provide an initializer.
generated/prisma/query_engine_bg.js(2,9807): error TS2303: Circular definition of import alias '__wbg_push_df81a39d04db858c'.
generated/prisma/query_engine_bg.js(2,9807): error TS18004: No value exists in scope for the shorthand property '__wbg_push_df81a39d04db858c'. Either declare one or provide an initializer.
generated/prisma/query_engine_bg.js(2,9835): error TS2303: Circular definition of import alias '__wbg_queueMicrotask_5a8a9131f3f0b37b'.
generated/prisma/query_engine_bg.js(2,9835): error TS18004: No value exists in scope for the shorthand property '__wbg_queueMicrotask_5a8a9131f3f0b37b'. Either declare one or provide an initializer.
generated/prisma/query_engine_bg.js(2,9873): error TS2303: Circular definition of import alias '__wbg_queueMicrotask_6d79674585219521'.
generated/prisma/query_engine_bg.js(2,9873): error TS18004: No value exists in scope for the shorthand property '__wbg_queueMicrotask_6d79674585219521'. Either declare one or provide an initializer.
generated/prisma/query_engine_bg.js(2,9911): error TS2303: Circular definition of import alias '__wbg_randomFillSync_d3c85af7e31cf1f8'.
generated/prisma/query_engine_bg.js(2,9911): error TS18004: No value exists in scope for the shorthand property '__wbg_randomFillSync_d3c85af7e31cf1f8'. Either declare one or provide an initializer.
generated/prisma/query_engine_bg.js(2,9949): error TS2303: Circular definition of import alias '__wbg_require_0c566c6f2eef6c79'.
generated/prisma/query_engine_bg.js(2,9949): error TS18004: No value exists in scope for the shorthand property '__wbg_require_0c566c6f2eef6c79'. Either declare one or provide an initializer.
generated/prisma/query_engine_bg.js(2,9980): error TS2303: Circular definition of import alias '__wbg_resolve_caf97c30b83f7053'.
generated/prisma/query_engine_bg.js(2,9980): error TS18004: No value exists in scope for the shorthand property '__wbg_resolve_caf97c30b83f7053'. Either declare one or provide an initializer.
generated/prisma/query_engine_bg.js(2,10011): error TS2303: Circular definition of import alias '__wbg_setTimeout_5d6a1d4fc51ea450'.
generated/prisma/query_engine_bg.js(2,10011): error TS18004: No value exists in scope for the shorthand property '__wbg_setTimeout_5d6a1d4fc51ea450'. Either declare one or provide an initializer.
generated/prisma/query_engine_bg.js(2,10045): error TS2303: Circular definition of import alias '__wbg_set_3f1d0b984ed272ed'.
generated/prisma/query_engine_bg.js(2,10045): error TS18004: No value exists in scope for the shorthand property '__wbg_set_3f1d0b984ed272ed'. Either declare one or provide an initializer.
generated/prisma/query_engine_bg.js(2,10072): error TS2303: Circular definition of import alias '__wbg_set_907fb406c34a251d'.
generated/prisma/query_engine_bg.js(2,10072): error TS18004: No value exists in scope for the shorthand property '__wbg_set_907fb406c34a251d'. Either declare one or provide an initializer.
generated/prisma/query_engine_bg.js(2,10099): error TS2303: Circular definition of import alias '__wbg_set_c213c871859d6500'.
generated/prisma/query_engine_bg.js(2,10099): error TS18004: No value exists in scope for the shorthand property '__wbg_set_c213c871859d6500'. Either declare one or provide an initializer.
generated/prisma/query_engine_bg.js(2,10126): error TS2303: Circular definition of import alias '__wbg_set_c2abbebe8b9ebee1'.
generated/prisma/query_engine_bg.js(2,10126): error TS18004: No value exists in scope for the shorthand property '__wbg_set_c2abbebe8b9ebee1'. Either declare one or provide an initializer.
generated/prisma/query_engine_bg.js(2,10153): error TS2303: Circular definition of import alias '__wbg_set_wasm'.
generated/prisma/query_engine_bg.js(2,10153): error TS18004: No value exists in scope for the shorthand property '__wbg_set_wasm'. Either declare one or provide an initializer.
generated/prisma/query_engine_bg.js(2,10168): error TS2303: Circular definition of import alias '__wbg_static_accessor_GLOBAL_89e1d9ac6a1b250e'.
generated/prisma/query_engine_bg.js(2,10168): error TS18004: No value exists in scope for the shorthand property '__wbg_static_accessor_GLOBAL_89e1d9ac6a1b250e'. Either declare one or provide an initializer.
generated/prisma/query_engine_bg.js(2,10214): error TS2303: Circular definition of import alias '__wbg_static_accessor_GLOBAL_THIS_8b530f326a9e48ac'.
generated/prisma/query_engine_bg.js(2,10214): error TS18004: No value exists in scope for the shorthand property '__wbg_static_accessor_GLOBAL_THIS_8b530f326a9e48ac'. Either declare one or provide an initializer.
generated/prisma/query_engine_bg.js(2,10265): error TS2303: Circular definition of import alias '__wbg_static_accessor_SELF_6fdf4b64710cc91b'.
generated/prisma/query_engine_bg.js(2,10265): error TS18004: No value exists in scope for the shorthand property '__wbg_static_accessor_SELF_6fdf4b64710cc91b'. Either declare one or provide an initializer.
generated/prisma/query_engine_bg.js(2,10309): error TS2303: Circular definition of import alias '__wbg_static_accessor_WINDOW_b45bfc5a37f6cfa2'.
generated/prisma/query_engine_bg.js(2,10309): error TS18004: No value exists in scope for the shorthand property '__wbg_static_accessor_WINDOW_b45bfc5a37f6cfa2'. Either declare one or provide an initializer.
generated/prisma/query_engine_bg.js(2,10355): error TS2303: Circular definition of import alias '__wbg_subarray_480600f3d6a9f26c'.
generated/prisma/query_engine_bg.js(2,10355): error TS18004: No value exists in scope for the shorthand property '__wbg_subarray_480600f3d6a9f26c'. Either declare one or provide an initializer.
generated/prisma/query_engine_bg.js(2,10387): error TS2303: Circular definition of import alias '__wbg_then_4f46f6544e6b4a28'.
generated/prisma/query_engine_bg.js(2,10387): error TS18004: No value exists in scope for the shorthand property '__wbg_then_4f46f6544e6b4a28'. Either declare one or provide an initializer.
generated/prisma/query_engine_bg.js(2,10415): error TS2303: Circular definition of import alias '__wbg_then_70d05cf780a18d77'.
generated/prisma/query_engine_bg.js(2,10415): error TS18004: No value exists in scope for the shorthand property '__wbg_then_70d05cf780a18d77'. Either declare one or provide an initializer.
generated/prisma/query_engine_bg.js(2,10443): error TS2303: Circular definition of import alias '__wbg_valueOf_9eee4828c11458ca'.
generated/prisma/query_engine_bg.js(2,10443): error TS18004: No value exists in scope for the shorthand property '__wbg_valueOf_9eee4828c11458ca'. Either declare one or provide an initializer.
generated/prisma/query_engine_bg.js(2,10474): error TS2303: Circular definition of import alias '__wbg_value_692627309814bb8c'.
generated/prisma/query_engine_bg.js(2,10474): error TS18004: No value exists in scope for the shorthand property '__wbg_value_692627309814bb8c'. Either declare one or provide an initializer.
generated/prisma/query_engine_bg.js(2,10503): error TS2303: Circular definition of import alias '__wbg_versions_a8e5a362e1f16442'.
generated/prisma/query_engine_bg.js(2,10503): error TS18004: No value exists in scope for the shorthand property '__wbg_versions_a8e5a362e1f16442'. Either declare one or provide an initializer.
generated/prisma/query_engine_bg.js(2,10535): error TS2303: Circular definition of import alias '__wbindgen_cast_126e48f66237b479'.
generated/prisma/query_engine_bg.js(2,10535): error TS18004: No value exists in scope for the shorthand property '__wbindgen_cast_126e48f66237b479'. Either declare one or provide an initializer.
generated/prisma/query_engine_bg.js(2,10568): error TS2303: Circular definition of import alias '__wbindgen_cast_2241b6af4c4b2941'.
generated/prisma/query_engine_bg.js(2,10568): error TS18004: No value exists in scope for the shorthand property '__wbindgen_cast_2241b6af4c4b2941'. Either declare one or provide an initializer.
generated/prisma/query_engine_bg.js(2,10601): error TS2303: Circular definition of import alias '__wbindgen_cast_4625c577ab2ec9ee'.
generated/prisma/query_engine_bg.js(2,10601): error TS18004: No value exists in scope for the shorthand property '__wbindgen_cast_4625c577ab2ec9ee'. Either declare one or provide an initializer.
generated/prisma/query_engine_bg.js(2,10634): error TS2303: Circular definition of import alias '__wbindgen_cast_9ae0607507abb057'.
generated/prisma/query_engine_bg.js(2,10634): error TS18004: No value exists in scope for the shorthand property '__wbindgen_cast_9ae0607507abb057'. Either declare one or provide an initializer.
generated/prisma/query_engine_bg.js(2,10667): error TS2303: Circular definition of import alias '__wbindgen_cast_cb9088102bce6b30'.
generated/prisma/query_engine_bg.js(2,10667): error TS18004: No value exists in scope for the shorthand property '__wbindgen_cast_cb9088102bce6b30'. Either declare one or provide an initializer.
generated/prisma/query_engine_bg.js(2,10700): error TS2303: Circular definition of import alias '__wbindgen_cast_d6cd19b81560fd6e'.
generated/prisma/query_engine_bg.js(2,10700): error TS18004: No value exists in scope for the shorthand property '__wbindgen_cast_d6cd19b81560fd6e'. Either declare one or provide an initializer.
generated/prisma/query_engine_bg.js(2,10733): error TS2303: Circular definition of import alias '__wbindgen_init_externref_table'.
generated/prisma/query_engine_bg.js(2,10733): error TS18004: No value exists in scope for the shorthand property '__wbindgen_init_externref_table'. Either declare one or provide an initializer.
generated/prisma/query_engine_bg.js(2,10765): error TS2303: Circular definition of import alias 'debug_panic'.
generated/prisma/query_engine_bg.js(2,10765): error TS18004: No value exists in scope for the shorthand property 'debug_panic'. Either declare one or provide an initializer.
generated/prisma/query_engine_bg.js(2,10777): error TS2303: Circular definition of import alias 'getBuildTimeInfo'.
generated/prisma/query_engine_bg.js(2,10777): error TS18004: No value exists in scope for the shorthand property 'getBuildTimeInfo'. Either declare one or provide an initializer.
generated/prisma/runtime/edge-esm.js(5,196): error TS7006: Parameter 'e' implicitly has an 'any' type.
generated/prisma/runtime/edge-esm.js(5,198): error TS7006: Parameter 't' implicitly has an 'any' type.
generated/prisma/runtime/edge-esm.js(5,232): error TS7006: Parameter 'e' implicitly has an 'any' type.
generated/prisma/runtime/edge-esm.js(5,234): error TS7006: Parameter 't' implicitly has an 'any' type.
generated/prisma/runtime/edge-esm.js(5,291): error TS7006: Parameter 'e' implicitly has an 'any' type.
generated/prisma/runtime/edge-esm.js(5,293): error TS7006: Parameter 't' implicitly has an 'any' type.
generated/prisma/runtime/edge-esm.js(5,351): error TS7006: Parameter 'e' implicitly has an 'any' type.
generated/prisma/runtime/edge-esm.js(5,353): error TS7006: Parameter 't' implicitly has an 'any' type.
generated/prisma/runtime/edge-esm.js(5,355): error TS7006: Parameter 'r' implicitly has an 'any' type.
generated/prisma/runtime/edge-esm.js(5,357): error TS7006: Parameter 'n' implicitly has an 'any' type.
generated/prisma/runtime/edge-esm.js(5,529): error TS7006: Parameter 'e' implicitly has an 'any' type.
generated/prisma/runtime/edge-esm.js(5,531): error TS7006: Parameter 't' implicitly has an 'any' type.
generated/prisma/runtime/edge-esm.js(5,533): error TS7006: Parameter 'r' implicitly has an 'any' type.
generated/prisma/runtime/edge-esm.js(5,635): error TS7034: Variable 'y' implicitly has type 'any' in some locations where its type cannot be determined.
generated/prisma/runtime/edge-esm.js(5,675): error TS7006: Parameter 'e' implicitly has an 'any' type.
generated/prisma/runtime/edge-esm.js(5,677): error TS7019: Rest parameter 't' implicitly has an 'any[]' type.
generated/prisma/runtime/edge-esm.js(5,1000): error TS7006: Parameter 'ze' implicitly has an 'any' type.
generated/prisma/runtime/edge-esm.js(5,1046): error TS7006: Parameter 'e' implicitly has an 'any' type.
generated/prisma/runtime/edge-esm.js(5,1048): error TS7006: Parameter 't' implicitly has an 'any' type.
generated/prisma/runtime/edge-esm.js(5,1107): error TS7006: Parameter 'e' implicitly has an 'any' type.
generated/prisma/runtime/edge-esm.js(5,1177): error TS7034: Variable 't' implicitly has type 'any[]' in some locations where its type cannot be determined.
generated/prisma/runtime/edge-esm.js(5,1182): error TS7034: Variable 'r' implicitly has type 'any[]' in some locations where its type cannot be determined.
generated/prisma/runtime/edge-esm.js(5,1392): error TS7006: Parameter 'S' implicitly has an 'any' type.
generated/prisma/runtime/edge-esm.js(5,1563): error TS7006: Parameter 'S' implicitly has an 'any' type.
generated/prisma/runtime/edge-esm.js(5,1620): error TS7006: Parameter 'S' implicitly has an 'any' type.
generated/prisma/runtime/edge-esm.js(5,1622): error TS7006: Parameter 'C' implicitly has an 'any' type.
generated/prisma/runtime/edge-esm.js(5,1624): error TS7006: Parameter 'M' implicitly has an 'any' type.
generated/prisma/runtime/edge-esm.js(5,1656): error TS7006: Parameter 'S' implicitly has an 'any' type.
generated/prisma/runtime/edge-esm.js(5,1743): error TS7005: Variable 'r' implicitly has an 'any[]' type.
generated/prisma/runtime/edge-esm.js(5,1766): error TS7005: Variable 'r' implicitly has an 'any[]' type.
generated/prisma/runtime/edge-esm.js(5,1791): error TS7005: Variable 'r' implicitly has an 'any[]' type.
generated/prisma/runtime/edge-esm.js(5,1815): error TS7005: Variable 'r' implicitly has an 'any[]' type.
generated/prisma/runtime/edge-esm.js(5,1899): error TS7005: Variable 'r' implicitly has an 'any[]' type.
generated/prisma/runtime/edge-esm.js(5,1921): error TS7005: Variable 'r' implicitly has an 'any[]' type.
generated/prisma/runtime/edge-esm.js(5,1969): error TS7005: Variable 'r' implicitly has an 'any[]' type.
generated/prisma/runtime/edge-esm.js(5,1992): error TS7005: Variable 'r' implicitly has an 'any[]' type.
generated/prisma/runtime/edge-esm.js(5,2016): error TS7005: Variable 'r' implicitly has an 'any[]' type.
generated/prisma/runtime/edge-esm.js(5,2083): error TS7006: Parameter 'S' implicitly has an 'any' type.
generated/prisma/runtime/edge-esm.js(5,2093): error TS7005: Variable 't' implicitly has an 'any[]' type.
generated/prisma/runtime/edge-esm.js(5,2105): error TS7005: Variable 't' implicitly has an 'any[]' type.
generated/prisma/runtime/edge-esm.js(5,2117): error TS7005: Variable 't' implicitly has an 'any[]' type.
generated/prisma/runtime/edge-esm.js(5,2128): error TS7005: Variable 't' implicitly has an 'any[]' type.
generated/prisma/runtime/edge-esm.js(5,2147): error TS7006: Parameter 'S' implicitly has an 'any' type.
generated/prisma/runtime/edge-esm.js(5,2149): error TS7006: Parameter 'C' implicitly has an 'any' type.
generated/prisma/runtime/edge-esm.js(5,2151): error TS7006: Parameter 'M' implicitly has an 'any' type.
generated/prisma/runtime/edge-esm.js(5,2277): error TS7006: Parameter 'S' implicitly has an 'any' type.
generated/prisma/runtime/edge-esm.js(5,2400): error TS7005: Variable 't' implicitly has an 'any[]' type.
generated/prisma/runtime/edge-esm.js(5,2408): error TS7005: Variable 't' implicitly has an 'any[]' type.
generated/prisma/runtime/edge-esm.js(5,2462): error TS7005: Variable 't' implicitly has an 'any[]' type.
generated/prisma/runtime/edge-esm.js(5,2471): error TS7005: Variable 't' implicitly has an 'any[]' type.
generated/prisma/runtime/edge-esm.js(5,2482): error TS7005: Variable 't' implicitly has an 'any[]' type.
generated/prisma/runtime/edge-esm.js(5,2519): error TS7006: Parameter 'e' implicitly has an 'any' type.
generated/prisma/runtime/edge-esm.js(5,2539): error TS7006: Parameter 't' implicitly has an 'any' type.
generated/prisma/runtime/edge-esm.js(5,2541): error TS7006: Parameter 'r' implicitly has an 'any' type.
generated/prisma/runtime/edge-esm.js(5,2543): error TS7006: Parameter 'n' implicitly has an 'any' type.
generated/prisma/runtime/edge-esm.js(5,2545): error TS7006: Parameter 'i' implicitly has an 'any' type.
generated/prisma/runtime/edge-esm.js(5,2547): error TS7006: Parameter 'o' implicitly has an 'any' type.
generated/prisma/runtime/edge-esm.js(5,2876): error TS7006: Parameter 't' implicitly has an 'any' type.
generated/prisma/runtime/edge-esm.js(5,2878): error TS7006: Parameter 'r' implicitly has an 'any' type.
generated/prisma/runtime/edge-esm.js(5,2880): error TS7006: Parameter 'n' implicitly has an 'any' type.
generated/prisma/runtime/edge-esm.js(5,2882): error TS7006: Parameter 'i' implicitly has an 'any' type.
generated/prisma/runtime/edge-esm.js(5,2884): error TS7006: Parameter 'o' implicitly has an 'any' type.
generated/prisma/runtime/edge-esm.js(5,2886): error TS7006: Parameter 's' implicitly has an 'any' type.
generated/prisma/runtime/edge-esm.js(5,4028): error TS2339: Property 'foo' does not exist on type 'Uint8Array<ArrayBuffer>'.
generated/prisma/runtime/edge-esm.js(5,4160): error TS2339: Property 'buffer' does not exist on type 'A'.
generated/prisma/runtime/edge-esm.js(5,4275): error TS2339: Property 'byteOffset' does not exist on type 'A'.
generated/prisma/runtime/edge-esm.js(5,4301): error TS7006: Parameter 'e' implicitly has an 'any' type.
generated/prisma/runtime/edge-esm.js(5,4464): error TS7006: Parameter 'e' implicitly has an 'any' type.
generated/prisma/runtime/edge-esm.js(5,4466): error TS7006: Parameter 't' implicitly has an 'any' type.
generated/prisma/runtime/edge-esm.js(5,4468): error TS7006: Parameter 'r' implicitly has an 'any' type.
generated/prisma/runtime/edge-esm.js(5,4661): error TS7023: 'pi' implicitly has return type 'any' because it does not have a return type annotation and is referenced directly or indirectly in one of its return expressions.
generated/prisma/runtime/edge-esm.js(5,4664): error TS7006: Parameter 'e' implicitly has an 'any' type.
generated/prisma/runtime/edge-esm.js(5,4666): error TS7006: Parameter 't' implicitly has an 'any' type.
generated/prisma/runtime/edge-esm.js(5,4668): error TS7006: Parameter 'r' implicitly has an 'any' type.
generated/prisma/runtime/edge-esm.js(5,5555): error TS7023: 'from' implicitly has return type 'any' because it does not have a return type annotation and is referenced directly or indirectly in one of its return expressions.
generated/prisma/runtime/edge-esm.js(5,5569): error TS7006: Parameter 'e' implicitly has an 'any' type.
generated/prisma/runtime/edge-esm.js(5,5571): error TS7006: Parameter 't' implicitly has an 'any' type.
generated/prisma/runtime/edge-esm.js(5,5573): error TS7006: Parameter 'r' implicitly has an 'any' type.
generated/prisma/runtime/edge-esm.js(5,5698): error TS7006: Parameter 'e' implicitly has an 'any' type.
generated/prisma/runtime/edge-esm.js(5,5875): error TS7006: Parameter 'e' implicitly has an 'any' type.
generated/prisma/runtime/edge-esm.js(5,5877): error TS7006: Parameter 't' implicitly has an 'any' type.
generated/prisma/runtime/edge-esm.js(5,5879): error TS7006: Parameter 'r' implicitly has an 'any' type.
generated/prisma/runtime/edge-esm.js(5,5949): error TS2345: Argument of type 'string' is not assignable to parameter of type 'number'.
generated/prisma/runtime/edge-esm.js(5,5989): error TS7006: Parameter 'e' implicitly has an 'any' type.
generated/prisma/runtime/edge-esm.js(5,5991): error TS7006: Parameter 't' implicitly has an 'any' type.
generated/prisma/runtime/edge-esm.js(5,5993): error TS7006: Parameter 'r' implicitly has an 'any' type.
generated/prisma/runtime/edge-esm.js(5,6026): error TS7006: Parameter 'e' implicitly has an 'any' type.
generated/prisma/runtime/edge-esm.js(5,6083): error TS7006: Parameter 'e' implicitly has an 'any' type.
generated/prisma/runtime/edge-esm.js(5,6127): error TS7006: Parameter 'e' implicitly has an 'any' type.
generated/prisma/runtime/edge-esm.js(5,6156): error TS7006: Parameter 'e' implicitly has an 'any' type.
generated/prisma/runtime/edge-esm.js(5,6158): error TS7006: Parameter 't' implicitly has an 'any' type.
generated/prisma/runtime/edge-esm.js(5,6294): error TS2339: Property 'write' does not exist on type 'Uint8Array<any>'.
generated/prisma/runtime/edge-esm.js(5,6350): error TS7006: Parameter 'e' implicitly has an 'any' type.
generated/prisma/runtime/edge-esm.js(5,6451): error TS7006: Parameter 'e' implicitly has an 'any' type.
generated/prisma/runtime/edge-esm.js(5,6570): error TS7006: Parameter 'e' implicitly has an 'any' type.
generated/prisma/runtime/edge-esm.js(5,6572): error TS7006: Parameter 't' implicitly has an 'any' type.
generated/prisma/runtime/edge-esm.js(5,6574): error TS7006: Parameter 'r' implicitly has an 'any' type.
generated/prisma/runtime/edge-esm.js(5,6911): error TS7006: Parameter 'e' implicitly has an 'any' type.
generated/prisma/runtime/edge-esm.js(5,7154): error TS7006: Parameter 'e' implicitly has an 'any' type.
generated/prisma/runtime/edge-esm.js(5,7294): error TS7006: Parameter 'e' implicitly has an 'any' type.
generated/prisma/runtime/edge-esm.js(5,7348): error TS7006: Parameter 'e' implicitly has an 'any' type.
generated/prisma/runtime/edge-esm.js(5,7421): error TS7006: Parameter 'e' implicitly has an 'any' type.
generated/prisma/runtime/edge-esm.js(5,7423): error TS7006: Parameter 't' implicitly has an 'any' type.
generated/prisma/runtime/edge-esm.js(5,7822): error TS7006: Parameter 'e' implicitly has an 'any' type.
generated/prisma/runtime/edge-esm.js(5,8039): error TS7006: Parameter 'e' implicitly has an 'any' type.
generated/prisma/runtime/edge-esm.js(5,8041): error TS7006: Parameter 't' implicitly has an 'any' type.
generated/prisma/runtime/edge-esm.js(5,8283): error TS7022: 'o' implicitly has type 'any' because it does not have a type annotation and is referenced directly or indirectly in its own initializer.
generated/prisma/runtime/edge-esm.js(5,8550): error TS7006: Parameter 'e' implicitly has an 'any' type.
generated/prisma/runtime/edge-esm.js(5,8552): error TS7006: Parameter 't' implicitly has an 'any' type.
generated/prisma/runtime/edge-esm.js(5,9202): error TS7006: Parameter 'e' implicitly has an 'any' type.
generated/prisma/runtime/edge-esm.js(5,9204): error TS7006: Parameter 't' implicitly has an 'any' type.
generated/prisma/runtime/edge-esm.js(5,9206): error TS7006: Parameter 'r' implicitly has an 'any' type.
generated/prisma/runtime/edge-esm.js(5,9248): error TS2683: 'this' implicitly has type 'any' because it does not have a type annotation.
generated/prisma/runtime/edge-esm.js(5,9277): error TS2683: 'this' implicitly has type 'any' because it does not have a type annotation.
generated/prisma/runtime/edge-esm.js(5,9294): error TS2683: 'this' implicitly has type 'any' because it does not have a type annotation.
generated/prisma/runtime/edge-esm.js(5,9394): error TS2683: 'this' implicitly has type 'any' because it does not have a type annotation.
generated/prisma/runtime/edge-esm.js(5,9437): error TS2683: 'this' implicitly has type 'any' because it does not have a type annotation.
generated/prisma/runtime/edge-esm.js(5,9469): error TS2683: 'this' implicitly has type 'any' because it does not have a type annotation.
generated/prisma/runtime/edge-esm.js(5,9515): error TS2683: 'this' implicitly has type 'any' because it does not have a type annotation.
generated/prisma/runtime/edge-esm.js(5,9548): error TS2683: 'this' implicitly has type 'any' because it does not have a type annotation.
generated/prisma/runtime/edge-esm.js(5,9620): error TS2683: 'this' implicitly has type 'any' because it does not have a type annotation.
generated/prisma/runtime/edge-esm.js(5,9753): error TS7006: Parameter 'e' implicitly has an 'any' type.
generated/prisma/runtime/edge-esm.js(5,9755): error TS7006: Parameter 't' implicitly has an 'any' type.
generated/prisma/runtime/edge-esm.js(5,9757): error TS7006: Parameter 'r' implicitly has an 'any' type.
generated/prisma/runtime/edge-esm.js(5,9829): error TS2339: Property 'length' does not exist on type 'A'.
generated/prisma/runtime/edge-esm.js(5,10003): error TS2339: Property 'length' does not exist on type 'A'.
generated/prisma/runtime/edge-esm.js(5,10194): error TS2339: Property 'length' does not exist on type 'A'.
generated/prisma/runtime/edge-esm.js(5,10421): error TS2339: Property 'length' does not exist on type 'A'.
generated/prisma/runtime/edge-esm.js(5,10492): error TS2345: Argument of type 'IArguments' is not assignable to parameter of type '[e?: any, t?: any, r?: any]'.
generated/prisma/runtime/edge-esm.js(5,10580): error TS7006: Parameter 'e' implicitly has an 'any' type.
generated/prisma/runtime/edge-esm.js(5,10826): error TS2339: Property 'length' does not exist on type 'A'.
generated/prisma/runtime/edge-esm.js(5,10938): error TS7006: Parameter 'e' implicitly has an 'any' type.
generated/prisma/runtime/edge-esm.js(5,10940): error TS7006: Parameter 't' implicitly has an 'any' type.
generated/prisma/runtime/edge-esm.js(5,10942): error TS7006: Parameter 'r' implicitly has an 'any' type.
generated/prisma/runtime/edge-esm.js(5,10944): error TS7006: Parameter 'n' implicitly has an 'any' type.
generated/prisma/runtime/edge-esm.js(5,10946): error TS7006: Parameter 'i' implicitly has an 'any' type.
generated/prisma/runtime/edge-esm.js(5,11220): error TS2339: Property 'length' does not exist on type 'A'.
generated/prisma/runtime/edge-esm.js(5,11257): error TS2339: Property 'length' does not exist on type 'A'.
generated/prisma/runtime/edge-esm.js(5,11569): error TS7006: Parameter 'e' implicitly has an 'any' type.
generated/prisma/runtime/edge-esm.js(5,11571): error TS7006: Parameter 't' implicitly has an 'any' type.
generated/prisma/runtime/edge-esm.js(5,11573): error TS7006: Parameter 'r' implicitly has an 'any' type.
generated/prisma/runtime/edge-esm.js(5,11575): error TS7006: Parameter 'n' implicitly has an 'any' type.
generated/prisma/runtime/edge-esm.js(5,11577): error TS7006: Parameter 'i' implicitly has an 'any' type.
generated/prisma/runtime/edge-esm.js(5,12171): error TS7006: Parameter 'e' implicitly has an 'any' type.
generated/prisma/runtime/edge-esm.js(5,12173): error TS7006: Parameter 't' implicitly has an 'any' type.
generated/prisma/runtime/edge-esm.js(5,12175): error TS7006: Parameter 'r' implicitly has an 'any' type.
generated/prisma/runtime/edge-esm.js(5,12177): error TS7006: Parameter 'n' implicitly has an 'any' type.
generated/prisma/runtime/edge-esm.js(5,12179): error TS7006: Parameter 'i' implicitly has an 'any' type.
generated/prisma/runtime/edge-esm.js(5,12376): error TS7006: Parameter 'g' implicitly has an 'any' type.
generated/prisma/runtime/edge-esm.js(5,12378): error TS7006: Parameter 'h' implicitly has an 'any' type.
generated/prisma/runtime/edge-esm.js(5,12705): error TS7006: Parameter 'e' implicitly has an 'any' type.
generated/prisma/runtime/edge-esm.js(5,12707): error TS7006: Parameter 't' implicitly has an 'any' type.
generated/prisma/runtime/edge-esm.js(5,12709): error TS7006: Parameter 'r' implicitly has an 'any' type.
generated/prisma/runtime/edge-esm.js(5,12774): error TS7006: Parameter 'e' implicitly has an 'any' type.
generated/prisma/runtime/edge-esm.js(5,12776): error TS7006: Parameter 't' implicitly has an 'any' type.
generated/prisma/runtime/edge-esm.js(5,12778): error TS7006: Parameter 'r' implicitly has an 'any' type.
generated/prisma/runtime/edge-esm.js(5,12840): error TS7006: Parameter 'e' implicitly has an 'any' type.
generated/prisma/runtime/edge-esm.js(5,12842): error TS7006: Parameter 't' implicitly has an 'any' type.
generated/prisma/runtime/edge-esm.js(5,12844): error TS7006: Parameter 'r' implicitly has an 'any' type.
generated/prisma/runtime/edge-esm.js(5,12885): error TS7006: Parameter 'e' implicitly has an 'any' type.
generated/prisma/runtime/edge-esm.js(5,12887): error TS7006: Parameter 't' implicitly has an 'any' type.
generated/prisma/runtime/edge-esm.js(5,12889): error TS7006: Parameter 'r' implicitly has an 'any' type.
generated/prisma/runtime/edge-esm.js(5,12891): error TS7006: Parameter 'n' implicitly has an 'any' type.
generated/prisma/runtime/edge-esm.js(5,13093): error TS7006: Parameter 'e' implicitly has an 'any' type.
generated/prisma/runtime/edge-esm.js(5,13095): error TS7006: Parameter 't' implicitly has an 'any' type.
generated/prisma/runtime/edge-esm.js(5,13097): error TS7006: Parameter 'r' implicitly has an 'any' type.
generated/prisma/runtime/edge-esm.js(5,13099): error TS7006: Parameter 'n' implicitly has an 'any' type.
generated/prisma/runtime/edge-esm.js(5,13148): error TS7006: Parameter 'e' implicitly has an 'any' type.
generated/prisma/runtime/edge-esm.js(5,13150): error TS7006: Parameter 't' implicitly has an 'any' type.
generated/prisma/runtime/edge-esm.js(5,13152): error TS7006: Parameter 'r' implicitly has an 'any' type.
generated/prisma/runtime/edge-esm.js(5,13154): error TS7006: Parameter 'n' implicitly has an 'any' type.
generated/prisma/runtime/edge-esm.js(5,13192): error TS7006: Parameter 'e' implicitly has an 'any' type.
generated/prisma/runtime/edge-esm.js(5,13194): error TS7006: Parameter 't' implicitly has an 'any' type.
generated/prisma/runtime/edge-esm.js(5,13196): error TS7006: Parameter 'r' implicitly has an 'any' type.
generated/prisma/runtime/edge-esm.js(5,13198): error TS7006: Parameter 'n' implicitly has an 'any' type.
generated/prisma/runtime/edge-esm.js(5,13236): error TS7006: Parameter 'e' implicitly has an 'any' type.
generated/prisma/runtime/edge-esm.js(5,13238): error TS7006: Parameter 't' implicitly has an 'any' type.
generated/prisma/runtime/edge-esm.js(5,13240): error TS7006: Parameter 'r' implicitly has an 'any' type.
generated/prisma/runtime/edge-esm.js(5,13242): error TS7006: Parameter 'n' implicitly has an 'any' type.
generated/prisma/runtime/edge-esm.js(5,13306): error TS7006: Parameter 'e' implicitly has an 'any' type.
generated/prisma/runtime/edge-esm.js(5,13308): error TS7006: Parameter 't' implicitly has an 'any' type.
generated/prisma/runtime/edge-esm.js(5,13310): error TS7006: Parameter 'r' implicitly has an 'any' type.
generated/prisma/runtime/edge-esm.js(5,13312): error TS7006: Parameter 'n' implicitly has an 'any' type.
generated/prisma/runtime/edge-esm.js(5,13345): error TS2339: Property 'length' does not exist on type 'A'.
generated/prisma/runtime/edge-esm.js(5,13406): error TS2339: Property 'length' does not exist on type 'A'.
generated/prisma/runtime/edge-esm.js(5,13612): error TS2339: Property 'length' does not exist on type 'A'.
generated/prisma/runtime/edge-esm.js(5,13680): error TS2339: Property 'length' does not exist on type 'A'.
generated/prisma/runtime/edge-esm.js(5,14211): error TS2339: Property '_arr' does not exist on type 'A'.
generated/prisma/runtime/edge-esm.js(5,14239): error TS7006: Parameter 'e' implicitly has an 'any' type.
generated/prisma/runtime/edge-esm.js(5,14241): error TS7006: Parameter 't' implicitly has an 'any' type.
generated/prisma/runtime/edge-esm.js(5,14243): error TS7006: Parameter 'r' implicitly has an 'any' type.
generated/prisma/runtime/edge-esm.js(5,14336): error TS7006: Parameter 'e' implicitly has an 'any' type.
generated/prisma/runtime/edge-esm.js(5,14338): error TS7006: Parameter 't' implicitly has an 'any' type.
generated/prisma/runtime/edge-esm.js(5,14340): error TS7006: Parameter 'r' implicitly has an 'any' type.
generated/prisma/runtime/edge-esm.js(5,14972): error TS7006: Parameter 'e' implicitly has an 'any' type.
generated/prisma/runtime/edge-esm.js(5,15140): error TS7006: Parameter 'e' implicitly has an 'any' type.
generated/prisma/runtime/edge-esm.js(5,15142): error TS7006: Parameter 't' implicitly has an 'any' type.
generated/prisma/runtime/edge-esm.js(5,15144): error TS7006: Parameter 'r' implicitly has an 'any' type.
generated/prisma/runtime/edge-esm.js(5,15253): error TS7006: Parameter 'e' implicitly has an 'any' type.
generated/prisma/runtime/edge-esm.js(5,15255): error TS7006: Parameter 't' implicitly has an 'any' type.
generated/prisma/runtime/edge-esm.js(5,15257): error TS7006: Parameter 'r' implicitly has an 'any' type.
generated/prisma/runtime/edge-esm.js(5,15362): error TS7006: Parameter 'e' implicitly has an 'any' type.
generated/prisma/runtime/edge-esm.js(5,15364): error TS7006: Parameter 't' implicitly has an 'any' type.
generated/prisma/runtime/edge-esm.js(5,15366): error TS7006: Parameter 'r' implicitly has an 'any' type.
generated/prisma/runtime/edge-esm.js(5,15485): error TS7006: Parameter 'e' implicitly has an 'any' type.
generated/prisma/runtime/edge-esm.js(5,15487): error TS7006: Parameter 't' implicitly has an 'any' type.
generated/prisma/runtime/edge-esm.js(5,15489): error TS7006: Parameter 'r' implicitly has an 'any' type.
generated/prisma/runtime/edge-esm.js(5,15622): error TS7006: Parameter 'e' implicitly has an 'any' type.
generated/prisma/runtime/edge-esm.js(5,15624): error TS7006: Parameter 't' implicitly has an 'any' type.
generated/prisma/runtime/edge-esm.js(5,15638): error TS2339: Property 'length' does not exist on type 'A'.
generated/prisma/runtime/edge-esm.js(5,15758): error TS2339: Property 'subarray' does not exist on type 'A'.
generated/prisma/runtime/edge-esm.js(5,15830): error TS7006: Parameter 'e' implicitly has an 'any' type.
generated/prisma/runtime/edge-esm.js(5,15832): error TS7006: Parameter 't' implicitly has an 'any' type.
generated/prisma/runtime/edge-esm.js(5,15834): error TS7006: Parameter 'r' implicitly has an 'any' type.
generated/prisma/runtime/edge-esm.js(5,16022): error TS7006: Parameter 'e' implicitly has an 'any' type.
generated/prisma/runtime/edge-esm.js(5,16024): error TS7006: Parameter 't' implicitly has an 'any' type.
generated/prisma/runtime/edge-esm.js(5,16026): error TS7006: Parameter 'r' implicitly has an 'any' type.
generated/prisma/runtime/edge-esm.js(5,16059): error TS2339: Property 'length' does not exist on type 'A'.
generated/prisma/runtime/edge-esm.js(5,16073): error TS7053: Element implicitly has an 'any' type because expression of type 'any' can't be used to index type 'A'.
generated/prisma/runtime/edge-esm.js(5,16114): error TS7053: Element implicitly has an 'any' type because expression of type 'any' can't be used to index type 'A'.
generated/prisma/runtime/edge-esm.js(5,16191): error TS7006: Parameter 'e' implicitly has an 'any' type.
generated/prisma/runtime/edge-esm.js(5,16193): error TS7006: Parameter 't' implicitly has an 'any' type.
generated/prisma/runtime/edge-esm.js(5,16195): error TS7006: Parameter 'r' implicitly has an 'any' type.
generated/prisma/runtime/edge-esm.js(5,16228): error TS2339: Property 'length' does not exist on type 'A'.
generated/prisma/runtime/edge-esm.js(5,16242): error TS7053: Element implicitly has an 'any' type because expression of type 'any' can't be used to index type 'A'.
generated/prisma/runtime/edge-esm.js(5,16281): error TS7053: Element implicitly has an 'any' type because expression of type 'any' can't be used to index type 'A'.
generated/prisma/runtime/edge-esm.js(5,16358): error TS7006: Parameter 'e' implicitly has an 'any' type.
generated/prisma/runtime/edge-esm.js(5,16360): error TS7006: Parameter 't' implicitly has an 'any' type.
generated/prisma/runtime/edge-esm.js(5,16392): error TS2339: Property 'length' does not exist on type 'A'.
generated/prisma/runtime/edge-esm.js(5,16400): error TS7053: Element implicitly has an 'any' type because expression of type 'any' can't be used to index type 'A'.
generated/prisma/runtime/edge-esm.js(5,16468): error TS7006: Parameter 'e' implicitly has an 'any' type.
generated/prisma/runtime/edge-esm.js(5,16470): error TS7006: Parameter 't' implicitly has an 'any' type.
generated/prisma/runtime/edge-esm.js(5,16502): error TS2339: Property 'length' does not exist on type 'A'.
generated/prisma/runtime/edge-esm.js(5,16510): error TS7053: Element implicitly has an 'any' type because expression of type 'any' can't be used to index type 'A'.
generated/prisma/runtime/edge-esm.js(5,16518): error TS7053: Element implicitly has an 'any' type because expression of type 'any' can't be used to index type 'A'.
generated/prisma/runtime/edge-esm.js(5,16591): error TS7006: Parameter 'e' implicitly has an 'any' type.
generated/prisma/runtime/edge-esm.js(5,16593): error TS7006: Parameter 't' implicitly has an 'any' type.
generated/prisma/runtime/edge-esm.js(5,16625): error TS2339: Property 'length' does not exist on type 'A'.
generated/prisma/runtime/edge-esm.js(5,16633): error TS7053: Element implicitly has an 'any' type because expression of type 'any' can't be used to index type 'A'.
generated/prisma/runtime/edge-esm.js(5,16644): error TS7053: Element implicitly has an 'any' type because expression of type 'any' can't be used to index type 'A'.
generated/prisma/runtime/edge-esm.js(5,16714): error TS7006: Parameter 'e' implicitly has an 'any' type.
generated/prisma/runtime/edge-esm.js(5,16716): error TS7006: Parameter 't' implicitly has an 'any' type.
generated/prisma/runtime/edge-esm.js(5,16748): error TS2339: Property 'length' does not exist on type 'A'.
generated/prisma/runtime/edge-esm.js(5,16757): error TS7053: Element implicitly has an 'any' type because expression of type 'any' can't be used to index type 'A'.
generated/prisma/runtime/edge-esm.js(5,16765): error TS7053: Element implicitly has an 'any' type because expression of type 'any' can't be used to index type 'A'.
generated/prisma/runtime/edge-esm.js(5,16778): error TS7053: Element implicitly has an 'any' type because expression of type 'any' can't be used to index type 'A'.
generated/prisma/runtime/edge-esm.js(5,16793): error TS7053: Element implicitly has an 'any' type because expression of type 'any' can't be used to index type 'A'.
generated/prisma/runtime/edge-esm.js(5,16872): error TS7006: Parameter 'e' implicitly has an 'any' type.
generated/prisma/runtime/edge-esm.js(5,16874): error TS7006: Parameter 't' implicitly has an 'any' type.
generated/prisma/runtime/edge-esm.js(5,16906): error TS2339: Property 'length' does not exist on type 'A'.
generated/prisma/runtime/edge-esm.js(5,16914): error TS7053: Element implicitly has an 'any' type because expression of type 'any' can't be used to index type 'A'.
generated/prisma/runtime/edge-esm.js(5,16932): error TS7053: Element implicitly has an 'any' type because expression of type 'any' can't be used to index type 'A'.
generated/prisma/runtime/edge-esm.js(5,16946): error TS7053: Element implicitly has an 'any' type because expression of type 'any' can't be used to index type 'A'.
generated/prisma/runtime/edge-esm.js(5,16959): error TS7053: Element implicitly has an 'any' type because expression of type 'any' can't be used to index type 'A'.
generated/prisma/runtime/edge-esm.js(5,17011): error TS7006: Parameter 'e' implicitly has an 'any' type.
generated/prisma/runtime/edge-esm.js(5,17043): error TS2683: 'this' implicitly has type 'any' because it does not have a type annotation.
generated/prisma/runtime/edge-esm.js(5,17053): error TS2683: 'this' implicitly has type 'any' because it does not have a type annotation.
generated/prisma/runtime/edge-esm.js(5,17094): error TS2683: 'this' implicitly has type 'any' because it does not have a type annotation.
generated/prisma/runtime/edge-esm.js(5,17117): error TS2683: 'this' implicitly has type 'any' because it does not have a type annotation.
generated/prisma/runtime/edge-esm.js(5,17132): error TS2683: 'this' implicitly has type 'any' because it does not have a type annotation.
generated/prisma/runtime/edge-esm.js(5,17148): error TS2683: 'this' implicitly has type 'any' because it does not have a type annotation.
generated/prisma/runtime/edge-esm.js(5,17166): error TS2683: 'this' implicitly has type 'any' because it does not have a type annotation.
generated/prisma/runtime/edge-esm.js(5,17176): error TS2683: 'this' implicitly has type 'any' because it does not have a type annotation.
generated/prisma/runtime/edge-esm.js(5,17191): error TS2683: 'this' implicitly has type 'any' because it does not have a type annotation.
generated/prisma/runtime/edge-esm.js(5,17298): error TS7006: Parameter 'e' implicitly has an 'any' type.
generated/prisma/runtime/edge-esm.js(5,17330): error TS2683: 'this' implicitly has type 'any' because it does not have a type annotation.
generated/prisma/runtime/edge-esm.js(5,17340): error TS2683: 'this' implicitly has type 'any' because it does not have a type annotation.
generated/prisma/runtime/edge-esm.js(5,17381): error TS2683: 'this' implicitly has type 'any' because it does not have a type annotation.
generated/prisma/runtime/edge-esm.js(5,17410): error TS2683: 'this' implicitly has type 'any' because it does not have a type annotation.
generated/prisma/runtime/edge-esm.js(5,17426): error TS2683: 'this' implicitly has type 'any' because it does not have a type annotation.
generated/prisma/runtime/edge-esm.js(5,17441): error TS2683: 'this' implicitly has type 'any' because it does not have a type annotation.
generated/prisma/runtime/edge-esm.js(5,17453): error TS2683: 'this' implicitly has type 'any' because it does not have a type annotation.
generated/prisma/runtime/edge-esm.js(5,17469): error TS2683: 'this' implicitly has type 'any' because it does not have a type annotation.
generated/prisma/runtime/edge-esm.js(5,17485): error TS2683: 'this' implicitly has type 'any' because it does not have a type annotation.
generated/prisma/runtime/edge-esm.js(5,17575): error TS7006: Parameter 'e' implicitly has an 'any' type.
generated/prisma/runtime/edge-esm.js(5,17577): error TS7006: Parameter 't' implicitly has an 'any' type.
generated/prisma/runtime/edge-esm.js(5,17579): error TS7006: Parameter 'r' implicitly has an 'any' type.
generated/prisma/runtime/edge-esm.js(5,17612): error TS2339: Property 'length' does not exist on type 'A'.
generated/prisma/runtime/edge-esm.js(5,17626): error TS7053: Element implicitly has an 'any' type because expression of type 'any' can't be used to index type 'A'.
generated/prisma/runtime/edge-esm.js(5,17667): error TS7053: Element implicitly has an 'any' type because expression of type 'any' can't be used to index type 'A'.
generated/prisma/runtime/edge-esm.js(5,17754): error TS7006: Parameter 'e' implicitly has an 'any' type.
generated/prisma/runtime/edge-esm.js(5,17756): error TS7006: Parameter 't' implicitly has an 'any' type.
generated/prisma/runtime/edge-esm.js(5,17758): error TS7006: Parameter 'r' implicitly has an 'any' type.
generated/prisma/runtime/edge-esm.js(5,17791): error TS2339: Property 'length' does not exist on type 'A'.
generated/prisma/runtime/edge-esm.js(5,17813): error TS7053: Element implicitly has an 'any' type because expression of type 'any' can't be used to index type 'A'.
generated/prisma/runtime/edge-esm.js(5,17848): error TS7053: Element implicitly has an 'any' type because expression of type 'any' can't be used to index type 'A'.
generated/prisma/runtime/edge-esm.js(5,17936): error TS7006: Parameter 'e' implicitly has an 'any' type.
generated/prisma/runtime/edge-esm.js(5,17938): error TS7006: Parameter 't' implicitly has an 'any' type.
generated/prisma/runtime/edge-esm.js(5,17970): error TS2339: Property 'length' does not exist on type 'A'.
generated/prisma/runtime/edge-esm.js(5,17978): error TS7053: Element implicitly has an 'any' type because expression of type 'any' can't be used to index type 'A'.
generated/prisma/runtime/edge-esm.js(5,17995): error TS7053: Element implicitly has an 'any' type because expression of type 'any' can't be used to index type 'A'.
generated/prisma/runtime/edge-esm.js(5,18009): error TS7053: Element implicitly has an 'any' type because expression of type 'any' can't be used to index type 'A'.
generated/prisma/runtime/edge-esm.js(5,18051): error TS7006: Parameter 'e' implicitly has an 'any' type.
generated/prisma/runtime/edge-esm.js(5,18053): error TS7006: Parameter 't' implicitly has an 'any' type.
generated/prisma/runtime/edge-esm.js(5,18078): error TS2339: Property 'length' does not exist on type 'A'.
generated/prisma/runtime/edge-esm.js(5,18092): error TS7053: Element implicitly has an 'any' type because expression of type 'any' can't be used to index type 'A'.
generated/prisma/runtime/edge-esm.js(5,18100): error TS7053: Element implicitly has an 'any' type because expression of type 'any' can't be used to index type 'A'.
generated/prisma/runtime/edge-esm.js(5,18177): error TS7006: Parameter 'e' implicitly has an 'any' type.
generated/prisma/runtime/edge-esm.js(5,18179): error TS7006: Parameter 't' implicitly has an 'any' type.
generated/prisma/runtime/edge-esm.js(5,18204): error TS2339: Property 'length' does not exist on type 'A'.
generated/prisma/runtime/edge-esm.js(5,18218): error TS7053: Element implicitly has an 'any' type because expression of type 'any' can't be used to index type 'A'.
generated/prisma/runtime/edge-esm.js(5,18228): error TS7053: Element implicitly has an 'any' type because expression of type 'any' can't be used to index type 'A'.
generated/prisma/runtime/edge-esm.js(5,18303): error TS7006: Parameter 'e' implicitly has an 'any' type.
generated/prisma/runtime/edge-esm.js(5,18305): error TS7006: Parameter 't' implicitly has an 'any' type.
generated/prisma/runtime/edge-esm.js(5,18337): error TS2339: Property 'length' does not exist on type 'A'.
generated/prisma/runtime/edge-esm.js(5,18345): error TS7053: Element implicitly has an 'any' type because expression of type 'any' can't be used to index type 'A'.
generated/prisma/runtime/edge-esm.js(5,18353): error TS7053: Element implicitly has an 'any' type because expression of type 'any' can't be used to index type 'A'.
generated/prisma/runtime/edge-esm.js(5,18366): error TS7053: Element implicitly has an 'any' type because expression of type 'any' can't be used to index type 'A'.
generated/prisma/runtime/edge-esm.js(5,18380): error TS7053: Element implicitly has an 'any' type because expression of type 'any' can't be used to index type 'A'.
generated/prisma/runtime/edge-esm.js(5,18428): error TS7006: Parameter 'e' implicitly has an 'any' type.
generated/prisma/runtime/edge-esm.js(5,18430): error TS7006: Parameter 't' implicitly has an 'any' type.
generated/prisma/runtime/edge-esm.js(5,18462): error TS2339: Property 'length' does not exist on type 'A'.
generated/prisma/runtime/edge-esm.js(5,18470): error TS7053: Element implicitly has an 'any' type because expression of type 'any' can't be used to index type 'A'.
generated/prisma/runtime/edge-esm.js(5,18482): error TS7053: Element implicitly has an 'any' type because expression of type 'any' can't be used to index type 'A'.
generated/prisma/runtime/edge-esm.js(5,18496): error TS7053: Element implicitly has an 'any' type because expression of type 'any' can't be used to index type 'A'.
generated/prisma/runtime/edge-esm.js(5,18509): error TS7053: Element implicitly has an 'any' type because expression of type 'any' can't be used to index type 'A'.
generated/prisma/runtime/edge-esm.js(5,18559): error TS7006: Parameter 'e' implicitly has an 'any' type.
generated/prisma/runtime/edge-esm.js(5,18591): error TS2683: 'this' implicitly has type 'any' because it does not have a type annotation.
generated/prisma/runtime/edge-esm.js(5,18601): error TS2683: 'this' implicitly has type 'any' because it does not have a type annotation.
generated/prisma/runtime/edge-esm.js(5,18642): error TS2683: 'this' implicitly has type 'any' because it does not have a type annotation.
generated/prisma/runtime/edge-esm.js(5,18663): error TS2683: 'this' implicitly has type 'any' because it does not have a type annotation.
generated/prisma/runtime/edge-esm.js(5,18673): error TS2683: 'this' implicitly has type 'any' because it does not have a type annotation.
generated/prisma/runtime/edge-esm.js(5,18688): error TS2683: 'this' implicitly has type 'any' because it does not have a type annotation.
generated/prisma/runtime/edge-esm.js(5,18751): error TS2683: 'this' implicitly has type 'any' because it does not have a type annotation.
generated/prisma/runtime/edge-esm.js(5,18766): error TS2683: 'this' implicitly has type 'any' because it does not have a type annotation.
generated/prisma/runtime/edge-esm.js(5,18782): error TS2683: 'this' implicitly has type 'any' because it does not have a type annotation.
generated/prisma/runtime/edge-esm.js(5,18840): error TS7006: Parameter 'e' implicitly has an 'any' type.
generated/prisma/runtime/edge-esm.js(5,18872): error TS2683: 'this' implicitly has type 'any' because it does not have a type annotation.
generated/prisma/runtime/edge-esm.js(5,18882): error TS2683: 'this' implicitly has type 'any' because it does not have a type annotation.
generated/prisma/runtime/edge-esm.js(5,18923): error TS2683: 'this' implicitly has type 'any' because it does not have a type annotation.
generated/prisma/runtime/edge-esm.js(5,18952): error TS2683: 'this' implicitly has type 'any' because it does not have a type annotation.
generated/prisma/runtime/edge-esm.js(5,18968): error TS2683: 'this' implicitly has type 'any' because it does not have a type annotation.
generated/prisma/runtime/edge-esm.js(5,18983): error TS2683: 'this' implicitly has type 'any' because it does not have a type annotation.
generated/prisma/runtime/edge-esm.js(5,19030): error TS2683: 'this' implicitly has type 'any' because it does not have a type annotation.
generated/prisma/runtime/edge-esm.js(5,19046): error TS2683: 'this' implicitly has type 'any' because it does not have a type annotation.
generated/prisma/runtime/edge-esm.js(5,19062): error TS2683: 'this' implicitly has type 'any' because it does not have a type annotation.
generated/prisma/runtime/edge-esm.js(5,19115): error TS7006: Parameter 'e' implicitly has an 'any' type.
generated/prisma/runtime/edge-esm.js(5,19117): error TS7006: Parameter 't' implicitly has an 'any' type.
generated/prisma/runtime/edge-esm.js(5,19149): error TS2339: Property 'length' does not exist on type 'A'.
generated/prisma/runtime/edge-esm.js(5,19215): error TS7006: Parameter 'e' implicitly has an 'any' type.
generated/prisma/runtime/edge-esm.js(5,19217): error TS7006: Parameter 't' implicitly has an 'any' type.
generated/prisma/runtime/edge-esm.js(5,19249): error TS2339: Property 'length' does not exist on type 'A'.
generated/prisma/runtime/edge-esm.js(5,19316): error TS7006: Parameter 'e' implicitly has an 'any' type.
generated/prisma/runtime/edge-esm.js(5,19318): error TS7006: Parameter 't' implicitly has an 'any' type.
generated/prisma/runtime/edge-esm.js(5,19350): error TS2339: Property 'length' does not exist on type 'A'.
generated/prisma/runtime/edge-esm.js(5,19417): error TS7006: Parameter 'e' implicitly has an 'any' type.
generated/prisma/runtime/edge-esm.js(5,19419): error TS7006: Parameter 't' implicitly has an 'any' type.
generated/prisma/runtime/edge-esm.js(5,19451): error TS2339: Property 'length' does not exist on type 'A'.
generated/prisma/runtime/edge-esm.js(5,19496): error TS7006: Parameter 'e' implicitly has an 'any' type.
generated/prisma/runtime/edge-esm.js(5,19498): error TS7006: Parameter 't' implicitly has an 'any' type.
generated/prisma/runtime/edge-esm.js(5,19500): error TS7006: Parameter 'r' implicitly has an 'any' type.
generated/prisma/runtime/edge-esm.js(5,19502): error TS7006: Parameter 'n' implicitly has an 'any' type.
generated/prisma/runtime/edge-esm.js(5,19504): error TS7006: Parameter 'i' implicitly has an 'any' type.
generated/prisma/runtime/edge-esm.js(5,19506): error TS7006: Parameter 'o' implicitly has an 'any' type.
generated/prisma/runtime/edge-esm.js(5,19780): error TS7006: Parameter 'e' implicitly has an 'any' type.
generated/prisma/runtime/edge-esm.js(5,19782): error TS7006: Parameter 't' implicitly has an 'any' type.
generated/prisma/runtime/edge-esm.js(5,19784): error TS7006: Parameter 'r' implicitly has an 'any' type.
generated/prisma/runtime/edge-esm.js(5,19786): error TS7006: Parameter 'n' implicitly has an 'any' type.
generated/prisma/runtime/edge-esm.js(5,19876): error TS7053: Element implicitly has an 'any' type because expression of type 'any' can't be used to index type 'A'.
generated/prisma/runtime/edge-esm.js(5,19907): error TS7053: Element implicitly has an 'any' type because expression of type 'any' can't be used to index type 'A'.
generated/prisma/runtime/edge-esm.js(5,19994): error TS7006: Parameter 'e' implicitly has an 'any' type.
generated/prisma/runtime/edge-esm.js(5,19996): error TS7006: Parameter 't' implicitly has an 'any' type.
generated/prisma/runtime/edge-esm.js(5,19998): error TS7006: Parameter 'r' implicitly has an 'any' type.
generated/prisma/runtime/edge-esm.js(5,20000): error TS7006: Parameter 'n' implicitly has an 'any' type.
generated/prisma/runtime/edge-esm.js(5,20092): error TS7053: Element implicitly has an 'any' type because expression of type 'any' can't be used to index type 'A'.
generated/prisma/runtime/edge-esm.js(5,20126): error TS7053: Element implicitly has an 'any' type because expression of type 'any' can't be used to index type 'A'.
generated/prisma/runtime/edge-esm.js(5,20211): error TS7006: Parameter 'e' implicitly has an 'any' type.
generated/prisma/runtime/edge-esm.js(5,20213): error TS7006: Parameter 't' implicitly has an 'any' type.
generated/prisma/runtime/edge-esm.js(5,20215): error TS7006: Parameter 'r' implicitly has an 'any' type.
generated/prisma/runtime/edge-esm.js(5,20262): error TS7053: Element implicitly has an 'any' type because expression of type 'any' can't be used to index type 'A'.
generated/prisma/runtime/edge-esm.js(5,20342): error TS7006: Parameter 'e' implicitly has an 'any' type.
generated/prisma/runtime/edge-esm.js(5,20344): error TS7006: Parameter 't' implicitly has an 'any' type.
generated/prisma/runtime/edge-esm.js(5,20346): error TS7006: Parameter 'r' implicitly has an 'any' type.
generated/prisma/runtime/edge-esm.js(5,20395): error TS7053: Element implicitly has an 'any' type because expression of type 'any' can't be used to index type 'A'.
generated/prisma/runtime/edge-esm.js(5,20409): error TS7053: Element implicitly has an 'any' type because expression of type 'any' can't be used to index type 'A'.
generated/prisma/runtime/edge-esm.js(5,20491): error TS7006: Parameter 'e' implicitly has an 'any' type.
generated/prisma/runtime/edge-esm.js(5,20493): error TS7006: Parameter 't' implicitly has an 'any' type.
generated/prisma/runtime/edge-esm.js(5,20495): error TS7006: Parameter 'r' implicitly has an 'any' type.
generated/prisma/runtime/edge-esm.js(5,20544): error TS7053: Element implicitly has an 'any' type because expression of type 'any' can't be used to index type 'A'.
generated/prisma/runtime/edge-esm.js(5,20558): error TS7053: Element implicitly has an 'any' type because expression of type 'any' can't be used to index type 'A'.
generated/prisma/runtime/edge-esm.js(5,20640): error TS7006: Parameter 'e' implicitly has an 'any' type.
generated/prisma/runtime/edge-esm.js(5,20642): error TS7006: Parameter 't' implicitly has an 'any' type.
generated/prisma/runtime/edge-esm.js(5,20644): error TS7006: Parameter 'r' implicitly has an 'any' type.
generated/prisma/runtime/edge-esm.js(5,20698): error TS7053: Element implicitly has an 'any' type because expression of type 'any' can't be used to index type 'A'.
generated/prisma/runtime/edge-esm.js(5,20715): error TS7053: Element implicitly has an 'any' type because expression of type 'any' can't be used to index type 'A'.
generated/prisma/runtime/edge-esm.js(5,20732): error TS7053: Element implicitly has an 'any' type because expression of type 'any' can't be used to index type 'A'.
generated/prisma/runtime/edge-esm.js(5,20748): error TS7053: Element implicitly has an 'any' type because expression of type 'any' can't be used to index type 'A'.
generated/prisma/runtime/edge-esm.js(5,20828): error TS7006: Parameter 'e' implicitly has an 'any' type.
generated/prisma/runtime/edge-esm.js(5,20830): error TS7006: Parameter 't' implicitly has an 'any' type.
generated/prisma/runtime/edge-esm.js(5,20832): error TS7006: Parameter 'r' implicitly has an 'any' type.
generated/prisma/runtime/edge-esm.js(5,20886): error TS7053: Element implicitly has an 'any' type because expression of type 'any' can't be used to index type 'A'.
generated/prisma/runtime/edge-esm.js(5,20901): error TS7053: Element implicitly has an 'any' type because expression of type 'any' can't be used to index type 'A'.
generated/prisma/runtime/edge-esm.js(5,20918): error TS7053: Element implicitly has an 'any' type because expression of type 'any' can't be used to index type 'A'.
generated/prisma/runtime/edge-esm.js(5,20934): error TS7053: Element implicitly has an 'any' type because expression of type 'any' can't be used to index type 'A'.
generated/prisma/runtime/edge-esm.js(5,20967): error TS7006: Parameter 'e' implicitly has an 'any' type.
generated/prisma/runtime/edge-esm.js(5,20969): error TS7006: Parameter 't' implicitly has an 'any' type.
generated/prisma/runtime/edge-esm.js(5,20971): error TS7006: Parameter 'r' implicitly has an 'any' type.
generated/prisma/runtime/edge-esm.js(5,20973): error TS7006: Parameter 'n' implicitly has an 'any' type.
generated/prisma/runtime/edge-esm.js(5,20975): error TS7006: Parameter 'i' implicitly has an 'any' type.
generated/prisma/runtime/edge-esm.js(5,21211): error TS7006: Parameter 'e' implicitly has an 'any' type.
generated/prisma/runtime/edge-esm.js(5,21213): error TS7006: Parameter 't' implicitly has an 'any' type.
generated/prisma/runtime/edge-esm.js(5,21215): error TS7006: Parameter 'r' implicitly has an 'any' type.
generated/prisma/runtime/edge-esm.js(5,21217): error TS7006: Parameter 'n' implicitly has an 'any' type.
generated/prisma/runtime/edge-esm.js(5,21219): error TS7006: Parameter 'i' implicitly has an 'any' type.
generated/prisma/runtime/edge-esm.js(5,21484): error TS7006: Parameter 'e' implicitly has an 'any' type.
generated/prisma/runtime/edge-esm.js(5,21501): error TS2683: 'this' implicitly has type 'any' because it does not have a type annotation.
generated/prisma/runtime/edge-esm.js(5,21593): error TS7006: Parameter 'e' implicitly has an 'any' type.
generated/prisma/runtime/edge-esm.js(5,21610): error TS2683: 'this' implicitly has type 'any' because it does not have a type annotation.
generated/prisma/runtime/edge-esm.js(5,21693): error TS7006: Parameter 'e' implicitly has an 'any' type.
generated/prisma/runtime/edge-esm.js(5,21695): error TS7006: Parameter 't' implicitly has an 'any' type.
generated/prisma/runtime/edge-esm.js(5,21697): error TS7006: Parameter 'r' implicitly has an 'any' type.
generated/prisma/runtime/edge-esm.js(5,21699): error TS7006: Parameter 'n' implicitly has an 'any' type.
generated/prisma/runtime/edge-esm.js(5,21788): error TS7053: Element implicitly has an 'any' type because expression of type 'any' can't be used to index type 'A'.
generated/prisma/runtime/edge-esm.js(5,21831): error TS7053: Element implicitly has an 'any' type because expression of type 'number' can't be used to index type 'A'.
  No index signature with a parameter of type 'number' was found on type 'A'.
generated/prisma/runtime/edge-esm.js(5,21854): error TS7053: Element implicitly has an 'any' type because expression of type 'any' can't be used to index type 'A'.
generated/prisma/runtime/edge-esm.js(5,21923): error TS7006: Parameter 'e' implicitly has an 'any' type.
generated/prisma/runtime/edge-esm.js(5,21925): error TS7006: Parameter 't' implicitly has an 'any' type.
generated/prisma/runtime/edge-esm.js(5,21927): error TS7006: Parameter 'r' implicitly has an 'any' type.
generated/prisma/runtime/edge-esm.js(5,21929): error TS7006: Parameter 'n' implicitly has an 'any' type.
generated/prisma/runtime/edge-esm.js(5,22020): error TS7053: Element implicitly has an 'any' type because expression of type 'any' can't be used to index type 'A'.
generated/prisma/runtime/edge-esm.js(5,22066): error TS7053: Element implicitly has an 'any' type because expression of type 'any' can't be used to index type 'A'.
generated/prisma/runtime/edge-esm.js(5,22089): error TS7053: Element implicitly has an 'any' type because expression of type 'any' can't be used to index type 'A'.
generated/prisma/runtime/edge-esm.js(5,22157): error TS7006: Parameter 'e' implicitly has an 'any' type.
generated/prisma/runtime/edge-esm.js(5,22159): error TS7006: Parameter 't' implicitly has an 'any' type.
generated/prisma/runtime/edge-esm.js(5,22161): error TS7006: Parameter 'r' implicitly has an 'any' type.
generated/prisma/runtime/edge-esm.js(5,22228): error TS7053: Element implicitly has an 'any' type because expression of type 'any' can't be used to index type 'A'.
generated/prisma/runtime/edge-esm.js(5,22281): error TS7006: Parameter 'e' implicitly has an 'any' type.
generated/prisma/runtime/edge-esm.js(5,22283): error TS7006: Parameter 't' implicitly has an 'any' type.
generated/prisma/runtime/edge-esm.js(5,22285): error TS7006: Parameter 'r' implicitly has an 'any' type.
generated/prisma/runtime/edge-esm.js(5,22339): error TS7053: Element implicitly has an 'any' type because expression of type 'any' can't be used to index type 'A'.
generated/prisma/runtime/edge-esm.js(5,22353): error TS7053: Element implicitly has an 'any' type because expression of type 'any' can't be used to index type 'A'.
generated/prisma/runtime/edge-esm.js(5,22408): error TS7006: Parameter 'e' implicitly has an 'any' type.
generated/prisma/runtime/edge-esm.js(5,22410): error TS7006: Parameter 't' implicitly has an 'any' type.
generated/prisma/runtime/edge-esm.js(5,22412): error TS7006: Parameter 'r' implicitly has an 'any' type.
generated/prisma/runtime/edge-esm.js(5,22466): error TS7053: Element implicitly has an 'any' type because expression of type 'any' can't be used to index type 'A'.
generated/prisma/runtime/edge-esm.js(5,22480): error TS7053: Element implicitly has an 'any' type because expression of type 'any' can't be used to index type 'A'.
generated/prisma/runtime/edge-esm.js(5,22535): error TS7006: Parameter 'e' implicitly has an 'any' type.
generated/prisma/runtime/edge-esm.js(5,22537): error TS7006: Parameter 't' implicitly has an 'any' type.
generated/prisma/runtime/edge-esm.js(5,22539): error TS7006: Parameter 'r' implicitly has an 'any' type.
generated/prisma/runtime/edge-esm.js(5,22603): error TS7053: Element implicitly has an 'any' type because expression of type 'any' can't be used to index type 'A'.
generated/prisma/runtime/edge-esm.js(5,22617): error TS7053: Element implicitly has an 'any' type because expression of type 'any' can't be used to index type 'A'.
generated/prisma/runtime/edge-esm.js(5,22633): error TS7053: Element implicitly has an 'any' type because expression of type 'any' can't be used to index type 'A'.
generated/prisma/runtime/edge-esm.js(5,22650): error TS7053: Element implicitly has an 'any' type because expression of type 'any' can't be used to index type 'A'.
generated/prisma/runtime/edge-esm.js(5,22706): error TS7006: Parameter 'e' implicitly has an 'any' type.
generated/prisma/runtime/edge-esm.js(5,22708): error TS7006: Parameter 't' implicitly has an 'any' type.
generated/prisma/runtime/edge-esm.js(5,22710): error TS7006: Parameter 'r' implicitly has an 'any' type.
generated/prisma/runtime/edge-esm.js(5,22798): error TS7053: Element implicitly has an 'any' type because expression of type 'any' can't be used to index type 'A'.
generated/prisma/runtime/edge-esm.js(5,22813): error TS7053: Element implicitly has an 'any' type because expression of type 'any' can't be used to index type 'A'.
generated/prisma/runtime/edge-esm.js(5,22830): error TS7053: Element implicitly has an 'any' type because expression of type 'any' can't be used to index type 'A'.
generated/prisma/runtime/edge-esm.js(5,22846): error TS7053: Element implicitly has an 'any' type because expression of type 'any' can't be used to index type 'A'.
generated/prisma/runtime/edge-esm.js(5,22907): error TS7006: Parameter 'e' implicitly has an 'any' type.
generated/prisma/runtime/edge-esm.js(5,22924): error TS2683: 'this' implicitly has type 'any' because it does not have a type annotation.
generated/prisma/runtime/edge-esm.js(5,23035): error TS7006: Parameter 'e' implicitly has an 'any' type.
generated/prisma/runtime/edge-esm.js(5,23052): error TS2683: 'this' implicitly has type 'any' because it does not have a type annotation.
generated/prisma/runtime/edge-esm.js(5,23135): error TS7006: Parameter 'e' implicitly has an 'any' type.
generated/prisma/runtime/edge-esm.js(5,23137): error TS7006: Parameter 't' implicitly has an 'any' type.
generated/prisma/runtime/edge-esm.js(5,23139): error TS7006: Parameter 'r' implicitly has an 'any' type.
generated/prisma/runtime/edge-esm.js(5,23141): error TS7006: Parameter 'n' implicitly has an 'any' type.
generated/prisma/runtime/edge-esm.js(5,23143): error TS7006: Parameter 'i' implicitly has an 'any' type.
generated/prisma/runtime/edge-esm.js(5,23145): error TS7006: Parameter 'o' implicitly has an 'any' type.
generated/prisma/runtime/edge-esm.js(5,23269): error TS7006: Parameter 'e' implicitly has an 'any' type.
generated/prisma/runtime/edge-esm.js(5,23271): error TS7006: Parameter 't' implicitly has an 'any' type.
generated/prisma/runtime/edge-esm.js(5,23273): error TS7006: Parameter 'r' implicitly has an 'any' type.
generated/prisma/runtime/edge-esm.js(5,23275): error TS7006: Parameter 'n' implicitly has an 'any' type.
generated/prisma/runtime/edge-esm.js(5,23277): error TS7006: Parameter 'i' implicitly has an 'any' type.
generated/prisma/runtime/edge-esm.js(5,23419): error TS7006: Parameter 'e' implicitly has an 'any' type.
generated/prisma/runtime/edge-esm.js(5,23421): error TS7006: Parameter 't' implicitly has an 'any' type.
generated/prisma/runtime/edge-esm.js(5,23423): error TS7006: Parameter 'r' implicitly has an 'any' type.
generated/prisma/runtime/edge-esm.js(5,23486): error TS7006: Parameter 'e' implicitly has an 'any' type.
generated/prisma/runtime/edge-esm.js(5,23488): error TS7006: Parameter 't' implicitly has an 'any' type.
generated/prisma/runtime/edge-esm.js(5,23490): error TS7006: Parameter 'r' implicitly has an 'any' type.
generated/prisma/runtime/edge-esm.js(5,23531): error TS7006: Parameter 'e' implicitly has an 'any' type.
generated/prisma/runtime/edge-esm.js(5,23533): error TS7006: Parameter 't' implicitly has an 'any' type.
generated/prisma/runtime/edge-esm.js(5,23535): error TS7006: Parameter 'r' implicitly has an 'any' type.
generated/prisma/runtime/edge-esm.js(5,23537): error TS7006: Parameter 'n' implicitly has an 'any' type.
generated/prisma/runtime/edge-esm.js(5,23539): error TS7006: Parameter 'i' implicitly has an 'any' type.
generated/prisma/runtime/edge-esm.js(5,23684): error TS7006: Parameter 'e' implicitly has an 'any' type.
generated/prisma/runtime/edge-esm.js(5,23686): error TS7006: Parameter 't' implicitly has an 'any' type.
generated/prisma/runtime/edge-esm.js(5,23688): error TS7006: Parameter 'r' implicitly has an 'any' type.
generated/prisma/runtime/edge-esm.js(5,23752): error TS7006: Parameter 'e' implicitly has an 'any' type.
generated/prisma/runtime/edge-esm.js(5,23754): error TS7006: Parameter 't' implicitly has an 'any' type.
generated/prisma/runtime/edge-esm.js(5,23756): error TS7006: Parameter 'r' implicitly has an 'any' type.
generated/prisma/runtime/edge-esm.js(5,23811): error TS7006: Parameter 'e' implicitly has an 'any' type.
generated/prisma/runtime/edge-esm.js(5,23813): error TS7006: Parameter 't' implicitly has an 'any' type.
generated/prisma/runtime/edge-esm.js(5,23815): error TS7006: Parameter 'r' implicitly has an 'any' type.
generated/prisma/runtime/edge-esm.js(5,23817): error TS7006: Parameter 'n' implicitly has an 'any' type.
generated/prisma/runtime/edge-esm.js(5,23920): error TS2339: Property 'length' does not exist on type 'A'.
generated/prisma/runtime/edge-esm.js(5,24005): error TS2339: Property 'length' does not exist on type 'A'.
generated/prisma/runtime/edge-esm.js(5,24098): error TS2339: Property 'length' does not exist on type 'A'.
generated/prisma/runtime/edge-esm.js(5,24210): error TS2339: Property 'length' does not exist on type 'A'.
generated/prisma/runtime/edge-esm.js(5,24226): error TS2339: Property 'length' does not exist on type 'A'.
generated/prisma/runtime/edge-esm.js(5,24350): error TS2339: Property 'copyWithin' does not exist on type 'A'.
generated/prisma/runtime/edge-esm.js(5,24405): error TS2339: Property 'subarray' does not exist on type 'A'.
generated/prisma/runtime/edge-esm.js(5,24451): error TS7006: Parameter 'e' implicitly has an 'any' type.
generated/prisma/runtime/edge-esm.js(5,24453): error TS7006: Parameter 't' implicitly has an 'any' type.
generated/prisma/runtime/edge-esm.js(5,24455): error TS7006: Parameter 'r' implicitly has an 'any' type.
generated/prisma/runtime/edge-esm.js(5,24457): error TS7006: Parameter 'n' implicitly has an 'any' type.
generated/prisma/runtime/edge-esm.js(5,24521): error TS2339: Property 'length' does not exist on type 'A'.
generated/prisma/runtime/edge-esm.js(5,24561): error TS2339: Property 'length' does not exist on type 'A'.
generated/prisma/runtime/edge-esm.js(5,24894): error TS2339: Property 'length' does not exist on type 'A'.
generated/prisma/runtime/edge-esm.js(5,24909): error TS2339: Property 'length' does not exist on type 'A'.
generated/prisma/runtime/edge-esm.js(5,25007): error TS2339: Property 'length' does not exist on type 'A'.
generated/prisma/runtime/edge-esm.js(5,25073): error TS7053: Element implicitly has an 'any' type because expression of type 'any' can't be used to index type 'A'.
generated/prisma/runtime/edge-esm.js(5,25233): error TS7053: Element implicitly has an 'any' type because expression of type 'any' can't be used to index type 'A'.
generated/prisma/runtime/edge-esm.js(5,25285): error TS7006: Parameter 'e' implicitly has an 'any' type.
generated/prisma/runtime/edge-esm.js(5,25287): error TS7006: Parameter 't' implicitly has an 'any' type.
generated/prisma/runtime/edge-esm.js(5,25289): error TS7006: Parameter 'r' implicitly has an 'any' type.
generated/prisma/runtime/edge-esm.js(5,25292): error TS7053: Element implicitly has an 'any' type because expression of type 'any' can't be used to index type '{}'.
generated/prisma/runtime/edge-esm.js(5,25710): error TS7006: Parameter 'e' implicitly has an 'any' type.
generated/prisma/runtime/edge-esm.js(5,25854): error TS7006: Parameter 'e' implicitly has an 'any' type.
generated/prisma/runtime/edge-esm.js(5,25856): error TS7006: Parameter 't' implicitly has an 'any' type.
generated/prisma/runtime/edge-esm.js(5,25980): error TS7006: Parameter 'e' implicitly has an 'any' type.
generated/prisma/runtime/edge-esm.js(5,25982): error TS7006: Parameter 't' implicitly has an 'any' type.
generated/prisma/runtime/edge-esm.js(5,25984): error TS7006: Parameter 'r' implicitly has an 'any' type.
generated/prisma/runtime/edge-esm.js(5,26268): error TS7006: Parameter 'e' implicitly has an 'any' type.
generated/prisma/runtime/edge-esm.js(5,26392): error TS7006: Parameter 'e' implicitly has an 'any' type.
generated/prisma/runtime/edge-esm.js(5,26394): error TS7006: Parameter 't' implicitly has an 'any' type.
generated/prisma/runtime/edge-esm.js(5,26396): error TS7006: Parameter 'r' implicitly has an 'any' type.
generated/prisma/runtime/edge-esm.js(5,26481): error TS7006: Parameter 'e' implicitly has an 'any' type.
generated/prisma/runtime/edge-esm.js(5,26483): error TS7006: Parameter 't' implicitly has an 'any' type.
generated/prisma/runtime/edge-esm.js(5,26485): error TS7006: Parameter 'r' implicitly has an 'any' type.
generated/prisma/runtime/edge-esm.js(5,26487): error TS7006: Parameter 'n' implicitly has an 'any' type.
generated/prisma/runtime/edge-esm.js(5,26489): error TS7006: Parameter 'i' implicitly has an 'any' type.
generated/prisma/runtime/edge-esm.js(5,26491): error TS7006: Parameter 'o' implicitly has an 'any' type.
generated/prisma/runtime/edge-esm.js(5,26718): error TS2339: Property 'ERR_OUT_OF_RANGE' does not exist on type '{}'.
generated/prisma/runtime/edge-esm.js(5,26770): error TS7006: Parameter 'e' implicitly has an 'any' type.
generated/prisma/runtime/edge-esm.js(5,26772): error TS7006: Parameter 't' implicitly has an 'any' type.
generated/prisma/runtime/edge-esm.js(5,26810): error TS2339: Property 'ERR_INVALID_ARG_TYPE' does not exist on type '{}'.
generated/prisma/runtime/edge-esm.js(5,26857): error TS7006: Parameter 'e' implicitly has an 'any' type.
generated/prisma/runtime/edge-esm.js(5,26859): error TS7006: Parameter 't' implicitly has an 'any' type.
generated/prisma/runtime/edge-esm.js(5,26861): error TS7006: Parameter 'r' implicitly has an 'any' type.
generated/prisma/runtime/edge-esm.js(5,26904): error TS2339: Property 'ERR_OUT_OF_RANGE' does not exist on type '{}'.
generated/prisma/runtime/edge-esm.js(5,26961): error TS2339: Property 'ERR_BUFFER_OUT_OF_BOUNDS' does not exist on type '{}'.
generated/prisma/runtime/edge-esm.js(5,26993): error TS2339: Property 'ERR_OUT_OF_RANGE' does not exist on type '{}'.
generated/prisma/runtime/edge-esm.js(5,27090): error TS7006: Parameter 'e' implicitly has an 'any' type.
generated/prisma/runtime/edge-esm.js(5,27210): error TS7006: Parameter 'e' implicitly has an 'any' type.
generated/prisma/runtime/edge-esm.js(5,27212): error TS7006: Parameter 't' implicitly has an 'any' type.
generated/prisma/runtime/edge-esm.js(5,27899): error TS7006: Parameter 'e' implicitly has an 'any' type.
generated/prisma/runtime/edge-esm.js(5,27987): error TS7006: Parameter 'e' implicitly has an 'any' type.
generated/prisma/runtime/edge-esm.js(5,27989): error TS7006: Parameter 't' implicitly has an 'any' type.
generated/prisma/runtime/edge-esm.js(5,28121): error TS7006: Parameter 'e' implicitly has an 'any' type.
generated/prisma/runtime/edge-esm.js(5,28165): error TS7006: Parameter 'e' implicitly has an 'any' type.
generated/prisma/runtime/edge-esm.js(5,28167): error TS7006: Parameter 't' implicitly has an 'any' type.
generated/prisma/runtime/edge-esm.js(5,28169): error TS7006: Parameter 'r' implicitly has an 'any' type.
generated/prisma/runtime/edge-esm.js(5,28171): error TS7006: Parameter 'n' implicitly has an 'any' type.
generated/prisma/runtime/edge-esm.js(5,28260): error TS7006: Parameter 'e' implicitly has an 'any' type.
generated/prisma/runtime/edge-esm.js(5,28262): error TS7006: Parameter 't' implicitly has an 'any' type.
generated/prisma/runtime/edge-esm.js(5,28384): error TS7006: Parameter 'e' implicitly has an 'any' type.
generated/prisma/runtime/edge-esm.js(5,28521): error TS2532: Object is possibly 'undefined'.
generated/prisma/runtime/edge-esm.js(5,28526): error TS2532: Object is possibly 'undefined'.
generated/prisma/runtime/edge-esm.js(5,28555): error TS7006: Parameter 'e' implicitly has an 'any' type.
generated/prisma/runtime/edge-esm.js(5,28649): error TS7034: Variable 'w' implicitly has type 'any' in some locations where its type cannot be determined.
generated/prisma/runtime/edge-esm.js(5,28973): error TS7006: Parameter 'e' implicitly has an 'any' type.
generated/prisma/runtime/edge-esm.js(5,29236): error TS7006: Parameter 'e' implicitly has an 'any' type.
generated/prisma/runtime/edge-esm.js(5,29238): error TS7006: Parameter 't' implicitly has an 'any' type.
generated/prisma/runtime/edge-esm.js(5,29264): error TS7034: Variable 'ji' implicitly has type 'any' in some locations where its type cannot be determined.
generated/prisma/runtime/edge-esm.js(5,29572): error TS7006: Parameter 'mf' implicitly has an 'any' type.
generated/prisma/runtime/edge-esm.js(5,29575): error TS7006: Parameter 'ml' implicitly has an 'any' type.
generated/prisma/runtime/edge-esm.js(5,31918): error TS7019: Rest parameter 'e' implicitly has an 'any[]' type.
generated/prisma/runtime/edge-esm.js(5,31955): error TS7019: Rest parameter 'e' implicitly has an 'any[]' type.
generated/prisma/runtime/edge-esm.js(5,31992): error TS7006: Parameter 'e' implicitly has an 'any' type.
generated/prisma/runtime/edge-esm.js(5,32089): error TS7006: Parameter 'e' implicitly has an 'any' type.
generated/prisma/runtime/edge-esm.js(5,32144): error TS7006: Parameter 'e' implicitly has an 'any' type.
generated/prisma/runtime/edge-esm.js(5,32201): error TS7006: Parameter 'e' implicitly has an 'any' type.
generated/prisma/runtime/edge-esm.js(5,32230): error TS7006: Parameter 'i' implicitly has an 'any' type.
generated/prisma/runtime/edge-esm.js(5,32364): error TS7034: Variable 'pr' implicitly has type 'any' in some locations where its type cannot be determined.
generated/prisma/runtime/edge-esm.js(5,32554): error TS7006: Parameter 'kf' implicitly has an 'any' type.
generated/prisma/runtime/edge-esm.js(5,32557): error TS7006: Parameter 'vl' implicitly has an 'any' type.
generated/prisma/runtime/edge-esm.js(5,33076): error TS7006: Parameter 'mr' implicitly has an 'any' type.
generated/prisma/runtime/edge-esm.js(5,33247): error TS7006: Parameter 'Gf' implicitly has an 'any' type.
generated/prisma/runtime/edge-esm.js(5,33250): error TS7006: Parameter 'Zi' implicitly has an 'any' type.
generated/prisma/runtime/edge-esm.js(5,33301): error TS7006: Parameter 'e' implicitly has an 'any' type.
generated/prisma/runtime/edge-esm.js(5,33307): error TS7006: Parameter 'r' implicitly has an 'any' type.
generated/prisma/runtime/edge-esm.js(5,33805): error TS7006: Parameter 'jy' implicitly has an 'any' type.
generated/prisma/runtime/edge-esm.js(5,33808): error TS7006: Parameter 'Eo' implicitly has an 'any' type.
generated/prisma/runtime/edge-esm.js(5,33880): error TS7006: Parameter 't' implicitly has an 'any' type.
generated/prisma/runtime/edge-esm.js(5,33882): error TS7006: Parameter 'r' implicitly has an 'any' type.
generated/prisma/runtime/edge-esm.js(5,33884): error TS7006: Parameter 'n' implicitly has an 'any' type.
generated/prisma/runtime/edge-esm.js(5,33886): error TS7006: Parameter 'i' implicitly has an 'any' type.
generated/prisma/runtime/edge-esm.js(5,33888): error TS7006: Parameter 'o' implicitly has an 'any' type.
generated/prisma/runtime/edge-esm.js(5,33947): error TS7006: Parameter 't' implicitly has an 'any' type.
generated/prisma/runtime/edge-esm.js(5,33949): error TS7006: Parameter 'r' implicitly has an 'any' type.
generated/prisma/runtime/edge-esm.js(5,34738): error TS7034: Variable 'Vr' implicitly has type 'any' in some locations where its type cannot be determined.
generated/prisma/runtime/edge-esm.js(5,34807): error TS7006: Parameter 't' implicitly has an 'any' type.
generated/prisma/runtime/edge-esm.js(5,34809): error TS7006: Parameter 'r' implicitly has an 'any' type.
generated/prisma/runtime/edge-esm.js(5,34819): error TS7053: Element implicitly has an 'any' type because expression of type 'any' can't be used to index type '{}'.
generated/prisma/runtime/edge-esm.js(5,34836): error TS7053: Element implicitly has an 'any' type because expression of type 'any' can't be used to index type '{}'.
generated/prisma/runtime/edge-esm.js(5,34855): error TS7053: Element implicitly has an 'any' type because expression of type 'any' can't be used to index type '{}'.
generated/prisma/runtime/edge-esm.js(5,34888): error TS7006: Parameter 't' implicitly has an 'any' type.
generated/prisma/runtime/edge-esm.js(5,34890): error TS7019: Rest parameter 'r' implicitly has an 'any[]' type.
generated/prisma/runtime/edge-esm.js(5,34903): error TS7053: Element implicitly has an 'any' type because expression of type 'any' can't be used to index type '{}'.
generated/prisma/runtime/edge-esm.js(5,34919): error TS7053: Element implicitly has an 'any' type because expression of type 'any' can't be used to index type '{}'.
generated/prisma/runtime/edge-esm.js(5,34942): error TS7006: Parameter 'n' implicitly has an 'any' type.
generated/prisma/runtime/edge-esm.js(5,35108): error TS7006: Parameter 'e' implicitly has an 'any' type.
generated/prisma/runtime/edge-esm.js(5,35141): error TS7006: Parameter 't' implicitly has an 'any' type.
generated/prisma/runtime/edge-esm.js(5,35190): error TS7006: Parameter 'e' implicitly has an 'any' type.
generated/prisma/runtime/edge-esm.js(5,35290): error TS7019: Rest parameter 'e' implicitly has an 'any[]' type.
generated/prisma/runtime/edge-esm.js(5,35303): error TS7006: Parameter 't' implicitly has an 'any' type.
generated/prisma/runtime/edge-esm.js(5,35465): error TS18048: 'y' is possibly 'undefined'.
generated/prisma/runtime/edge-esm.js(5,35478): error TS18048: 'y' is possibly 'undefined'.
generated/prisma/runtime/edge-esm.js(5,35488): error TS18048: 'y' is possibly 'undefined'.
generated/prisma/runtime/edge-esm.js(5,35585): error TS7006: Parameter 'e' implicitly has an 'any' type.
generated/prisma/runtime/edge-esm.js(5,35587): error TS7006: Parameter 't' implicitly has an 'any' type.
generated/prisma/runtime/edge-esm.js(5,35674): error TS7006: Parameter 'o' implicitly has an 'any' type.
generated/prisma/runtime/edge-esm.js(5,36141): error TS7034: Variable 'cr' implicitly has type 'any[]' in some locations where its type cannot be determined.
generated/prisma/runtime/edge-esm.js(5,36182): error TS18048: 'y' is possibly 'undefined'.
generated/prisma/runtime/edge-esm.js(5,36202): error TS7017: Element implicitly has an 'any' type because type 'typeof globalThis' has no index signature.
generated/prisma/runtime/edge-esm.js(5,36234): error TS7017: Element implicitly has an 'any' type because type 'typeof globalThis' has no index signature.
generated/prisma/runtime/edge-esm.js(5,36308): error TS7006: Parameter 'e' implicitly has an 'any' type.
generated/prisma/runtime/edge-esm.js(5,36343): error TS7017: Element implicitly has an 'any' type because type 'typeof globalThis' has no index signature.
generated/prisma/runtime/edge-esm.js(5,36380): error TS7017: Element implicitly has an 'any' type because type 'typeof globalThis' has no index signature.
generated/prisma/runtime/edge-esm.js(5,36404): error TS7017: Element implicitly has an 'any' type because type 'typeof globalThis' has no index signature.
generated/prisma/runtime/edge-esm.js(5,36424): error TS7006: Parameter 'e' implicitly has an 'any' type.
generated/prisma/runtime/edge-esm.js(5,36444): error TS7017: Element implicitly has an 'any' type because type 'typeof globalThis' has no index signature.
generated/prisma/runtime/edge-esm.js(5,36465): error TS7006: Parameter 'i' implicitly has an 'any' type.
generated/prisma/runtime/edge-esm.js(5,36517): error TS7006: Parameter 'i' implicitly has an 'any' type.
generated/prisma/runtime/edge-esm.js(5,36597): error TS7006: Parameter 'i' implicitly has an 'any' type.
generated/prisma/runtime/edge-esm.js(5,36696): error TS7019: Rest parameter 'e' implicitly has an 'any[]' type.
generated/prisma/runtime/edge-esm.js(5,36794): error TS7006: Parameter 'e' implicitly has an 'any' type.
generated/prisma/runtime/edge-esm.js(5,36892): error TS7019: Rest parameter 'n' implicitly has an 'any[]' type.
generated/prisma/runtime/edge-esm.js(5,36992): error TS7005: Variable 'cr' implicitly has an 'any[]' type.
generated/prisma/runtime/edge-esm.js(5,37147): error TS7053: Element implicitly has an 'any' type because expression of type 'string | symbol' can't be used to index type '{ color: string | undefined; enabled: any; namespace: any; log: (...e: any[]) => void; extend: () => void; }'.
  No index signature with a parameter of type 'string' was found on type '{ color: string | undefined; enabled: any; namespace: any; log: (...e: any[]) => void; extend: () => void; }'.
generated/prisma/runtime/edge-esm.js(5,37165): error TS7053: Element implicitly has an 'any' type because expression of type 'string | symbol' can't be used to index type '{ color: string | undefined; enabled: any; namespace: any; log: (...e: any[]) => void; extend: () => void; }'.
  No index signature with a parameter of type 'string' was found on type '{ color: string | undefined; enabled: any; namespace: any; log: (...e: any[]) => void; extend: () => void; }'.
generated/prisma/runtime/edge-esm.js(5,37205): error TS7053: Element implicitly has an 'any' type because expression of type 'string | symbol' can't be used to index type '{ enable(e: any): void; disable(): any; enabled(e: any): any; log: (...e: any[]) => void; formatters: {}; }'.
  No index signature with a parameter of type 'string' was found on type '{ enable(e: any): void; disable(): any; enabled(e: any): any; log: (...e: any[]) => void; formatters: {}; }'.
generated/prisma/runtime/edge-esm.js(5,37224): error TS7053: Element implicitly has an 'any' type because expression of type 'string | symbol' can't be used to index type '{ enable(e: any): void; disable(): any; enabled(e: any): any; log: (...e: any[]) => void; formatters: {}; }'.
  No index signature with a parameter of type 'string' was found on type '{ enable(e: any): void; disable(): any; enabled(e: any): any; log: (...e: any[]) => void; formatters: {}; }'.
generated/prisma/runtime/edge-esm.js(5,37246): error TS7006: Parameter 'e' implicitly has an 'any' type.
generated/prisma/runtime/edge-esm.js(5,37558): error TS7006: Parameter 'e' implicitly has an 'any' type.
generated/prisma/runtime/edge-esm.js(5,37734): error TS7005: Variable 'y' implicitly has an 'any' type.
generated/prisma/runtime/edge-esm.js(5,37947): error TS7006: Parameter 'e' implicitly has an 'any' type.
generated/prisma/runtime/edge-esm.js(5,38009): error TS7006: Parameter 'e' implicitly has an 'any' type.
generated/prisma/runtime/edge-esm.js(5,38376): error TS7005: Variable 'y' implicitly has an 'any' type.
generated/prisma/runtime/edge-esm.js(5,38419): error TS7019: Rest parameter 'e' implicitly has an 'any[]' type.
generated/prisma/runtime/edge-esm.js(5,38455): error TS7006: Parameter 'e' implicitly has an 'any' type.
generated/prisma/runtime/edge-esm.js(5,38457): error TS7019: Rest parameter 't' implicitly has an 'any[]' type.
generated/prisma/runtime/edge-esm.js(5,38523): error TS7006: Parameter 'e' implicitly has an 'any' type.
generated/prisma/runtime/edge-esm.js(5,38525): error TS7019: Rest parameter 't' implicitly has an 'any[]' type.
generated/prisma/runtime/edge-esm.js(5,38580): error TS7006: Parameter 'e' implicitly has an 'any' type.
generated/prisma/runtime/edge-esm.js(5,38582): error TS7019: Rest parameter 't' implicitly has an 'any[]' type.
generated/prisma/runtime/edge-esm.js(5,38639): error TS7006: Parameter 'e' implicitly has an 'any' type.
generated/prisma/runtime/edge-esm.js(5,38641): error TS7019: Rest parameter 't' implicitly has an 'any[]' type.
generated/prisma/runtime/edge-esm.js(5,38716): error TS7006: Parameter 'e' implicitly has an 'any' type.
generated/prisma/runtime/edge-esm.js(5,38718): error TS7006: Parameter 't' implicitly has an 'any' type.
generated/prisma/runtime/edge-esm.js(5,39102): error TS7006: Parameter 'e' implicitly has an 'any' type.
generated/prisma/runtime/edge-esm.js(5,39249): error TS7006: Parameter 'e' implicitly has an 'any' type.
generated/prisma/runtime/edge-esm.js(5,39251): error TS7006: Parameter 't' implicitly has an 'any' type.
generated/prisma/runtime/edge-esm.js(5,39335): error TS7006: Parameter 'e' implicitly has an 'any' type.
generated/prisma/runtime/edge-esm.js(5,39337): error TS7006: Parameter 't' implicitly has an 'any' type.
generated/prisma/runtime/edge-esm.js(5,39377): error TS7053: Element implicitly has an 'any' type because expression of type 'string' can't be used to index type '{}'.
  No index signature with a parameter of type 'string' was found on type '{}'.
generated/prisma/runtime/edge-esm.js(5,39433): error TS7006: Parameter 'e' implicitly has an 'any' type.
generated/prisma/runtime/edge-esm.js(5,39435): error TS7006: Parameter 't' implicitly has an 'any' type.
generated/prisma/runtime/edge-esm.js(5,39561): error TS7006: Parameter 'e' implicitly has an 'any' type.
generated/prisma/runtime/edge-esm.js(5,39563): error TS7006: Parameter 't' implicitly has an 'any' type.
generated/prisma/runtime/edge-esm.js(5,39663): error TS7006: Parameter 'e' implicitly has an 'any' type.
generated/prisma/runtime/edge-esm.js(5,39665): error TS7006: Parameter 't' implicitly has an 'any' type.
generated/prisma/runtime/edge-esm.js(5,39667): error TS7019: Rest parameter 'r' implicitly has an 'any[]' type.
generated/prisma/runtime/edge-esm.js(5,39762): error TS7008: Member 'retryable' implicitly has an 'any' type.
generated/prisma/runtime/edge-esm.js(5,39784): error TS7006: Parameter 't' implicitly has an 'any' type.
generated/prisma/runtime/edge-esm.js(5,39786): error TS7006: Parameter 'r' implicitly has an 'any' type.
generated/prisma/runtime/edge-esm.js(5,39788): error TS7006: Parameter 'n' implicitly has an 'any' type.
generated/prisma/runtime/edge-esm.js(5,40087): error TS7008: Member 'batchRequestIdx' implicitly has an 'any' type.
generated/prisma/runtime/edge-esm.js(5,40115): error TS7006: Parameter 't' implicitly has an 'any' type.
generated/prisma/runtime/edge-esm.js(5,40123): error TS7031: Binding element 'r' implicitly has an 'any' type.
generated/prisma/runtime/edge-esm.js(5,40139): error TS7031: Binding element 'n' implicitly has an 'any' type.
generated/prisma/runtime/edge-esm.js(5,40146): error TS7031: Binding element 'i' implicitly has an 'any' type.
generated/prisma/runtime/edge-esm.js(5,40164): error TS7031: Binding element 'o' implicitly has an 'any' type.
generated/prisma/runtime/edge-esm.js(5,40523): error TS7006: Parameter 't' implicitly has an 'any' type.
generated/prisma/runtime/edge-esm.js(5,40525): error TS7006: Parameter 'r' implicitly has an 'any' type.
generated/prisma/runtime/edge-esm.js(5,40756): error TS7008: Member 'batchRequestIdx' implicitly has an 'any' type.
generated/prisma/runtime/edge-esm.js(5,40784): error TS7006: Parameter 't' implicitly has an 'any' type.
generated/prisma/runtime/edge-esm.js(5,40801): error TS7031: Binding element 'r' implicitly has an 'any' type.
generated/prisma/runtime/edge-esm.js(5,40819): error TS7031: Binding element 'n' implicitly has an 'any' type.
generated/prisma/runtime/edge-esm.js(5,41195): error TS7006: Parameter 't' implicitly has an 'any' type.
generated/prisma/runtime/edge-esm.js(5,41212): error TS7031: Binding element 'r' implicitly has an 'any' type.
generated/prisma/runtime/edge-esm.js(5,41436): error TS7006: Parameter 't' implicitly has an 'any' type.
generated/prisma/runtime/edge-esm.js(5,41474): error TS7006: Parameter 't' implicitly has an 'any' type.
generated/prisma/runtime/edge-esm.js(5,41476): error TS7006: Parameter 'r' implicitly has an 'any' type.
generated/prisma/runtime/edge-esm.js(5,41518): error TS7006: Parameter 't' implicitly has an 'any' type.
generated/prisma/runtime/edge-esm.js(5,41520): error TS7006: Parameter 'r' implicitly has an 'any' type.
generated/prisma/runtime/edge-esm.js(5,41633): error TS7006: Parameter 'e' implicitly has an 'any' type.
generated/prisma/runtime/edge-esm.js(5,41721): error TS7006: Parameter 'e' implicitly has an 'any' type.
generated/prisma/runtime/edge-esm.js(5,41723): error TS7006: Parameter 't' implicitly has an 'any' type.
generated/prisma/runtime/edge-esm.js(5,41762): error TS7053: Element implicitly has an 'any' type because expression of type 'any' can't be used to index type '{}'.
generated/prisma/runtime/edge-esm.js(5,41810): error TS7006: Parameter 'e' implicitly has an 'any' type.
generated/prisma/runtime/edge-esm.js(5,41817): error TS7034: Variable 't' implicitly has type 'any' in some locations where its type cannot be determined.
generated/prisma/runtime/edge-esm.js(5,41839): error TS7005: Variable 't' implicitly has an 'any' type.
generated/prisma/runtime/edge-esm.js(5,41900): error TS7006: Parameter 'e' implicitly has an 'any' type.
generated/prisma/runtime/edge-esm.js(5,41979): error TS7006: Parameter 'e' implicitly has an 'any' type.
generated/prisma/runtime/edge-esm.js(5,42016): error TS7053: Element implicitly has an 'any' type because expression of type 'any' can't be used to index type '{}'.
generated/prisma/runtime/edge-esm.js(5,42064): error TS7006: Parameter 'e' implicitly has an 'any' type.
generated/prisma/runtime/edge-esm.js(5,42157): error TS7006: Parameter 'e' implicitly has an 'any' type.
generated/prisma/runtime/edge-esm.js(5,44431): error TS7034: Variable 'ao' implicitly has type 'any' in some locations where its type cannot be determined.
generated/prisma/runtime/edge-esm.js(5,44434): error TS7034: Variable 'Pe' implicitly has type 'any' in some locations where its type cannot be determined.
generated/prisma/runtime/edge-esm.js(5,44877): error TS2339: Property 'absoluteValue' does not exist on type '{ toStringTag: string; }'.
generated/prisma/runtime/edge-esm.js(5,44893): error TS2339: Property 'abs' does not exist on type '{ toStringTag: string; }'.
generated/prisma/runtime/edge-esm.js(5,44918): error TS2351: This expression is not constructable.
  Type 'Function' has no construct signatures.
generated/prisma/runtime/edge-esm.js(5,44971): error TS2339: Property 'ceil' does not exist on type '{ toStringTag: string; }'.
generated/prisma/runtime/edge-esm.js(5,45000): error TS2351: This expression is not constructable.
  Type 'Function' has no construct signatures.
generated/prisma/runtime/edge-esm.js(5,45028): error TS2339: Property 'e' does not exist on type '{ toStringTag: string; }'.
generated/prisma/runtime/edge-esm.js(5,45038): error TS2339: Property 'clampedTo' does not exist on type '{ toStringTag: string; }'.
generated/prisma/runtime/edge-esm.js(5,45050): error TS2339: Property 'clamp' does not exist on type '{ toStringTag: string; }'.
generated/prisma/runtime/edge-esm.js(5,45065): error TS7006: Parameter 'e' implicitly has an 'any' type.
generated/prisma/runtime/edge-esm.js(5,45067): error TS7006: Parameter 't' implicitly has an 'any' type.
generated/prisma/runtime/edge-esm.js(5,45108): error TS2351: This expression is not constructable.
  Type 'Function' has no construct signatures.
generated/prisma/runtime/edge-esm.js(5,45119): error TS2351: This expression is not constructable.
  Type 'Function' has no construct signatures.
generated/prisma/runtime/edge-esm.js(5,45146): error TS2351: This expression is not constructable.
  Type 'Function' has no construct signatures.
generated/prisma/runtime/edge-esm.js(5,45193): error TS2339: Property 'cmp' does not exist on type '{ toStringTag: string; }'.
generated/prisma/runtime/edge-esm.js(5,45208): error TS2339: Property 'cmp' does not exist on type '{ toStringTag: string; }'.
generated/prisma/runtime/edge-esm.js(5,45223): error TS2351: This expression is not constructable.
  Type 'Function' has no construct signatures.
generated/prisma/runtime/edge-esm.js(5,45231): error TS2339: Property 'comparedTo' does not exist on type '{ toStringTag: string; }'.
generated/prisma/runtime/edge-esm.js(5,45244): error TS2339: Property 'cmp' does not exist on type '{ toStringTag: string; }'.
generated/prisma/runtime/edge-esm.js(5,45257): error TS7006: Parameter 'e' implicitly has an 'any' type.
generated/prisma/runtime/edge-esm.js(5,45283): error TS2339: Property 'd' does not exist on type '{ toStringTag: string; }'.
generated/prisma/runtime/edge-esm.js(5,45294): error TS2351: This expression is not constructable.
  Type 'Function' has no construct signatures.
generated/prisma/runtime/edge-esm.js(5,45318): error TS2339: Property 's' does not exist on type '{ toStringTag: string; }'.
generated/prisma/runtime/edge-esm.js(5,45369): error TS2447: The '^' operator is not allowed for boolean types. Consider using '!==' instead.
generated/prisma/runtime/edge-esm.js(5,45444): error TS2339: Property 'e' does not exist on type '{ toStringTag: string; }'.
generated/prisma/runtime/edge-esm.js(5,45459): error TS2447: The '^' operator is not allowed for boolean types. Consider using '!==' instead.
generated/prisma/runtime/edge-esm.js(5,45461): error TS2339: Property 'e' does not exist on type '{ toStringTag: string; }'.
generated/prisma/runtime/edge-esm.js(5,45546): error TS2447: The '^' operator is not allowed for boolean types. Consider using '!==' instead.
generated/prisma/runtime/edge-esm.js(5,45580): error TS2447: The '^' operator is not allowed for boolean types. Consider using '!==' instead.
generated/prisma/runtime/edge-esm.js(5,45596): error TS2339: Property 'cosine' does not exist on type '{ toStringTag: string; }'.
generated/prisma/runtime/edge-esm.js(5,45605): error TS2339: Property 'cos' does not exist on type '{ toStringTag: string; }'.
generated/prisma/runtime/edge-esm.js(5,45660): error TS2339: Property 'd' does not exist on type '{ toStringTag: string; }'.
generated/prisma/runtime/edge-esm.js(5,45664): error TS2339: Property 'd' does not exist on type '{ toStringTag: string; }'.
generated/prisma/runtime/edge-esm.js(5,45674): error TS2339: Property 'precision' does not exist on type 'Function'.
generated/prisma/runtime/edge-esm.js(5,45688): error TS2339: Property 'rounding' does not exist on type 'Function'.
generated/prisma/runtime/edge-esm.js(5,45699): error TS2339: Property 'precision' does not exist on type 'Function'.
generated/prisma/runtime/edge-esm.js(5,45722): error TS2339: Property 'e' does not exist on type '{ toStringTag: string; }'.
generated/prisma/runtime/edge-esm.js(5,45726): error TS2339: Property 'sd' does not exist on type '{ toStringTag: string; }'.
generated/prisma/runtime/edge-esm.js(5,45736): error TS2339: Property 'rounding' does not exist on type 'Function'.
generated/prisma/runtime/edge-esm.js(5,45765): error TS2339: Property 'precision' does not exist on type 'Function'.
generated/prisma/runtime/edge-esm.js(5,45779): error TS2339: Property 'rounding' does not exist on type 'Function'.
generated/prisma/runtime/edge-esm.js(5,45792): error TS7005: Variable 'Pe' implicitly has an 'any' type.
generated/prisma/runtime/edge-esm.js(5,45799): error TS7005: Variable 'Pe' implicitly has an 'any' type.
generated/prisma/runtime/edge-esm.js(5,45807): error TS2339: Property 'neg' does not exist on type '{ toStringTag: string; }'.
generated/prisma/runtime/edge-esm.js(5,45828): error TS2351: This expression is not constructable.
  Type 'Function' has no construct signatures.
generated/prisma/runtime/edge-esm.js(5,45837): error TS2351: This expression is not constructable.
  Type 'Function' has no construct signatures.
generated/prisma/runtime/edge-esm.js(5,45847): error TS2339: Property 'cubeRoot' does not exist on type '{ toStringTag: string; }'.
generated/prisma/runtime/edge-esm.js(5,45858): error TS2339: Property 'cbrt' does not exist on type '{ toStringTag: string; }'.
generated/prisma/runtime/edge-esm.js(5,45927): error TS2339: Property 'isFinite' does not exist on type '{ toStringTag: string; }'.
generated/prisma/runtime/edge-esm.js(5,45941): error TS2339: Property 'isZero' does not exist on type '{ toStringTag: string; }'.
generated/prisma/runtime/edge-esm.js(5,45961): error TS2351: This expression is not constructable.
  Type 'Function' has no construct signatures.
generated/prisma/runtime/edge-esm.js(5,45979): error TS2339: Property 's' does not exist on type '{ toStringTag: string; }'.
generated/prisma/runtime/edge-esm.js(5,45985): error TS2339: Property 's' does not exist on type '{ toStringTag: string; }'.
generated/prisma/runtime/edge-esm.js(5,45987): error TS2363: The right-hand side of an arithmetic operation must be of type 'any', 'number', 'bigint' or an enum type.
generated/prisma/runtime/edge-esm.js(5,46022): error TS2339: Property 'd' does not exist on type '{ toStringTag: string; }'.
generated/prisma/runtime/edge-esm.js(5,46029): error TS2339: Property 'e' does not exist on type '{ toStringTag: string; }'.
generated/prisma/runtime/edge-esm.js(5,46083): error TS2345: Argument of type 'string' is not assignable to parameter of type 'number'.
generated/prisma/runtime/edge-esm.js(5,46103): error TS2363: The right-hand side of an arithmetic operation must be of type 'any', 'number', 'bigint' or an enum type.
generated/prisma/runtime/edge-esm.js(5,46197): error TS2351: This expression is not constructable.
  Type 'Function' has no construct signatures.
generated/prisma/runtime/edge-esm.js(5,46208): error TS2339: Property 's' does not exist on type '{ toStringTag: string; }'.
generated/prisma/runtime/edge-esm.js(5,46217): error TS2351: This expression is not constructable.
  Type 'Function' has no construct signatures.
generated/prisma/runtime/edge-esm.js(5,46240): error TS2339: Property 'precision' does not exist on type 'Function'.
generated/prisma/runtime/edge-esm.js(5,46604): error TS2339: Property 'rounding' does not exist on type 'Function'.
generated/prisma/runtime/edge-esm.js(5,46619): error TS2339: Property 'decimalPlaces' does not exist on type '{ toStringTag: string; }'.
generated/prisma/runtime/edge-esm.js(5,46635): error TS2339: Property 'dp' does not exist on type '{ toStringTag: string; }'.
generated/prisma/runtime/edge-esm.js(5,46662): error TS2339: Property 'd' does not exist on type '{ toStringTag: string; }'.
generated/prisma/runtime/edge-esm.js(5,46704): error TS2339: Property 'e' does not exist on type '{ toStringTag: string; }'.
generated/prisma/runtime/edge-esm.js(5,46767): error TS2339: Property 'dividedBy' does not exist on type '{ toStringTag: string; }'.
generated/prisma/runtime/edge-esm.js(5,46779): error TS2339: Property 'div' does not exist on type '{ toStringTag: string; }'.
generated/prisma/runtime/edge-esm.js(5,46792): error TS7006: Parameter 'e' implicitly has an 'any' type.
generated/prisma/runtime/edge-esm.js(5,46813): error TS2351: This expression is not constructable.
  Type 'Function' has no construct signatures.
generated/prisma/runtime/edge-esm.js(5,46837): error TS2339: Property 'dividedToIntegerBy' does not exist on type '{ toStringTag: string; }'.
generated/prisma/runtime/edge-esm.js(5,46858): error TS2339: Property 'divToInt' does not exist on type '{ toStringTag: string; }'.
generated/prisma/runtime/edge-esm.js(5,46876): error TS7006: Parameter 'e' implicitly has an 'any' type.
generated/prisma/runtime/edge-esm.js(5,46923): error TS2351: This expression is not constructable.
  Type 'Function' has no construct signatures.
generated/prisma/runtime/edge-esm.js(5,46937): error TS2339: Property 'precision' does not exist on type 'Function'.
generated/prisma/runtime/edge-esm.js(5,46949): error TS2339: Property 'rounding' does not exist on type 'Function'.
generated/prisma/runtime/edge-esm.js(5,46962): error TS2339: Property 'equals' does not exist on type '{ toStringTag: string; }'.
generated/prisma/runtime/edge-esm.js(5,46971): error TS2339: Property 'eq' does not exist on type '{ toStringTag: string; }'.
generated/prisma/runtime/edge-esm.js(5,46983): error TS7006: Parameter 'e' implicitly has an 'any' type.
generated/prisma/runtime/edge-esm.js(5,46998): error TS2339: Property 'cmp' does not exist on type '{ toStringTag: string; }'.
generated/prisma/runtime/edge-esm.js(5,47012): error TS2339: Property 'floor' does not exist on type '{ toStringTag: string; }'.
generated/prisma/runtime/edge-esm.js(5,47042): error TS2351: This expression is not constructable.
  Type 'Function' has no construct signatures.
generated/prisma/runtime/edge-esm.js(5,47070): error TS2339: Property 'e' does not exist on type '{ toStringTag: string; }'.
generated/prisma/runtime/edge-esm.js(5,47080): error TS2339: Property 'greaterThan' does not exist on type '{ toStringTag: string; }'.
generated/prisma/runtime/edge-esm.js(5,47094): error TS2339: Property 'gt' does not exist on type '{ toStringTag: string; }'.
generated/prisma/runtime/edge-esm.js(5,47106): error TS7006: Parameter 'e' implicitly has an 'any' type.
generated/prisma/runtime/edge-esm.js(5,47121): error TS2339: Property 'cmp' does not exist on type '{ toStringTag: string; }'.
generated/prisma/runtime/edge-esm.js(5,47133): error TS2339: Property 'greaterThanOrEqualTo' does not exist on type '{ toStringTag: string; }'.
generated/prisma/runtime/edge-esm.js(5,47156): error TS2339: Property 'gte' does not exist on type '{ toStringTag: string; }'.
generated/prisma/runtime/edge-esm.js(5,47169): error TS7006: Parameter 'e' implicitly has an 'any' type.
generated/prisma/runtime/edge-esm.js(5,47183): error TS2339: Property 'cmp' does not exist on type '{ toStringTag: string; }'.
generated/prisma/runtime/edge-esm.js(5,47212): error TS2339: Property 'hyperbolicCosine' does not exist on type '{ toStringTag: string; }'.
generated/prisma/runtime/edge-esm.js(5,47231): error TS2339: Property 'cosh' does not exist on type '{ toStringTag: string; }'.
generated/prisma/runtime/edge-esm.js(5,47290): error TS2351: This expression is not constructable.
  Type 'Function' has no construct signatures.
generated/prisma/runtime/edge-esm.js(5,47301): error TS2339: Property 'isFinite' does not exist on type '{ toStringTag: string; }'.
generated/prisma/runtime/edge-esm.js(5,47323): error TS2351: This expression is not constructable.
  Type 'Function' has no construct signatures.
generated/prisma/runtime/edge-esm.js(5,47327): error TS2339: Property 's' does not exist on type '{ toStringTag: string; }'.
generated/prisma/runtime/edge-esm.js(5,47343): error TS2339: Property 'isZero' does not exist on type '{ toStringTag: string; }'.
generated/prisma/runtime/edge-esm.js(5,47365): error TS2339: Property 'precision' does not exist on type 'Function'.
generated/prisma/runtime/edge-esm.js(5,47379): error TS2339: Property 'rounding' does not exist on type 'Function'.
generated/prisma/runtime/edge-esm.js(5,47390): error TS2339: Property 'precision' does not exist on type 'Function'.
generated/prisma/runtime/edge-esm.js(5,47413): error TS2339: Property 'e' does not exist on type '{ toStringTag: string; }'.
generated/prisma/runtime/edge-esm.js(5,47417): error TS2339: Property 'sd' does not exist on type '{ toStringTag: string; }'.
generated/prisma/runtime/edge-esm.js(5,47427): error TS2339: Property 'rounding' does not exist on type 'Function'.
generated/prisma/runtime/edge-esm.js(5,47442): error TS2339: Property 'd' does not exist on type '{ toStringTag: string; }'.
generated/prisma/runtime/edge-esm.js(5,47551): error TS2339: Property 'times' does not exist on type '{ toStringTag: string; }'.
generated/prisma/runtime/edge-esm.js(5,47564): error TS2351: This expression is not constructable.
  Type 'Function' has no construct signatures.
generated/prisma/runtime/edge-esm.js(5,47593): error TS2351: This expression is not constructable.
  Type 'Function' has no construct signatures.
generated/prisma/runtime/edge-esm.js(5,47607): error TS2339: Property 'times' does not exist on type '{ toStringTag: string; }'.
generated/prisma/runtime/edge-esm.js(5,47669): error TS2339: Property 'precision' does not exist on type 'Function'.
generated/prisma/runtime/edge-esm.js(5,47683): error TS2339: Property 'rounding' does not exist on type 'Function'.
generated/prisma/runtime/edge-esm.js(5,47701): error TS2339: Property 'hyperbolicSine' does not exist on type '{ toStringTag: string; }'.
generated/prisma/runtime/edge-esm.js(5,47718): error TS2339: Property 'sinh' does not exist on type '{ toStringTag: string; }'.
generated/prisma/runtime/edge-esm.js(5,47775): error TS2339: Property 'isFinite' does not exist on type '{ toStringTag: string; }'.
generated/prisma/runtime/edge-esm.js(5,47789): error TS2339: Property 'isZero' does not exist on type '{ toStringTag: string; }'.
generated/prisma/runtime/edge-esm.js(5,47809): error TS2351: This expression is not constructable.
  Type 'Function' has no construct signatures.
generated/prisma/runtime/edge-esm.js(5,47821): error TS2339: Property 'precision' does not exist on type 'Function'.
generated/prisma/runtime/edge-esm.js(5,47835): error TS2339: Property 'rounding' does not exist on type 'Function'.
generated/prisma/runtime/edge-esm.js(5,47846): error TS2339: Property 'precision' does not exist on type 'Function'.
generated/prisma/runtime/edge-esm.js(5,47869): error TS2339: Property 'e' does not exist on type '{ toStringTag: string; }'.
generated/prisma/runtime/edge-esm.js(5,47873): error TS2339: Property 'sd' does not exist on type '{ toStringTag: string; }'.
generated/prisma/runtime/edge-esm.js(5,47883): error TS2339: Property 'rounding' does not exist on type 'Function'.
generated/prisma/runtime/edge-esm.js(5,47898): error TS2339: Property 'd' does not exist on type '{ toStringTag: string; }'.
generated/prisma/runtime/edge-esm.js(5,47970): error TS2339: Property 'times' does not exist on type '{ toStringTag: string; }'.
generated/prisma/runtime/edge-esm.js(5,48020): error TS2351: This expression is not constructable.
  Type 'Function' has no construct signatures.
generated/prisma/runtime/edge-esm.js(5,48031): error TS2351: This expression is not constructable.
  Type 'Function' has no construct signatures.
generated/prisma/runtime/edge-esm.js(5,48043): error TS2351: This expression is not constructable.
  Type 'Function' has no construct signatures.
generated/prisma/runtime/edge-esm.js(5,48058): error TS2339: Property 'times' does not exist on type '{ toStringTag: string; }'.
generated/prisma/runtime/edge-esm.js(5,48071): error TS2339: Property 'times' does not exist on type '{ toStringTag: string; }'.
generated/prisma/runtime/edge-esm.js(5,48123): error TS2339: Property 'precision' does not exist on type 'Function'.
generated/prisma/runtime/edge-esm.js(5,48137): error TS2339: Property 'rounding' does not exist on type 'Function'.
generated/prisma/runtime/edge-esm.js(5,48163): error TS2339: Property 'hyperbolicTangent' does not exist on type '{ toStringTag: string; }'.
generated/prisma/runtime/edge-esm.js(5,48183): error TS2339: Property 'tanh' does not exist on type '{ toStringTag: string; }'.
generated/prisma/runtime/edge-esm.js(5,48239): error TS2339: Property 'isFinite' does not exist on type '{ toStringTag: string; }'.
generated/prisma/runtime/edge-esm.js(5,48252): error TS2339: Property 'isZero' does not exist on type '{ toStringTag: string; }'.
generated/prisma/runtime/edge-esm.js(5,48265): error TS2351: This expression is not constructable.
  Type 'Function' has no construct signatures.
generated/prisma/runtime/edge-esm.js(5,48275): error TS2339: Property 'precision' does not exist on type 'Function'.
generated/prisma/runtime/edge-esm.js(5,48289): error TS2339: Property 'rounding' does not exist on type 'Function'.
generated/prisma/runtime/edge-esm.js(5,48300): error TS2339: Property 'precision' does not exist on type 'Function'.
generated/prisma/runtime/edge-esm.js(5,48316): error TS2339: Property 'rounding' does not exist on type 'Function'.
generated/prisma/runtime/edge-esm.js(5,48331): error TS2339: Property 'sinh' does not exist on type '{ toStringTag: string; }'.
generated/prisma/runtime/edge-esm.js(5,48340): error TS2339: Property 'cosh' does not exist on type '{ toStringTag: string; }'.
generated/prisma/runtime/edge-esm.js(5,48349): error TS2339: Property 'precision' does not exist on type 'Function'.
generated/prisma/runtime/edge-esm.js(5,48363): error TS2339: Property 'rounding' does not exist on type 'Function'.
generated/prisma/runtime/edge-esm.js(5,48380): error TS2351: This expression is not constructable.
  Type 'Function' has no construct signatures.
generated/prisma/runtime/edge-esm.js(5,48384): error TS2339: Property 's' does not exist on type '{ toStringTag: string; }'.
generated/prisma/runtime/edge-esm.js(5,48390): error TS2339: Property 'inverseCosine' does not exist on type '{ toStringTag: string; }'.
generated/prisma/runtime/edge-esm.js(5,48406): error TS2339: Property 'acos' does not exist on type '{ toStringTag: string; }'.
generated/prisma/runtime/edge-esm.js(5,48453): error TS2339: Property 'abs' does not exist on type '{ toStringTag: string; }'.
generated/prisma/runtime/edge-esm.js(5,48470): error TS2339: Property 'precision' does not exist on type 'Function'.
generated/prisma/runtime/edge-esm.js(5,48484): error TS2339: Property 'rounding' does not exist on type 'Function'.
generated/prisma/runtime/edge-esm.js(5,48515): error TS2339: Property 'isNeg' does not exist on type '{ toStringTag: string; }'.
generated/prisma/runtime/edge-esm.js(5,48537): error TS2351: This expression is not constructable.
  Type 'Function' has no construct signatures.
generated/prisma/runtime/edge-esm.js(5,48546): error TS2351: This expression is not constructable.
  Type 'Function' has no construct signatures.
generated/prisma/runtime/edge-esm.js(5,48555): error TS2339: Property 'isZero' does not exist on type '{ toStringTag: string; }'.
generated/prisma/runtime/edge-esm.js(5,48589): error TS2339: Property 'precision' does not exist on type 'Function'.
generated/prisma/runtime/edge-esm.js(5,48605): error TS2339: Property 'rounding' does not exist on type 'Function'.
generated/prisma/runtime/edge-esm.js(5,48622): error TS2351: This expression is not constructable.
  Type 'Function' has no construct signatures.
generated/prisma/runtime/edge-esm.js(5,48642): error TS2339: Property 'plus' does not exist on type '{ toStringTag: string; }'.
generated/prisma/runtime/edge-esm.js(5,48667): error TS2339: Property 'precision' does not exist on type 'Function'.
generated/prisma/runtime/edge-esm.js(5,48681): error TS2339: Property 'rounding' does not exist on type 'Function'.
generated/prisma/runtime/edge-esm.js(5,48694): error TS2339: Property 'times' does not exist on type '{ toStringTag: string; }'.
generated/prisma/runtime/edge-esm.js(5,48707): error TS2339: Property 'inverseHyperbolicCosine' does not exist on type '{ toStringTag: string; }'.
generated/prisma/runtime/edge-esm.js(5,48733): error TS2339: Property 'acosh' does not exist on type '{ toStringTag: string; }'.
generated/prisma/runtime/edge-esm.js(5,48790): error TS2339: Property 'lte' does not exist on type '{ toStringTag: string; }'.
generated/prisma/runtime/edge-esm.js(5,48801): error TS2351: This expression is not constructable.
  Type 'Function' has no construct signatures.
generated/prisma/runtime/edge-esm.js(5,48805): error TS2339: Property 'eq' does not exist on type '{ toStringTag: string; }'.
generated/prisma/runtime/edge-esm.js(5,48820): error TS2339: Property 'isFinite' does not exist on type '{ toStringTag: string; }'.
generated/prisma/runtime/edge-esm.js(5,48836): error TS2339: Property 'precision' does not exist on type 'Function'.
generated/prisma/runtime/edge-esm.js(5,48850): error TS2339: Property 'rounding' does not exist on type 'Function'.
generated/prisma/runtime/edge-esm.js(5,48861): error TS2339: Property 'precision' does not exist on type 'Function'.
generated/prisma/runtime/edge-esm.js(5,48893): error TS2339: Property 'e' does not exist on type '{ toStringTag: string; }'.
generated/prisma/runtime/edge-esm.js(5,48898): error TS2339: Property 'sd' does not exist on type '{ toStringTag: string; }'.
generated/prisma/runtime/edge-esm.js(5,48908): error TS2339: Property 'rounding' does not exist on type 'Function'.
generated/prisma/runtime/edge-esm.js(5,48928): error TS2339: Property 'times' does not exist on type '{ toStringTag: string; }'.
generated/prisma/runtime/edge-esm.js(5,48968): error TS2339: Property 'precision' does not exist on type 'Function'.
generated/prisma/runtime/edge-esm.js(5,48982): error TS2339: Property 'rounding' does not exist on type 'Function'.
generated/prisma/runtime/edge-esm.js(5,48995): error TS2339: Property 'ln' does not exist on type '{ toStringTag: string; }'.
generated/prisma/runtime/edge-esm.js(5,49005): error TS2351: This expression is not constructable.
  Type 'Function' has no construct signatures.
generated/prisma/runtime/edge-esm.js(5,49013): error TS2339: Property 'inverseHyperbolicSine' does not exist on type '{ toStringTag: string; }'.
generated/prisma/runtime/edge-esm.js(5,49037): error TS2339: Property 'asinh' does not exist on type '{ toStringTag: string; }'.
generated/prisma/runtime/edge-esm.js(5,49094): error TS2339: Property 'isFinite' does not exist on type '{ toStringTag: string; }'.
generated/prisma/runtime/edge-esm.js(5,49108): error TS2339: Property 'isZero' does not exist on type '{ toStringTag: string; }'.
generated/prisma/runtime/edge-esm.js(5,49121): error TS2351: This expression is not constructable.
  Type 'Function' has no construct signatures.
generated/prisma/runtime/edge-esm.js(5,49131): error TS2339: Property 'precision' does not exist on type 'Function'.
generated/prisma/runtime/edge-esm.js(5,49145): error TS2339: Property 'rounding' does not exist on type 'Function'.
generated/prisma/runtime/edge-esm.js(5,49156): error TS2339: Property 'precision' does not exist on type 'Function'.
generated/prisma/runtime/edge-esm.js(5,49190): error TS2339: Property 'e' does not exist on type '{ toStringTag: string; }'.
generated/prisma/runtime/edge-esm.js(5,49195): error TS2339: Property 'sd' does not exist on type '{ toStringTag: string; }'.
generated/prisma/runtime/edge-esm.js(5,49205): error TS2339: Property 'rounding' does not exist on type 'Function'.
generated/prisma/runtime/edge-esm.js(5,49225): error TS2339: Property 'times' does not exist on type '{ toStringTag: string; }'.
generated/prisma/runtime/edge-esm.js(5,49264): error TS2339: Property 'precision' does not exist on type 'Function'.
generated/prisma/runtime/edge-esm.js(5,49278): error TS2339: Property 'rounding' does not exist on type 'Function'.
generated/prisma/runtime/edge-esm.js(5,49291): error TS2339: Property 'ln' does not exist on type '{ toStringTag: string; }'.
generated/prisma/runtime/edge-esm.js(5,49300): error TS2339: Property 'inverseHyperbolicTangent' does not exist on type '{ toStringTag: string; }'.
generated/prisma/runtime/edge-esm.js(5,49327): error TS2339: Property 'atanh' does not exist on type '{ toStringTag: string; }'.
generated/prisma/runtime/edge-esm.js(5,49388): error TS2339: Property 'isFinite' does not exist on type '{ toStringTag: string; }'.
generated/prisma/runtime/edge-esm.js(5,49401): error TS2339: Property 'e' does not exist on type '{ toStringTag: string; }'.
generated/prisma/runtime/edge-esm.js(5,49410): error TS2351: This expression is not constructable.
  Type 'Function' has no construct signatures.
generated/prisma/runtime/edge-esm.js(5,49414): error TS2339: Property 'abs' does not exist on type '{ toStringTag: string; }'.
generated/prisma/runtime/edge-esm.js(5,49428): error TS2339: Property 's' does not exist on type '{ toStringTag: string; }'.
generated/prisma/runtime/edge-esm.js(5,49434): error TS2339: Property 'isZero' does not exist on type '{ toStringTag: string; }'.
generated/prisma/runtime/edge-esm.js(5,49455): error TS2339: Property 'precision' does not exist on type 'Function'.
generated/prisma/runtime/edge-esm.js(5,49469): error TS2339: Property 'rounding' does not exist on type 'Function'.
generated/prisma/runtime/edge-esm.js(5,49482): error TS2339: Property 'sd' does not exist on type '{ toStringTag: string; }'.
generated/prisma/runtime/edge-esm.js(5,49506): error TS2339: Property 'e' does not exist on type '{ toStringTag: string; }'.
generated/prisma/runtime/edge-esm.js(5,49516): error TS2351: This expression is not constructable.
  Type 'Function' has no construct signatures.
generated/prisma/runtime/edge-esm.js(5,49532): error TS2339: Property 'precision' does not exist on type 'Function'.
generated/prisma/runtime/edge-esm.js(5,49548): error TS2339: Property 'e' does not exist on type '{ toStringTag: string; }'.
generated/prisma/runtime/edge-esm.js(5,49556): error TS2339: Property 'plus' does not exist on type '{ toStringTag: string; }'.
generated/prisma/runtime/edge-esm.js(5,49568): error TS2351: This expression is not constructable.
  Type 'Function' has no construct signatures.
generated/prisma/runtime/edge-esm.js(5,49591): error TS2339: Property 'precision' does not exist on type 'Function'.
generated/prisma/runtime/edge-esm.js(5,49607): error TS2339: Property 'rounding' does not exist on type 'Function'.
generated/prisma/runtime/edge-esm.js(5,49622): error TS2339: Property 'ln' does not exist on type '{ toStringTag: string; }'.
generated/prisma/runtime/edge-esm.js(5,49629): error TS2339: Property 'precision' does not exist on type 'Function'.
generated/prisma/runtime/edge-esm.js(5,49643): error TS2339: Property 'rounding' does not exist on type 'Function'.
generated/prisma/runtime/edge-esm.js(5,49656): error TS2339: Property 'times' does not exist on type '{ toStringTag: string; }'.
generated/prisma/runtime/edge-esm.js(5,49672): error TS2351: This expression is not constructable.
  Type 'Function' has no construct signatures.
generated/prisma/runtime/edge-esm.js(5,49682): error TS2339: Property 'inverseSine' does not exist on type '{ toStringTag: string; }'.
generated/prisma/runtime/edge-esm.js(5,49696): error TS2339: Property 'asin' does not exist on type '{ toStringTag: string; }'.
generated/prisma/runtime/edge-esm.js(5,49756): error TS2339: Property 'isZero' does not exist on type '{ toStringTag: string; }'.
generated/prisma/runtime/edge-esm.js(5,49769): error TS2351: This expression is not constructable.
  Type 'Function' has no construct signatures.
generated/prisma/runtime/edge-esm.js(5,49779): error TS2339: Property 'abs' does not exist on type '{ toStringTag: string; }'.
generated/prisma/runtime/edge-esm.js(5,49796): error TS2339: Property 'precision' does not exist on type 'Function'.
generated/prisma/runtime/edge-esm.js(5,49810): error TS2339: Property 'rounding' does not exist on type 'Function'.
generated/prisma/runtime/edge-esm.js(5,49863): error TS2339: Property 's' does not exist on type '{ toStringTag: string; }'.
generated/prisma/runtime/edge-esm.js(5,49872): error TS2351: This expression is not constructable.
  Type 'Function' has no construct signatures.
generated/prisma/runtime/edge-esm.js(5,49882): error TS2339: Property 'precision' does not exist on type 'Function'.
generated/prisma/runtime/edge-esm.js(5,49898): error TS2339: Property 'rounding' does not exist on type 'Function'.
generated/prisma/runtime/edge-esm.js(5,49913): error TS2339: Property 'div' does not exist on type '{ toStringTag: string; }'.
generated/prisma/runtime/edge-esm.js(5,49921): error TS2351: This expression is not constructable.
  Type 'Function' has no construct signatures.
generated/prisma/runtime/edge-esm.js(5,49934): error TS2339: Property 'times' does not exist on type '{ toStringTag: string; }'.
generated/prisma/runtime/edge-esm.js(5,49969): error TS2339: Property 'precision' does not exist on type 'Function'.
generated/prisma/runtime/edge-esm.js(5,49983): error TS2339: Property 'rounding' does not exist on type 'Function'.
generated/prisma/runtime/edge-esm.js(5,49996): error TS2339: Property 'times' does not exist on type '{ toStringTag: string; }'.
generated/prisma/runtime/edge-esm.js(5,50010): error TS2339: Property 'inverseTangent' does not exist on type '{ toStringTag: string; }'.
generated/prisma/runtime/edge-esm.js(5,50027): error TS2339: Property 'atan' does not exist on type '{ toStringTag: string; }'.
generated/prisma/runtime/edge-esm.js(5,50092): error TS2339: Property 'precision' does not exist on type 'Function'.
generated/prisma/runtime/edge-esm.js(5,50106): error TS2339: Property 'rounding' does not exist on type 'Function'.
generated/prisma/runtime/edge-esm.js(5,50120): error TS2339: Property 'isFinite' does not exist on type '{ toStringTag: string; }'.
generated/prisma/runtime/edge-esm.js(5,50137): error TS2339: Property 'isZero' does not exist on type '{ toStringTag: string; }'.
generated/prisma/runtime/edge-esm.js(5,50157): error TS2351: This expression is not constructable.
  Type 'Function' has no construct signatures.
generated/prisma/runtime/edge-esm.js(5,50167): error TS2339: Property 'abs' does not exist on type '{ toStringTag: string; }'.
generated/prisma/runtime/edge-esm.js(5,50226): error TS2339: Property 's' does not exist on type '{ toStringTag: string; }'.
generated/prisma/runtime/edge-esm.js(5,50241): error TS2339: Property 's' does not exist on type '{ toStringTag: string; }'.
generated/prisma/runtime/edge-esm.js(5,50254): error TS2351: This expression is not constructable.
  Type 'Function' has no construct signatures.
generated/prisma/runtime/edge-esm.js(5,50309): error TS2339: Property 's' does not exist on type '{ toStringTag: string; }'.
generated/prisma/runtime/edge-esm.js(5,50319): error TS2339: Property 'precision' does not exist on type 'Function'.
generated/prisma/runtime/edge-esm.js(5,50338): error TS2339: Property 'rounding' does not exist on type 'Function'.
generated/prisma/runtime/edge-esm.js(5,50386): error TS2339: Property 'div' does not exist on type '{ toStringTag: string; }'.
generated/prisma/runtime/edge-esm.js(5,50392): error TS2339: Property 'times' does not exist on type '{ toStringTag: string; }'.
generated/prisma/runtime/edge-esm.js(5,50459): error TS2339: Property 'times' does not exist on type '{ toStringTag: string; }'.
generated/prisma/runtime/edge-esm.js(5,50474): error TS2351: This expression is not constructable.
  Type 'Function' has no construct signatures.
generated/prisma/runtime/edge-esm.js(5,50498): error TS2339: Property 'times' does not exist on type '{ toStringTag: string; }'.
generated/prisma/runtime/edge-esm.js(5,50653): error TS2339: Property 'precision' does not exist on type 'Function'.
generated/prisma/runtime/edge-esm.js(5,50667): error TS2339: Property 'rounding' does not exist on type 'Function'.
generated/prisma/runtime/edge-esm.js(5,50685): error TS2339: Property 'isFinite' does not exist on type '{ toStringTag: string; }'.
generated/prisma/runtime/edge-esm.js(5,50718): error TS2339: Property 'd' does not exist on type '{ toStringTag: string; }'.
generated/prisma/runtime/edge-esm.js(5,50723): error TS2339: Property 'isInteger' does not exist on type '{ toStringTag: string; }'.
generated/prisma/runtime/edge-esm.js(5,50735): error TS2339: Property 'isInt' does not exist on type '{ toStringTag: string; }'.
generated/prisma/runtime/edge-esm.js(5,50765): error TS2339: Property 'd' does not exist on type '{ toStringTag: string; }'.
generated/prisma/runtime/edge-esm.js(5,50775): error TS2339: Property 'e' does not exist on type '{ toStringTag: string; }'.
generated/prisma/runtime/edge-esm.js(5,50785): error TS2339: Property 'd' does not exist on type '{ toStringTag: string; }'.
generated/prisma/runtime/edge-esm.js(5,50799): error TS2339: Property 'isNaN' does not exist on type '{ toStringTag: string; }'.
generated/prisma/runtime/edge-esm.js(5,50828): error TS2339: Property 's' does not exist on type '{ toStringTag: string; }'.
generated/prisma/runtime/edge-esm.js(5,50833): error TS2339: Property 'isNegative' does not exist on type '{ toStringTag: string; }'.
generated/prisma/runtime/edge-esm.js(5,50846): error TS2339: Property 'isNeg' does not exist on type '{ toStringTag: string; }'.
generated/prisma/runtime/edge-esm.js(5,50875): error TS2339: Property 's' does not exist on type '{ toStringTag: string; }'.
generated/prisma/runtime/edge-esm.js(5,50882): error TS2339: Property 'isPositive' does not exist on type '{ toStringTag: string; }'.
generated/prisma/runtime/edge-esm.js(5,50895): error TS2339: Property 'isPos' does not exist on type '{ toStringTag: string; }'.
generated/prisma/runtime/edge-esm.js(5,50924): error TS2339: Property 's' does not exist on type '{ toStringTag: string; }'.
generated/prisma/runtime/edge-esm.js(5,50931): error TS2339: Property 'isZero' does not exist on type '{ toStringTag: string; }'.
generated/prisma/runtime/edge-esm.js(5,50962): error TS2339: Property 'd' does not exist on type '{ toStringTag: string; }'.
generated/prisma/runtime/edge-esm.js(5,50970): error TS2339: Property 'd' does not exist on type '{ toStringTag: string; }'.
generated/prisma/runtime/edge-esm.js(5,50982): error TS2339: Property 'lessThan' does not exist on type '{ toStringTag: string; }'.
generated/prisma/runtime/edge-esm.js(5,50993): error TS2339: Property 'lt' does not exist on type '{ toStringTag: string; }'.
generated/prisma/runtime/edge-esm.js(5,51005): error TS7006: Parameter 'e' implicitly has an 'any' type.
generated/prisma/runtime/edge-esm.js(5,51020): error TS2339: Property 'cmp' does not exist on type '{ toStringTag: string; }'.
generated/prisma/runtime/edge-esm.js(5,51032): error TS2339: Property 'lessThanOrEqualTo' does not exist on type '{ toStringTag: string; }'.
generated/prisma/runtime/edge-esm.js(5,51052): error TS2339: Property 'lte' does not exist on type '{ toStringTag: string; }'.
generated/prisma/runtime/edge-esm.js(5,51065): error TS7006: Parameter 'e' implicitly has an 'any' type.
generated/prisma/runtime/edge-esm.js(5,51080): error TS2339: Property 'cmp' does not exist on type '{ toStringTag: string; }'.
generated/prisma/runtime/edge-esm.js(5,51092): error TS2339: Property 'logarithm' does not exist on type '{ toStringTag: string; }'.
generated/prisma/runtime/edge-esm.js(5,51104): error TS2339: Property 'log' does not exist on type '{ toStringTag: string; }'.
generated/prisma/runtime/edge-esm.js(5,51117): error TS7006: Parameter 'e' implicitly has an 'any' type.
generated/prisma/runtime/edge-esm.js(5,51167): error TS2339: Property 'precision' does not exist on type 'Function'.
generated/prisma/runtime/edge-esm.js(5,51181): error TS2339: Property 'rounding' does not exist on type 'Function'.
generated/prisma/runtime/edge-esm.js(5,51211): error TS2351: This expression is not constructable.
  Type 'Function' has no construct signatures.
generated/prisma/runtime/edge-esm.js(5,51236): error TS2351: This expression is not constructable.
  Type 'Function' has no construct signatures.
generated/prisma/runtime/edge-esm.js(5,51284): error TS2351: This expression is not constructable.
  Type 'Function' has no construct signatures.
generated/prisma/runtime/edge-esm.js(5,51309): error TS2339: Property 'd' does not exist on type '{ toStringTag: string; }'.
generated/prisma/runtime/edge-esm.js(5,51313): error TS2339: Property 's' does not exist on type '{ toStringTag: string; }'.
generated/prisma/runtime/edge-esm.js(5,51331): error TS2339: Property 'eq' does not exist on type '{ toStringTag: string; }'.
generated/prisma/runtime/edge-esm.js(5,51348): error TS2351: This expression is not constructable.
  Type 'Function' has no construct signatures.
generated/prisma/runtime/edge-esm.js(5,51366): error TS2339: Property 's' does not exist on type '{ toStringTag: string; }'.
generated/prisma/runtime/edge-esm.js(5,51685): error TS2339: Property 'minus' does not exist on type '{ toStringTag: string; }'.
generated/prisma/runtime/edge-esm.js(5,51693): error TS2339: Property 'sub' does not exist on type '{ toStringTag: string; }'.
generated/prisma/runtime/edge-esm.js(5,51706): error TS7006: Parameter 'e' implicitly has an 'any' type.
generated/prisma/runtime/edge-esm.js(5,51769): error TS2351: This expression is not constructable.
  Type 'Function' has no construct signatures.
generated/prisma/runtime/edge-esm.js(5,51777): error TS2339: Property 'd' does not exist on type '{ toStringTag: string; }'.
generated/prisma/runtime/edge-esm.js(5,51794): error TS2339: Property 's' does not exist on type '{ toStringTag: string; }'.
generated/prisma/runtime/edge-esm.js(5,51808): error TS2351: This expression is not constructable.
  Type 'Function' has no construct signatures.
generated/prisma/runtime/edge-esm.js(5,51817): error TS2339: Property 'd' does not exist on type '{ toStringTag: string; }'.
generated/prisma/runtime/edge-esm.js(5,51834): error TS2351: This expression is not constructable.
  Type 'Function' has no construct signatures.
generated/prisma/runtime/edge-esm.js(5,51843): error TS2339: Property 's' does not exist on type '{ toStringTag: string; }'.
generated/prisma/runtime/edge-esm.js(5,51865): error TS2339: Property 's' does not exist on type '{ toStringTag: string; }'.
generated/prisma/runtime/edge-esm.js(5,51890): error TS2339: Property 'plus' does not exist on type '{ toStringTag: string; }'.
generated/prisma/runtime/edge-esm.js(5,51905): error TS2339: Property 'd' does not exist on type '{ toStringTag: string; }'.
generated/prisma/runtime/edge-esm.js(5,51917): error TS2339: Property 'precision' does not exist on type 'Function'.
generated/prisma/runtime/edge-esm.js(5,51931): error TS2339: Property 'rounding' does not exist on type 'Function'.
generated/prisma/runtime/edge-esm.js(5,51990): error TS2351: This expression is not constructable.
  Type 'Function' has no construct signatures.
generated/prisma/runtime/edge-esm.js(5,52011): error TS2351: This expression is not constructable.
  Type 'Function' has no construct signatures.
generated/prisma/runtime/edge-esm.js(5,52065): error TS2339: Property 'e' does not exist on type '{ toStringTag: string; }'.
generated/prisma/runtime/edge-esm.js(5,52607): error TS2351: This expression is not constructable.
  Type 'Function' has no construct signatures.
generated/prisma/runtime/edge-esm.js(5,52624): error TS2339: Property 'modulo' does not exist on type '{ toStringTag: string; }'.
generated/prisma/runtime/edge-esm.js(5,52633): error TS2339: Property 'mod' does not exist on type '{ toStringTag: string; }'.
generated/prisma/runtime/edge-esm.js(5,52646): error TS7006: Parameter 'e' implicitly has an 'any' type.
generated/prisma/runtime/edge-esm.js(5,52691): error TS2351: This expression is not constructable.
  Type 'Function' has no construct signatures.
generated/prisma/runtime/edge-esm.js(5,52699): error TS2339: Property 'd' does not exist on type '{ toStringTag: string; }'.
generated/prisma/runtime/edge-esm.js(5,52725): error TS2351: This expression is not constructable.
  Type 'Function' has no construct signatures.
generated/prisma/runtime/edge-esm.js(5,52740): error TS2339: Property 'd' does not exist on type '{ toStringTag: string; }'.
generated/prisma/runtime/edge-esm.js(5,52746): error TS2339: Property 'd' does not exist on type '{ toStringTag: string; }'.
generated/prisma/runtime/edge-esm.js(5,52757): error TS2351: This expression is not constructable.
  Type 'Function' has no construct signatures.
generated/prisma/runtime/edge-esm.js(5,52764): error TS2339: Property 'precision' does not exist on type 'Function'.
generated/prisma/runtime/edge-esm.js(5,52776): error TS2339: Property 'rounding' does not exist on type 'Function'.
generated/prisma/runtime/edge-esm.js(5,52794): error TS2339: Property 'modulo' does not exist on type 'Function'.
generated/prisma/runtime/edge-esm.js(5,52848): error TS2339: Property 'modulo' does not exist on type 'Function'.
generated/prisma/runtime/edge-esm.js(5,52878): error TS2339: Property 'minus' does not exist on type '{ toStringTag: string; }'.
generated/prisma/runtime/edge-esm.js(5,52891): error TS2339: Property 'naturalExponential' does not exist on type '{ toStringTag: string; }'.
generated/prisma/runtime/edge-esm.js(5,52912): error TS2339: Property 'exp' does not exist on type '{ toStringTag: string; }'.
generated/prisma/runtime/edge-esm.js(5,52946): error TS2339: Property 'naturalLogarithm' does not exist on type '{ toStringTag: string; }'.
generated/prisma/runtime/edge-esm.js(5,52965): error TS2339: Property 'ln' does not exist on type '{ toStringTag: string; }'.
generated/prisma/runtime/edge-esm.js(5,52998): error TS2339: Property 'negated' does not exist on type '{ toStringTag: string; }'.
generated/prisma/runtime/edge-esm.js(5,53008): error TS2339: Property 'neg' does not exist on type '{ toStringTag: string; }'.
generated/prisma/runtime/edge-esm.js(5,53033): error TS2351: This expression is not constructable.
  Type 'Function' has no construct signatures.
generated/prisma/runtime/edge-esm.js(5,53080): error TS2339: Property 'plus' does not exist on type '{ toStringTag: string; }'.
generated/prisma/runtime/edge-esm.js(5,53087): error TS2339: Property 'add' does not exist on type '{ toStringTag: string; }'.
generated/prisma/runtime/edge-esm.js(5,53100): error TS7006: Parameter 'e' implicitly has an 'any' type.
generated/prisma/runtime/edge-esm.js(5,53159): error TS2351: This expression is not constructable.
  Type 'Function' has no construct signatures.
generated/prisma/runtime/edge-esm.js(5,53167): error TS2339: Property 'd' does not exist on type '{ toStringTag: string; }'.
generated/prisma/runtime/edge-esm.js(5,53184): error TS2339: Property 's' does not exist on type '{ toStringTag: string; }'.
generated/prisma/runtime/edge-esm.js(5,53198): error TS2351: This expression is not constructable.
  Type 'Function' has no construct signatures.
generated/prisma/runtime/edge-esm.js(5,53207): error TS2339: Property 'd' does not exist on type '{ toStringTag: string; }'.
generated/prisma/runtime/edge-esm.js(5,53217): error TS2351: This expression is not constructable.
  Type 'Function' has no construct signatures.
generated/prisma/runtime/edge-esm.js(5,53226): error TS2339: Property 's' does not exist on type '{ toStringTag: string; }'.
generated/prisma/runtime/edge-esm.js(5,53249): error TS2339: Property 's' does not exist on type '{ toStringTag: string; }'.
generated/prisma/runtime/edge-esm.js(5,53274): error TS2339: Property 'minus' does not exist on type '{ toStringTag: string; }'.
generated/prisma/runtime/edge-esm.js(5,53290): error TS2339: Property 'd' does not exist on type '{ toStringTag: string; }'.
generated/prisma/runtime/edge-esm.js(5,53302): error TS2339: Property 'precision' does not exist on type 'Function'.
generated/prisma/runtime/edge-esm.js(5,53316): error TS2339: Property 'rounding' does not exist on type 'Function'.
generated/prisma/runtime/edge-esm.js(5,53358): error TS2351: This expression is not constructable.
  Type 'Function' has no construct signatures.
generated/prisma/runtime/edge-esm.js(5,53386): error TS2339: Property 'e' does not exist on type '{ toStringTag: string; }'.
generated/prisma/runtime/edge-esm.js(5,53758): error TS2339: Property 'precision' does not exist on type '{ toStringTag: string; }'.
generated/prisma/runtime/edge-esm.js(5,53770): error TS2339: Property 'sd' does not exist on type '{ toStringTag: string; }'.
generated/prisma/runtime/edge-esm.js(5,53782): error TS7006: Parameter 'e' implicitly has an 'any' type.
generated/prisma/runtime/edge-esm.js(5,53862): error TS2339: Property 'd' does not exist on type '{ toStringTag: string; }'.
generated/prisma/runtime/edge-esm.js(5,53872): error TS2339: Property 'd' does not exist on type '{ toStringTag: string; }'.
generated/prisma/runtime/edge-esm.js(5,53880): error TS2339: Property 'e' does not exist on type '{ toStringTag: string; }'.
generated/prisma/runtime/edge-esm.js(5,53892): error TS2339: Property 'e' does not exist on type '{ toStringTag: string; }'.
generated/prisma/runtime/edge-esm.js(5,53909): error TS2339: Property 'round' does not exist on type '{ toStringTag: string; }'.
generated/prisma/runtime/edge-esm.js(5,53966): error TS2351: This expression is not constructable.
  Type 'Function' has no construct signatures.
generated/prisma/runtime/edge-esm.js(5,53973): error TS2339: Property 'e' does not exist on type '{ toStringTag: string; }'.
generated/prisma/runtime/edge-esm.js(5,53979): error TS2339: Property 'rounding' does not exist on type 'Function'.
generated/prisma/runtime/edge-esm.js(5,53992): error TS2339: Property 'sine' does not exist on type '{ toStringTag: string; }'.
generated/prisma/runtime/edge-esm.js(5,53999): error TS2339: Property 'sin' does not exist on type '{ toStringTag: string; }'.
generated/prisma/runtime/edge-esm.js(5,54054): error TS2339: Property 'isFinite' does not exist on type '{ toStringTag: string; }'.
generated/prisma/runtime/edge-esm.js(5,54067): error TS2339: Property 'isZero' does not exist on type '{ toStringTag: string; }'.
generated/prisma/runtime/edge-esm.js(5,54080): error TS2351: This expression is not constructable.
  Type 'Function' has no construct signatures.
generated/prisma/runtime/edge-esm.js(5,54090): error TS2339: Property 'precision' does not exist on type 'Function'.
generated/prisma/runtime/edge-esm.js(5,54104): error TS2339: Property 'rounding' does not exist on type 'Function'.
generated/prisma/runtime/edge-esm.js(5,54115): error TS2339: Property 'precision' does not exist on type 'Function'.
generated/prisma/runtime/edge-esm.js(5,54138): error TS2339: Property 'e' does not exist on type '{ toStringTag: string; }'.
generated/prisma/runtime/edge-esm.js(5,54142): error TS2339: Property 'sd' does not exist on type '{ toStringTag: string; }'.
generated/prisma/runtime/edge-esm.js(5,54152): error TS2339: Property 'rounding' does not exist on type 'Function'.
generated/prisma/runtime/edge-esm.js(5,54181): error TS2339: Property 'precision' does not exist on type 'Function'.
generated/prisma/runtime/edge-esm.js(5,54195): error TS2339: Property 'rounding' does not exist on type 'Function'.
generated/prisma/runtime/edge-esm.js(5,54208): error TS7005: Variable 'Pe' implicitly has an 'any' type.
generated/prisma/runtime/edge-esm.js(5,54215): error TS2339: Property 'neg' does not exist on type '{ toStringTag: string; }'.
generated/prisma/runtime/edge-esm.js(5,54236): error TS2351: This expression is not constructable.
  Type 'Function' has no construct signatures.
generated/prisma/runtime/edge-esm.js(5,54246): error TS2339: Property 'squareRoot' does not exist on type '{ toStringTag: string; }'.
generated/prisma/runtime/edge-esm.js(5,54259): error TS2339: Property 'sqrt' does not exist on type '{ toStringTag: string; }'.
generated/prisma/runtime/edge-esm.js(5,54302): error TS2339: Property 'd' does not exist on type '{ toStringTag: string; }'.
generated/prisma/runtime/edge-esm.js(5,54308): error TS2339: Property 'e' does not exist on type '{ toStringTag: string; }'.
generated/prisma/runtime/edge-esm.js(5,54314): error TS2339: Property 's' does not exist on type '{ toStringTag: string; }'.
generated/prisma/runtime/edge-esm.js(5,54363): error TS2351: This expression is not constructable.
  Type 'Function' has no construct signatures.
generated/prisma/runtime/edge-esm.js(5,54484): error TS2345: Argument of type 'string' is not assignable to parameter of type 'number'.
generated/prisma/runtime/edge-esm.js(5,54500): error TS2363: The right-hand side of an arithmetic operation must be of type 'any', 'number', 'bigint' or an enum type.
generated/prisma/runtime/edge-esm.js(5,54587): error TS2351: This expression is not constructable.
  Type 'Function' has no construct signatures.
generated/prisma/runtime/edge-esm.js(5,54599): error TS2351: This expression is not constructable.
  Type 'Function' has no construct signatures.
generated/prisma/runtime/edge-esm.js(5,54622): error TS2339: Property 'precision' does not exist on type 'Function'.
generated/prisma/runtime/edge-esm.js(5,54927): error TS2339: Property 'rounding' does not exist on type 'Function'.
generated/prisma/runtime/edge-esm.js(5,54942): error TS2339: Property 'tangent' does not exist on type '{ toStringTag: string; }'.
generated/prisma/runtime/edge-esm.js(5,54952): error TS2339: Property 'tan' does not exist on type '{ toStringTag: string; }'.
generated/prisma/runtime/edge-esm.js(5,55007): error TS2339: Property 'isFinite' does not exist on type 'tan'.
generated/prisma/runtime/edge-esm.js(5,55020): error TS2339: Property 'isZero' does not exist on type 'tan'.
generated/prisma/runtime/edge-esm.js(5,55033): error TS2351: This expression is not constructable.
  Type 'Function' has no construct signatures.
generated/prisma/runtime/edge-esm.js(5,55043): error TS2339: Property 'precision' does not exist on type 'Function'.
generated/prisma/runtime/edge-esm.js(5,55057): error TS2339: Property 'rounding' does not exist on type 'Function'.
generated/prisma/runtime/edge-esm.js(5,55068): error TS2339: Property 'precision' does not exist on type 'Function'.
generated/prisma/runtime/edge-esm.js(5,55085): error TS2339: Property 'rounding' does not exist on type 'Function'.
generated/prisma/runtime/edge-esm.js(5,55100): error TS2339: Property 'sin' does not exist on type 'tan'.
generated/prisma/runtime/edge-esm.js(5,55122): error TS2351: This expression is not constructable.
  Type 'Function' has no construct signatures.
generated/prisma/runtime/edge-esm.js(5,55135): error TS2339: Property 'times' does not exist on type 'tan'.
generated/prisma/runtime/edge-esm.js(5,55162): error TS2339: Property 'precision' does not exist on type 'Function'.
generated/prisma/runtime/edge-esm.js(5,55176): error TS2339: Property 'rounding' does not exist on type 'Function'.
generated/prisma/runtime/edge-esm.js(5,55189): error TS7005: Variable 'Pe' implicitly has an 'any' type.
generated/prisma/runtime/edge-esm.js(5,55196): error TS7005: Variable 'Pe' implicitly has an 'any' type.
generated/prisma/runtime/edge-esm.js(5,55204): error TS2339: Property 'neg' does not exist on type 'tan'.
generated/prisma/runtime/edge-esm.js(5,55225): error TS2351: This expression is not constructable.
  Type 'Function' has no construct signatures.
generated/prisma/runtime/edge-esm.js(5,55235): error TS2339: Property 'times' does not exist on type '{ toStringTag: string; }'.
generated/prisma/runtime/edge-esm.js(5,55243): error TS2339: Property 'mul' does not exist on type '{ toStringTag: string; }'.
generated/prisma/runtime/edge-esm.js(5,55256): error TS7006: Parameter 'e' implicitly has an 'any' type.
generated/prisma/runtime/edge-esm.js(5,55308): error TS2339: Property 'd' does not exist on type '{ toStringTag: string; }'.
generated/prisma/runtime/edge-esm.js(5,55319): error TS2351: This expression is not constructable.
  Type 'Function' has no construct signatures.
generated/prisma/runtime/edge-esm.js(5,55337): error TS2339: Property 's' does not exist on type '{ toStringTag: string; }'.
generated/prisma/runtime/edge-esm.js(5,55371): error TS2351: This expression is not constructable.
  Type 'Function' has no construct signatures.
generated/prisma/runtime/edge-esm.js(5,55440): error TS2339: Property 'e' does not exist on type '{ toStringTag: string; }'.
generated/prisma/runtime/edge-esm.js(5,55575): error TS2532: Object is possibly 'undefined'.
generated/prisma/runtime/edge-esm.js(5,55625): error TS2532: Object is possibly 'undefined'.
generated/prisma/runtime/edge-esm.js(5,55709): error TS2339: Property 'precision' does not exist on type 'Function'.
generated/prisma/runtime/edge-esm.js(5,55721): error TS2339: Property 'rounding' does not exist on type 'Function'.
generated/prisma/runtime/edge-esm.js(5,55736): error TS2339: Property 'toBinary' does not exist on type '{ toStringTag: string; }'.
generated/prisma/runtime/edge-esm.js(5,55754): error TS7006: Parameter 'e' implicitly has an 'any' type.
generated/prisma/runtime/edge-esm.js(5,55756): error TS7006: Parameter 't' implicitly has an 'any' type.
generated/prisma/runtime/edge-esm.js(5,55784): error TS2339: Property 'toDecimalPlaces' does not exist on type '{ toStringTag: string; }'.
generated/prisma/runtime/edge-esm.js(5,55802): error TS2339: Property 'toDP' does not exist on type '{ toStringTag: string; }'.
generated/prisma/runtime/edge-esm.js(5,55816): error TS7006: Parameter 'e' implicitly has an 'any' type.
generated/prisma/runtime/edge-esm.js(5,55818): error TS7006: Parameter 't' implicitly has an 'any' type.
generated/prisma/runtime/edge-esm.js(5,55861): error TS2351: This expression is not constructable.
  Type 'Function' has no construct signatures.
generated/prisma/runtime/edge-esm.js(5,55906): error TS2339: Property 'rounding' does not exist on type 'Function'.
generated/prisma/runtime/edge-esm.js(5,55933): error TS2339: Property 'e' does not exist on type '{ toStringTag: string; }'.
generated/prisma/runtime/edge-esm.js(5,55944): error TS2339: Property 'toExponential' does not exist on type '{ toStringTag: string; }'.
generated/prisma/runtime/edge-esm.js(5,55967): error TS7006: Parameter 'e' implicitly has an 'any' type.
generated/prisma/runtime/edge-esm.js(5,55969): error TS7006: Parameter 't' implicitly has an 'any' type.
generated/prisma/runtime/edge-esm.js(5,56057): error TS2339: Property 'rounding' does not exist on type 'Function'.
generated/prisma/runtime/edge-esm.js(5,56084): error TS2351: This expression is not constructable.
  Type 'Function' has no construct signatures.
generated/prisma/runtime/edge-esm.js(5,56114): error TS2339: Property 'isNeg' does not exist on type '{ toStringTag: string; }'.
generated/prisma/runtime/edge-esm.js(5,56126): error TS2339: Property 'isZero' does not exist on type '{ toStringTag: string; }'.
generated/prisma/runtime/edge-esm.js(5,56146): error TS2339: Property 'toFixed' does not exist on type '{ toStringTag: string; }'.
generated/prisma/runtime/edge-esm.js(5,56163): error TS7006: Parameter 'e' implicitly has an 'any' type.
generated/prisma/runtime/edge-esm.js(5,56165): error TS7006: Parameter 't' implicitly has an 'any' type.
generated/prisma/runtime/edge-esm.js(5,56252): error TS2339: Property 'rounding' does not exist on type 'Function'.
generated/prisma/runtime/edge-esm.js(5,56279): error TS2351: This expression is not constructable.
  Type 'Function' has no construct signatures.
generated/prisma/runtime/edge-esm.js(5,56288): error TS2339: Property 'e' does not exist on type '{ toStringTag: string; }'.
generated/prisma/runtime/edge-esm.js(5,56317): error TS2339: Property 'isNeg' does not exist on type '{ toStringTag: string; }'.
generated/prisma/runtime/edge-esm.js(5,56329): error TS2339: Property 'isZero' does not exist on type '{ toStringTag: string; }'.
generated/prisma/runtime/edge-esm.js(5,56349): error TS2339: Property 'toFraction' does not exist on type '{ toStringTag: string; }'.
generated/prisma/runtime/edge-esm.js(5,56369): error TS7006: Parameter 'e' implicitly has an 'any' type.
generated/prisma/runtime/edge-esm.js(5,56411): error TS2339: Property 'd' does not exist on type '{ toStringTag: string; }'.
generated/prisma/runtime/edge-esm.js(5,56446): error TS2351: This expression is not constructable.
  Type 'Function' has no construct signatures.
generated/prisma/runtime/edge-esm.js(5,56462): error TS2351: This expression is not constructable.
  Type 'Function' has no construct signatures.
generated/prisma/runtime/edge-esm.js(5,56475): error TS2351: This expression is not constructable.
  Type 'Function' has no construct signatures.
generated/prisma/runtime/edge-esm.js(5,56486): error TS2351: This expression is not constructable.
  Type 'Function' has no construct signatures.
generated/prisma/runtime/edge-esm.js(5,56505): error TS2339: Property 'e' does not exist on type '{ toStringTag: string; }'.
generated/prisma/runtime/edge-esm.js(5,56570): error TS2351: This expression is not constructable.
  Type 'Function' has no construct signatures.
generated/prisma/runtime/edge-esm.js(5,56648): error TS2351: This expression is not constructable.
  Type 'Function' has no construct signatures.
generated/prisma/runtime/edge-esm.js(5,56660): error TS2339: Property 'precision' does not exist on type 'Function'.
generated/prisma/runtime/edge-esm.js(5,56672): error TS2339: Property 'precision' does not exist on type 'Function'.
generated/prisma/runtime/edge-esm.js(5,56896): error TS2339: Property 's' does not exist on type '{ toStringTag: string; }'.
generated/prisma/runtime/edge-esm.js(5,56973): error TS2339: Property 'precision' does not exist on type 'Function'.
generated/prisma/runtime/edge-esm.js(5,56995): error TS2339: Property 'toHexadecimal' does not exist on type '{ toStringTag: string; }'.
generated/prisma/runtime/edge-esm.js(5,57011): error TS2339: Property 'toHex' does not exist on type '{ toStringTag: string; }'.
generated/prisma/runtime/edge-esm.js(5,57026): error TS7006: Parameter 'e' implicitly has an 'any' type.
generated/prisma/runtime/edge-esm.js(5,57028): error TS7006: Parameter 't' implicitly has an 'any' type.
generated/prisma/runtime/edge-esm.js(5,57057): error TS2339: Property 'toNearest' does not exist on type '{ toStringTag: string; }'.
generated/prisma/runtime/edge-esm.js(5,57076): error TS7006: Parameter 'e' implicitly has an 'any' type.
generated/prisma/runtime/edge-esm.js(5,57078): error TS7006: Parameter 't' implicitly has an 'any' type.
generated/prisma/runtime/edge-esm.js(5,57117): error TS2351: This expression is not constructable.
  Type 'Function' has no construct signatures.
generated/prisma/runtime/edge-esm.js(5,57137): error TS2339: Property 'd' does not exist on type '{ toStringTag: string; }'.
generated/prisma/runtime/edge-esm.js(5,57154): error TS2351: This expression is not constructable.
  Type 'Function' has no construct signatures.
generated/prisma/runtime/edge-esm.js(5,57163): error TS2339: Property 'rounding' does not exist on type 'Function'.
generated/prisma/runtime/edge-esm.js(5,57186): error TS2351: This expression is not constructable.
  Type 'Function' has no construct signatures.
generated/prisma/runtime/edge-esm.js(5,57206): error TS2339: Property 'rounding' does not exist on type 'Function'.
generated/prisma/runtime/edge-esm.js(5,57228): error TS2339: Property 'd' does not exist on type '{ toStringTag: string; }'.
generated/prisma/runtime/edge-esm.js(5,57272): error TS2339: Property 's' does not exist on type '{ toStringTag: string; }'.
generated/prisma/runtime/edge-esm.js(5,57339): error TS2339: Property 's' does not exist on type '{ toStringTag: string; }'.
generated/prisma/runtime/edge-esm.js(5,57351): error TS2339: Property 'toNumber' does not exist on type '{ toStringTag: string; }'.
generated/prisma/runtime/edge-esm.js(5,57386): error TS2339: Property 'toOctal' does not exist on type '{ toStringTag: string; }'.
generated/prisma/runtime/edge-esm.js(5,57403): error TS7006: Parameter 'e' implicitly has an 'any' type.
generated/prisma/runtime/edge-esm.js(5,57405): error TS7006: Parameter 't' implicitly has an 'any' type.
generated/prisma/runtime/edge-esm.js(5,57433): error TS2339: Property 'toPower' does not exist on type '{ toStringTag: string; }'.
generated/prisma/runtime/edge-esm.js(5,57443): error TS2339: Property 'pow' does not exist on type '{ toStringTag: string; }'.
generated/prisma/runtime/edge-esm.js(5,57456): error TS7006: Parameter 'e' implicitly has an 'any' type.
generated/prisma/runtime/edge-esm.js(5,57473): error TS7034: Variable 's' implicitly has type 'any' in some locations where its type cannot be determined.
generated/prisma/runtime/edge-esm.js(5,57508): error TS2351: This expression is not constructable.
  Type 'Function' has no construct signatures.
generated/prisma/runtime/edge-esm.js(5,57520): error TS2339: Property 'd' does not exist on type 'pow'.
generated/prisma/runtime/edge-esm.js(5,57532): error TS2339: Property 'd' does not exist on type 'pow'.
generated/prisma/runtime/edge-esm.js(5,57557): error TS2351: This expression is not constructable.
  Type 'Function' has no construct signatures.
generated/prisma/runtime/edge-esm.js(5,57577): error TS2351: This expression is not constructable.
  Type 'Function' has no construct signatures.
generated/prisma/runtime/edge-esm.js(5,57584): error TS2339: Property 'eq' does not exist on type 'pow'.
generated/prisma/runtime/edge-esm.js(5,57606): error TS2339: Property 'precision' does not exist on type 'Function'.
generated/prisma/runtime/edge-esm.js(5,57620): error TS2339: Property 'rounding' does not exist on type 'Function'.
generated/prisma/runtime/edge-esm.js(5,57732): error TS2351: This expression is not constructable.
  Type 'Function' has no construct signatures.
generated/prisma/runtime/edge-esm.js(5,57762): error TS7005: Variable 's' implicitly has an 'any' type.
generated/prisma/runtime/edge-esm.js(5,57796): error TS2351: This expression is not constructable.
  Type 'Function' has no construct signatures.
generated/prisma/runtime/edge-esm.js(5,57829): error TS2339: Property 'e' does not exist on type 'pow'.
generated/prisma/runtime/edge-esm.js(5,57837): error TS2339: Property 'd' does not exist on type 'pow'.
generated/prisma/runtime/edge-esm.js(5,57848): error TS2339: Property 'd' does not exist on type 'pow'.
generated/prisma/runtime/edge-esm.js(5,57927): error TS2345: Argument of type 'string' is not assignable to parameter of type 'number'.
generated/prisma/runtime/edge-esm.js(5,57936): error TS2339: Property 'd' does not exist on type 'pow'.
generated/prisma/runtime/edge-esm.js(5,57952): error TS2339: Property 'e' does not exist on type 'pow'.
generated/prisma/runtime/edge-esm.js(5,57962): error TS2351: This expression is not constructable.
  Type 'Function' has no construct signatures.
generated/prisma/runtime/edge-esm.js(5,57976): error TS2339: Property 'maxE' does not exist on type 'Function'.
generated/prisma/runtime/edge-esm.js(5,57988): error TS2339: Property 'minE' does not exist on type 'Function'.
generated/prisma/runtime/edge-esm.js(5,57999): error TS2351: This expression is not constructable.
  Type 'Function' has no construct signatures.
generated/prisma/runtime/edge-esm.js(5,58020): error TS2339: Property 'rounding' does not exist on type 'Function'.
generated/prisma/runtime/edge-esm.js(5,58230): error TS2339: Property 'rounding' does not exist on type 'Function'.
generated/prisma/runtime/edge-esm.js(5,58254): error TS2339: Property 'toPrecision' does not exist on type '{ toStringTag: string; }'.
generated/prisma/runtime/edge-esm.js(5,58275): error TS7006: Parameter 'e' implicitly has an 'any' type.
generated/prisma/runtime/edge-esm.js(5,58277): error TS7006: Parameter 't' implicitly has an 'any' type.
generated/prisma/runtime/edge-esm.js(5,58336): error TS2339: Property 'e' does not exist on type '{ toStringTag: string; }'.
generated/prisma/runtime/edge-esm.js(5,58341): error TS2339: Property 'toExpNeg' does not exist on type 'Function'.
generated/prisma/runtime/edge-esm.js(5,58353): error TS2339: Property 'e' does not exist on type '{ toStringTag: string; }'.
generated/prisma/runtime/edge-esm.js(5,58358): error TS2339: Property 'toExpPos' does not exist on type 'Function'.
generated/prisma/runtime/edge-esm.js(5,58395): error TS2339: Property 'rounding' does not exist on type 'Function'.
generated/prisma/runtime/edge-esm.js(5,58422): error TS2351: This expression is not constructable.
  Type 'Function' has no construct signatures.
generated/prisma/runtime/edge-esm.js(5,58444): error TS2339: Property 'e' does not exist on type '{ toStringTag: string; }'.
generated/prisma/runtime/edge-esm.js(5,58449): error TS2339: Property 'e' does not exist on type '{ toStringTag: string; }'.
generated/prisma/runtime/edge-esm.js(5,58454): error TS2339: Property 'toExpNeg' does not exist on type 'Function'.
generated/prisma/runtime/edge-esm.js(5,58469): error TS2339: Property 'isNeg' does not exist on type '{ toStringTag: string; }'.
generated/prisma/runtime/edge-esm.js(5,58481): error TS2339: Property 'isZero' does not exist on type '{ toStringTag: string; }'.
generated/prisma/runtime/edge-esm.js(5,58501): error TS2339: Property 'toSignificantDigits' does not exist on type '{ toStringTag: string; }'.
generated/prisma/runtime/edge-esm.js(5,58523): error TS2339: Property 'toSD' does not exist on type '{ toStringTag: string; }'.
generated/prisma/runtime/edge-esm.js(5,58537): error TS7006: Parameter 'e' implicitly has an 'any' type.
generated/prisma/runtime/edge-esm.js(5,58539): error TS7006: Parameter 't' implicitly has an 'any' type.
generated/prisma/runtime/edge-esm.js(5,58592): error TS2339: Property 'precision' does not exist on type 'Function'.
generated/prisma/runtime/edge-esm.js(5,58606): error TS2339: Property 'rounding' does not exist on type 'Function'.
generated/prisma/runtime/edge-esm.js(5,58643): error TS2339: Property 'rounding' does not exist on type 'Function'.
generated/prisma/runtime/edge-esm.js(5,58669): error TS2351: This expression is not constructable.
  Type 'Function' has no construct signatures.
generated/prisma/runtime/edge-esm.js(5,58738): error TS2339: Property 'e' does not exist on type '{ toStringTag: string; }'.
generated/prisma/runtime/edge-esm.js(5,58743): error TS2339: Property 'toExpNeg' does not exist on type 'Function'.
generated/prisma/runtime/edge-esm.js(5,58755): error TS2339: Property 'e' does not exist on type '{ toStringTag: string; }'.
generated/prisma/runtime/edge-esm.js(5,58760): error TS2339: Property 'toExpPos' does not exist on type 'Function'.
generated/prisma/runtime/edge-esm.js(5,58779): error TS2339: Property 'isNeg' does not exist on type '{ toStringTag: string; }'.
generated/prisma/runtime/edge-esm.js(5,58791): error TS2339: Property 'isZero' does not exist on type '{ toStringTag: string; }'.
generated/prisma/runtime/edge-esm.js(5,58811): error TS2339: Property 'truncated' does not exist on type '{ toStringTag: string; }'.
generated/prisma/runtime/edge-esm.js(5,58823): error TS2339: Property 'trunc' does not exist on type '{ toStringTag: string; }'.
generated/prisma/runtime/edge-esm.js(5,58853): error TS2351: This expression is not constructable.
  Type 'Function' has no construct signatures.
generated/prisma/runtime/edge-esm.js(5,58881): error TS2339: Property 'e' does not exist on type '{ toStringTag: string; }'.
generated/prisma/runtime/edge-esm.js(5,58901): error TS2339: Property 'toJSON' does not exist on type '{ toStringTag: string; }'.
generated/prisma/runtime/edge-esm.js(5,58955): error TS2339: Property 'e' does not exist on type '{ toStringTag: string; }'.
generated/prisma/runtime/edge-esm.js(5,58960): error TS2339: Property 'toExpNeg' does not exist on type 'Function'.
generated/prisma/runtime/edge-esm.js(5,58972): error TS2339: Property 'e' does not exist on type '{ toStringTag: string; }'.
generated/prisma/runtime/edge-esm.js(5,58977): error TS2339: Property 'toExpPos' does not exist on type 'Function'.
generated/prisma/runtime/edge-esm.js(5,58996): error TS2339: Property 'isNeg' does not exist on type '{ toStringTag: string; }'.
generated/prisma/runtime/edge-esm.js(5,59024): error TS7006: Parameter 'e' implicitly has an 'any' type.
generated/prisma/runtime/edge-esm.js(5,59242): error TS7006: Parameter 'e' implicitly has an 'any' type.
generated/prisma/runtime/edge-esm.js(5,59244): error TS7006: Parameter 't' implicitly has an 'any' type.
generated/prisma/runtime/edge-esm.js(5,59246): error TS7006: Parameter 'r' implicitly has an 'any' type.
generated/prisma/runtime/edge-esm.js(5,59300): error TS7006: Parameter 'e' implicitly has an 'any' type.
generated/prisma/runtime/edge-esm.js(5,59302): error TS7006: Parameter 't' implicitly has an 'any' type.
generated/prisma/runtime/edge-esm.js(5,59304): error TS7006: Parameter 'r' implicitly has an 'any' type.
generated/prisma/runtime/edge-esm.js(5,59306): error TS7006: Parameter 'n' implicitly has an 'any' type.
generated/prisma/runtime/edge-esm.js(5,59788): error TS7006: Parameter 'e' implicitly has an 'any' type.
generated/prisma/runtime/edge-esm.js(5,59790): error TS7006: Parameter 't' implicitly has an 'any' type.
generated/prisma/runtime/edge-esm.js(5,59792): error TS7006: Parameter 'r' implicitly has an 'any' type.
generated/prisma/runtime/edge-esm.js(5,59854): error TS2532: Object is possibly 'undefined'.
generated/prisma/runtime/edge-esm.js(5,59866): error TS2532: Object is possibly 'undefined'.
generated/prisma/runtime/edge-esm.js(5,59917): error TS2532: Object is possibly 'undefined'.
generated/prisma/runtime/edge-esm.js(5,59956): error TS2532: Object is possibly 'undefined'.
generated/prisma/runtime/edge-esm.js(5,59964): error TS2532: Object is possibly 'undefined'.
generated/prisma/runtime/edge-esm.js(5,59973): error TS2532: Object is possibly 'undefined'.
generated/prisma/runtime/edge-esm.js(5,60013): error TS7006: Parameter 'e' implicitly has an 'any' type.
generated/prisma/runtime/edge-esm.js(5,60015): error TS7006: Parameter 't' implicitly has an 'any' type.
generated/prisma/runtime/edge-esm.js(5,60324): error TS7006: Parameter 'n' implicitly has an 'any' type.
generated/prisma/runtime/edge-esm.js(5,60326): error TS7006: Parameter 'i' implicitly has an 'any' type.
generated/prisma/runtime/edge-esm.js(5,60328): error TS7006: Parameter 'o' implicitly has an 'any' type.
generated/prisma/runtime/edge-esm.js(5,60439): error TS7006: Parameter 'n' implicitly has an 'any' type.
generated/prisma/runtime/edge-esm.js(5,60441): error TS7006: Parameter 'i' implicitly has an 'any' type.
generated/prisma/runtime/edge-esm.js(5,60443): error TS7006: Parameter 'o' implicitly has an 'any' type.
generated/prisma/runtime/edge-esm.js(5,60445): error TS7006: Parameter 's' implicitly has an 'any' type.
generated/prisma/runtime/edge-esm.js(5,60556): error TS7006: Parameter 'n' implicitly has an 'any' type.
generated/prisma/runtime/edge-esm.js(5,60558): error TS7006: Parameter 'i' implicitly has an 'any' type.
generated/prisma/runtime/edge-esm.js(5,60560): error TS7006: Parameter 'o' implicitly has an 'any' type.
generated/prisma/runtime/edge-esm.js(5,60562): error TS7006: Parameter 's' implicitly has an 'any' type.
generated/prisma/runtime/edge-esm.js(5,60675): error TS7006: Parameter 'n' implicitly has an 'any' type.
generated/prisma/runtime/edge-esm.js(5,60677): error TS7006: Parameter 'i' implicitly has an 'any' type.
generated/prisma/runtime/edge-esm.js(5,60679): error TS7006: Parameter 'o' implicitly has an 'any' type.
generated/prisma/runtime/edge-esm.js(5,60681): error TS7006: Parameter 's' implicitly has an 'any' type.
generated/prisma/runtime/edge-esm.js(5,60683): error TS7006: Parameter 'a' implicitly has an 'any' type.
generated/prisma/runtime/edge-esm.js(5,60685): error TS7006: Parameter 'l' implicitly has an 'any' type.
generated/prisma/runtime/edge-esm.js(5,61107): error TS2345: Argument of type '1' is not assignable to parameter of type 'never'.
generated/prisma/runtime/edge-esm.js(5,61199): error TS2322: Type 'number' is not assignable to type 'never'.
generated/prisma/runtime/edge-esm.js(5,61737): error TS2322: Type 'number' is not assignable to type 'never'.
generated/prisma/runtime/edge-esm.js(5,61894): error TS18048: 'T' is possibly 'undefined'.
generated/prisma/runtime/edge-esm.js(5,61900): error TS18048: 'T' is possibly 'undefined'.
generated/prisma/runtime/edge-esm.js(5,61967): error TS7006: Parameter 'e' implicitly has an 'any' type.
generated/prisma/runtime/edge-esm.js(5,61969): error TS7006: Parameter 't' implicitly has an 'any' type.
generated/prisma/runtime/edge-esm.js(5,61971): error TS7006: Parameter 'r' implicitly has an 'any' type.
generated/prisma/runtime/edge-esm.js(5,61973): error TS7006: Parameter 'n' implicitly has an 'any' type.
generated/prisma/runtime/edge-esm.js(5,62953): error TS7006: Parameter 'e' implicitly has an 'any' type.
generated/prisma/runtime/edge-esm.js(5,62955): error TS7006: Parameter 't' implicitly has an 'any' type.
generated/prisma/runtime/edge-esm.js(5,62957): error TS7006: Parameter 'r' implicitly has an 'any' type.
generated/prisma/runtime/edge-esm.js(5,63345): error TS7006: Parameter 'e' implicitly has an 'any' type.
generated/prisma/runtime/edge-esm.js(5,63347): error TS7006: Parameter 't' implicitly has an 'any' type.
generated/prisma/runtime/edge-esm.js(5,63407): error TS7006: Parameter 'e' implicitly has an 'any' type.
generated/prisma/runtime/edge-esm.js(5,63409): error TS7006: Parameter 't' implicitly has an 'any' type.
generated/prisma/runtime/edge-esm.js(5,63411): error TS7006: Parameter 'r' implicitly has an 'any' type.
generated/prisma/runtime/edge-esm.js(5,63501): error TS7006: Parameter 'e' implicitly has an 'any' type.
generated/prisma/runtime/edge-esm.js(5,63503): error TS7006: Parameter 't' implicitly has an 'any' type.
generated/prisma/runtime/edge-esm.js(5,63505): error TS7006: Parameter 'r' implicitly has an 'any' type.
generated/prisma/runtime/edge-esm.js(5,63571): error TS7006: Parameter 'e' implicitly has an 'any' type.
generated/prisma/runtime/edge-esm.js(5,63683): error TS7006: Parameter 'e' implicitly has an 'any' type.
generated/prisma/runtime/edge-esm.js(5,63732): error TS7006: Parameter 'e' implicitly has an 'any' type.
generated/prisma/runtime/edge-esm.js(5,63734): error TS7006: Parameter 't' implicitly has an 'any' type.
generated/prisma/runtime/edge-esm.js(5,63736): error TS7006: Parameter 'r' implicitly has an 'any' type.
generated/prisma/runtime/edge-esm.js(5,63738): error TS7006: Parameter 'n' implicitly has an 'any' type.
generated/prisma/runtime/edge-esm.js(5,63940): error TS7006: Parameter 'e' implicitly has an 'any' type.
generated/prisma/runtime/edge-esm.js(5,63982): error TS7006: Parameter 'e' implicitly has an 'any' type.
generated/prisma/runtime/edge-esm.js(5,63984): error TS7006: Parameter 't' implicitly has an 'any' type.
generated/prisma/runtime/edge-esm.js(5,63986): error TS7006: Parameter 'r' implicitly has an 'any' type.
generated/prisma/runtime/edge-esm.js(5,64130): error TS7006: Parameter 'e' implicitly has an 'any' type.
generated/prisma/runtime/edge-esm.js(5,64132): error TS7006: Parameter 't' implicitly has an 'any' type.
generated/prisma/runtime/edge-esm.js(5,64722): error TS7023: 'Oe' implicitly has return type 'any' because it does not have a return type annotation and is referenced directly or indirectly in one of its return expressions.
generated/prisma/runtime/edge-esm.js(5,64725): error TS7006: Parameter 'e' implicitly has an 'any' type.
generated/prisma/runtime/edge-esm.js(5,64727): error TS7006: Parameter 't' implicitly has an 'any' type.
generated/prisma/runtime/edge-esm.js(5,65003): error TS2365: Operator '<' cannot be applied to types 'string' and 'number'.
generated/prisma/runtime/edge-esm.js(5,65008): error TS2367: This comparison appears to be unintentional because the types 'string' and 'number' have no overlap.
generated/prisma/runtime/edge-esm.js(5,65014): error TS2367: This comparison appears to be unintentional because the types 'string' and 'number' have no overlap.
generated/prisma/runtime/edge-esm.js(5,65020): error TS2365: Operator '>' cannot be applied to types 'string' and 'number'.
generated/prisma/runtime/edge-esm.js(5,65081): error TS2365: Operator '>' cannot be applied to types 'string' and 'number'.
generated/prisma/runtime/edge-esm.js(5,65680): error TS7006: Parameter 'e' implicitly has an 'any' type.
generated/prisma/runtime/edge-esm.js(5,65720): error TS7006: Parameter 'e' implicitly has an 'any' type.
generated/prisma/runtime/edge-esm.js(5,65722): error TS7006: Parameter 't' implicitly has an 'any' type.
generated/prisma/runtime/edge-esm.js(5,66281): error TS7006: Parameter 'e' implicitly has an 'any' type.
generated/prisma/runtime/edge-esm.js(5,66283): error TS7006: Parameter 't' implicitly has an 'any' type.
generated/prisma/runtime/edge-esm.js(5,66938): error TS7006: Parameter 'e' implicitly has an 'any' type.
generated/prisma/runtime/edge-esm.js(5,66940): error TS7006: Parameter 't' implicitly has an 'any' type.
generated/prisma/runtime/edge-esm.js(5,67201): error TS7006: Parameter 'e' implicitly has an 'any' type.
generated/prisma/runtime/edge-esm.js(5,67203): error TS7006: Parameter 't' implicitly has an 'any' type.
generated/prisma/runtime/edge-esm.js(5,67205): error TS7006: Parameter 'r' implicitly has an 'any' type.
generated/prisma/runtime/edge-esm.js(5,67207): error TS7006: Parameter 'n' implicitly has an 'any' type.
generated/prisma/runtime/edge-esm.js(5,67209): error TS7006: Parameter 'i' implicitly has an 'any' type.
generated/prisma/runtime/edge-esm.js(5,67529): error TS7006: Parameter 'e' implicitly has an 'any' type.
generated/prisma/runtime/edge-esm.js(5,67531): error TS7006: Parameter 't' implicitly has an 'any' type.
generated/prisma/runtime/edge-esm.js(5,67577): error TS7006: Parameter 'e' implicitly has an 'any' type.
generated/prisma/runtime/edge-esm.js(5,67579): error TS7006: Parameter 't' implicitly has an 'any' type.
generated/prisma/runtime/edge-esm.js(5,67837): error TS7006: Parameter 'e' implicitly has an 'any' type.
generated/prisma/runtime/edge-esm.js(5,67839): error TS7006: Parameter 't' implicitly has an 'any' type.
generated/prisma/runtime/edge-esm.js(5,67841): error TS7006: Parameter 'r' implicitly has an 'any' type.
generated/prisma/runtime/edge-esm.js(5,67843): error TS7006: Parameter 'n' implicitly has an 'any' type.
generated/prisma/runtime/edge-esm.js(5,68304): error TS7005: Variable 'ao' implicitly has an 'any' type.
generated/prisma/runtime/edge-esm.js(5,68716): error TS2345: Argument of type 'number | undefined' is not assignable to parameter of type 'number'.
  Type 'undefined' is not assignable to type 'number'.
generated/prisma/runtime/edge-esm.js(5,68967): error TS7006: Parameter 'e' implicitly has an 'any' type.
generated/prisma/runtime/edge-esm.js(5,68969): error TS7006: Parameter 't' implicitly has an 'any' type.
generated/prisma/runtime/edge-esm.js(5,69019): error TS7006: Parameter 'e' implicitly has an 'any' type.
generated/prisma/runtime/edge-esm.js(5,69033): error TS2683: 'this' implicitly has type 'any' because it does not have a type annotation.
generated/prisma/runtime/edge-esm.js(5,69059): error TS7006: Parameter 'e' implicitly has an 'any' type.
generated/prisma/runtime/edge-esm.js(5,69073): error TS2683: 'this' implicitly has type 'any' because it does not have a type annotation.
generated/prisma/runtime/edge-esm.js(5,69100): error TS7006: Parameter 'e' implicitly has an 'any' type.
generated/prisma/runtime/edge-esm.js(5,69114): error TS2683: 'this' implicitly has type 'any' because it does not have a type annotation.
generated/prisma/runtime/edge-esm.js(5,69142): error TS7006: Parameter 'e' implicitly has an 'any' type.
generated/prisma/runtime/edge-esm.js(5,69144): error TS7006: Parameter 't' implicitly has an 'any' type.
generated/prisma/runtime/edge-esm.js(5,69158): error TS2683: 'this' implicitly has type 'any' because it does not have a type annotation.
generated/prisma/runtime/edge-esm.js(5,69186): error TS7006: Parameter 'e' implicitly has an 'any' type.
generated/prisma/runtime/edge-esm.js(5,69200): error TS2683: 'this' implicitly has type 'any' because it does not have a type annotation.
generated/prisma/runtime/edge-esm.js(5,69227): error TS7006: Parameter 'e' implicitly has an 'any' type.
generated/prisma/runtime/edge-esm.js(5,69241): error TS2683: 'this' implicitly has type 'any' because it does not have a type annotation.
generated/prisma/runtime/edge-esm.js(5,69269): error TS7006: Parameter 'e' implicitly has an 'any' type.
generated/prisma/runtime/edge-esm.js(5,69283): error TS2683: 'this' implicitly has type 'any' because it does not have a type annotation.
generated/prisma/runtime/edge-esm.js(5,69310): error TS7006: Parameter 'e' implicitly has an 'any' type.
generated/prisma/runtime/edge-esm.js(5,69324): error TS2683: 'this' implicitly has type 'any' because it does not have a type annotation.
generated/prisma/runtime/edge-esm.js(5,69352): error TS7006: Parameter 'e' implicitly has an 'any' type.
generated/prisma/runtime/edge-esm.js(5,69354): error TS7006: Parameter 't' implicitly has an 'any' type.
generated/prisma/runtime/edge-esm.js(5,69363): error TS2351: This expression is not constructable.
  Type 'Ql' has no construct signatures.
generated/prisma/runtime/edge-esm.js(5,69377): error TS2351: This expression is not constructable.
  Type 'Ql' has no construct signatures.
generated/prisma/runtime/edge-esm.js(5,69426): error TS18048: 'n' is possibly 'undefined'.
generated/prisma/runtime/edge-esm.js(5,69453): error TS2351: This expression is not constructable.
  Type 'Ql' has no construct signatures.
generated/prisma/runtime/edge-esm.js(5,69563): error TS2351: This expression is not constructable.
  Type 'Ql' has no construct signatures.
generated/prisma/runtime/edge-esm.js(5,69679): error TS2339: Property 'atan' does not exist on type 'Ql'.
generated/prisma/runtime/edge-esm.js(5,69781): error TS2339: Property 'atan' does not exist on type 'Ql'.
generated/prisma/runtime/edge-esm.js(5,69812): error TS7006: Parameter 'e' implicitly has an 'any' type.
generated/prisma/runtime/edge-esm.js(5,69826): error TS2683: 'this' implicitly has type 'any' because it does not have a type annotation.
generated/prisma/runtime/edge-esm.js(5,69853): error TS7006: Parameter 'e' implicitly has an 'any' type.
generated/prisma/runtime/edge-esm.js(5,69871): error TS2683: 'this' implicitly has type 'any' because it does not have a type annotation.
generated/prisma/runtime/edge-esm.js(5,69900): error TS7006: Parameter 'e' implicitly has an 'any' type.
generated/prisma/runtime/edge-esm.js(5,69902): error TS7006: Parameter 't' implicitly has an 'any' type.
generated/prisma/runtime/edge-esm.js(5,69904): error TS7006: Parameter 'r' implicitly has an 'any' type.
generated/prisma/runtime/edge-esm.js(5,69918): error TS2683: 'this' implicitly has type 'any' because it does not have a type annotation.
generated/prisma/runtime/edge-esm.js(5,69949): error TS7006: Parameter 'e' implicitly has an 'any' type.
generated/prisma/runtime/edge-esm.js(5,70190): error TS2538: Type 'undefined' cannot be used as an index type.
generated/prisma/runtime/edge-esm.js(5,70196): error TS2538: Type 'undefined' cannot be used as an index type.
generated/prisma/runtime/edge-esm.js(5,70205): error TS2538: Type 'undefined' cannot be used as an index type.
generated/prisma/runtime/edge-esm.js(5,70234): error TS2532: Object is possibly 'undefined'.
generated/prisma/runtime/edge-esm.js(5,70245): error TS2532: Object is possibly 'undefined'.
generated/prisma/runtime/edge-esm.js(5,70257): error TS2538: Type 'undefined' cannot be used as an index type.
generated/prisma/runtime/edge-esm.js(5,70310): error TS7053: Element implicitly has an 'any' type because expression of type 'string' can't be used to index type 'zl'.
  No index signature with a parameter of type 'string' was found on type 'zl'.
generated/prisma/runtime/edge-esm.js(5,70318): error TS7053: Element implicitly has an 'any' type because expression of type 'string' can't be used to index type '{ precision: number; rounding: number; modulo: number; toExpNeg: number; toExpPos: number; minE: number; maxE: number; crypto: boolean; }'.
  No index signature with a parameter of type 'string' was found on type '{ precision: number; rounding: number; modulo: number; toExpNeg: number; toExpPos: number; minE: number; maxE: number; crypto: boolean; }'.
generated/prisma/runtime/edge-esm.js(5,70411): error TS2774: This condition will always return true since this function is always defined. Did you mean to call it instead?
generated/prisma/runtime/edge-esm.js(5,70442): error TS2339: Property 'randomBytes' does not exist on type 'Crypto'.
generated/prisma/runtime/edge-esm.js(5,70455): error TS7053: Element implicitly has an 'any' type because expression of type 'string' can't be used to index type 'zl'.
  No index signature with a parameter of type 'string' was found on type 'zl'.
generated/prisma/runtime/edge-esm.js(5,70492): error TS7053: Element implicitly has an 'any' type because expression of type 'string' can't be used to index type 'zl'.
  No index signature with a parameter of type 'string' was found on type 'zl'.
generated/prisma/runtime/edge-esm.js(5,70557): error TS7006: Parameter 'e' implicitly has an 'any' type.
generated/prisma/runtime/edge-esm.js(5,70571): error TS2683: 'this' implicitly has type 'any' because it does not have a type annotation.
generated/prisma/runtime/edge-esm.js(5,70597): error TS7006: Parameter 'e' implicitly has an 'any' type.
generated/prisma/runtime/edge-esm.js(5,70611): error TS2683: 'this' implicitly has type 'any' because it does not have a type annotation.
generated/prisma/runtime/edge-esm.js(5,70638): error TS7006: Parameter 'e' implicitly has an 'any' type.
generated/prisma/runtime/edge-esm.js(5,70662): error TS7006: Parameter 'o' implicitly has an 'any' type.
generated/prisma/runtime/edge-esm.js(5,70767): error TS2551: Property 'maxE' does not exist on type 'typeof i'. Did you mean 'max'?
generated/prisma/runtime/edge-esm.js(5,70775): error TS2339: Property 'e' does not exist on type 'this & { toStringTag: string; }'.
generated/prisma/runtime/edge-esm.js(5,70783): error TS2339: Property 'd' does not exist on type 'this & { toStringTag: string; }'.
generated/prisma/runtime/edge-esm.js(5,70797): error TS2551: Property 'minE' does not exist on type 'typeof i'. Did you mean 'min'?
generated/prisma/runtime/edge-esm.js(5,70805): error TS2339: Property 'e' does not exist on type 'this & { toStringTag: string; }'.
generated/prisma/runtime/edge-esm.js(5,70811): error TS2339: Property 'd' does not exist on type 'this & { toStringTag: string; }'.
generated/prisma/runtime/edge-esm.js(5,70821): error TS2339: Property 'e' does not exist on type 'this & { toStringTag: string; }'.
generated/prisma/runtime/edge-esm.js(5,70829): error TS2339: Property 'd' does not exist on type 'this & { toStringTag: string; }'.
generated/prisma/runtime/edge-esm.js(5,70847): error TS2339: Property 'e' does not exist on type 'this & { toStringTag: string; }'.
generated/prisma/runtime/edge-esm.js(5,70855): error TS2339: Property 'd' does not exist on type 'this & { toStringTag: string; }'.
generated/prisma/runtime/edge-esm.js(5,70940): error TS2339: Property 'e' does not exist on type 'this & { toStringTag: string; }'.
generated/prisma/runtime/edge-esm.js(5,70946): error TS2339: Property 'd' does not exist on type 'this & { toStringTag: string; }'.
generated/prisma/runtime/edge-esm.js(5,71036): error TS2551: Property 'maxE' does not exist on type 'typeof i'. Did you mean 'max'?
generated/prisma/runtime/edge-esm.js(5,71044): error TS2339: Property 'e' does not exist on type 'this & { toStringTag: string; }'.
generated/prisma/runtime/edge-esm.js(5,71052): error TS2339: Property 'd' does not exist on type 'this & { toStringTag: string; }'.
generated/prisma/runtime/edge-esm.js(5,71064): error TS2551: Property 'minE' does not exist on type 'typeof i'. Did you mean 'min'?
generated/prisma/runtime/edge-esm.js(5,71072): error TS2339: Property 'e' does not exist on type 'this & { toStringTag: string; }'.
generated/prisma/runtime/edge-esm.js(5,71078): error TS2339: Property 'd' does not exist on type 'this & { toStringTag: string; }'.
generated/prisma/runtime/edge-esm.js(5,71088): error TS2339: Property 'e' does not exist on type 'this & { toStringTag: string; }'.
generated/prisma/runtime/edge-esm.js(5,71094): error TS2339: Property 'd' does not exist on type 'this & { toStringTag: string; }'.
generated/prisma/runtime/edge-esm.js(5,71104): error TS2339: Property 'e' does not exist on type 'this & { toStringTag: string; }'.
generated/prisma/runtime/edge-esm.js(5,71110): error TS2339: Property 'd' does not exist on type 'this & { toStringTag: string; }'.
generated/prisma/runtime/edge-esm.js(5,71151): error TS2339: Property 'e' does not exist on type 'this & { toStringTag: string; }'.
generated/prisma/runtime/edge-esm.js(5,71159): error TS2339: Property 'd' does not exist on type 'this & { toStringTag: string; }'.
generated/prisma/runtime/edge-esm.js(5,72185): error TS2538: Type 'undefined' cannot be used as an index type.
generated/prisma/runtime/edge-esm.js(5,72188): error TS2683: 'this' implicitly has type 'any' because it does not have a type annotation.
generated/prisma/runtime/edge-esm.js(5,72193): error TS2538: Type 'undefined' cannot be used as an index type.
generated/prisma/runtime/edge-esm.js(5,72230): error TS7006: Parameter 'e' implicitly has an 'any' type.
generated/prisma/runtime/edge-esm.js(5,72232): error TS7006: Parameter 't' implicitly has an 'any' type.
generated/prisma/runtime/edge-esm.js(5,72246): error TS2683: 'this' implicitly has type 'any' because it does not have a type annotation.
generated/prisma/runtime/edge-esm.js(5,72273): error TS7006: Parameter 'e' implicitly has an 'any' type.
generated/prisma/runtime/edge-esm.js(5,72287): error TS2683: 'this' implicitly has type 'any' because it does not have a type annotation.
generated/prisma/runtime/edge-esm.js(5,72313): error TS7006: Parameter 'e' implicitly has an 'any' type.
generated/prisma/runtime/edge-esm.js(5,72331): error TS2683: 'this' implicitly has type 'any' because it does not have a type annotation.
generated/prisma/runtime/edge-esm.js(5,72376): error TS2683: 'this' implicitly has type 'any' because it does not have a type annotation.
generated/prisma/runtime/edge-esm.js(5,72426): error TS2683: 'this' implicitly has type 'any' because it does not have a type annotation.
generated/prisma/runtime/edge-esm.js(5,72507): error TS2683: 'this' implicitly has type 'any' because it does not have a type annotation.
generated/prisma/runtime/edge-esm.js(5,72554): error TS7006: Parameter 'e' implicitly has an 'any' type.
generated/prisma/runtime/edge-esm.js(5,72619): error TS7006: Parameter 'e' implicitly has an 'any' type.
generated/prisma/runtime/edge-esm.js(5,72633): error TS2683: 'this' implicitly has type 'any' because it does not have a type annotation.
generated/prisma/runtime/edge-esm.js(5,72658): error TS7006: Parameter 'e' implicitly has an 'any' type.
generated/prisma/runtime/edge-esm.js(5,72660): error TS7006: Parameter 't' implicitly has an 'any' type.
generated/prisma/runtime/edge-esm.js(5,72674): error TS2683: 'this' implicitly has type 'any' because it does not have a type annotation.
generated/prisma/runtime/edge-esm.js(5,72701): error TS7006: Parameter 'e' implicitly has an 'any' type.
generated/prisma/runtime/edge-esm.js(5,72715): error TS2683: 'this' implicitly has type 'any' because it does not have a type annotation.
generated/prisma/runtime/edge-esm.js(5,72742): error TS7006: Parameter 'e' implicitly has an 'any' type.
generated/prisma/runtime/edge-esm.js(5,72756): error TS2683: 'this' implicitly has type 'any' because it does not have a type annotation.
generated/prisma/runtime/edge-esm.js(5,72796): error TS2683: 'this' implicitly has type 'any' because it does not have a type annotation.
generated/prisma/runtime/edge-esm.js(5,72839): error TS2683: 'this' implicitly has type 'any' because it does not have a type annotation.
generated/prisma/runtime/edge-esm.js(5,72869): error TS7006: Parameter 'e' implicitly has an 'any' type.
generated/prisma/runtime/edge-esm.js(5,72871): error TS7006: Parameter 't' implicitly has an 'any' type.
generated/prisma/runtime/edge-esm.js(5,72885): error TS2683: 'this' implicitly has type 'any' because it does not have a type annotation.
generated/prisma/runtime/edge-esm.js(5,72912): error TS7006: Parameter 'e' implicitly has an 'any' type.
generated/prisma/runtime/edge-esm.js(5,72914): error TS7006: Parameter 't' implicitly has an 'any' type.
generated/prisma/runtime/edge-esm.js(5,72928): error TS2683: 'this' implicitly has type 'any' because it does not have a type annotation.
generated/prisma/runtime/edge-esm.js(5,72955): error TS7006: Parameter 'e' implicitly has an 'any' type.
generated/prisma/runtime/edge-esm.js(5,72957): error TS7006: Parameter 't' implicitly has an 'any' type.
generated/prisma/runtime/edge-esm.js(5,72971): error TS2683: 'this' implicitly has type 'any' because it does not have a type annotation.
generated/prisma/runtime/edge-esm.js(5,72998): error TS7006: Parameter 'e' implicitly has an 'any' type.
generated/prisma/runtime/edge-esm.js(5,73023): error TS2683: 'this' implicitly has type 'any' because it does not have a type annotation.
generated/prisma/runtime/edge-esm.js(5,73052): error TS2683: 'this' implicitly has type 'any' because it does not have a type annotation.
generated/prisma/runtime/edge-esm.js(5,73095): error TS2683: 'this' implicitly has type 'any' because it does not have a type annotation.
generated/prisma/runtime/edge-esm.js(5,73194): error TS18048: 'i' is possibly 'undefined'.
generated/prisma/runtime/edge-esm.js(5,73203): error TS2322: Type 'number | undefined' is not assignable to type 'number'.
  Type 'undefined' is not assignable to type 'number'.
generated/prisma/runtime/edge-esm.js(5,73261): error TS18048: 'i' is possibly 'undefined'.
generated/prisma/runtime/edge-esm.js(5,73282): error TS2339: Property 'randomBytes' does not exist on type 'Crypto'.
generated/prisma/runtime/edge-esm.js(5,73308): error TS2339: Property 'randomBytes' does not exist on type 'Crypto'.
generated/prisma/runtime/edge-esm.js(5,73398): error TS2339: Property 'randomBytes' does not exist on type 'Crypto'.
generated/prisma/runtime/edge-esm.js(5,73657): error TS18048: 'i' is possibly 'undefined'.
generated/prisma/runtime/edge-esm.js(5,73663): error TS18048: 'i' is possibly 'undefined'.
generated/prisma/runtime/edge-esm.js(5,73720): error TS7006: Parameter 'e' implicitly has an 'any' type.
generated/prisma/runtime/edge-esm.js(5,73738): error TS2683: 'this' implicitly has type 'any' because it does not have a type annotation.
generated/prisma/runtime/edge-esm.js(5,73752): error TS2683: 'this' implicitly has type 'any' because it does not have a type annotation.
generated/prisma/runtime/edge-esm.js(5,73779): error TS7006: Parameter 'e' implicitly has an 'any' type.
generated/prisma/runtime/edge-esm.js(5,73795): error TS2683: 'this' implicitly has type 'any' because it does not have a type annotation.
generated/prisma/runtime/edge-esm.js(5,73845): error TS7006: Parameter 'e' implicitly has an 'any' type.
generated/prisma/runtime/edge-esm.js(5,73859): error TS2683: 'this' implicitly has type 'any' because it does not have a type annotation.
generated/prisma/runtime/edge-esm.js(5,73885): error TS7006: Parameter 'e' implicitly has an 'any' type.
generated/prisma/runtime/edge-esm.js(5,73899): error TS2683: 'this' implicitly has type 'any' because it does not have a type annotation.
generated/prisma/runtime/edge-esm.js(5,73926): error TS7006: Parameter 'e' implicitly has an 'any' type.
generated/prisma/runtime/edge-esm.js(5,73940): error TS2683: 'this' implicitly has type 'any' because it does not have a type annotation.
generated/prisma/runtime/edge-esm.js(5,73967): error TS7006: Parameter 'e' implicitly has an 'any' type.
generated/prisma/runtime/edge-esm.js(5,73969): error TS7006: Parameter 't' implicitly has an 'any' type.
generated/prisma/runtime/edge-esm.js(5,73983): error TS2683: 'this' implicitly has type 'any' because it does not have a type annotation.
generated/prisma/runtime/edge-esm.js(5,74038): error TS2683: 'this' implicitly has type 'any' because it does not have a type annotation.
generated/prisma/runtime/edge-esm.js(5,74108): error TS2683: 'this' implicitly has type 'any' because it does not have a type annotation.
generated/prisma/runtime/edge-esm.js(5,74123): error TS2683: 'this' implicitly has type 'any' because it does not have a type annotation.
generated/prisma/runtime/edge-esm.js(5,74150): error TS7006: Parameter 'e' implicitly has an 'any' type.
generated/prisma/runtime/edge-esm.js(5,74164): error TS2683: 'this' implicitly has type 'any' because it does not have a type annotation.
generated/prisma/runtime/edge-esm.js(5,74190): error TS7006: Parameter 'e' implicitly has an 'any' type.
generated/prisma/runtime/edge-esm.js(5,74204): error TS2683: 'this' implicitly has type 'any' because it does not have a type annotation.
generated/prisma/runtime/edge-esm.js(5,74231): error TS7006: Parameter 'e' implicitly has an 'any' type.
generated/prisma/runtime/edge-esm.js(5,74249): error TS2683: 'this' implicitly has type 'any' because it does not have a type annotation.
generated/prisma/runtime/edge-esm.js(5,74266): error TS7053: Element implicitly has an 'any' type because expression of type 'symbol' can't be used to index type '{ toStringTag: string; }'.
generated/prisma/runtime/edge-esm.js(5,74321): error TS7053: Element implicitly has an 'any' type because expression of type 'unique symbol' can't be used to index type '{ toStringTag: string; }'.
  Property '[SymbolConstructor.toStringTag]' does not exist on type '{ toStringTag: string; }'.
generated/prisma/runtime/edge-esm.js(5,74381): error TS2322: Type 'i' is not assignable to type 'string'.
generated/prisma/runtime/edge-esm.js(5,74395): error TS2322: Type 'i' is not assignable to type 'string'.
generated/prisma/runtime/edge-esm.js(5,74431): error TS7006: Parameter 'e' implicitly has an 'any' type.
generated/prisma/runtime/edge-esm.js(5,74746): error TS7006: Parameter 'e' implicitly has an 'any' type.
generated/prisma/runtime/edge-esm.js(5,74788): error TS7006: Parameter 't' implicitly has an 'any' type.
generated/prisma/runtime/edge-esm.js(5,74824): error TS7022: 'Ct' implicitly has type 'any' because it does not have a type annotation and is referenced directly or indirectly in its own initializer.
generated/prisma/runtime/edge-esm.js(5,75425): error TS7006: Parameter 'e' implicitly has an 'any' type.
generated/prisma/runtime/edge-esm.js(5,75451): error TS7006: Parameter 'e' implicitly has an 'any' type.
generated/prisma/runtime/edge-esm.js(5,75461): error TS7006: Parameter 'e' implicitly has an 'any' type.
generated/prisma/runtime/edge-esm.js(5,75470): error TS7006: Parameter 'e' implicitly has an 'any' type.
generated/prisma/runtime/edge-esm.js(5,75480): error TS7006: Parameter 'e' implicitly has an 'any' type.
generated/prisma/runtime/edge-esm.js(5,75495): error TS7006: Parameter 'e' implicitly has an 'any' type.
generated/prisma/runtime/edge-esm.js(5,75516): error TS7006: Parameter 'e' implicitly has an 'any' type.
generated/prisma/runtime/edge-esm.js(5,75543): error TS7031: Binding element 'e' implicitly has an 'any' type.
generated/prisma/runtime/edge-esm.js(5,75560): error TS7031: Binding element 't' implicitly has an 'any' type.
generated/prisma/runtime/edge-esm.js(5,75570): error TS7031: Binding element 'r' implicitly has an 'any' type.
generated/prisma/runtime/edge-esm.js(5,75586): error TS7031: Binding element 'n' implicitly has an 'any' type.
generated/prisma/runtime/edge-esm.js(5,75693): error TS7031: Binding element 'e' implicitly has an 'any' type.
generated/prisma/runtime/edge-esm.js(5,75704): error TS7031: Binding element 't' implicitly has an 'any' type.
generated/prisma/runtime/edge-esm.js(5,75714): error TS7031: Binding element 'r' implicitly has an 'any' type.
generated/prisma/runtime/edge-esm.js(5,75724): error TS7031: Binding element 'n' implicitly has an 'any' type.
generated/prisma/runtime/edge-esm.js(5,75739): error TS7031: Binding element 'i' implicitly has an 'any' type.
generated/prisma/runtime/edge-esm.js(5,75755): error TS7031: Binding element 'o' implicitly has an 'any' type.
generated/prisma/runtime/edge-esm.js(5,75758): error TS7006: Parameter 's' implicitly has an 'any' type.
generated/prisma/runtime/edge-esm.js(6,16): error TS7006: Parameter 'e' implicitly has an 'any' type.
generated/prisma/runtime/edge-esm.js(6,159): error TS7006: Parameter 'e' implicitly has an 'any' type.
generated/prisma/runtime/edge-esm.js(6,203): error TS2304: Cannot find name '$getTemplateParameters'.
generated/prisma/runtime/edge-esm.js(6,232): error TS2304: Cannot find name '$getTemplateParameters'.
generated/prisma/runtime/edge-esm.js(6,344): error TS7006: Parameter 'e' implicitly has an 'any' type.
generated/prisma/runtime/edge-esm.js(6,346): error TS7006: Parameter 't' implicitly has an 'any' type.
generated/prisma/runtime/edge-esm.js(6,348): error TS7006: Parameter 'r' implicitly has an 'any' type.
generated/prisma/runtime/edge-esm.js(6,442): error TS7006: Parameter 'e' implicitly has an 'any' type.
generated/prisma/runtime/edge-esm.js(6,469): error TS7006: Parameter 't' implicitly has an 'any' type.
generated/prisma/runtime/edge-esm.js(6,512): error TS7006: Parameter 'e' implicitly has an 'any' type.
generated/prisma/runtime/edge-esm.js(6,833): error TS7006: Parameter 'e' implicitly has an 'any' type.
generated/prisma/runtime/edge-esm.js(6,835): error TS7006: Parameter 't' implicitly has an 'any' type.
generated/prisma/runtime/edge-esm.js(6,882): error TS7006: Parameter 'e' implicitly has an 'any' type.
generated/prisma/runtime/edge-esm.js(6,898): error TS7006: Parameter 't' implicitly has an 'any' type.
generated/prisma/runtime/edge-esm.js(6,900): error TS7006: Parameter 'r' implicitly has an 'any' type.
generated/prisma/runtime/edge-esm.js(6,968): error TS7006: Parameter 'e' implicitly has an 'any' type.
generated/prisma/runtime/edge-esm.js(6,1118): error TS7006: Parameter 'e' implicitly has an 'any' type.
generated/prisma/runtime/edge-esm.js(6,1332): error TS7006: Parameter 't' implicitly has an 'any' type.
generated/prisma/runtime/edge-esm.js(6,1334): error TS7006: Parameter 'r' implicitly has an 'any' type.
generated/prisma/runtime/edge-esm.js(6,1428): error TS7006: Parameter 't' implicitly has an 'any' type.
generated/prisma/runtime/edge-esm.js(6,1748): error TS7006: Parameter 'r' implicitly has an 'any' type.
generated/prisma/runtime/edge-esm.js(6,1787): error TS7008: Member 'lines' implicitly has an 'any[]' type.
generated/prisma/runtime/edge-esm.js(6,1827): error TS7008: Member 'marginSymbol' implicitly has an 'any' type.
generated/prisma/runtime/edge-esm.js(6,1840): error TS7008: Member 'afterNextNewLineCallback' implicitly has an 'any' type.
generated/prisma/runtime/edge-esm.js(6,1871): error TS7006: Parameter 't' implicitly has an 'any' type.
generated/prisma/runtime/edge-esm.js(6,1951): error TS7006: Parameter 't' implicitly has an 'any' type.
generated/prisma/runtime/edge-esm.js(6,1953): error TS7006: Parameter 'r' implicitly has an 'any' type.
generated/prisma/runtime/edge-esm.js(6,1958): error TS7006: Parameter 'i' implicitly has an 'any' type.
generated/prisma/runtime/edge-esm.js(6,1960): error TS7006: Parameter 'o' implicitly has an 'any' type.
generated/prisma/runtime/edge-esm.js(6,2076): error TS7006: Parameter 't' implicitly has an 'any' type.
generated/prisma/runtime/edge-esm.js(6,2311): error TS7006: Parameter 't' implicitly has an 'any' type.
generated/prisma/runtime/edge-esm.js(6,2381): error TS7006: Parameter 't' implicitly has an 'any' type.
generated/prisma/runtime/edge-esm.js(6,2552): error TS7006: Parameter 't' implicitly has an 'any' type.
generated/prisma/runtime/edge-esm.js(7,286): error TS7006: Parameter 't' implicitly has an 'any' type.
generated/prisma/runtime/edge-esm.js(7,308): error TS7006: Parameter 't' implicitly has an 'any' type.
generated/prisma/runtime/edge-esm.js(7,399): error TS7006: Parameter 'e' implicitly has an 'any' type.
generated/prisma/runtime/edge-esm.js(7,508): error TS7006: Parameter 'e' implicitly has an 'any' type.
generated/prisma/runtime/edge-esm.js(7,575): error TS7006: Parameter 't' implicitly has an 'any' type.
generated/prisma/runtime/edge-esm.js(7,616): error TS7006: Parameter 't' implicitly has an 'any' type.
generated/prisma/runtime/edge-esm.js(7,675): error TS7006: Parameter 't' implicitly has an 'any' type.
generated/prisma/runtime/edge-esm.js(7,709): error TS7006: Parameter 't' implicitly has an 'any' type.
generated/prisma/runtime/edge-esm.js(7,1018): error TS7008: Member 'items' implicitly has an 'any[]' type.
generated/prisma/runtime/edge-esm.js(7,1035): error TS7006: Parameter 't' implicitly has an 'any' type.
generated/prisma/runtime/edge-esm.js(7,1086): error TS7006: Parameter 't' implicitly has an 'any' type.
generated/prisma/runtime/edge-esm.js(7,1221): error TS7006: Parameter 't' implicitly has an 'any' type.
generated/prisma/runtime/edge-esm.js(7,1310): error TS7006: Parameter 't' implicitly has an 'any' type.
generated/prisma/runtime/edge-esm.js(7,1418): error TS7006: Parameter 't' implicitly has an 'any' type.
generated/prisma/runtime/edge-esm.js(7,1672): error TS7008: Member 'suggestions' implicitly has an 'any[]' type.
generated/prisma/runtime/edge-esm.js(7,1696): error TS7006: Parameter 't' implicitly has an 'any' type.
generated/prisma/runtime/edge-esm.js(7,1699): error TS7053: Element implicitly has an 'any' type because expression of type 'any' can't be used to index type '{}'.
generated/prisma/runtime/edge-esm.js(7,1735): error TS7006: Parameter 't' implicitly has an 'any' type.
generated/prisma/runtime/edge-esm.js(7,1772): error TS7006: Parameter 't' implicitly has an 'any' type.
generated/prisma/runtime/edge-esm.js(7,1782): error TS7053: Element implicitly has an 'any' type because expression of type 'any' can't be used to index type '{}'.
generated/prisma/runtime/edge-esm.js(7,1810): error TS7006: Parameter 't' implicitly has an 'any' type.
generated/prisma/runtime/edge-esm.js(7,2031): error TS7006: Parameter 't' implicitly has an 'any' type.
generated/prisma/runtime/edge-esm.js(7,2096): error TS7006: Parameter 't' implicitly has an 'any' type.
generated/prisma/runtime/edge-esm.js(7,2169): error TS7006: Parameter 't' implicitly has an 'any' type.
generated/prisma/runtime/edge-esm.js(7,2179): error TS7053: Element implicitly has an 'any' type because expression of type 'any' can't be used to index type '{}'.
generated/prisma/runtime/edge-esm.js(7,2292): error TS7006: Parameter 't' implicitly has an 'any' type.
generated/prisma/runtime/edge-esm.js(7,2351): error TS7006: Parameter 't' implicitly has an 'any' type.
generated/prisma/runtime/edge-esm.js(7,2490): error TS7006: Parameter 't' implicitly has an 'any' type.
generated/prisma/runtime/edge-esm.js(7,2890): error TS7006: Parameter 't' implicitly has an 'any' type.
generated/prisma/runtime/edge-esm.js(7,3068): error TS7006: Parameter 't' implicitly has an 'any' type.
generated/prisma/runtime/edge-esm.js(7,3238): error TS7006: Parameter 't' implicitly has an 'any' type.
generated/prisma/runtime/edge-esm.js(7,3349): error TS7006: Parameter 't' implicitly has an 'any' type.
generated/prisma/runtime/edge-esm.js(7,3351): error TS7006: Parameter 'r' implicitly has an 'any' type.
generated/prisma/runtime/edge-esm.js(7,3623): error TS7006: Parameter 'r' implicitly has an 'any' type.
generated/prisma/runtime/edge-esm.js(7,3692): error TS7006: Parameter 'r' implicitly has an 'any' type.
generated/prisma/runtime/edge-esm.js(7,3837): error TS7008: Member 'fields' implicitly has an 'any[]' type.
generated/prisma/runtime/edge-esm.js(7,3856): error TS7006: Parameter 't' implicitly has an 'any' type.
generated/prisma/runtime/edge-esm.js(7,3858): error TS7006: Parameter 'r' implicitly has an 'any' type.
generated/prisma/runtime/edge-esm.js(7,3892): error TS7006: Parameter 'n' implicitly has an 'any' type.
generated/prisma/runtime/edge-esm.js(7,4000): error TS7006: Parameter 't' implicitly has an 'any' type.
generated/prisma/runtime/edge-esm.js(7,4165): error TS7006: Parameter 'e' implicitly has an 'any' type.
generated/prisma/runtime/edge-esm.js(7,4167): error TS7006: Parameter 't' implicitly has an 'any' type.
generated/prisma/runtime/edge-esm.js(7,4169): error TS7006: Parameter 'r' implicitly has an 'any' type.
generated/prisma/runtime/edge-esm.js(7,4791): error TS7006: Parameter 'e' implicitly has an 'any' type.
generated/prisma/runtime/edge-esm.js(7,4793): error TS7006: Parameter 't' implicitly has an 'any' type.
generated/prisma/runtime/edge-esm.js(7,4972): error TS7006: Parameter 'n' implicitly has an 'any' type.
generated/prisma/runtime/edge-esm.js(7,5137): error TS7006: Parameter 'e' implicitly has an 'any' type.
generated/prisma/runtime/edge-esm.js(7,5139): error TS7006: Parameter 't' implicitly has an 'any' type.
generated/prisma/runtime/edge-esm.js(7,5365): error TS7006: Parameter 's' implicitly has an 'any' type.
generated/prisma/runtime/edge-esm.js(8,89): error TS7006: Parameter 'e' implicitly has an 'any' type.
generated/prisma/runtime/edge-esm.js(8,91): error TS7006: Parameter 't' implicitly has an 'any' type.
generated/prisma/runtime/edge-esm.js(8,93): error TS7006: Parameter 'r' implicitly has an 'any' type.
generated/prisma/runtime/edge-esm.js(8,422): error TS7006: Parameter 'e' implicitly has an 'any' type.
generated/prisma/runtime/edge-esm.js(8,424): error TS7006: Parameter 't' implicitly has an 'any' type.
generated/prisma/runtime/edge-esm.js(8,426): error TS7006: Parameter 'r' implicitly has an 'any' type.
generated/prisma/runtime/edge-esm.js(8,540): error TS7006: Parameter 'n' implicitly has an 'any' type.
generated/prisma/runtime/edge-esm.js(8,703): error TS7006: Parameter 'e' implicitly has an 'any' type.
generated/prisma/runtime/edge-esm.js(8,705): error TS7006: Parameter 't' implicitly has an 'any' type.
generated/prisma/runtime/edge-esm.js(8,858): error TS7006: Parameter 'o' implicitly has an 'any' type.
generated/prisma/runtime/edge-esm.js(8,1078): error TS7006: Parameter 'e' implicitly has an 'any' type.
generated/prisma/runtime/edge-esm.js(8,1080): error TS7006: Parameter 't' implicitly has an 'any' type.
generated/prisma/runtime/edge-esm.js(8,1460): error TS7006: Parameter 'i' implicitly has an 'any' type.
generated/prisma/runtime/edge-esm.js(8,1634): error TS7006: Parameter 'e' implicitly has an 'any' type.
generated/prisma/runtime/edge-esm.js(8,1636): error TS7006: Parameter 't' implicitly has an 'any' type.
generated/prisma/runtime/edge-esm.js(8,1886): error TS7006: Parameter 'n' implicitly has an 'any' type.
generated/prisma/runtime/edge-esm.js(8,2124): error TS7006: Parameter 'e' implicitly has an 'any' type.
generated/prisma/runtime/edge-esm.js(8,2126): error TS7006: Parameter 't' implicitly has an 'any' type.
generated/prisma/runtime/edge-esm.js(8,2229): error TS7006: Parameter 'n' implicitly has an 'any' type.
generated/prisma/runtime/edge-esm.js(8,2329): error TS7006: Parameter 'e' implicitly has an 'any' type.
generated/prisma/runtime/edge-esm.js(8,2331): error TS7006: Parameter 't' implicitly has an 'any' type.
generated/prisma/runtime/edge-esm.js(8,2496): error TS7006: Parameter 'i' implicitly has an 'any' type.
generated/prisma/runtime/edge-esm.js(8,2522): error TS7006: Parameter 'o' implicitly has an 'any' type.
generated/prisma/runtime/edge-esm.js(8,2547): error TS7006: Parameter 'e' implicitly has an 'any' type.
generated/prisma/runtime/edge-esm.js(8,2549): error TS7006: Parameter 't' implicitly has an 'any' type.
generated/prisma/runtime/edge-esm.js(8,2780): error TS7006: Parameter 'o' implicitly has an 'any' type.
generated/prisma/runtime/edge-esm.js(8,2813): error TS7006: Parameter 's' implicitly has an 'any' type.
generated/prisma/runtime/edge-esm.js(8,2838): error TS7006: Parameter 'e' implicitly has an 'any' type.
generated/prisma/runtime/edge-esm.js(8,2840): error TS7006: Parameter 't' implicitly has an 'any' type.
generated/prisma/runtime/edge-esm.js(8,2842): error TS7006: Parameter 'r' implicitly has an 'any' type.
generated/prisma/runtime/edge-esm.js(8,3001): error TS7006: Parameter 'e' implicitly has an 'any' type.
generated/prisma/runtime/edge-esm.js(8,3003): error TS7006: Parameter 't' implicitly has an 'any' type.
generated/prisma/runtime/edge-esm.js(8,3010): error TS7034: Variable 'r' implicitly has type 'any' in some locations where its type cannot be determined.
generated/prisma/runtime/edge-esm.js(8,3030): error TS7006: Parameter 'l' implicitly has an 'any' type.
generated/prisma/runtime/edge-esm.js(8,3033): error TS7005: Variable 'r' implicitly has an 'any' type.
generated/prisma/runtime/edge-esm.js(8,3789): error TS7006: Parameter 'd' implicitly has an 'any' type.
generated/prisma/runtime/edge-esm.js(8,3894): error TS7023: 'Io' implicitly has return type 'any' because it does not have a return type annotation and is referenced directly or indirectly in one of its return expressions.
generated/prisma/runtime/edge-esm.js(8,3897): error TS7006: Parameter 'e' implicitly has an 'any' type.
generated/prisma/runtime/edge-esm.js(8,3967): error TS7006: Parameter 'e' implicitly has an 'any' type.
generated/prisma/runtime/edge-esm.js(8,3969): error TS7006: Parameter 't' implicitly has an 'any' type.
generated/prisma/runtime/edge-esm.js(8,4134): error TS7006: Parameter 'i' implicitly has an 'any' type.
generated/prisma/runtime/edge-esm.js(8,4177): error TS7006: Parameter 's' implicitly has an 'any' type.
generated/prisma/runtime/edge-esm.js(8,4316): error TS7006: Parameter 'e' implicitly has an 'any' type.
generated/prisma/runtime/edge-esm.js(8,4318): error TS7006: Parameter 't' implicitly has an 'any' type.
generated/prisma/runtime/edge-esm.js(8,4483): error TS7006: Parameter 'i' implicitly has an 'any' type.
generated/prisma/runtime/edge-esm.js(8,4678): error TS7006: Parameter 'a' implicitly has an 'any' type.
generated/prisma/runtime/edge-esm.js(8,4752): error TS7006: Parameter 'e' implicitly has an 'any' type.
generated/prisma/runtime/edge-esm.js(8,4754): error TS7006: Parameter 't' implicitly has an 'any' type.
generated/prisma/runtime/edge-esm.js(8,4847): error TS7034: Variable 'i' implicitly has type 'any' in some locations where its type cannot be determined.
generated/prisma/runtime/edge-esm.js(8,4961): error TS7006: Parameter 'o' implicitly has an 'any' type.
generated/prisma/runtime/edge-esm.js(8,5002): error TS7005: Variable 'i' implicitly has an 'any' type.
generated/prisma/runtime/edge-esm.js(8,5114): error TS7006: Parameter 'e' implicitly has an 'any' type.
generated/prisma/runtime/edge-esm.js(8,5116): error TS7006: Parameter 't' implicitly has an 'any' type.
generated/prisma/runtime/edge-esm.js(8,5332): error TS7006: Parameter 'i' implicitly has an 'any' type.
generated/prisma/runtime/edge-esm.js(8,5563): error TS7006: Parameter 's' implicitly has an 'any' type.
generated/prisma/runtime/edge-esm.js(8,5763): error TS7006: Parameter 'e' implicitly has an 'any' type.
generated/prisma/runtime/edge-esm.js(8,5765): error TS7006: Parameter 't' implicitly has an 'any' type.
generated/prisma/runtime/edge-esm.js(8,5882): error TS7034: Variable 'i' implicitly has type 'any[]' in some locations where its type cannot be determined.
generated/prisma/runtime/edge-esm.js(8,6015): error TS7006: Parameter 'o' implicitly has an 'any' type.
generated/prisma/runtime/edge-esm.js(8,6401): error TS7005: Variable 'i' implicitly has an 'any[]' type.
generated/prisma/runtime/edge-esm.js(8,6554): error TS7006: Parameter 'e' implicitly has an 'any' type.
generated/prisma/runtime/edge-esm.js(8,6556): error TS7006: Parameter 't' implicitly has an 'any' type.
generated/prisma/runtime/edge-esm.js(8,6652): error TS7006: Parameter 'e' implicitly has an 'any' type.
generated/prisma/runtime/edge-esm.js(8,6654): error TS7006: Parameter 't' implicitly has an 'any' type.
generated/prisma/runtime/edge-esm.js(8,6765): error TS7006: Parameter 'e' implicitly has an 'any' type.
generated/prisma/runtime/edge-esm.js(8,6767): error TS7006: Parameter 't' implicitly has an 'any' type.
generated/prisma/runtime/edge-esm.js(8,6879): error TS7006: Parameter 'e' implicitly has an 'any' type.
generated/prisma/runtime/edge-esm.js(8,6881): error TS7006: Parameter 't' implicitly has an 'any' type.
generated/prisma/runtime/edge-esm.js(8,6987): error TS7006: Parameter 'e' implicitly has an 'any' type.
generated/prisma/runtime/edge-esm.js(8,6989): error TS7006: Parameter 't' implicitly has an 'any' type.
generated/prisma/runtime/edge-esm.js(8,7507): error TS7006: Parameter 'e' implicitly has an 'any' type.
generated/prisma/runtime/edge-esm.js(8,7509): error TS7006: Parameter 't' implicitly has an 'any' type.
generated/prisma/runtime/edge-esm.js(8,7643): error TS7006: Parameter 'e' implicitly has an 'any' type.
generated/prisma/runtime/edge-esm.js(8,7747): error TS7031: Binding element 'e' implicitly has an 'any' type.
generated/prisma/runtime/edge-esm.js(8,7757): error TS7031: Binding element 't' implicitly has an 'any' type.
generated/prisma/runtime/edge-esm.js(8,7854): error TS7006: Parameter 'e' implicitly has an 'any' type.
generated/prisma/runtime/edge-esm.js(8,7856): error TS7006: Parameter 't' implicitly has an 'any' type.
generated/prisma/runtime/edge-esm.js(8,7965): error TS7006: Parameter 'e' implicitly has an 'any' type.
generated/prisma/runtime/edge-esm.js(8,7967): error TS7006: Parameter 't' implicitly has an 'any' type.
generated/prisma/runtime/edge-esm.js(8,8157): error TS7006: Parameter 't' implicitly has an 'any' type.
generated/prisma/runtime/edge-esm.js(8,8159): error TS7006: Parameter 'r' implicitly has an 'any' type.
generated/prisma/runtime/edge-esm.js(8,8161): error TS7006: Parameter 'n' implicitly has an 'any' type.
generated/prisma/runtime/edge-esm.js(8,8163): error TS7006: Parameter 'i' implicitly has an 'any' type.
generated/prisma/runtime/edge-esm.js(8,8165): error TS7006: Parameter 'o' implicitly has an 'any' type.
generated/prisma/runtime/edge-esm.js(8,8394): error TS7006: Parameter 'e' implicitly has an 'any' type.
generated/prisma/runtime/edge-esm.js(8,8492): error TS7006: Parameter 't' implicitly has an 'any' type.
generated/prisma/runtime/edge-esm.js(8,8574): error TS2339: Property '_getNamespace' does not exist on type 'Te'.
generated/prisma/runtime/edge-esm.js(8,8763): error TS7008: Member '#e' implicitly has an 'any' type.
generated/prisma/runtime/edge-esm.js(8,8807): error TS7008: Member '#e' implicitly has an 'any' type.
generated/prisma/runtime/edge-esm.js(8,8853): error TS7008: Member '#e' implicitly has an 'any' type.
generated/prisma/runtime/edge-esm.js(8,9007): error TS7006: Parameter 'e' implicitly has an 'any' type.
generated/prisma/runtime/edge-esm.js(8,9009): error TS7006: Parameter 't' implicitly has an 'any' type.
generated/prisma/runtime/edge-esm.js(8,9123): error TS7006: Parameter 't' implicitly has an 'any' type.
generated/prisma/runtime/edge-esm.js(8,9125): error TS7006: Parameter 'r' implicitly has an 'any' type.
generated/prisma/runtime/edge-esm.js(8,9279): error TS7006: Parameter 't' implicitly has an 'any' type.
generated/prisma/runtime/edge-esm.js(8,9430): error TS7008: Member 'errorMessages' implicitly has an 'any[]' type.
generated/prisma/runtime/edge-esm.js(8,9459): error TS7006: Parameter 't' implicitly has an 'any' type.
generated/prisma/runtime/edge-esm.js(8,9485): error TS7006: Parameter 't' implicitly has an 'any' type.
generated/prisma/runtime/edge-esm.js(8,9528): error TS7006: Parameter 't' implicitly has an 'any' type.
generated/prisma/runtime/edge-esm.js(8,9576): error TS7006: Parameter 't' implicitly has an 'any' type.
generated/prisma/runtime/edge-esm.js(9,18): error TS7006: Parameter 'e' implicitly has an 'any' type.
generated/prisma/runtime/edge-esm.js(9,54): error TS7006: Parameter 'e' implicitly has an 'any' type.
generated/prisma/runtime/edge-esm.js(9,161): error TS7006: Parameter 'e' implicitly has an 'any' type.
generated/prisma/runtime/edge-esm.js(9,498): error TS7005: Variable 'w' implicitly has an 'any' type.
generated/prisma/runtime/edge-esm.js(9,912): error TS7006: Parameter 'e' implicitly has an 'any' type.
generated/prisma/runtime/edge-esm.js(9,981): error TS7006: Parameter 'e' implicitly has an 'any' type.
generated/prisma/runtime/edge-esm.js(9,983): error TS7006: Parameter 't' implicitly has an 'any' type.
generated/prisma/runtime/edge-esm.js(9,1122): error TS7031: Binding element 'e' implicitly has an 'any' type.
generated/prisma/runtime/edge-esm.js(9,1131): error TS7031: Binding element 't' implicitly has an 'any' type.
generated/prisma/runtime/edge-esm.js(9,1145): error TS7031: Binding element 'r' implicitly has an 'any' type.
generated/prisma/runtime/edge-esm.js(9,1156): error TS7031: Binding element 'n' implicitly has an 'any' type.
generated/prisma/runtime/edge-esm.js(9,1173): error TS7031: Binding element 'i' implicitly has an 'any' type.
generated/prisma/runtime/edge-esm.js(9,1189): error TS7031: Binding element 'o' implicitly has an 'any' type.
generated/prisma/runtime/edge-esm.js(9,1202): error TS7031: Binding element 's' implicitly has an 'any' type.
generated/prisma/runtime/edge-esm.js(9,1445): error TS7006: Parameter 'e' implicitly has an 'any' type.
generated/prisma/runtime/edge-esm.js(9,1470): error TS7006: Parameter 't' implicitly has an 'any' type.
generated/prisma/runtime/edge-esm.js(9,1522): error TS7006: Parameter 'e' implicitly has an 'any' type.
generated/prisma/runtime/edge-esm.js(9,1524): error TS7006: Parameter 't' implicitly has an 'any' type.
generated/prisma/runtime/edge-esm.js(9,1526): error TS7006: Parameter 'r' implicitly has an 'any' type.
generated/prisma/runtime/edge-esm.js(9,1683): error TS7006: Parameter 'e' implicitly has an 'any' type.
generated/prisma/runtime/edge-esm.js(9,1702): error TS7006: Parameter 'n' implicitly has an 'any' type.
generated/prisma/runtime/edge-esm.js(9,1704): error TS7006: Parameter 'i' implicitly has an 'any' type.
generated/prisma/runtime/edge-esm.js(9,1775): error TS7006: Parameter 'o' implicitly has an 'any' type.
generated/prisma/runtime/edge-esm.js(9,1804): error TS7006: Parameter 'n' implicitly has an 'any' type.
generated/prisma/runtime/edge-esm.js(9,1853): error TS7006: Parameter 'e' implicitly has an 'any' type.
generated/prisma/runtime/edge-esm.js(9,1855): error TS7006: Parameter 't' implicitly has an 'any' type.
generated/prisma/runtime/edge-esm.js(9,1857): error TS7006: Parameter 'r' implicitly has an 'any' type.
generated/prisma/runtime/edge-esm.js(9,1882): error TS7031: Binding element 'n' implicitly has an 'any' type.
generated/prisma/runtime/edge-esm.js(9,1892): error TS7031: Binding element 'i' implicitly has an 'any' type.
generated/prisma/runtime/edge-esm.js(9,1895): error TS7006: Parameter 'o' implicitly has an 'any' type.
generated/prisma/runtime/edge-esm.js(9,1986): error TS7006: Parameter 'e' implicitly has an 'any' type.
generated/prisma/runtime/edge-esm.js(9,1988): error TS7006: Parameter 't' implicitly has an 'any' type.
generated/prisma/runtime/edge-esm.js(9,1990): error TS7006: Parameter 'r' implicitly has an 'any' type.
generated/prisma/runtime/edge-esm.js(9,2024): error TS7006: Parameter 'i' implicitly has an 'any' type.
generated/prisma/runtime/edge-esm.js(9,2060): error TS7006: Parameter 'e' implicitly has an 'any' type.
generated/prisma/runtime/edge-esm.js(9,2062): error TS7006: Parameter 't' implicitly has an 'any' type.
generated/prisma/runtime/edge-esm.js(9,2186): error TS7006: Parameter 'e' implicitly has an 'any' type.
generated/prisma/runtime/edge-esm.js(9,2188): error TS7006: Parameter 't' implicitly has an 'any' type.
generated/prisma/runtime/edge-esm.js(9,2330): error TS7006: Parameter 't' implicitly has an 'any' type.
generated/prisma/runtime/edge-esm.js(9,2332): error TS7006: Parameter 'r' implicitly has an 'any' type.
generated/prisma/runtime/edge-esm.js(9,2770): error TS7006: Parameter 't' implicitly has an 'any' type.
generated/prisma/runtime/edge-esm.js(9,2966): error TS7006: Parameter 't' implicitly has an 'any' type.
generated/prisma/runtime/edge-esm.js(9,3292): error TS7006: Parameter 't' implicitly has an 'any' type.
generated/prisma/runtime/edge-esm.js(9,3294): error TS7006: Parameter 'r' implicitly has an 'any' type.
generated/prisma/runtime/edge-esm.js(9,3948): error TS7006: Parameter 't' implicitly has an 'any' type.
generated/prisma/runtime/edge-esm.js(9,4005): error TS7006: Parameter 't' implicitly has an 'any' type.
generated/prisma/runtime/edge-esm.js(9,4075): error TS7006: Parameter 't' implicitly has an 'any' type.
generated/prisma/runtime/edge-esm.js(9,4133): error TS7006: Parameter 't' implicitly has an 'any' type.
generated/prisma/runtime/edge-esm.js(9,4268): error TS7006: Parameter 't' implicitly has an 'any' type.
generated/prisma/runtime/edge-esm.js(9,4335): error TS7006: Parameter 't' implicitly has an 'any' type.
generated/prisma/runtime/edge-esm.js(9,4337): error TS7006: Parameter 'r' implicitly has an 'any' type.
generated/prisma/runtime/edge-esm.js(9,4513): error TS7006: Parameter 't' implicitly has an 'any' type.
generated/prisma/runtime/edge-esm.js(9,4542): error TS7006: Parameter 'e' implicitly has an 'any' type.
generated/prisma/runtime/edge-esm.js(9,4580): error TS7006: Parameter 'e' implicitly has an 'any' type.
generated/prisma/runtime/edge-esm.js(9,4677): error TS7006: Parameter 't' implicitly has an 'any' type.
generated/prisma/runtime/edge-esm.js(9,4767): error TS7006: Parameter 't' implicitly has an 'any' type.
generated/prisma/runtime/edge-esm.js(9,4821): error TS7006: Parameter 'e' implicitly has an 'any' type.
generated/prisma/runtime/edge-esm.js(9,5480): error TS7031: Binding element 'e' implicitly has an 'any' type.
generated/prisma/runtime/edge-esm.js(9,5489): error TS7031: Binding element 't' implicitly has an 'any' type.
generated/prisma/runtime/edge-esm.js(9,5496): error TS7031: Binding element 'r' implicitly has an 'any' type.
generated/prisma/runtime/edge-esm.js(9,5515): error TS7031: Binding element 'n' implicitly has an 'any' type.
generated/prisma/runtime/edge-esm.js(9,5550): error TS7031: Binding element 'o' implicitly has an 'any' type.
generated/prisma/runtime/edge-esm.js(9,5565): error TS7031: Binding element 's' implicitly has an 'any' type.
generated/prisma/runtime/edge-esm.js(9,5579): error TS7031: Binding element 'a' implicitly has an 'any' type.
generated/prisma/runtime/edge-esm.js(9,5595): error TS7031: Binding element 'l' implicitly has an 'any' type.
generated/prisma/runtime/edge-esm.js(9,5613): error TS7031: Binding element 'd' implicitly has an 'any' type.
generated/prisma/runtime/edge-esm.js(9,5626): error TS7031: Binding element 'g' implicitly has an 'any' type.
generated/prisma/runtime/edge-esm.js(9,5858): error TS7053: Element implicitly has an 'any' type because expression of type 'any' can't be used to index type '{ findUnique: string; findUniqueOrThrow: string; findFirst: string; findFirstOrThrow: string; findMany: string; count: string; create: string; createMany: string; createManyAndReturn: string; ... 12 more ...; aggregateRaw: string; }'.
generated/prisma/runtime/edge-esm.js(9,5892): error TS2339: Property 'select' does not exist on type '{}'.
generated/prisma/runtime/edge-esm.js(9,5901): error TS2339: Property 'include' does not exist on type '{}'.
generated/prisma/runtime/edge-esm.js(9,5920): error TS7006: Parameter 'n' implicitly has an 'any' type.
generated/prisma/runtime/edge-esm.js(9,5931): error TS2339: Property 'omit' does not exist on type '{}'.
generated/prisma/runtime/edge-esm.js(9,5952): error TS2339: Property 'omit' does not exist on type '{}'.
generated/prisma/runtime/edge-esm.js(9,6011): error TS7006: Parameter 'e' implicitly has an 'any' type.
generated/prisma/runtime/edge-esm.js(9,6013): error TS7006: Parameter 't' implicitly has an 'any' type.
generated/prisma/runtime/edge-esm.js(9,6015): error TS7006: Parameter 'r' implicitly has an 'any' type.
generated/prisma/runtime/edge-esm.js(9,6017): error TS7006: Parameter 'n' implicitly has an 'any' type.
generated/prisma/runtime/edge-esm.js(9,6331): error TS7006: Parameter 'e' implicitly has an 'any' type.
generated/prisma/runtime/edge-esm.js(9,6333): error TS7006: Parameter 't' implicitly has an 'any' type.
generated/prisma/runtime/edge-esm.js(9,6335): error TS7006: Parameter 'r' implicitly has an 'any' type.
generated/prisma/runtime/edge-esm.js(9,6457): error TS7006: Parameter 'e' implicitly has an 'any' type.
generated/prisma/runtime/edge-esm.js(9,6459): error TS7006: Parameter 't' implicitly has an 'any' type.
generated/prisma/runtime/edge-esm.js(9,6461): error TS7006: Parameter 'r' implicitly has an 'any' type.
generated/prisma/runtime/edge-esm.js(9,6858): error TS7006: Parameter 'e' implicitly has an 'any' type.
generated/prisma/runtime/edge-esm.js(9,6860): error TS7006: Parameter 't' implicitly has an 'any' type.
generated/prisma/runtime/edge-esm.js(9,6862): error TS7006: Parameter 'r' implicitly has an 'any' type.
generated/prisma/runtime/edge-esm.js(9,7066): error TS7006: Parameter 'e' implicitly has an 'any' type.
generated/prisma/runtime/edge-esm.js(9,7068): error TS7006: Parameter 't' implicitly has an 'any' type.
generated/prisma/runtime/edge-esm.js(9,7268): error TS7053: Element implicitly has an 'any' type because expression of type 'string' can't be used to index type '{}'.
  No index signature with a parameter of type 'string' was found on type '{}'.
generated/prisma/runtime/edge-esm.js(9,7315): error TS7053: Element implicitly has an 'any' type because expression of type 'string' can't be used to index type '{}'.
  No index signature with a parameter of type 'string' was found on type '{}'.
generated/prisma/runtime/edge-esm.js(9,7329): error TS7053: Element implicitly has an 'any' type because expression of type 'string' can't be used to index type '{}'.
  No index signature with a parameter of type 'string' was found on type '{}'.
generated/prisma/runtime/edge-esm.js(9,7346): error TS7053: Element implicitly has an 'any' type because expression of type 'string' can't be used to index type '{}'.
  No index signature with a parameter of type 'string' was found on type '{}'.
generated/prisma/runtime/edge-esm.js(9,7378): error TS7023: 'jo' implicitly has return type 'any' because it does not have a return type annotation and is referenced directly or indirectly in one of its return expressions.
generated/prisma/runtime/edge-esm.js(9,7381): error TS7006: Parameter 'e' implicitly has an 'any' type.
generated/prisma/runtime/edge-esm.js(9,7383): error TS7006: Parameter 't' implicitly has an 'any' type.
generated/prisma/runtime/edge-esm.js(9,8087): error TS7005: Variable 'w' implicitly has an 'any' type.
generated/prisma/runtime/edge-esm.js(9,8231): error TS7053: Element implicitly has an 'any' type because expression of type 'string' can't be used to index type '{ DbNull: Dt; JsonNull: Mt; AnyNull: _t; }'.
  No index signature with a parameter of type 'string' was found on type '{ DbNull: Dt; JsonNull: Mt; AnyNull: _t; }'.
generated/prisma/runtime/edge-esm.js(9,8742): error TS7006: Parameter 'e' implicitly has an 'any' type.
generated/prisma/runtime/edge-esm.js(9,8744): error TS7006: Parameter 't' implicitly has an 'any' type.
generated/prisma/runtime/edge-esm.js(9,8861): error TS7053: Element implicitly has an 'any' type because expression of type 'string' can't be used to index type '{}'.
  No index signature with a parameter of type 'string' was found on type '{}'.
generated/prisma/runtime/edge-esm.js(9,9130): error TS7023: 'cc' implicitly has return type 'any' because it does not have a return type annotation and is referenced directly or indirectly in one of its return expressions.
generated/prisma/runtime/edge-esm.js(9,9133): error TS7006: Parameter 'e' implicitly has an 'any' type.
generated/prisma/runtime/edge-esm.js(9,9135): error TS7006: Parameter 't' implicitly has an 'any' type.
generated/prisma/runtime/edge-esm.js(9,9600): error TS7006: Parameter 'e' implicitly has an 'any' type.
generated/prisma/runtime/edge-esm.js(9,9683): error TS7006: Parameter 'e' implicitly has an 'any' type.
generated/prisma/runtime/edge-esm.js(9,9763): error TS7006: Parameter 'e' implicitly has an 'any' type.
generated/prisma/runtime/edge-esm.js(9,9765): error TS7006: Parameter 't' implicitly has an 'any' type.
generated/prisma/runtime/edge-esm.js(9,9963): error TS7006: Parameter 't' implicitly has an 'any' type.
generated/prisma/runtime/edge-esm.js(9,10173): error TS7006: Parameter 't' implicitly has an 'any' type.
generated/prisma/runtime/edge-esm.js(9,10736): error TS7006: Parameter 't' implicitly has an 'any' type.
generated/prisma/runtime/edge-esm.js(9,10940): error TS7006: Parameter 't' implicitly has an 'any' type.
generated/prisma/runtime/edge-esm.js(9,11119): error TS7006: Parameter 't' implicitly has an 'any' type.
generated/prisma/runtime/edge-esm.js(9,11159): error TS7006: Parameter 'r' implicitly has an 'any' type.
generated/prisma/runtime/edge-esm.js(9,11188): error TS7006: Parameter 't' implicitly has an 'any' type.
generated/prisma/runtime/edge-esm.js(9,11985): error TS7006: Parameter 't' implicitly has an 'any' type.
generated/prisma/runtime/edge-esm.js(9,12101): error TS7006: Parameter 'e' implicitly has an 'any' type.
generated/prisma/runtime/edge-esm.js(9,12292): error TS7006: Parameter 't' implicitly has an 'any' type.
generated/prisma/runtime/edge-esm.js(9,12321): error TS7006: Parameter 't' implicitly has an 'any' type.
generated/prisma/runtime/edge-esm.js(9,12410): error TS7006: Parameter 't' implicitly has an 'any' type.
generated/prisma/runtime/edge-esm.js(9,12522): error TS7006: Parameter 'e' implicitly has an 'any' type.
generated/prisma/runtime/edge-esm.js(9,12524): error TS7006: Parameter 't' implicitly has an 'any' type.
generated/prisma/runtime/edge-esm.js(9,12609): error TS7006: Parameter 'e' implicitly has an 'any' type.
generated/prisma/runtime/edge-esm.js(9,12700): error TS7006: Parameter 'e' implicitly has an 'any' type.
generated/prisma/runtime/edge-esm.js(9,12840): error TS7006: Parameter 't' implicitly has an 'any' type.
generated/prisma/runtime/edge-esm.js(9,12842): error TS7006: Parameter 'r' implicitly has an 'any' type.
generated/prisma/runtime/edge-esm.js(9,13005): error TS7006: Parameter 'e' implicitly has an 'any' type.
generated/prisma/runtime/edge-esm.js(9,13015): error TS7019: Rest parameter 't' implicitly has an 'any[]' type.
generated/prisma/runtime/edge-esm.js(9,13046): error TS7006: Parameter 'e' implicitly has an 'any' type.
generated/prisma/runtime/edge-esm.js(9,13194): error TS7006: Parameter 't' implicitly has an 'any' type.
generated/prisma/runtime/edge-esm.js(9,13196): error TS7006: Parameter 'r' implicitly has an 'any' type.
generated/prisma/runtime/edge-esm.js(9,13378): error TS7006: Parameter 's' implicitly has an 'any' type.
generated/prisma/runtime/edge-esm.js(9,13380): error TS7006: Parameter 'a' implicitly has an 'any' type.
generated/prisma/runtime/edge-esm.js(9,14182): error TS7006: Parameter 'e' implicitly has an 'any' type.
generated/prisma/runtime/edge-esm.js(9,14396): error TS7006: Parameter 'e' implicitly has an 'any' type.
generated/prisma/runtime/edge-esm.js(9,14447): error TS7006: Parameter 'e' implicitly has an 'any' type.
generated/prisma/runtime/edge-esm.js(9,14449): error TS7019: Rest parameter 't' implicitly has an 'any[]' type.
generated/prisma/runtime/edge-esm.js(9,14526): error TS7006: Parameter 'e' implicitly has an 'any' type.
generated/prisma/runtime/edge-esm.js(9,14586): error TS7006: Parameter 't' implicitly has an 'any' type.
generated/prisma/runtime/edge-esm.js(9,14635): error TS7006: Parameter 'e' implicitly has an 'any' type.
generated/prisma/runtime/edge-esm.js(9,14637): error TS7006: Parameter 't' implicitly has an 'any' type.
generated/prisma/runtime/edge-esm.js(9,14732): error TS7006: Parameter 'e' implicitly has an 'any' type.
generated/prisma/runtime/edge-esm.js(9,14802): error TS7006: Parameter 'r' implicitly has an 'any' type.
generated/prisma/runtime/edge-esm.js(9,14878): error TS7006: Parameter 'r' implicitly has an 'any' type.
generated/prisma/runtime/edge-esm.js(9,15022): error TS7006: Parameter 'e' implicitly has an 'any' type.
generated/prisma/runtime/edge-esm.js(9,15122): error TS7006: Parameter 'r' implicitly has an 'any' type.
generated/prisma/runtime/edge-esm.js(9,15124): error TS7006: Parameter 'n' implicitly has an 'any' type.
generated/prisma/runtime/edge-esm.js(9,15142): error TS7006: Parameter 'r' implicitly has an 'any' type.
generated/prisma/runtime/edge-esm.js(9,15144): error TS7006: Parameter 'n' implicitly has an 'any' type.
generated/prisma/runtime/edge-esm.js(9,15146): error TS7006: Parameter 'i' implicitly has an 'any' type.
generated/prisma/runtime/edge-esm.js(9,15259): error TS7006: Parameter 'e' implicitly has an 'any' type.
generated/prisma/runtime/edge-esm.js(9,15261): error TS7006: Parameter 't' implicitly has an 'any' type.
generated/prisma/runtime/edge-esm.js(9,16068): error TS7006: Parameter 'e' implicitly has an 'any' type.
generated/prisma/runtime/edge-esm.js(9,16166): error TS7006: Parameter 'e' implicitly has an 'any' type.
generated/prisma/runtime/edge-esm.js(9,16168): error TS7006: Parameter 't' implicitly has an 'any' type.
generated/prisma/runtime/edge-esm.js(9,16187): error TS7006: Parameter 'r' implicitly has an 'any' type.
generated/prisma/runtime/edge-esm.js(9,16246): error TS7006: Parameter 'e' implicitly has an 'any' type.
generated/prisma/runtime/edge-esm.js(9,16346): error TS7006: Parameter 'e' implicitly has an 'any' type.
generated/prisma/runtime/edge-esm.js(9,16348): error TS7006: Parameter 't' implicitly has an 'any' type.
generated/prisma/runtime/edge-esm.js(9,16478): error TS7006: Parameter 'e' implicitly has an 'any' type.
generated/prisma/runtime/edge-esm.js(9,16619): error TS7031: Binding element 'e' implicitly has an 'any' type.
generated/prisma/runtime/edge-esm.js(9,16639): error TS7031: Binding element 't' implicitly has an 'any' type.
generated/prisma/runtime/edge-esm.js(9,16642): error TS7006: Parameter 'r' implicitly has an 'any' type.
generated/prisma/runtime/edge-esm.js(9,16644): error TS7006: Parameter 'n' implicitly has an 'any' type.
generated/prisma/runtime/edge-esm.js(9,16843): error TS7006: Parameter 'e' implicitly has an 'any' type.
generated/prisma/runtime/edge-esm.js(9,16845): error TS7006: Parameter 't' implicitly has an 'any' type.
generated/prisma/runtime/edge-esm.js(10,272): error TS7006: Parameter 'e' implicitly has an 'any' type.
generated/prisma/runtime/edge-esm.js(10,289): error TS2304: Cannot find name '$EnabledCallSite'.
generated/prisma/runtime/edge-esm.js(10,337): error TS2304: Cannot find name '$EnabledCallSite'.
generated/prisma/runtime/edge-esm.js(10,546): error TS7053: Element implicitly has an 'any' type because expression of type 'string' can't be used to index type '{ _avg: boolean; _count: boolean; _sum: boolean; _min: boolean; _max: boolean; }'.
  No index signature with a parameter of type 'string' was found on type '{ _avg: boolean; _count: boolean; _sum: boolean; _min: boolean; _max: boolean; }'.
generated/prisma/runtime/edge-esm.js(10,561): error TS7053: Element implicitly has an 'any' type because expression of type 'string' can't be used to index type '{}'.
  No index signature with a parameter of type 'string' was found on type '{}'.
generated/prisma/runtime/edge-esm.js(10,584): error TS7053: Element implicitly has an 'any' type because expression of type 'string' can't be used to index type '{ select: {}; }'.
  No index signature with a parameter of type 'string' was found on type '{ select: {}; }'.
generated/prisma/runtime/edge-esm.js(10,641): error TS2339: Property '_count' does not exist on type '{}'.
generated/prisma/runtime/edge-esm.js(10,680): error TS2339: Property '_count' does not exist on type '{}'.
generated/prisma/runtime/edge-esm.js(10,716): error TS7006: Parameter 't' implicitly has an 'any' type.
generated/prisma/runtime/edge-esm.js(10,729): error TS2339: Property '_count' does not exist on type '{}'.
generated/prisma/runtime/edge-esm.js(10,788): error TS7006: Parameter 'e' implicitly has an 'any' type.
generated/prisma/runtime/edge-esm.js(10,790): error TS7006: Parameter 't' implicitly has an 'any' type.
generated/prisma/runtime/edge-esm.js(10,906): error TS2339: Property 'select' does not exist on type '{}'.
generated/prisma/runtime/edge-esm.js(10,1031): error TS2339: Property 'select' does not exist on type '{}'.
generated/prisma/runtime/edge-esm.js(10,1048): error TS7006: Parameter 't' implicitly has an 'any' type.
generated/prisma/runtime/edge-esm.js(10,1067): error TS7006: Parameter 't' implicitly has an 'any' type.
generated/prisma/runtime/edge-esm.js(10,1103): error TS7006: Parameter 'e' implicitly has an 'any' type.
generated/prisma/runtime/edge-esm.js(10,1105): error TS7006: Parameter 't' implicitly has an 'any' type.
generated/prisma/runtime/edge-esm.js(10,1236): error TS2339: Property 'by' does not exist on type '{ select: {}; }'.
generated/prisma/runtime/edge-esm.js(10,1255): error TS2339: Property 'by' does not exist on type '{ select: {}; }'.
generated/prisma/runtime/edge-esm.js(10,1279): error TS7053: Element implicitly has an 'any' type because expression of type 'string' can't be used to index type '{}'.
  No index signature with a parameter of type 'string' was found on type '{}'.
generated/prisma/runtime/edge-esm.js(10,1309): error TS2339: Property 'by' does not exist on type '{ select: {}; }'.
generated/prisma/runtime/edge-esm.js(10,1324): error TS7053: Element implicitly has an 'any' type because expression of type 'any' can't be used to index type '{}'.
generated/prisma/runtime/edge-esm.js(10,1335): error TS2339: Property 'by' does not exist on type '{ select: {}; }'.
generated/prisma/runtime/edge-esm.js(10,1377): error TS7006: Parameter 't' implicitly has an 'any' type.
generated/prisma/runtime/edge-esm.js(10,1391): error TS2339: Property '_count' does not exist on type '{}'.
generated/prisma/runtime/edge-esm.js(10,1420): error TS7006: Parameter 'r' implicitly has an 'any' type.
generated/prisma/runtime/edge-esm.js(10,1464): error TS7006: Parameter 'e' implicitly has an 'any' type.
generated/prisma/runtime/edge-esm.js(10,1466): error TS7006: Parameter 't' implicitly has an 'any' type.
generated/prisma/runtime/edge-esm.js(10,1542): error TS7006: Parameter 'e' implicitly has an 'any' type.
generated/prisma/runtime/edge-esm.js(10,1544): error TS7006: Parameter 't' implicitly has an 'any' type.
generated/prisma/runtime/edge-esm.js(10,1546): error TS7006: Parameter 'r' implicitly has an 'any' type.
generated/prisma/runtime/edge-esm.js(10,1575): error TS7006: Parameter 'n' implicitly has an 'any' type.
generated/prisma/runtime/edge-esm.js(10,1608): error TS7006: Parameter 'n' implicitly has an 'any' type.
generated/prisma/runtime/edge-esm.js(10,1643): error TS7006: Parameter 'n' implicitly has an 'any' type.
generated/prisma/runtime/edge-esm.js(10,1686): error TS7006: Parameter 'e' implicitly has an 'any' type.
generated/prisma/runtime/edge-esm.js(10,1688): error TS7006: Parameter 't' implicitly has an 'any' type.
generated/prisma/runtime/edge-esm.js(10,1713): error TS7006: Parameter 'i' implicitly has an 'any' type.
generated/prisma/runtime/edge-esm.js(10,1826): error TS7053: Element implicitly has an 'any' type because expression of type 'string' can't be used to index type '{}'.
  No index signature with a parameter of type 'string' was found on type '{}'.
generated/prisma/runtime/edge-esm.js(10,1959): error TS7006: Parameter 'e' implicitly has an 'any' type.
generated/prisma/runtime/edge-esm.js(10,1998): error TS7006: Parameter 'e' implicitly has an 'any' type.
generated/prisma/runtime/edge-esm.js(10,2000): error TS7006: Parameter 't' implicitly has an 'any' type.
generated/prisma/runtime/edge-esm.js(10,2018): error TS7006: Parameter 'r' implicitly has an 'any' type.
generated/prisma/runtime/edge-esm.js(10,2020): error TS7006: Parameter 'n' implicitly has an 'any' type.
generated/prisma/runtime/edge-esm.js(10,2039): error TS7006: Parameter 'e' implicitly has an 'any' type.
generated/prisma/runtime/edge-esm.js(10,2041): error TS7006: Parameter 't' implicitly has an 'any' type.
generated/prisma/runtime/edge-esm.js(10,2043): error TS7006: Parameter 'r' implicitly has an 'any' type.
generated/prisma/runtime/edge-esm.js(10,2066): error TS7006: Parameter 'n' implicitly has an 'any' type.
generated/prisma/runtime/edge-esm.js(10,2068): error TS7006: Parameter 'i' implicitly has an 'any' type.
generated/prisma/runtime/edge-esm.js(10,2070): error TS7006: Parameter 'o' implicitly has an 'any' type.
generated/prisma/runtime/edge-esm.js(10,2072): error TS7006: Parameter 's' implicitly has an 'any' type.
generated/prisma/runtime/edge-esm.js(10,2136): error TS7006: Parameter 'e' implicitly has an 'any' type.
generated/prisma/runtime/edge-esm.js(10,2138): error TS7006: Parameter 't' implicitly has an 'any' type.
generated/prisma/runtime/edge-esm.js(10,2204): error TS7006: Parameter 'e' implicitly has an 'any' type.
generated/prisma/runtime/edge-esm.js(10,2206): error TS7006: Parameter 't' implicitly has an 'any' type.
generated/prisma/runtime/edge-esm.js(10,2208): error TS7006: Parameter 'r' implicitly has an 'any' type.
generated/prisma/runtime/edge-esm.js(10,2261): error TS7006: Parameter 'e' implicitly has an 'any' type.
generated/prisma/runtime/edge-esm.js(10,2263): error TS7006: Parameter 't' implicitly has an 'any' type.
generated/prisma/runtime/edge-esm.js(10,2265): error TS7006: Parameter 'r' implicitly has an 'any' type.
generated/prisma/runtime/edge-esm.js(10,2267): error TS7006: Parameter 'n' implicitly has an 'any' type.
generated/prisma/runtime/edge-esm.js(10,2269): error TS7006: Parameter 'i' implicitly has an 'any' type.
generated/prisma/runtime/edge-esm.js(10,2271): error TS7006: Parameter 'o' implicitly has an 'any' type.
generated/prisma/runtime/edge-esm.js(10,2325): error TS7006: Parameter 'l' implicitly has an 'any' type.
generated/prisma/runtime/edge-esm.js(10,2327): error TS7006: Parameter 'd' implicitly has an 'any' type.
generated/prisma/runtime/edge-esm.js(10,2362): error TS7006: Parameter 'l' implicitly has an 'any' type.
generated/prisma/runtime/edge-esm.js(10,2630): error TS7006: Parameter 'e' implicitly has an 'any' type.
generated/prisma/runtime/edge-esm.js(10,2632): error TS7006: Parameter 't' implicitly has an 'any' type.
generated/prisma/runtime/edge-esm.js(10,2686): error TS7006: Parameter 'r' implicitly has an 'any' type.
generated/prisma/runtime/edge-esm.js(10,2712): error TS7006: Parameter 'r' implicitly has an 'any' type.
generated/prisma/runtime/edge-esm.js(10,2879): error TS7006: Parameter 'e' implicitly has an 'any' type.
generated/prisma/runtime/edge-esm.js(10,2881): error TS7006: Parameter 't' implicitly has an 'any' type.
generated/prisma/runtime/edge-esm.js(10,3057): error TS7006: Parameter 'e' implicitly has an 'any' type.
generated/prisma/runtime/edge-esm.js(10,3059): error TS7006: Parameter 't' implicitly has an 'any' type.
generated/prisma/runtime/edge-esm.js(10,3152): error TS7006: Parameter 'i' implicitly has an 'any' type.
generated/prisma/runtime/edge-esm.js(10,3165): error TS7006: Parameter 'a' implicitly has an 'any' type.
generated/prisma/runtime/edge-esm.js(10,3168): error TS7006: Parameter 'l' implicitly has an 'any' type.
generated/prisma/runtime/edge-esm.js(10,3227): error TS7006: Parameter 'g' implicitly has an 'any' type.
generated/prisma/runtime/edge-esm.js(10,3467): error TS7006: Parameter 'e' implicitly has an 'any' type.
generated/prisma/runtime/edge-esm.js(10,3504): error TS7006: Parameter 'e' implicitly has an 'any' type.
generated/prisma/runtime/edge-esm.js(10,3506): error TS7006: Parameter 't' implicitly has an 'any' type.
generated/prisma/runtime/edge-esm.js(10,3622): error TS7006: Parameter 'e' implicitly has an 'any' type.
generated/prisma/runtime/edge-esm.js(10,3647): error TS7006: Parameter 't' implicitly has an 'any' type.
generated/prisma/runtime/edge-esm.js(10,3695): error TS7006: Parameter 'e' implicitly has an 'any' type.
generated/prisma/runtime/edge-esm.js(10,3851): error TS7006: Parameter 'e' implicitly has an 'any' type.
generated/prisma/runtime/edge-esm.js(10,3991): error TS7006: Parameter 'n' implicitly has an 'any' type.
generated/prisma/runtime/edge-esm.js(10,4020): error TS7006: Parameter 'e' implicitly has an 'any' type.
generated/prisma/runtime/edge-esm.js(10,4157): error TS7006: Parameter 'i' implicitly has an 'any' type.
generated/prisma/runtime/edge-esm.js(10,4309): error TS7006: Parameter 'i' implicitly has an 'any' type.
generated/prisma/runtime/edge-esm.js(10,4367): error TS7006: Parameter 'e' implicitly has an 'any' type.
generated/prisma/runtime/edge-esm.js(10,4403): error TS7006: Parameter 'e' implicitly has an 'any' type.
generated/prisma/runtime/edge-esm.js(10,4439): error TS2683: 'this' implicitly has type 'any' because it does not have a type annotation.
generated/prisma/runtime/edge-esm.js(10,4512): error TS2683: 'this' implicitly has type 'any' because it does not have a type annotation.
generated/prisma/runtime/edge-esm.js(10,4547): error TS2683: 'this' implicitly has type 'any' because it does not have a type annotation.
generated/prisma/runtime/edge-esm.js(10,4613): error TS2683: 'this' implicitly has type 'any' because it does not have a type annotation.
generated/prisma/runtime/edge-esm.js(10,4654): error TS2683: 'this' implicitly has type 'any' because it does not have a type annotation.
generated/prisma/runtime/edge-esm.js(10,4704): error TS2683: 'this' implicitly has type 'any' because it does not have a type annotation.
generated/prisma/runtime/edge-esm.js(10,4820): error TS7031: Binding element 'e' implicitly has an 'any' type.
generated/prisma/runtime/edge-esm.js(10,4832): error TS7031: Binding element 't' implicitly has an 'any' type.
generated/prisma/runtime/edge-esm.js(10,4841): error TS7031: Binding element 'r' implicitly has an 'any' type.
generated/prisma/runtime/edge-esm.js(10,4848): error TS7031: Binding element 'n' implicitly has an 'any' type.
generated/prisma/runtime/edge-esm.js(10,4861): error TS7031: Binding element 'i' implicitly has an 'any' type.
generated/prisma/runtime/edge-esm.js(10,4916): error TS7034: Variable 's' implicitly has type 'any[]' in some locations where its type cannot be determined.
generated/prisma/runtime/edge-esm.js(10,5006): error TS7006: Parameter 'g' implicitly has an 'any' type.
generated/prisma/runtime/edge-esm.js(10,5096): error TS7006: Parameter 'g' implicitly has an 'any' type.
generated/prisma/runtime/edge-esm.js(10,5164): error TS7005: Variable 's' implicitly has an 'any[]' type.
generated/prisma/runtime/edge-esm.js(10,5231): error TS7006: Parameter 'e' implicitly has an 'any' type.
generated/prisma/runtime/edge-esm.js(10,5233): error TS7006: Parameter 't' implicitly has an 'any' type.
generated/prisma/runtime/edge-esm.js(10,5251): error TS7006: Parameter 'r' implicitly has an 'any' type.
generated/prisma/runtime/edge-esm.js(10,5275): error TS7006: Parameter 'e' implicitly has an 'any' type.
generated/prisma/runtime/edge-esm.js(10,5277): error TS7006: Parameter 't' implicitly has an 'any' type.
generated/prisma/runtime/edge-esm.js(10,5360): error TS7031: Binding element 'e' implicitly has an 'any' type.
generated/prisma/runtime/edge-esm.js(10,5369): error TS7031: Binding element 't' implicitly has an 'any' type.
generated/prisma/runtime/edge-esm.js(10,5376): error TS7031: Binding element 'r' implicitly has an 'any' type.
generated/prisma/runtime/edge-esm.js(10,5395): error TS7031: Binding element 'n' implicitly has an 'any' type.
generated/prisma/runtime/edge-esm.js(10,5407): error TS7031: Binding element 'i' implicitly has an 'any' type.
generated/prisma/runtime/edge-esm.js(10,5791): error TS7031: Binding element 'e' implicitly has an 'any' type.
generated/prisma/runtime/edge-esm.js(10,5800): error TS7031: Binding element 't' implicitly has an 'any' type.
generated/prisma/runtime/edge-esm.js(10,5818): error TS7031: Binding element 'r' implicitly has an 'any' type.
generated/prisma/runtime/edge-esm.js(10,5837): error TS7031: Binding element 'n' implicitly has an 'any' type.
generated/prisma/runtime/edge-esm.js(10,5847): error TS7031: Binding element 'i' implicitly has an 'any' type.
generated/prisma/runtime/edge-esm.js(10,5949): error TS7006: Parameter 'g' implicitly has an 'any' type.
generated/prisma/runtime/edge-esm.js(10,6142): error TS7031: Binding element 'e' implicitly has an 'any' type.
generated/prisma/runtime/edge-esm.js(10,6154): error TS7031: Binding element 't' implicitly has an 'any' type.
generated/prisma/runtime/edge-esm.js(10,6161): error TS7031: Binding element 'r' implicitly has an 'any' type.
generated/prisma/runtime/edge-esm.js(10,6174): error TS7031: Binding element 'n' implicitly has an 'any' type.
generated/prisma/runtime/edge-esm.js(10,6193): error TS7031: Binding element 'i' implicitly has an 'any' type.
generated/prisma/runtime/edge-esm.js(10,6206): error TS7031: Binding element 'o' implicitly has an 'any' type.
generated/prisma/runtime/edge-esm.js(10,6338): error TS7006: Parameter 'a' implicitly has an 'any' type.
generated/prisma/runtime/edge-esm.js(10,6340): error TS7006: Parameter 'l' implicitly has an 'any' type.
generated/prisma/runtime/edge-esm.js(10,6342): error TS7006: Parameter 'd' implicitly has an 'any' type.
generated/prisma/runtime/edge-esm.js(10,6612): error TS7006: Parameter 'e' implicitly has an 'any' type.
generated/prisma/runtime/edge-esm.js(10,6777): error TS7053: Element implicitly has an 'any' type because expression of type 'string' can't be used to index type '{}'.
  No index signature with a parameter of type 'string' was found on type '{}'.
generated/prisma/runtime/edge-esm.js(10,6812): error TS7006: Parameter 'e' implicitly has an 'any' type.
generated/prisma/runtime/edge-esm.js(10,6861): error TS7006: Parameter 'e' implicitly has an 'any' type.
generated/prisma/runtime/edge-esm.js(10,6906): error TS7006: Parameter 'e' implicitly has an 'any' type.
generated/prisma/runtime/edge-esm.js(10,7072): error TS2339: Property 'slice' does not exist on type 'ArrayBufferView<ArrayBufferLike>'.
generated/prisma/runtime/edge-esm.js(10,7311): error TS7053: Element implicitly has an 'any' type because expression of type 'string' can't be used to index type '{}'.
  No index signature with a parameter of type 'string' was found on type '{}'.
generated/prisma/runtime/edge-esm.js(10,7368): error TS7006: Parameter 'e' implicitly has an 'any' type.
generated/prisma/runtime/edge-esm.js(10,7370): error TS7006: Parameter 't' implicitly has an 'any' type.
generated/prisma/runtime/edge-esm.js(10,7372): error TS7006: Parameter 'r' implicitly has an 'any' type.
generated/prisma/runtime/edge-esm.js(10,7409): error TS7006: Parameter 'i' implicitly has an 'any' type.
generated/prisma/runtime/edge-esm.js(10,7696): error TS7006: Parameter 's' implicitly has an 'any' type.
generated/prisma/runtime/edge-esm.js(10,7812): error TS7006: Parameter 'e' implicitly has an 'any' type.
generated/prisma/runtime/edge-esm.js(10,7814): error TS7006: Parameter 't' implicitly has an 'any' type.
generated/prisma/runtime/edge-esm.js(10,8009): error TS7006: Parameter 'e' implicitly has an 'any' type.
generated/prisma/runtime/edge-esm.js(10,8019): error TS7006: Parameter 't' implicitly has an 'any' type.
generated/prisma/runtime/edge-esm.js(10,8134): error TS7006: Parameter 'e' implicitly has an 'any' type.
generated/prisma/runtime/edge-esm.js(10,8136): error TS7006: Parameter 't' implicitly has an 'any' type.
generated/prisma/runtime/edge-esm.js(10,8138): error TS7006: Parameter 'r' implicitly has an 'any' type.
generated/prisma/runtime/edge-esm.js(10,8140): error TS7006: Parameter 'n' implicitly has an 'any' type.
generated/prisma/runtime/edge-esm.js(10,8270): error TS7006: Parameter 's' implicitly has an 'any' type.
generated/prisma/runtime/edge-esm.js(10,8432): error TS7006: Parameter 's' implicitly has an 'any' type.
generated/prisma/runtime/edge-esm.js(10,8530): error TS7006: Parameter 'e' implicitly has an 'any' type.
generated/prisma/runtime/edge-esm.js(10,8565): error TS7006: Parameter 'r' implicitly has an 'any' type.
generated/prisma/runtime/edge-esm.js(10,8691): error TS7031: Binding element 'e' implicitly has an 'any' type.
generated/prisma/runtime/edge-esm.js(10,8700): error TS7031: Binding element 't' implicitly has an 'any' type.
generated/prisma/runtime/edge-esm.js(10,8716): error TS7031: Binding element 'r' implicitly has an 'any' type.
generated/prisma/runtime/edge-esm.js(10,8728): error TS7031: Binding element 'n' implicitly has an 'any' type.
generated/prisma/runtime/edge-esm.js(12,32): error TS7053: Element implicitly has an 'any' type because expression of type 'any' can't be used to index type '{ Vercel: string; "Netlify CI": string; }'.
generated/prisma/runtime/edge-esm.js(12,113): error TS7006: Parameter 'e' implicitly has an 'any' type.
generated/prisma/runtime/edge-esm.js(12,115): error TS7006: Parameter 't' implicitly has an 'any' type.
generated/prisma/runtime/edge-esm.js(12,320): error TS7006: Parameter 'e' implicitly has an 'any' type.
generated/prisma/runtime/edge-esm.js(12,322): error TS7006: Parameter 't' implicitly has an 'any' type.
generated/prisma/runtime/edge-esm.js(12,356): error TS7006: Parameter 'e' implicitly has an 'any' type.
generated/prisma/runtime/edge-esm.js(12,433): error TS7006: Parameter 'e' implicitly has an 'any' type.
generated/prisma/runtime/edge-esm.js(12,435): error TS7006: Parameter 't' implicitly has an 'any' type.
generated/prisma/runtime/edge-esm.js(12,475): error TS7053: Element implicitly has an 'any' type because expression of type 'string' can't be used to index type '{}'.
  No index signature with a parameter of type 'string' was found on type '{}'.
generated/prisma/runtime/edge-esm.js(12,508): error TS7023: '$t' implicitly has return type 'any' because it does not have a return type annotation and is referenced directly or indirectly in one of its return expressions.
generated/prisma/runtime/edge-esm.js(12,511): error TS7006: Parameter 'e' implicitly has an 'any' type.
generated/prisma/runtime/edge-esm.js(12,674): error TS7031: Binding element 'e' implicitly has an 'any' type.
generated/prisma/runtime/edge-esm.js(12,682): error TS7031: Binding element 't' implicitly has an 'any' type.
generated/prisma/runtime/edge-esm.js(12,779): error TS7005: Variable 'w' implicitly has an 'any' type.
generated/prisma/runtime/edge-esm.js(12,1119): error TS7017: Element implicitly has an 'any' type because type 'typeof globalThis' has no index signature.
generated/prisma/runtime/edge-esm.js(12,1180): error TS7017: Element implicitly has an 'any' type because type 'typeof globalThis' has no index signature.
generated/prisma/runtime/edge-esm.js(12,1210): error TS7017: Element implicitly has an 'any' type because type 'typeof globalThis' has no index signature.
generated/prisma/runtime/edge-esm.js(12,1253): error TS7017: Element implicitly has an 'any' type because type 'typeof globalThis' has no index signature.
generated/prisma/runtime/edge-esm.js(12,1453): error TS2349: This expression is not callable.
  Not all constituents of type 'string | (() => boolean)' are callable.
    Type 'string' has no call signatures.
generated/prisma/runtime/edge-esm.js(12,1453): error TS2722: Cannot invoke an object which is possibly 'undefined'.
generated/prisma/runtime/edge-esm.js(12,1823): error TS7053: Element implicitly has an 'any' type because expression of type 'string | (() => boolean)' can't be used to index type '{ node: string; workerd: string; deno: string; netlify: string; "edge-light": string; }'.
  No index signature with a parameter of type 'string' was found on type '{ node: string; workerd: string; deno: string; netlify: string; "edge-light": string; }'.
generated/prisma/runtime/edge-esm.js(12,1826): error TS2538: Type '() => boolean' cannot be used as an index type.
generated/prisma/runtime/edge-esm.js(12,1890): error TS2345: Argument of type 'string | (() => boolean)' is not assignable to parameter of type 'string'.
  Type '() => boolean' is not assignable to type 'string'.
generated/prisma/runtime/edge-esm.js(12,1925): error TS7031: Binding element 'e' implicitly has an 'any' type.
generated/prisma/runtime/edge-esm.js(12,1947): error TS7031: Binding element 't' implicitly has an 'any' type.
generated/prisma/runtime/edge-esm.js(12,1953): error TS7031: Binding element 'r' implicitly has an 'any' type.
generated/prisma/runtime/edge-esm.js(12,1969): error TS7031: Binding element 'n' implicitly has an 'any' type.
generated/prisma/runtime/edge-esm.js(12,2003): error TS2538: Type 'undefined' cannot be used as an index type.
generated/prisma/runtime/edge-esm.js(12,2015): error TS2538: Type 'undefined' cannot be used as an index type.
generated/prisma/runtime/edge-esm.js(15,391): error TS7006: Parameter 't' implicitly has an 'any' type.
generated/prisma/runtime/edge-esm.js(15,393): error TS7006: Parameter 'r' implicitly has an 'any' type.
generated/prisma/runtime/edge-esm.js(15,552): error TS7006: Parameter 't' implicitly has an 'any' type.
generated/prisma/runtime/edge-esm.js(15,554): error TS7006: Parameter 'r' implicitly has an 'any' type.
generated/prisma/runtime/edge-esm.js(15,636): error TS7006: Parameter 'e' implicitly has an 'any' type.
generated/prisma/runtime/edge-esm.js(15,638): error TS7006: Parameter 't' implicitly has an 'any' type.
generated/prisma/runtime/edge-esm.js(15,747): error TS7006: Parameter 't' implicitly has an 'any' type.
generated/prisma/runtime/edge-esm.js(15,749): error TS7006: Parameter 'r' implicitly has an 'any' type.
generated/prisma/runtime/edge-esm.js(15,814): error TS7006: Parameter 'e' implicitly has an 'any' type.
generated/prisma/runtime/edge-esm.js(15,1033): error TS7005: Variable 'y' implicitly has an 'any' type.
generated/prisma/runtime/edge-esm.js(15,1039): error TS7005: Variable 'y' implicitly has an 'any' type.
generated/prisma/runtime/edge-esm.js(15,1543): error TS7005: Variable 'y' implicitly has an 'any' type.
generated/prisma/runtime/edge-esm.js(15,1804): error TS7031: Binding element 't' implicitly has an 'any' type.
generated/prisma/runtime/edge-esm.js(15,1820): error TS7031: Binding element 'r' implicitly has an 'any' type.
generated/prisma/runtime/edge-esm.js(15,1831): error TS7031: Binding element 'n' implicitly has an 'any' type.
generated/prisma/runtime/edge-esm.js(15,1844): error TS7031: Binding element 'i' implicitly has an 'any' type.
generated/prisma/runtime/edge-esm.js(15,1857): error TS7031: Binding element 'o' implicitly has an 'any' type.
generated/prisma/runtime/edge-esm.js(15,1955): error TS2339: Property 'traceparent' does not exist on type '{}'.
generated/prisma/runtime/edge-esm.js(15,1969): error TS2339: Property 'transactionId' does not exist on type '{}'.
generated/prisma/runtime/edge-esm.js(15,2210): error TS2339: Property 'traceparent' does not exist on type '{ Accept: string; Authorization: string; "Content-Type": string; "Prisma-Engine-Hash": any; "Prisma-Engine-Version": any; }'.
generated/prisma/runtime/edge-esm.js(15,2266): error TS7053: Element implicitly has an 'any' type because expression of type '"X-Transaction-Id"' can't be used to index type '{ Accept: string; Authorization: string; "Content-Type": string; "Prisma-Engine-Hash": any; "Prisma-Engine-Version": any; }'.
  Property 'X-Transaction-Id' does not exist on type '{ Accept: string; Authorization: string; "Content-Type": string; "Prisma-Engine-Hash": any; "Prisma-Engine-Version": any; }'.
generated/prisma/runtime/edge-esm.js(15,2327): error TS7053: Element implicitly has an 'any' type because expression of type '"X-Capture-Telemetry"' can't be used to index type '{ Accept: string; Authorization: string; "Content-Type": string; "Prisma-Engine-Hash": any; "Prisma-Engine-Version": any; }'.
  Property 'X-Capture-Telemetry' does not exist on type '{ Accept: string; Authorization: string; "Content-Type": string; "Prisma-Engine-Hash": any; "Prisma-Engine-Version": any; }'.
generated/prisma/runtime/edge-esm.js(15,2545): error TS7006: Parameter 'e' implicitly has an 'any' type.
generated/prisma/runtime/edge-esm.js(15,2585): error TS7006: Parameter 'e' implicitly has an 'any' type.
generated/prisma/runtime/edge-esm.js(15,2724): error TS7006: Parameter 't' implicitly has an 'any' type.
generated/prisma/runtime/edge-esm.js(15,2899): error TS7006: Parameter 't' implicitly has an 'any' type.
generated/prisma/runtime/edge-esm.js(15,2901): error TS7006: Parameter 'r' implicitly has an 'any' type.
generated/prisma/runtime/edge-esm.js(15,3038): error TS7006: Parameter 't' implicitly has an 'any' type.
generated/prisma/runtime/edge-esm.js(15,3040): error TS7006: Parameter 'r' implicitly has an 'any' type.
generated/prisma/runtime/edge-esm.js(15,3282): error TS7006: Parameter 't' implicitly has an 'any' type.
generated/prisma/runtime/edge-esm.js(15,3526): error TS7006: Parameter 't' implicitly has an 'any' type.
generated/prisma/runtime/edge-esm.js(15,3528): error TS7006: Parameter 'r' implicitly has an 'any' type.
generated/prisma/runtime/edge-esm.js(15,3530): error TS7006: Parameter 'n' implicitly has an 'any' type.
generated/prisma/runtime/edge-esm.js(15,3701): error TS7006: Parameter 't' implicitly has an 'any' type.
generated/prisma/runtime/edge-esm.js(15,3703): error TS7006: Parameter 'r' implicitly has an 'any' type.
generated/prisma/runtime/edge-esm.js(15,3908): error TS7006: Parameter 't' implicitly has an 'any' type.
generated/prisma/runtime/edge-esm.js(15,3910): error TS7006: Parameter 'r' implicitly has an 'any' type.
generated/prisma/runtime/edge-esm.js(15,3912): error TS7006: Parameter 'n' implicitly has an 'any' type.
generated/prisma/runtime/edge-esm.js(15,4079): error TS7006: Parameter 't' implicitly has an 'any' type.
generated/prisma/runtime/edge-esm.js(15,4290): error TS7006: Parameter 't' implicitly has an 'any' type.
generated/prisma/runtime/edge-esm.js(15,4483): error TS7006: Parameter 't' implicitly has an 'any' type.
generated/prisma/runtime/edge-esm.js(15,4677): error TS7006: Parameter 't' implicitly has an 'any' type.
generated/prisma/runtime/edge-esm.js(15,4860): error TS7006: Parameter 't' implicitly has an 'any' type.
generated/prisma/runtime/edge-esm.js(15,5027): error TS7006: Parameter 't' implicitly has an 'any' type.
generated/prisma/runtime/edge-esm.js(15,5029): error TS7006: Parameter 'r' implicitly has an 'any' type.
generated/prisma/runtime/edge-esm.js(15,5031): error TS7006: Parameter 'n' implicitly has an 'any' type.
generated/prisma/runtime/edge-esm.js(15,5230): error TS7006: Parameter 't' implicitly has an 'any' type.
generated/prisma/runtime/edge-esm.js(15,5416): error TS7006: Parameter 't' implicitly has an 'any' type.
generated/prisma/runtime/edge-esm.js(15,5488): error TS7006: Parameter 'e' implicitly has an 'any' type.
generated/prisma/runtime/edge-esm.js(15,6250): error TS7006: Parameter 'e' implicitly has an 'any' type.
generated/prisma/runtime/edge-esm.js(15,6252): error TS7006: Parameter 't' implicitly has an 'any' type.
generated/prisma/runtime/edge-esm.js(15,6378): error TS2345: Argument of type '{ code: any; clientVersion: any; }' is not assignable to parameter of type '{ code: any; clientVersion: any; meta: any; batchRequestIdx: any; }'.
  Type '{ code: any; clientVersion: any; }' is missing the following properties from type '{ code: any; clientVersion: any; meta: any; batchRequestIdx: any; }': meta, batchRequestIdx
generated/prisma/runtime/edge-esm.js(15,7446): error TS7053: Element implicitly has an 'any' type because expression of type 'any' can't be used to index type '{ IDParseError: string; NoQueryEngineFoundError: string; TransactionStartError: string; }'.
generated/prisma/runtime/edge-esm.js(15,7865): error TS7006: Parameter 'e' implicitly has an 'any' type.
generated/prisma/runtime/edge-esm.js(15,7867): error TS7006: Parameter 't' implicitly has an 'any' type.
generated/prisma/runtime/edge-esm.js(15,7962): error TS7006: Parameter 'e' implicitly has an 'any' type.
generated/prisma/runtime/edge-esm.js(15,8190): error TS7006: Parameter 'e' implicitly has an 'any' type.
generated/prisma/runtime/edge-esm.js(15,8293): error TS2532: Object is possibly 'undefined'.
generated/prisma/runtime/edge-esm.js(15,8302): error TS2532: Object is possibly 'undefined'.
generated/prisma/runtime/edge-esm.js(15,8312): error TS2532: Object is possibly 'undefined'.
generated/prisma/runtime/edge-esm.js(15,8379): error TS2532: Object is possibly 'undefined'.
generated/prisma/runtime/edge-esm.js(15,8385): error TS2532: Object is possibly 'undefined'.
generated/prisma/runtime/edge-esm.js(15,8426): error TS18048: 'g' is possibly 'undefined'.
generated/prisma/runtime/edge-esm.js(15,8439): error TS18048: 'g' is possibly 'undefined'.
generated/prisma/runtime/edge-esm.js(15,8450): error TS2532: Object is possibly 'undefined'.
generated/prisma/runtime/edge-esm.js(15,8456): error TS2532: Object is possibly 'undefined'.
generated/prisma/runtime/edge-esm.js(15,8477): error TS2532: Object is possibly 'undefined'.
generated/prisma/runtime/edge-esm.js(15,8485): error TS2532: Object is possibly 'undefined'.
generated/prisma/runtime/edge-esm.js(15,8537): error TS2532: Object is possibly 'undefined'.
generated/prisma/runtime/edge-esm.js(15,8543): error TS2532: Object is possibly 'undefined'.
generated/prisma/runtime/edge-esm.js(15,8594): error TS7006: Parameter 'e' implicitly has an 'any' type.
generated/prisma/runtime/edge-esm.js(15,8636): error TS7006: Parameter 'r' implicitly has an 'any' type.
generated/prisma/runtime/edge-esm.js(15,9229): error TS7006: Parameter 't' implicitly has an 'any' type.
generated/prisma/runtime/edge-esm.js(15,9231): error TS7006: Parameter 'r' implicitly has an 'any' type.
generated/prisma/runtime/edge-esm.js(16,57): error TS7006: Parameter 'e' implicitly has an 'any' type.
generated/prisma/runtime/edge-esm.js(16,59): error TS7006: Parameter 't' implicitly has an 'any' type.
generated/prisma/runtime/edge-esm.js(16,63): error TS7006: Parameter 'n' implicitly has an 'any' type.
generated/prisma/runtime/edge-esm.js(16,147): error TS18046: 's' is of type 'unknown'.
generated/prisma/runtime/edge-esm.js(16,312): error TS7006: Parameter 'e' implicitly has an 'any' type.
generated/prisma/runtime/edge-esm.js(16,314): error TS7006: Parameter 't' implicitly has an 'any' type.
generated/prisma/runtime/edge-esm.js(16,385): error TS7005: Variable 'y' implicitly has an 'any' type.
generated/prisma/runtime/edge-esm.js(16,443): error TS7017: Element implicitly has an 'any' type because type 'typeof globalThis' has no index signature.
generated/prisma/runtime/edge-esm.js(16,490): error TS7005: Variable 'y' implicitly has an 'any' type.
generated/prisma/runtime/edge-esm.js(16,548): error TS7017: Element implicitly has an 'any' type because type 'typeof globalThis' has no index signature.
generated/prisma/runtime/edge-esm.js(16,794): error TS18048: 's' is possibly 'undefined'.
generated/prisma/runtime/edge-esm.js(16,1342): error TS7006: Parameter 'e' implicitly has an 'any' type.
generated/prisma/runtime/edge-esm.js(16,1344): error TS7006: Parameter 't' implicitly has an 'any' type.
generated/prisma/runtime/edge-esm.js(16,1404): error TS7006: Parameter 'e' implicitly has an 'any' type.
generated/prisma/runtime/edge-esm.js(16,1658): error TS7008: Member 'remoteClientVersion' implicitly has an 'any' type.
generated/prisma/runtime/edge-esm.js(16,1678): error TS7008: Member 'host' implicitly has an 'any' type.
generated/prisma/runtime/edge-esm.js(16,1683): error TS7008: Member 'headerBuilder' implicitly has an 'any' type.
generated/prisma/runtime/edge-esm.js(16,1697): error TS7008: Member 'startPromise' implicitly has an 'any' type.
generated/prisma/runtime/edge-esm.js(16,1710): error TS7008: Member 'protocol' implicitly has an 'any' type.
generated/prisma/runtime/edge-esm.js(16,1731): error TS7006: Parameter 't' implicitly has an 'any' type.
generated/prisma/runtime/edge-esm.js(16,2624): error TS7006: Parameter 't' implicitly has an 'any' type.
generated/prisma/runtime/edge-esm.js(16,2659): error TS7006: Parameter 'r' implicitly has an 'any' type.
generated/prisma/runtime/edge-esm.js(16,3279): error TS7006: Parameter 't' implicitly has an 'any' type.
generated/prisma/runtime/edge-esm.js(16,4000): error TS7006: Parameter 't' implicitly has an 'any' type.
generated/prisma/runtime/edge-esm.js(16,4015): error TS7031: Binding element 'r' implicitly has an 'any' type.
generated/prisma/runtime/edge-esm.js(16,4040): error TS7031: Binding element 'n' implicitly has an 'any' type.
generated/prisma/runtime/edge-esm.js(16,4063): error TS7031: Binding element 'i' implicitly has an 'any' type.
generated/prisma/runtime/edge-esm.js(16,4186): error TS7006: Parameter 't' implicitly has an 'any' type.
generated/prisma/runtime/edge-esm.js(16,4201): error TS7031: Binding element 'r' implicitly has an 'any' type.
generated/prisma/runtime/edge-esm.js(16,4215): error TS7031: Binding element 'n' implicitly has an 'any' type.
generated/prisma/runtime/edge-esm.js(16,4238): error TS7031: Binding element 'i' implicitly has an 'any' type.
generated/prisma/runtime/edge-esm.js(16,4402): error TS7006: Parameter 'l' implicitly has an 'any' type.
generated/prisma/runtime/edge-esm.js(16,4556): error TS7031: Binding element 't' implicitly has an 'any' type.
generated/prisma/runtime/edge-esm.js(16,4570): error TS7031: Binding element 'r' implicitly has an 'any' type.
generated/prisma/runtime/edge-esm.js(16,4593): error TS7031: Binding element 'n' implicitly has an 'any' type.
generated/prisma/runtime/edge-esm.js(16,4618): error TS7031: Binding element 'i' implicitly has an 'any' type.
generated/prisma/runtime/edge-esm.js(16,4697): error TS7031: Binding element 'o' implicitly has an 'any' type.
generated/prisma/runtime/edge-esm.js(16,5251): error TS7006: Parameter 't' implicitly has an 'any' type.
generated/prisma/runtime/edge-esm.js(16,5253): error TS7006: Parameter 'r' implicitly has an 'any' type.
generated/prisma/runtime/edge-esm.js(16,5255): error TS7006: Parameter 'n' implicitly has an 'any' type.
generated/prisma/runtime/edge-esm.js(16,5366): error TS7053: Element implicitly has an 'any' type because expression of type 'any' can't be used to index type '{ start: string; commit: string; rollback: string; }'.
generated/prisma/runtime/edge-esm.js(16,5413): error TS7031: Binding element 'o' implicitly has an 'any' type.
generated/prisma/runtime/edge-esm.js(16,6521): error TS7006: Parameter 't' implicitly has an 'any' type.
generated/prisma/runtime/edge-esm.js(16,6548): error TS7006: Parameter 'i' implicitly has an 'any' type.
generated/prisma/runtime/edge-esm.js(16,7063): error TS7006: Parameter 't' implicitly has an 'any' type.
generated/prisma/runtime/edge-esm.js(16,7216): error TS7006: Parameter 't' implicitly has an 'any' type.
generated/prisma/runtime/edge-esm.js(16,7326): error TS2345: Argument of type '{ clientVersion: any; }' is not assignable to parameter of type '{ clientVersion: any; batchRequestIdx: any; }'.
  Property 'batchRequestIdx' is missing in type '{ clientVersion: any; }' but required in type '{ clientVersion: any; batchRequestIdx: any; }'.
generated/prisma/runtime/edge-esm.js(16,7476): error TS7031: Binding element 'e' implicitly has an 'any' type.
generated/prisma/runtime/edge-esm.js(16,7486): error TS7031: Binding element 't' implicitly has an 'any' type.
generated/prisma/runtime/edge-esm.js(16,7499): error TS7031: Binding element 'r' implicitly has an 'any' type.
generated/prisma/runtime/edge-esm.js(16,7517): error TS7031: Binding element 'n' implicitly has an 'any' type.
generated/prisma/runtime/edge-esm.js(16,7525): error TS7034: Variable 'i' implicitly has type 'any[]' in some locations where its type cannot be determined.
generated/prisma/runtime/edge-esm.js(16,7530): error TS7034: Variable 'o' implicitly has type 'any[]' in some locations where its type cannot be determined.
generated/prisma/runtime/edge-esm.js(16,7537): error TS7006: Parameter 'C' implicitly has an 'any' type.
generated/prisma/runtime/edge-esm.js(16,7577): error TS7006: Parameter 'C' implicitly has an 'any' type.
generated/prisma/runtime/edge-esm.js(17,1045): error TS7006: Parameter 'C' implicitly has an 'any' type.
generated/prisma/runtime/edge-esm.js(17,1075): error TS7005: Variable 'o' implicitly has an 'any[]' type.
generated/prisma/runtime/edge-esm.js(17,1107): error TS7005: Variable 'i' implicitly has an 'any[]' type.
generated/prisma/runtime/edge-esm.js(17,1116): error TS7005: Variable 'o' implicitly has an 'any[]' type.
generated/prisma/runtime/edge-esm.js(17,1159): error TS7005: Variable 'i' implicitly has an 'any[]' type.
generated/prisma/runtime/edge-esm.js(17,1203): error TS7006: Parameter 't' implicitly has an 'any' type.
generated/prisma/runtime/edge-esm.js(17,1319): error TS7005: Variable 'y' implicitly has an 'any' type.
generated/prisma/runtime/edge-esm.js(17,1517): error TS18048: 'o.errors' is possibly 'undefined'.
generated/prisma/runtime/edge-esm.js(17,1796): error TS7031: Binding element 'e' implicitly has an 'any' type.
generated/prisma/runtime/edge-esm.js(17,1857): error TS7006: Parameter 'e' implicitly has an 'any' type.
generated/prisma/runtime/edge-esm.js(17,1921): error TS7006: Parameter 'e' implicitly has an 'any' type.
generated/prisma/runtime/edge-esm.js(17,1942): error TS7006: Parameter 't' implicitly has an 'any' type.
generated/prisma/runtime/edge-esm.js(17,1944): error TS7006: Parameter 'r' implicitly has an 'any' type.
generated/prisma/runtime/edge-esm.js(17,1946): error TS7006: Parameter 'n' implicitly has an 'any' type.
generated/prisma/runtime/edge-esm.js(17,2000): error TS7006: Parameter 'e' implicitly has an 'any' type.
generated/prisma/runtime/edge-esm.js(17,2066): error TS7006: Parameter 'e' implicitly has an 'any' type.
generated/prisma/runtime/edge-esm.js(17,2068): error TS7006: Parameter 't' implicitly has an 'any' type.
generated/prisma/runtime/edge-esm.js(17,2099): error TS7006: Parameter 'r' implicitly has an 'any' type.
generated/prisma/runtime/edge-esm.js(17,2121): error TS7023: '$s' implicitly has return type 'any' because it does not have a return type annotation and is referenced directly or indirectly in one of its return expressions.
generated/prisma/runtime/edge-esm.js(17,2124): error TS7006: Parameter 'e' implicitly has an 'any' type.
generated/prisma/runtime/edge-esm.js(17,2126): error TS7006: Parameter 't' implicitly has an 'any' type.
generated/prisma/runtime/edge-esm.js(17,2162): error TS7024: Function implicitly has return type 'any' because it does not have a return type annotation and is referenced directly or indirectly in one of its return expressions.
generated/prisma/runtime/edge-esm.js(17,2393): error TS7005: Variable 'w' implicitly has an 'any' type.
generated/prisma/runtime/edge-esm.js(17,2529): error TS7005: Variable 'w' implicitly has an 'any' type.
generated/prisma/runtime/edge-esm.js(17,2676): error TS7005: Variable 'w' implicitly has an 'any' type.
generated/prisma/runtime/edge-esm.js(17,2775): error TS7006: Parameter 'e' implicitly has an 'any' type.
generated/prisma/runtime/edge-esm.js(17,2969): error TS7023: 'js' implicitly has return type 'any' because it does not have a return type annotation and is referenced directly or indirectly in one of its return expressions.
generated/prisma/runtime/edge-esm.js(17,2972): error TS7006: Parameter 'e' implicitly has an 'any' type.
generated/prisma/runtime/edge-esm.js(17,3139): error TS7053: Element implicitly has an 'any' type because expression of type 'string' can't be used to index type '{}'.
  No index signature with a parameter of type 'string' was found on type '{}'.
generated/prisma/runtime/edge-esm.js(17,3171): error TS7023: 'Vs' implicitly has return type 'any' because it does not have a return type annotation and is referenced directly or indirectly in one of its return expressions.
generated/prisma/runtime/edge-esm.js(17,3174): error TS7006: Parameter 'e' implicitly has an 'any' type.
generated/prisma/runtime/edge-esm.js(17,3280): error TS7006: Parameter 'e' implicitly has an 'any' type.
generated/prisma/runtime/edge-esm.js(17,3282): error TS7006: Parameter 't' implicitly has an 'any' type.
generated/prisma/runtime/edge-esm.js(17,3284): error TS7006: Parameter 'r' implicitly has an 'any' type.
generated/prisma/runtime/edge-esm.js(17,3286): error TS7006: Parameter 'n' implicitly has an 'any' type.
generated/prisma/runtime/edge-esm.js(24,26): error TS7031: Binding element 'e' implicitly has an 'any' type.
generated/prisma/runtime/edge-esm.js(24,43): error TS7031: Binding element 't' implicitly has an 'any' type.
generated/prisma/runtime/edge-esm.js(24,48): error TS7006: Parameter 'r' implicitly has an 'any' type.
generated/prisma/runtime/edge-esm.js(24,729): error TS7006: Parameter 'e' implicitly has an 'any' type.
generated/prisma/runtime/edge-esm.js(24,791): error TS7006: Parameter 'e' implicitly has an 'any' type.
generated/prisma/runtime/edge-esm.js(24,861): error TS7006: Parameter 'e' implicitly has an 'any' type.
generated/prisma/runtime/edge-esm.js(24,903): error TS7006: Parameter 'e' implicitly has an 'any' type.
generated/prisma/runtime/edge-esm.js(24,952): error TS7006: Parameter 'e' implicitly has an 'any' type.
generated/prisma/runtime/edge-esm.js(24,971): error TS7006: Parameter 'r' implicitly has an 'any' type.
generated/prisma/runtime/edge-esm.js(24,973): error TS7006: Parameter 'n' implicitly has an 'any' type.
generated/prisma/runtime/edge-esm.js(24,1122): error TS7006: Parameter 's' implicitly has an 'any' type.
generated/prisma/runtime/edge-esm.js(24,1124): error TS7006: Parameter 'a' implicitly has an 'any' type.
generated/prisma/runtime/edge-esm.js(24,1155): error TS7006: Parameter 's' implicitly has an 'any' type.
generated/prisma/runtime/edge-esm.js(24,1187): error TS7006: Parameter 's' implicitly has an 'any' type.
generated/prisma/runtime/edge-esm.js(24,1232): error TS7006: Parameter 's' implicitly has an 'any' type.
generated/prisma/runtime/edge-esm.js(24,1352): error TS7006: Parameter 'e' implicitly has an 'any' type.
generated/prisma/runtime/edge-esm.js(24,1577): error TS7006: Parameter 'e' implicitly has an 'any' type.
generated/prisma/runtime/edge-esm.js(24,1579): error TS7006: Parameter 't' implicitly has an 'any' type.
generated/prisma/runtime/edge-esm.js(24,1680): error TS7006: Parameter 't' implicitly has an 'any' type.
generated/prisma/runtime/edge-esm.js(24,1758): error TS7006: Parameter 't' implicitly has an 'any' type.
generated/prisma/runtime/edge-esm.js(24,1911): error TS7006: Parameter 't' implicitly has an 'any' type.
generated/prisma/runtime/edge-esm.js(24,1913): error TS7006: Parameter 'r' implicitly has an 'any' type.
generated/prisma/runtime/edge-esm.js(24,2004): error TS7053: Element implicitly has an 'any' type because expression of type '`V${any}_PRISMA_INSTRUMENTATION`' can't be used to index type 'typeof globalThis'.
generated/prisma/runtime/edge-esm.js(24,2061): error TS7017: Element implicitly has an 'any' type because type 'typeof globalThis' has no index signature.
generated/prisma/runtime/edge-esm.js(24,2178): error TS7006: Parameter 'e' implicitly has an 'any' type.
generated/prisma/runtime/edge-esm.js(24,2194): error TS7034: Variable 'r' implicitly has type 'any' in some locations where its type cannot be determined.
generated/prisma/runtime/edge-esm.js(24,2230): error TS7006: Parameter 'i' implicitly has an 'any' type.
generated/prisma/runtime/edge-esm.js(24,2248): error TS7005: Variable 'r' implicitly has an 'any' type.
generated/prisma/runtime/edge-esm.js(24,2296): error TS7006: Parameter 'e' implicitly has an 'any' type.
generated/prisma/runtime/edge-esm.js(24,2337): error TS7006: Parameter 't' implicitly has an 'any' type.
generated/prisma/runtime/edge-esm.js(24,2339): error TS7006: Parameter 'r' implicitly has an 'any' type.
generated/prisma/runtime/edge-esm.js(24,2498): error TS7006: Parameter 'e' implicitly has an 'any' type.
generated/prisma/runtime/edge-esm.js(24,2575): error TS7006: Parameter 'e' implicitly has an 'any' type.
generated/prisma/runtime/edge-esm.js(24,2792): error TS7023: 'ni' implicitly has return type 'any' because it does not have a return type annotation and is referenced directly or indirectly in one of its return expressions.
generated/prisma/runtime/edge-esm.js(24,2795): error TS7006: Parameter 'e' implicitly has an 'any' type.
generated/prisma/runtime/edge-esm.js(24,2834): error TS7024: Function implicitly has return type 'any' because it does not have a return type annotation and is referenced directly or indirectly in one of its return expressions.
generated/prisma/runtime/edge-esm.js(24,3275): error TS7006: Parameter 'e' implicitly has an 'any' type.
generated/prisma/runtime/edge-esm.js(24,3285): error TS7053: Element implicitly has an 'any' type because expression of type 'any' can't be used to index type '{ aggregate: boolean; aggregateRaw: boolean; createMany: boolean; createManyAndReturn: boolean; createOne: boolean; deleteMany: boolean; deleteOne: boolean; executeRaw: boolean; findFirst: boolean; ... 11 more ...; upsertOne: boolean; }'.
generated/prisma/runtime/edge-esm.js(24,3336): error TS7006: Parameter 't' implicitly has an 'any' type.
generated/prisma/runtime/edge-esm.js(24,3400): error TS7006: Parameter 't' implicitly has an 'any' type.
generated/prisma/runtime/edge-esm.js(24,3443): error TS7053: Element implicitly has an 'any' type because expression of type 'any' can't be used to index type '{}'.
generated/prisma/runtime/edge-esm.js(24,3461): error TS7053: Element implicitly has an 'any' type because expression of type 'any' can't be used to index type '{}'.
generated/prisma/runtime/edge-esm.js(24,3517): error TS7005: Variable 'y' implicitly has an 'any' type.
generated/prisma/runtime/edge-esm.js(24,3599): error TS7053: Element implicitly has an 'any' type because expression of type 'any' can't be used to index type '{}'.
generated/prisma/runtime/edge-esm.js(24,3735): error TS7053: Element implicitly has an 'any' type because expression of type 'string' can't be used to index type '{}'.
  No index signature with a parameter of type 'string' was found on type '{}'.
generated/prisma/runtime/edge-esm.js(24,3758): error TS7053: Element implicitly has an 'any' type because expression of type 'string' can't be used to index type '{}'.
  No index signature with a parameter of type 'string' was found on type '{}'.
generated/prisma/runtime/edge-esm.js(24,3832): error TS7006: Parameter 'n' implicitly has an 'any' type.
generated/prisma/runtime/edge-esm.js(24,3894): error TS7006: Parameter 'n' implicitly has an 'any' type.
generated/prisma/runtime/edge-esm.js(24,3924): error TS7006: Parameter 'n' implicitly has an 'any' type.
generated/prisma/runtime/edge-esm.js(24,3926): error TS7006: Parameter 'i' implicitly has an 'any' type.
generated/prisma/runtime/edge-esm.js(24,4007): error TS7006: Parameter 'n' implicitly has an 'any' type.
generated/prisma/runtime/edge-esm.js(24,4027): error TS7006: Parameter 'n' implicitly has an 'any' type.
generated/prisma/runtime/edge-esm.js(24,4198): error TS7006: Parameter 'n' implicitly has an 'any' type.
generated/prisma/runtime/edge-esm.js(24,4327): error TS7006: Parameter 'e' implicitly has an 'any' type.
generated/prisma/runtime/edge-esm.js(24,4329): error TS7006: Parameter 't' implicitly has an 'any' type.
generated/prisma/runtime/edge-esm.js(24,4446): error TS7005: Variable 'w' implicitly has an 'any' type.
generated/prisma/runtime/edge-esm.js(24,4656): error TS7006: Parameter 'r' implicitly has an 'any' type.
generated/prisma/runtime/edge-esm.js(24,4706): error TS7006: Parameter 'r' implicitly has an 'any' type.
generated/prisma/runtime/edge-esm.js(24,4757): error TS7006: Parameter 'r' implicitly has an 'any' type.
generated/prisma/runtime/edge-esm.js(24,4811): error TS7006: Parameter 'r' implicitly has an 'any' type.
generated/prisma/runtime/edge-esm.js(24,4862): error TS7006: Parameter 'r' implicitly has an 'any' type.
generated/prisma/runtime/edge-esm.js(24,4909): error TS7006: Parameter 'r' implicitly has an 'any' type.
generated/prisma/runtime/edge-esm.js(24,4956): error TS7006: Parameter 'e' implicitly has an 'any' type.
generated/prisma/runtime/edge-esm.js(24,5061): error TS7053: Element implicitly has an 'any' type because expression of type 'any' can't be used to index type '{}'.
generated/prisma/runtime/edge-esm.js(24,5128): error TS7006: Parameter 'e' implicitly has an 'any' type.
generated/prisma/runtime/edge-esm.js(24,5175): error TS7053: Element implicitly has an 'any' type because expression of type 'any' can't be used to index type '{}'.
generated/prisma/runtime/edge-esm.js(24,5297): error TS7006: Parameter 't' implicitly has an 'any' type.
generated/prisma/runtime/edge-esm.js(24,5299): error TS7006: Parameter 'r' implicitly has an 'any' type.
generated/prisma/runtime/edge-esm.js(24,5389): error TS7031: Binding element 'n' implicitly has an 'any' type.
generated/prisma/runtime/edge-esm.js(24,5412): error TS7031: Binding element 'i' implicitly has an 'any' type.
generated/prisma/runtime/edge-esm.js(24,5466): error TS7006: Parameter 'h' implicitly has an 'any' type.
generated/prisma/runtime/edge-esm.js(24,5542): error TS7006: Parameter 'h' implicitly has an 'any' type.
generated/prisma/runtime/edge-esm.js(24,5701): error TS7006: Parameter 'h' implicitly has an 'any' type.
generated/prisma/runtime/edge-esm.js(24,5703): error TS7006: Parameter 'T' implicitly has an 'any' type.
generated/prisma/runtime/edge-esm.js(24,5826): error TS7006: Parameter 'n' implicitly has an 'any' type.
generated/prisma/runtime/edge-esm.js(24,6151): error TS7006: Parameter 'n' implicitly has an 'any' type.
generated/prisma/runtime/edge-esm.js(24,6237): error TS7006: Parameter 'n' implicitly has an 'any' type.
generated/prisma/runtime/edge-esm.js(24,6239): error TS7006: Parameter 'i' implicitly has an 'any' type.
generated/prisma/runtime/edge-esm.js(24,6369): error TS7006: Parameter 't' implicitly has an 'any' type.
generated/prisma/runtime/edge-esm.js(24,6647): error TS7031: Binding element 't' implicitly has an 'any' type.
generated/prisma/runtime/edge-esm.js(24,6658): error TS7031: Binding element 'r' implicitly has an 'any' type.
generated/prisma/runtime/edge-esm.js(24,6661): error TS7006: Parameter 'n' implicitly has an 'any' type.
generated/prisma/runtime/edge-esm.js(24,6706): error TS7005: Variable 'y' implicitly has an 'any' type.
generated/prisma/runtime/edge-esm.js(24,6771): error TS7006: Parameter 't' implicitly has an 'any' type.
generated/prisma/runtime/edge-esm.js(24,6875): error TS18046: 'r' is of type 'unknown'.
generated/prisma/runtime/edge-esm.js(24,6957): error TS7031: Binding element 't' implicitly has an 'any' type.
generated/prisma/runtime/edge-esm.js(24,6972): error TS7031: Binding element 'r' implicitly has an 'any' type.
generated/prisma/runtime/edge-esm.js(24,6983): error TS7031: Binding element 'n' implicitly has an 'any' type.
generated/prisma/runtime/edge-esm.js(24,6997): error TS7031: Binding element 'i' implicitly has an 'any' type.
generated/prisma/runtime/edge-esm.js(24,7004): error TS7031: Binding element 'o' implicitly has an 'any' type.
generated/prisma/runtime/edge-esm.js(24,7016): error TS7031: Binding element 's' implicitly has an 'any' type.
generated/prisma/runtime/edge-esm.js(24,7029): error TS7031: Binding element 'a' implicitly has an 'any' type.
generated/prisma/runtime/edge-esm.js(24,7927): error TS7006: Parameter 't' implicitly has an 'any' type.
generated/prisma/runtime/edge-esm.js(24,8014): error TS7006: Parameter 't' implicitly has an 'any' type.
generated/prisma/runtime/edge-esm.js(24,8016): error TS7006: Parameter 'r' implicitly has an 'any' type.
generated/prisma/runtime/edge-esm.js(24,8018): error TS7006: Parameter 'n' implicitly has an 'any' type.
generated/prisma/runtime/edge-esm.js(24,8118): error TS7006: Parameter 'd' implicitly has an 'any' type.
generated/prisma/runtime/edge-esm.js(24,8268): error TS7006: Parameter 'e' implicitly has an 'any' type.
generated/prisma/runtime/edge-esm.js(24,8457): error TS7006: Parameter 'e' implicitly has an 'any' type.
generated/prisma/runtime/edge-esm.js(24,8506): error TS7006: Parameter 'e' implicitly has an 'any' type.
generated/prisma/runtime/edge-esm.js(24,8508): error TS7006: Parameter 't' implicitly has an 'any' type.
generated/prisma/runtime/edge-esm.js(24,8584): error TS7006: Parameter 'e' implicitly has an 'any' type.
generated/prisma/runtime/edge-esm.js(24,8641): error TS7006: Parameter 'e' implicitly has an 'any' type.
generated/prisma/runtime/edge-esm.js(24,8933): error TS7006: Parameter 't' implicitly has an 'any' type.
generated/prisma/runtime/edge-esm.js(25,423): error TS7006: Parameter 'e' implicitly has an 'any' type.
generated/prisma/runtime/edge-esm.js(25,442): error TS7031: Binding element 't' implicitly has an 'any' type.
generated/prisma/runtime/edge-esm.js(28,71): error TS7006: Parameter 'e' implicitly has an 'any' type.
generated/prisma/runtime/edge-esm.js(28,73): error TS7006: Parameter 't' implicitly has an 'any' type.
generated/prisma/runtime/edge-esm.js(28,519): error TS7006: Parameter 'e' implicitly has an 'any' type.
generated/prisma/runtime/edge-esm.js(29,46): error TS7006: Parameter 'e' implicitly has an 'any' type.
generated/prisma/runtime/edge-esm.js(29,308): error TS7006: Parameter 'e' implicitly has an 'any' type.
generated/prisma/runtime/edge-esm.js(29,455): error TS7006: Parameter 'r' implicitly has an 'any' type.
generated/prisma/runtime/edge-esm.js(29,637): error TS7006: Parameter 'i' implicitly has an 'any' type.
generated/prisma/runtime/edge-esm.js(29,878): error TS7053: Element implicitly has an 'any' type because expression of type 'string' can't be used to index type '{ level: (r: any) => void; emit: (i: any) => void; }'.
  No index signature with a parameter of type 'string' was found on type '{ level: (r: any) => void; emit: (i: any) => void; }'.
generated/prisma/runtime/edge-esm.js(29,883): error TS7053: Element implicitly has an 'any' type because expression of type 'string' can't be used to index type '{ level: (r: any) => void; emit: (i: any) => void; }'.
  No index signature with a parameter of type 'string' was found on type '{ level: (r: any) => void; emit: (i: any) => void; }'.
generated/prisma/runtime/edge-esm.js(29,1001): error TS7006: Parameter 'e' implicitly has an 'any' type.
generated/prisma/runtime/edge-esm.js(29,1377): error TS7006: Parameter 'e' implicitly has an 'any' type.
generated/prisma/runtime/edge-esm.js(29,1379): error TS7006: Parameter 't' implicitly has an 'any' type.
generated/prisma/runtime/edge-esm.js(29,1708): error TS7006: Parameter 'd' implicitly has an 'any' type.
generated/prisma/runtime/edge-esm.js(29,2002): error TS7006: Parameter 'e' implicitly has an 'any' type.
generated/prisma/runtime/edge-esm.js(29,2369): error TS7006: Parameter 'e' implicitly has an 'any' type.
generated/prisma/runtime/edge-esm.js(29,2371): error TS7006: Parameter 't' implicitly has an 'any' type.
generated/prisma/runtime/edge-esm.js(29,2522): error TS7053: Element implicitly has an 'any' type because expression of type 'string' can't be used to index type '{ datasources: (e: any, { datasourceNames: t }: { datasourceNames: any; }) => void; adapter: (e: any, t: any) => void; datasourceUrl: (e: any) => void; errorFormat: (e: any) => void; log: (e: any) => void; transactionOptions: (e: any) => void; omit: (e: any, t: any) => void; __internal: (e: any) => void; }'.
  No index signature with a parameter of type 'string' was found on type '{ datasources: (e: any, { datasourceNames: t }: { datasourceNames: any; }) => void; adapter: (e: any, t: any) => void; datasourceUrl: (e: any) => void; errorFormat: (e: any) => void; log: (e: any) => void; transactionOptions: (e: any) => void; omit: (e: any, t: any) => void; __internal: (e: any) => void; }'.
generated/prisma/runtime/edge-esm.js(29,2683): error TS7006: Parameter 'e' implicitly has an 'any' type.
generated/prisma/runtime/edge-esm.js(29,2685): error TS7006: Parameter 't' implicitly has an 'any' type.
generated/prisma/runtime/edge-esm.js(29,2795): error TS7006: Parameter 'e' implicitly has an 'any' type.
generated/prisma/runtime/edge-esm.js(29,2797): error TS7006: Parameter 't' implicitly has an 'any' type.
generated/prisma/runtime/edge-esm.js(29,2840): error TS7006: Parameter 'i' implicitly has an 'any' type.
generated/prisma/runtime/edge-esm.js(29,2893): error TS7006: Parameter 'i' implicitly has an 'any' type.
generated/prisma/runtime/edge-esm.js(29,2895): error TS7006: Parameter 'o' implicitly has an 'any' type.
generated/prisma/runtime/edge-esm.js(29,2983): error TS7006: Parameter 'e' implicitly has an 'any' type.
generated/prisma/runtime/edge-esm.js(29,2985): error TS7006: Parameter 't' implicitly has an 'any' type.
generated/prisma/runtime/edge-esm.js(29,3037): error TS7006: Parameter 'e' implicitly has an 'any' type.
generated/prisma/runtime/edge-esm.js(29,3039): error TS7006: Parameter 't' implicitly has an 'any' type.
generated/prisma/runtime/edge-esm.js(29,3111): error TS7006: Parameter 'e' implicitly has an 'any' type.
generated/prisma/runtime/edge-esm.js(29,3113): error TS7006: Parameter 't' implicitly has an 'any' type.
generated/prisma/runtime/edge-esm.js(33,39): error TS7006: Parameter 'e' implicitly has an 'any' type.
generated/prisma/runtime/edge-esm.js(33,128): error TS7034: Variable 'i' implicitly has type 'any' in some locations where its type cannot be determined.
generated/prisma/runtime/edge-esm.js(33,179): error TS7005: Variable 'i' implicitly has an 'any' type.
generated/prisma/runtime/edge-esm.js(33,196): error TS7006: Parameter 'd' implicitly has an 'any' type.
generated/prisma/runtime/edge-esm.js(33,253): error TS7006: Parameter 'g' implicitly has an 'any' type.
generated/prisma/runtime/edge-esm.js(33,269): error TS7006: Parameter 'g' implicitly has an 'any' type.
generated/prisma/runtime/edge-esm.js(33,324): error TS7005: Variable 'i' implicitly has an 'any' type.
generated/prisma/runtime/edge-esm.js(33,409): error TS7017: Element implicitly has an 'any' type because type 'typeof globalThis' has no index signature.
generated/prisma/runtime/edge-esm.js(33,461): error TS7006: Parameter 'e' implicitly has an 'any' type.
generated/prisma/runtime/edge-esm.js(33,494): error TS7006: Parameter 'e' implicitly has an 'any' type.
generated/prisma/runtime/edge-esm.js(33,594): error TS7006: Parameter 'e' implicitly has an 'any' type.
generated/prisma/runtime/edge-esm.js(33,660): error TS7008: Member '_connectionPromise' implicitly has an 'any' type.
generated/prisma/runtime/edge-esm.js(33,679): error TS7008: Member '_disconnectionPromise' implicitly has an 'any' type.
generated/prisma/runtime/edge-esm.js(33,900): error TS7006: Parameter 'n' implicitly has an 'any' type.
generated/prisma/runtime/edge-esm.js(33,970): error TS7005: Variable 'Vr' implicitly has an 'any' type.
generated/prisma/runtime/edge-esm.js(33,1249): error TS7005: Variable 'pr' implicitly has an 'any' type.
generated/prisma/runtime/edge-esm.js(33,1350): error TS7005: Variable 'pr' implicitly has an 'any' type.
generated/prisma/runtime/edge-esm.js(33,2067): error TS2339: Property 'enable' does not exist on type '(e: any) => (...n: any[]) => void'.
generated/prisma/runtime/edge-esm.js(33,2097): error TS7005: Variable 'pr' implicitly has an 'any' type.
generated/prisma/runtime/edge-esm.js(33,2134): error TS7005: Variable 'ji' implicitly has an 'any' type.
generated/prisma/runtime/edge-esm.js(33,2304): error TS7005: Variable 'y' implicitly has an 'any' type.
generated/prisma/runtime/edge-esm.js(33,2362): error TS7005: Variable 'y' implicitly has an 'any' type.
generated/prisma/runtime/edge-esm.js(33,2796): error TS7006: Parameter 'I' implicitly has an 'any' type.
generated/prisma/runtime/edge-esm.js(33,3998): error TS7006: Parameter 'C' implicitly has an 'any' type.
generated/prisma/runtime/edge-esm.js(33,4005): error TS2339: Property 'log' does not exist on type '{}'.
generated/prisma/runtime/edge-esm.js(33,4015): error TS2339: Property 'tags' does not exist on type '{}'.
generated/prisma/runtime/edge-esm.js(33,4067): error TS18046: 'l' is of type 'unknown'.
generated/prisma/runtime/edge-esm.js(33,4192): error TS7006: Parameter 'n' implicitly has an 'any' type.
generated/prisma/runtime/edge-esm.js(33,4194): error TS7006: Parameter 'i' implicitly has an 'any' type.
generated/prisma/runtime/edge-esm.js(33,4247): error TS2554: Expected 0 arguments, but got 1.
generated/prisma/runtime/edge-esm.js(33,4354): error TS18046: 'n' is of type 'unknown'.
generated/prisma/runtime/edge-esm.js(33,4458): error TS18046: 'n' is of type 'unknown'.
generated/prisma/runtime/edge-esm.js(33,4530): error TS7006: Parameter 'n' implicitly has an 'any' type.
generated/prisma/runtime/edge-esm.js(33,4532): error TS7006: Parameter 'i' implicitly has an 'any' type.
generated/prisma/runtime/edge-esm.js(33,4534): error TS7006: Parameter 'o' implicitly has an 'any' type.
generated/prisma/runtime/edge-esm.js(33,4536): error TS7006: Parameter 's' implicitly has an 'any' type.
generated/prisma/runtime/edge-esm.js(33,4773): error TS7006: Parameter 'n' implicitly has an 'any' type.
generated/prisma/runtime/edge-esm.js(33,4775): error TS7019: Rest parameter 'i' implicitly has an 'any[]' type.
generated/prisma/runtime/edge-esm.js(33,4814): error TS7006: Parameter 'o' implicitly has an 'any' type.
generated/prisma/runtime/edge-esm.js(33,5416): error TS7006: Parameter 'n' implicitly has an 'any' type.
generated/prisma/runtime/edge-esm.js(33,5418): error TS7019: Rest parameter 'i' implicitly has an 'any[]' type.
generated/prisma/runtime/edge-esm.js(33,5457): error TS7006: Parameter 'o' implicitly has an 'any' type.
generated/prisma/runtime/edge-esm.js(33,5611): error TS7006: Parameter 'n' implicitly has an 'any' type.
generated/prisma/runtime/edge-esm.js(33,5823): error TS7006: Parameter 'i' implicitly has an 'any' type.
generated/prisma/runtime/edge-esm.js(33,5999): error TS7006: Parameter 'n' implicitly has an 'any' type.
generated/prisma/runtime/edge-esm.js(33,6001): error TS7006: Parameter 'i' implicitly has an 'any' type.
generated/prisma/runtime/edge-esm.js(33,6003): error TS7006: Parameter 'o' implicitly has an 'any' type.
generated/prisma/runtime/edge-esm.js(33,6005): error TS7006: Parameter 's' implicitly has an 'any' type.
generated/prisma/runtime/edge-esm.js(33,6238): error TS7006: Parameter 'n' implicitly has an 'any' type.
generated/prisma/runtime/edge-esm.js(33,6240): error TS7019: Rest parameter 'i' implicitly has an 'any[]' type.
generated/prisma/runtime/edge-esm.js(33,6279): error TS7006: Parameter 'o' implicitly has an 'any' type.
generated/prisma/runtime/edge-esm.js(33,6739): error TS7006: Parameter 'n' implicitly has an 'any' type.
generated/prisma/runtime/edge-esm.js(33,6775): error TS7006: Parameter 'i' implicitly has an 'any' type.
generated/prisma/runtime/edge-esm.js(33,7019): error TS7006: Parameter 'n' implicitly has an 'any' type.
generated/prisma/runtime/edge-esm.js(33,7021): error TS7019: Rest parameter 'i' implicitly has an 'any[]' type.
generated/prisma/runtime/edge-esm.js(33,7060): error TS7006: Parameter 'o' implicitly has an 'any' type.
generated/prisma/runtime/edge-esm.js(33,7149): error TS7031: Binding element 'n' implicitly has an 'any' type.
generated/prisma/runtime/edge-esm.js(33,7159): error TS7031: Binding element 'i' implicitly has an 'any' type.
generated/prisma/runtime/edge-esm.js(33,7205): error TS7006: Parameter 'l' implicitly has an 'any' type.
generated/prisma/runtime/edge-esm.js(33,7207): error TS7006: Parameter 'd' implicitly has an 'any' type.
generated/prisma/runtime/edge-esm.js(33,7680): error TS7031: Binding element 'n' implicitly has an 'any' type.
generated/prisma/runtime/edge-esm.js(33,7690): error TS7031: Binding element 'i' implicitly has an 'any' type.
generated/prisma/runtime/edge-esm.js(33,8235): error TS7006: Parameter 'n' implicitly has an 'any' type.
generated/prisma/runtime/edge-esm.js(33,8408): error TS7006: Parameter 'n' implicitly has an 'any' type.
generated/prisma/runtime/edge-esm.js(33,8410): error TS7006: Parameter 'i' implicitly has an 'any' type.
generated/prisma/runtime/edge-esm.js(33,8971): error TS7006: Parameter 'n' implicitly has an 'any' type.
generated/prisma/runtime/edge-esm.js(33,9323): error TS7006: Parameter 'l' implicitly has an 'any' type.
generated/prisma/runtime/edge-esm.js(33,9751): error TS7031: Binding element 'n' implicitly has an 'any' type.
generated/prisma/runtime/edge-esm.js(33,9766): error TS7031: Binding element 'i' implicitly has an 'any' type.
generated/prisma/runtime/edge-esm.js(33,9777): error TS7031: Binding element 'o' implicitly has an 'any' type.
generated/prisma/runtime/edge-esm.js(33,9788): error TS7031: Binding element 's' implicitly has an 'any' type.
generated/prisma/runtime/edge-esm.js(33,9797): error TS7031: Binding element 'a' implicitly has an 'any' type.
generated/prisma/runtime/edge-esm.js(33,9805): error TS7031: Binding element 'l' implicitly has an 'any' type.
generated/prisma/runtime/edge-esm.js(33,9818): error TS7031: Binding element 'd' implicitly has an 'any' type.
generated/prisma/runtime/edge-esm.js(33,9832): error TS7031: Binding element 'g' implicitly has an 'any' type.
generated/prisma/runtime/edge-esm.js(33,9843): error TS7031: Binding element 'h' implicitly has an 'any' type.
generated/prisma/runtime/edge-esm.js(33,9859): error TS7031: Binding element 'T' implicitly has an 'any' type.
generated/prisma/runtime/edge-esm.js(33,9882): error TS7031: Binding element 'I' implicitly has an 'any' type.
generated/prisma/runtime/edge-esm.js(33,10237): error TS2339: Property 'enabled' does not exist on type '(e: any) => (...n: any[]) => void'.
generated/prisma/runtime/edge-esm.js(34,337): error TS18046: 'S' is of type 'unknown'.
generated/prisma/runtime/edge-esm.js(34,414): error TS7006: Parameter 'n' implicitly has an 'any' type.
generated/prisma/runtime/edge-esm.js(34,577): error TS7006: Parameter 'e' implicitly has an 'any' type.
generated/prisma/runtime/edge-esm.js(34,579): error TS7006: Parameter 't' implicitly has an 'any' type.
generated/prisma/runtime/edge-esm.js(34,631): error TS7006: Parameter 'e' implicitly has an 'any' type.
generated/prisma/runtime/edge-esm.js(34,675): error TS2339: Property 'raw' does not exist on type 'any[]'.
generated/prisma/runtime/edge-esm.js(34,848): error TS7006: Parameter 'e' implicitly has an 'any' type.
generated/prisma/runtime/edge.js(5,209): error TS7006: Parameter 'e' implicitly has an 'any' type.
generated/prisma/runtime/edge.js(5,211): error TS7006: Parameter 't' implicitly has an 'any' type.
generated/prisma/runtime/edge.js(5,245): error TS7006: Parameter 'e' implicitly has an 'any' type.
generated/prisma/runtime/edge.js(5,247): error TS7006: Parameter 't' implicitly has an 'any' type.
generated/prisma/runtime/edge.js(5,304): error TS7006: Parameter 'e' implicitly has an 'any' type.
generated/prisma/runtime/edge.js(5,306): error TS7006: Parameter 't' implicitly has an 'any' type.
generated/prisma/runtime/edge.js(5,364): error TS7006: Parameter 'e' implicitly has an 'any' type.
generated/prisma/runtime/edge.js(5,366): error TS7006: Parameter 't' implicitly has an 'any' type.
generated/prisma/runtime/edge.js(5,368): error TS7006: Parameter 'r' implicitly has an 'any' type.
generated/prisma/runtime/edge.js(5,370): error TS7006: Parameter 'n' implicitly has an 'any' type.
generated/prisma/runtime/edge.js(5,542): error TS7006: Parameter 'e' implicitly has an 'any' type.
generated/prisma/runtime/edge.js(5,544): error TS7006: Parameter 't' implicitly has an 'any' type.
generated/prisma/runtime/edge.js(5,546): error TS7006: Parameter 'r' implicitly has an 'any' type.
generated/prisma/runtime/edge.js(5,647): error TS7006: Parameter 'e' implicitly has an 'any' type.
generated/prisma/runtime/edge.js(5,691): error TS7034: Variable 'y' implicitly has type 'any' in some locations where its type cannot be determined.
generated/prisma/runtime/edge.js(5,731): error TS7006: Parameter 'e' implicitly has an 'any' type.
generated/prisma/runtime/edge.js(5,733): error TS7019: Rest parameter 't' implicitly has an 'any[]' type.
generated/prisma/runtime/edge.js(5,1056): error TS7006: Parameter 'ze' implicitly has an 'any' type.
generated/prisma/runtime/edge.js(5,1102): error TS7006: Parameter 'e' implicitly has an 'any' type.
generated/prisma/runtime/edge.js(5,1104): error TS7006: Parameter 't' implicitly has an 'any' type.
generated/prisma/runtime/edge.js(5,1163): error TS7006: Parameter 'e' implicitly has an 'any' type.
generated/prisma/runtime/edge.js(5,1233): error TS7034: Variable 't' implicitly has type 'any[]' in some locations where its type cannot be determined.
generated/prisma/runtime/edge.js(5,1238): error TS7034: Variable 'r' implicitly has type 'any[]' in some locations where its type cannot be determined.
generated/prisma/runtime/edge.js(5,1448): error TS7006: Parameter 'S' implicitly has an 'any' type.
generated/prisma/runtime/edge.js(5,1619): error TS7006: Parameter 'S' implicitly has an 'any' type.
generated/prisma/runtime/edge.js(5,1676): error TS7006: Parameter 'S' implicitly has an 'any' type.
generated/prisma/runtime/edge.js(5,1678): error TS7006: Parameter 'C' implicitly has an 'any' type.
generated/prisma/runtime/edge.js(5,1680): error TS7006: Parameter 'M' implicitly has an 'any' type.
generated/prisma/runtime/edge.js(5,1712): error TS7006: Parameter 'S' implicitly has an 'any' type.
generated/prisma/runtime/edge.js(5,1799): error TS7005: Variable 'r' implicitly has an 'any[]' type.
generated/prisma/runtime/edge.js(5,1822): error TS7005: Variable 'r' implicitly has an 'any[]' type.
generated/prisma/runtime/edge.js(5,1847): error TS7005: Variable 'r' implicitly has an 'any[]' type.
generated/prisma/runtime/edge.js(5,1871): error TS7005: Variable 'r' implicitly has an 'any[]' type.
generated/prisma/runtime/edge.js(5,1955): error TS7005: Variable 'r' implicitly has an 'any[]' type.
generated/prisma/runtime/edge.js(5,1977): error TS7005: Variable 'r' implicitly has an 'any[]' type.
generated/prisma/runtime/edge.js(5,2025): error TS7005: Variable 'r' implicitly has an 'any[]' type.
generated/prisma/runtime/edge.js(5,2048): error TS7005: Variable 'r' implicitly has an 'any[]' type.
generated/prisma/runtime/edge.js(5,2072): error TS7005: Variable 'r' implicitly has an 'any[]' type.
generated/prisma/runtime/edge.js(5,2139): error TS7006: Parameter 'S' implicitly has an 'any' type.
generated/prisma/runtime/edge.js(5,2149): error TS7005: Variable 't' implicitly has an 'any[]' type.
generated/prisma/runtime/edge.js(5,2161): error TS7005: Variable 't' implicitly has an 'any[]' type.
generated/prisma/runtime/edge.js(5,2173): error TS7005: Variable 't' implicitly has an 'any[]' type.
generated/prisma/runtime/edge.js(5,2184): error TS7005: Variable 't' implicitly has an 'any[]' type.
generated/prisma/runtime/edge.js(5,2203): error TS7006: Parameter 'S' implicitly has an 'any' type.
generated/prisma/runtime/edge.js(5,2205): error TS7006: Parameter 'C' implicitly has an 'any' type.
generated/prisma/runtime/edge.js(5,2207): error TS7006: Parameter 'M' implicitly has an 'any' type.
generated/prisma/runtime/edge.js(5,2333): error TS7006: Parameter 'S' implicitly has an 'any' type.
generated/prisma/runtime/edge.js(5,2456): error TS7005: Variable 't' implicitly has an 'any[]' type.
generated/prisma/runtime/edge.js(5,2464): error TS7005: Variable 't' implicitly has an 'any[]' type.
generated/prisma/runtime/edge.js(5,2518): error TS7005: Variable 't' implicitly has an 'any[]' type.
generated/prisma/runtime/edge.js(5,2527): error TS7005: Variable 't' implicitly has an 'any[]' type.
generated/prisma/runtime/edge.js(5,2538): error TS7005: Variable 't' implicitly has an 'any[]' type.
generated/prisma/runtime/edge.js(5,2575): error TS7006: Parameter 'e' implicitly has an 'any' type.
generated/prisma/runtime/edge.js(5,2595): error TS7006: Parameter 't' implicitly has an 'any' type.
generated/prisma/runtime/edge.js(5,2597): error TS7006: Parameter 'r' implicitly has an 'any' type.
generated/prisma/runtime/edge.js(5,2599): error TS7006: Parameter 'n' implicitly has an 'any' type.
generated/prisma/runtime/edge.js(5,2601): error TS7006: Parameter 'i' implicitly has an 'any' type.
generated/prisma/runtime/edge.js(5,2603): error TS7006: Parameter 'o' implicitly has an 'any' type.
generated/prisma/runtime/edge.js(5,2932): error TS7006: Parameter 't' implicitly has an 'any' type.
generated/prisma/runtime/edge.js(5,2934): error TS7006: Parameter 'r' implicitly has an 'any' type.
generated/prisma/runtime/edge.js(5,2936): error TS7006: Parameter 'n' implicitly has an 'any' type.
generated/prisma/runtime/edge.js(5,2938): error TS7006: Parameter 'i' implicitly has an 'any' type.
generated/prisma/runtime/edge.js(5,2940): error TS7006: Parameter 'o' implicitly has an 'any' type.
generated/prisma/runtime/edge.js(5,2942): error TS7006: Parameter 's' implicitly has an 'any' type.
generated/prisma/runtime/edge.js(5,4084): error TS2339: Property 'foo' does not exist on type 'Uint8Array<ArrayBuffer>'.
generated/prisma/runtime/edge.js(5,4216): error TS2339: Property 'buffer' does not exist on type 'A'.
generated/prisma/runtime/edge.js(5,4331): error TS2339: Property 'byteOffset' does not exist on type 'A'.
generated/prisma/runtime/edge.js(5,4357): error TS7006: Parameter 'e' implicitly has an 'any' type.
generated/prisma/runtime/edge.js(5,4520): error TS7006: Parameter 'e' implicitly has an 'any' type.
generated/prisma/runtime/edge.js(5,4522): error TS7006: Parameter 't' implicitly has an 'any' type.
generated/prisma/runtime/edge.js(5,4524): error TS7006: Parameter 'r' implicitly has an 'any' type.
generated/prisma/runtime/edge.js(5,4717): error TS7023: 'hi' implicitly has return type 'any' because it does not have a return type annotation and is referenced directly or indirectly in one of its return expressions.
generated/prisma/runtime/edge.js(5,4720): error TS7006: Parameter 'e' implicitly has an 'any' type.
generated/prisma/runtime/edge.js(5,4722): error TS7006: Parameter 't' implicitly has an 'any' type.
generated/prisma/runtime/edge.js(5,4724): error TS7006: Parameter 'r' implicitly has an 'any' type.
generated/prisma/runtime/edge.js(5,5611): error TS7023: 'from' implicitly has return type 'any' because it does not have a return type annotation and is referenced directly or indirectly in one of its return expressions.
generated/prisma/runtime/edge.js(5,5625): error TS7006: Parameter 'e' implicitly has an 'any' type.
generated/prisma/runtime/edge.js(5,5627): error TS7006: Parameter 't' implicitly has an 'any' type.
generated/prisma/runtime/edge.js(5,5629): error TS7006: Parameter 'r' implicitly has an 'any' type.
generated/prisma/runtime/edge.js(5,5754): error TS7006: Parameter 'e' implicitly has an 'any' type.
generated/prisma/runtime/edge.js(5,5931): error TS7006: Parameter 'e' implicitly has an 'any' type.
generated/prisma/runtime/edge.js(5,5933): error TS7006: Parameter 't' implicitly has an 'any' type.
generated/prisma/runtime/edge.js(5,5935): error TS7006: Parameter 'r' implicitly has an 'any' type.
generated/prisma/runtime/edge.js(5,6005): error TS2345: Argument of type 'string' is not assignable to parameter of type 'number'.
generated/prisma/runtime/edge.js(5,6045): error TS7006: Parameter 'e' implicitly has an 'any' type.
generated/prisma/runtime/edge.js(5,6047): error TS7006: Parameter 't' implicitly has an 'any' type.
generated/prisma/runtime/edge.js(5,6049): error TS7006: Parameter 'r' implicitly has an 'any' type.
generated/prisma/runtime/edge.js(5,6082): error TS7006: Parameter 'e' implicitly has an 'any' type.
generated/prisma/runtime/edge.js(5,6139): error TS7006: Parameter 'e' implicitly has an 'any' type.
generated/prisma/runtime/edge.js(5,6183): error TS7006: Parameter 'e' implicitly has an 'any' type.
generated/prisma/runtime/edge.js(5,6212): error TS7006: Parameter 'e' implicitly has an 'any' type.
generated/prisma/runtime/edge.js(5,6214): error TS7006: Parameter 't' implicitly has an 'any' type.
generated/prisma/runtime/edge.js(5,6350): error TS2339: Property 'write' does not exist on type 'Uint8Array<any>'.
generated/prisma/runtime/edge.js(5,6406): error TS7006: Parameter 'e' implicitly has an 'any' type.
generated/prisma/runtime/edge.js(5,6507): error TS7006: Parameter 'e' implicitly has an 'any' type.
generated/prisma/runtime/edge.js(5,6626): error TS7006: Parameter 'e' implicitly has an 'any' type.
generated/prisma/runtime/edge.js(5,6628): error TS7006: Parameter 't' implicitly has an 'any' type.
generated/prisma/runtime/edge.js(5,6630): error TS7006: Parameter 'r' implicitly has an 'any' type.
generated/prisma/runtime/edge.js(5,6967): error TS7006: Parameter 'e' implicitly has an 'any' type.
generated/prisma/runtime/edge.js(5,7210): error TS7006: Parameter 'e' implicitly has an 'any' type.
generated/prisma/runtime/edge.js(5,7350): error TS7006: Parameter 'e' implicitly has an 'any' type.
generated/prisma/runtime/edge.js(5,7404): error TS7006: Parameter 'e' implicitly has an 'any' type.
generated/prisma/runtime/edge.js(5,7477): error TS7006: Parameter 'e' implicitly has an 'any' type.
generated/prisma/runtime/edge.js(5,7479): error TS7006: Parameter 't' implicitly has an 'any' type.
generated/prisma/runtime/edge.js(5,7878): error TS7006: Parameter 'e' implicitly has an 'any' type.
generated/prisma/runtime/edge.js(5,8095): error TS7006: Parameter 'e' implicitly has an 'any' type.
generated/prisma/runtime/edge.js(5,8097): error TS7006: Parameter 't' implicitly has an 'any' type.
generated/prisma/runtime/edge.js(5,8339): error TS7022: 'o' implicitly has type 'any' because it does not have a type annotation and is referenced directly or indirectly in its own initializer.
generated/prisma/runtime/edge.js(5,8606): error TS7006: Parameter 'e' implicitly has an 'any' type.
generated/prisma/runtime/edge.js(5,8608): error TS7006: Parameter 't' implicitly has an 'any' type.
generated/prisma/runtime/edge.js(5,9258): error TS7006: Parameter 'e' implicitly has an 'any' type.
generated/prisma/runtime/edge.js(5,9260): error TS7006: Parameter 't' implicitly has an 'any' type.
generated/prisma/runtime/edge.js(5,9262): error TS7006: Parameter 'r' implicitly has an 'any' type.
generated/prisma/runtime/edge.js(5,9304): error TS2683: 'this' implicitly has type 'any' because it does not have a type annotation.
generated/prisma/runtime/edge.js(5,9333): error TS2683: 'this' implicitly has type 'any' because it does not have a type annotation.
generated/prisma/runtime/edge.js(5,9350): error TS2683: 'this' implicitly has type 'any' because it does not have a type annotation.
generated/prisma/runtime/edge.js(5,9450): error TS2683: 'this' implicitly has type 'any' because it does not have a type annotation.
generated/prisma/runtime/edge.js(5,9493): error TS2683: 'this' implicitly has type 'any' because it does not have a type annotation.
generated/prisma/runtime/edge.js(5,9525): error TS2683: 'this' implicitly has type 'any' because it does not have a type annotation.
generated/prisma/runtime/edge.js(5,9571): error TS2683: 'this' implicitly has type 'any' because it does not have a type annotation.
generated/prisma/runtime/edge.js(5,9604): error TS2683: 'this' implicitly has type 'any' because it does not have a type annotation.
generated/prisma/runtime/edge.js(5,9676): error TS2683: 'this' implicitly has type 'any' because it does not have a type annotation.
generated/prisma/runtime/edge.js(5,9809): error TS7006: Parameter 'e' implicitly has an 'any' type.
generated/prisma/runtime/edge.js(5,9811): error TS7006: Parameter 't' implicitly has an 'any' type.
generated/prisma/runtime/edge.js(5,9813): error TS7006: Parameter 'r' implicitly has an 'any' type.
generated/prisma/runtime/edge.js(5,9885): error TS2339: Property 'length' does not exist on type 'A'.
generated/prisma/runtime/edge.js(5,10059): error TS2339: Property 'length' does not exist on type 'A'.
generated/prisma/runtime/edge.js(5,10250): error TS2339: Property 'length' does not exist on type 'A'.
generated/prisma/runtime/edge.js(5,10477): error TS2339: Property 'length' does not exist on type 'A'.
generated/prisma/runtime/edge.js(5,10548): error TS2345: Argument of type 'IArguments' is not assignable to parameter of type '[e?: any, t?: any, r?: any]'.
generated/prisma/runtime/edge.js(5,10636): error TS7006: Parameter 'e' implicitly has an 'any' type.
generated/prisma/runtime/edge.js(5,10882): error TS2339: Property 'length' does not exist on type 'A'.
generated/prisma/runtime/edge.js(5,10994): error TS7006: Parameter 'e' implicitly has an 'any' type.
generated/prisma/runtime/edge.js(5,10996): error TS7006: Parameter 't' implicitly has an 'any' type.
generated/prisma/runtime/edge.js(5,10998): error TS7006: Parameter 'r' implicitly has an 'any' type.
generated/prisma/runtime/edge.js(5,11000): error TS7006: Parameter 'n' implicitly has an 'any' type.
generated/prisma/runtime/edge.js(5,11002): error TS7006: Parameter 'i' implicitly has an 'any' type.
generated/prisma/runtime/edge.js(5,11276): error TS2339: Property 'length' does not exist on type 'A'.
generated/prisma/runtime/edge.js(5,11313): error TS2339: Property 'length' does not exist on type 'A'.
generated/prisma/runtime/edge.js(5,11625): error TS7006: Parameter 'e' implicitly has an 'any' type.
generated/prisma/runtime/edge.js(5,11627): error TS7006: Parameter 't' implicitly has an 'any' type.
generated/prisma/runtime/edge.js(5,11629): error TS7006: Parameter 'r' implicitly has an 'any' type.
generated/prisma/runtime/edge.js(5,11631): error TS7006: Parameter 'n' implicitly has an 'any' type.
generated/prisma/runtime/edge.js(5,11633): error TS7006: Parameter 'i' implicitly has an 'any' type.
generated/prisma/runtime/edge.js(5,12227): error TS7006: Parameter 'e' implicitly has an 'any' type.
generated/prisma/runtime/edge.js(5,12229): error TS7006: Parameter 't' implicitly has an 'any' type.
generated/prisma/runtime/edge.js(5,12231): error TS7006: Parameter 'r' implicitly has an 'any' type.
generated/prisma/runtime/edge.js(5,12233): error TS7006: Parameter 'n' implicitly has an 'any' type.
generated/prisma/runtime/edge.js(5,12235): error TS7006: Parameter 'i' implicitly has an 'any' type.
generated/prisma/runtime/edge.js(5,12432): error TS7006: Parameter 'g' implicitly has an 'any' type.
generated/prisma/runtime/edge.js(5,12434): error TS7006: Parameter 'h' implicitly has an 'any' type.
generated/prisma/runtime/edge.js(5,12761): error TS7006: Parameter 'e' implicitly has an 'any' type.
generated/prisma/runtime/edge.js(5,12763): error TS7006: Parameter 't' implicitly has an 'any' type.
generated/prisma/runtime/edge.js(5,12765): error TS7006: Parameter 'r' implicitly has an 'any' type.
generated/prisma/runtime/edge.js(5,12830): error TS7006: Parameter 'e' implicitly has an 'any' type.
generated/prisma/runtime/edge.js(5,12832): error TS7006: Parameter 't' implicitly has an 'any' type.
generated/prisma/runtime/edge.js(5,12834): error TS7006: Parameter 'r' implicitly has an 'any' type.
generated/prisma/runtime/edge.js(5,12896): error TS7006: Parameter 'e' implicitly has an 'any' type.
generated/prisma/runtime/edge.js(5,12898): error TS7006: Parameter 't' implicitly has an 'any' type.
generated/prisma/runtime/edge.js(5,12900): error TS7006: Parameter 'r' implicitly has an 'any' type.
generated/prisma/runtime/edge.js(5,12941): error TS7006: Parameter 'e' implicitly has an 'any' type.
generated/prisma/runtime/edge.js(5,12943): error TS7006: Parameter 't' implicitly has an 'any' type.
generated/prisma/runtime/edge.js(5,12945): error TS7006: Parameter 'r' implicitly has an 'any' type.
generated/prisma/runtime/edge.js(5,12947): error TS7006: Parameter 'n' implicitly has an 'any' type.
generated/prisma/runtime/edge.js(5,13149): error TS7006: Parameter 'e' implicitly has an 'any' type.
generated/prisma/runtime/edge.js(5,13151): error TS7006: Parameter 't' implicitly has an 'any' type.
generated/prisma/runtime/edge.js(5,13153): error TS7006: Parameter 'r' implicitly has an 'any' type.
generated/prisma/runtime/edge.js(5,13155): error TS7006: Parameter 'n' implicitly has an 'any' type.
generated/prisma/runtime/edge.js(5,13204): error TS7006: Parameter 'e' implicitly has an 'any' type.
generated/prisma/runtime/edge.js(5,13206): error TS7006: Parameter 't' implicitly has an 'any' type.
generated/prisma/runtime/edge.js(5,13208): error TS7006: Parameter 'r' implicitly has an 'any' type.
generated/prisma/runtime/edge.js(5,13210): error TS7006: Parameter 'n' implicitly has an 'any' type.
generated/prisma/runtime/edge.js(5,13248): error TS7006: Parameter 'e' implicitly has an 'any' type.
generated/prisma/runtime/edge.js(5,13250): error TS7006: Parameter 't' implicitly has an 'any' type.
generated/prisma/runtime/edge.js(5,13252): error TS7006: Parameter 'r' implicitly has an 'any' type.
generated/prisma/runtime/edge.js(5,13254): error TS7006: Parameter 'n' implicitly has an 'any' type.
generated/prisma/runtime/edge.js(5,13292): error TS7006: Parameter 'e' implicitly has an 'any' type.
generated/prisma/runtime/edge.js(5,13294): error TS7006: Parameter 't' implicitly has an 'any' type.
generated/prisma/runtime/edge.js(5,13296): error TS7006: Parameter 'r' implicitly has an 'any' type.
generated/prisma/runtime/edge.js(5,13298): error TS7006: Parameter 'n' implicitly has an 'any' type.
generated/prisma/runtime/edge.js(5,13362): error TS7006: Parameter 'e' implicitly has an 'any' type.
generated/prisma/runtime/edge.js(5,13364): error TS7006: Parameter 't' implicitly has an 'any' type.
generated/prisma/runtime/edge.js(5,13366): error TS7006: Parameter 'r' implicitly has an 'any' type.
generated/prisma/runtime/edge.js(5,13368): error TS7006: Parameter 'n' implicitly has an 'any' type.
generated/prisma/runtime/edge.js(5,13401): error TS2339: Property 'length' does not exist on type 'A'.
generated/prisma/runtime/edge.js(5,13462): error TS2339: Property 'length' does not exist on type 'A'.
generated/prisma/runtime/edge.js(5,13668): error TS2339: Property 'length' does not exist on type 'A'.
generated/prisma/runtime/edge.js(5,13736): error TS2339: Property 'length' does not exist on type 'A'.
generated/prisma/runtime/edge.js(5,14267): error TS2339: Property '_arr' does not exist on type 'A'.
generated/prisma/runtime/edge.js(5,14295): error TS7006: Parameter 'e' implicitly has an 'any' type.
generated/prisma/runtime/edge.js(5,14297): error TS7006: Parameter 't' implicitly has an 'any' type.
generated/prisma/runtime/edge.js(5,14299): error TS7006: Parameter 'r' implicitly has an 'any' type.
generated/prisma/runtime/edge.js(5,14392): error TS7006: Parameter 'e' implicitly has an 'any' type.
generated/prisma/runtime/edge.js(5,14394): error TS7006: Parameter 't' implicitly has an 'any' type.
generated/prisma/runtime/edge.js(5,14396): error TS7006: Parameter 'r' implicitly has an 'any' type.
generated/prisma/runtime/edge.js(5,15028): error TS7006: Parameter 'e' implicitly has an 'any' type.
generated/prisma/runtime/edge.js(5,15196): error TS7006: Parameter 'e' implicitly has an 'any' type.
generated/prisma/runtime/edge.js(5,15198): error TS7006: Parameter 't' implicitly has an 'any' type.
generated/prisma/runtime/edge.js(5,15200): error TS7006: Parameter 'r' implicitly has an 'any' type.
generated/prisma/runtime/edge.js(5,15309): error TS7006: Parameter 'e' implicitly has an 'any' type.
generated/prisma/runtime/edge.js(5,15311): error TS7006: Parameter 't' implicitly has an 'any' type.
generated/prisma/runtime/edge.js(5,15313): error TS7006: Parameter 'r' implicitly has an 'any' type.
generated/prisma/runtime/edge.js(5,15418): error TS7006: Parameter 'e' implicitly has an 'any' type.
generated/prisma/runtime/edge.js(5,15420): error TS7006: Parameter 't' implicitly has an 'any' type.
generated/prisma/runtime/edge.js(5,15422): error TS7006: Parameter 'r' implicitly has an 'any' type.
generated/prisma/runtime/edge.js(5,15541): error TS7006: Parameter 'e' implicitly has an 'any' type.
generated/prisma/runtime/edge.js(5,15543): error TS7006: Parameter 't' implicitly has an 'any' type.
generated/prisma/runtime/edge.js(5,15545): error TS7006: Parameter 'r' implicitly has an 'any' type.
generated/prisma/runtime/edge.js(5,15678): error TS7006: Parameter 'e' implicitly has an 'any' type.
generated/prisma/runtime/edge.js(5,15680): error TS7006: Parameter 't' implicitly has an 'any' type.
generated/prisma/runtime/edge.js(5,15694): error TS2339: Property 'length' does not exist on type 'A'.
generated/prisma/runtime/edge.js(5,15814): error TS2339: Property 'subarray' does not exist on type 'A'.
generated/prisma/runtime/edge.js(5,15886): error TS7006: Parameter 'e' implicitly has an 'any' type.
generated/prisma/runtime/edge.js(5,15888): error TS7006: Parameter 't' implicitly has an 'any' type.
generated/prisma/runtime/edge.js(5,15890): error TS7006: Parameter 'r' implicitly has an 'any' type.
generated/prisma/runtime/edge.js(5,16078): error TS7006: Parameter 'e' implicitly has an 'any' type.
generated/prisma/runtime/edge.js(5,16080): error TS7006: Parameter 't' implicitly has an 'any' type.
generated/prisma/runtime/edge.js(5,16082): error TS7006: Parameter 'r' implicitly has an 'any' type.
generated/prisma/runtime/edge.js(5,16115): error TS2339: Property 'length' does not exist on type 'A'.
generated/prisma/runtime/edge.js(5,16129): error TS7053: Element implicitly has an 'any' type because expression of type 'any' can't be used to index type 'A'.
generated/prisma/runtime/edge.js(5,16170): error TS7053: Element implicitly has an 'any' type because expression of type 'any' can't be used to index type 'A'.
generated/prisma/runtime/edge.js(5,16247): error TS7006: Parameter 'e' implicitly has an 'any' type.
generated/prisma/runtime/edge.js(5,16249): error TS7006: Parameter 't' implicitly has an 'any' type.
generated/prisma/runtime/edge.js(5,16251): error TS7006: Parameter 'r' implicitly has an 'any' type.
generated/prisma/runtime/edge.js(5,16284): error TS2339: Property 'length' does not exist on type 'A'.
generated/prisma/runtime/edge.js(5,16298): error TS7053: Element implicitly has an 'any' type because expression of type 'any' can't be used to index type 'A'.
generated/prisma/runtime/edge.js(5,16337): error TS7053: Element implicitly has an 'any' type because expression of type 'any' can't be used to index type 'A'.
generated/prisma/runtime/edge.js(5,16414): error TS7006: Parameter 'e' implicitly has an 'any' type.
generated/prisma/runtime/edge.js(5,16416): error TS7006: Parameter 't' implicitly has an 'any' type.
generated/prisma/runtime/edge.js(5,16448): error TS2339: Property 'length' does not exist on type 'A'.
generated/prisma/runtime/edge.js(5,16456): error TS7053: Element implicitly has an 'any' type because expression of type 'any' can't be used to index type 'A'.
generated/prisma/runtime/edge.js(5,16524): error TS7006: Parameter 'e' implicitly has an 'any' type.
generated/prisma/runtime/edge.js(5,16526): error TS7006: Parameter 't' implicitly has an 'any' type.
generated/prisma/runtime/edge.js(5,16558): error TS2339: Property 'length' does not exist on type 'A'.
generated/prisma/runtime/edge.js(5,16566): error TS7053: Element implicitly has an 'any' type because expression of type 'any' can't be used to index type 'A'.
generated/prisma/runtime/edge.js(5,16574): error TS7053: Element implicitly has an 'any' type because expression of type 'any' can't be used to index type 'A'.
generated/prisma/runtime/edge.js(5,16647): error TS7006: Parameter 'e' implicitly has an 'any' type.
generated/prisma/runtime/edge.js(5,16649): error TS7006: Parameter 't' implicitly has an 'any' type.
generated/prisma/runtime/edge.js(5,16681): error TS2339: Property 'length' does not exist on type 'A'.
generated/prisma/runtime/edge.js(5,16689): error TS7053: Element implicitly has an 'any' type because expression of type 'any' can't be used to index type 'A'.
generated/prisma/runtime/edge.js(5,16700): error TS7053: Element implicitly has an 'any' type because expression of type 'any' can't be used to index type 'A'.
generated/prisma/runtime/edge.js(5,16770): error TS7006: Parameter 'e' implicitly has an 'any' type.
generated/prisma/runtime/edge.js(5,16772): error TS7006: Parameter 't' implicitly has an 'any' type.
generated/prisma/runtime/edge.js(5,16804): error TS2339: Property 'length' does not exist on type 'A'.
generated/prisma/runtime/edge.js(5,16813): error TS7053: Element implicitly has an 'any' type because expression of type 'any' can't be used to index type 'A'.
generated/prisma/runtime/edge.js(5,16821): error TS7053: Element implicitly has an 'any' type because expression of type 'any' can't be used to index type 'A'.
generated/prisma/runtime/edge.js(5,16834): error TS7053: Element implicitly has an 'any' type because expression of type 'any' can't be used to index type 'A'.
generated/prisma/runtime/edge.js(5,16849): error TS7053: Element implicitly has an 'any' type because expression of type 'any' can't be used to index type 'A'.
generated/prisma/runtime/edge.js(5,16928): error TS7006: Parameter 'e' implicitly has an 'any' type.
generated/prisma/runtime/edge.js(5,16930): error TS7006: Parameter 't' implicitly has an 'any' type.
generated/prisma/runtime/edge.js(5,16962): error TS2339: Property 'length' does not exist on type 'A'.
generated/prisma/runtime/edge.js(5,16970): error TS7053: Element implicitly has an 'any' type because expression of type 'any' can't be used to index type 'A'.
generated/prisma/runtime/edge.js(5,16988): error TS7053: Element implicitly has an 'any' type because expression of type 'any' can't be used to index type 'A'.
generated/prisma/runtime/edge.js(5,17002): error TS7053: Element implicitly has an 'any' type because expression of type 'any' can't be used to index type 'A'.
generated/prisma/runtime/edge.js(5,17015): error TS7053: Element implicitly has an 'any' type because expression of type 'any' can't be used to index type 'A'.
generated/prisma/runtime/edge.js(5,17067): error TS7006: Parameter 'e' implicitly has an 'any' type.
generated/prisma/runtime/edge.js(5,17099): error TS2683: 'this' implicitly has type 'any' because it does not have a type annotation.
generated/prisma/runtime/edge.js(5,17109): error TS2683: 'this' implicitly has type 'any' because it does not have a type annotation.
generated/prisma/runtime/edge.js(5,17150): error TS2683: 'this' implicitly has type 'any' because it does not have a type annotation.
generated/prisma/runtime/edge.js(5,17173): error TS2683: 'this' implicitly has type 'any' because it does not have a type annotation.
generated/prisma/runtime/edge.js(5,17188): error TS2683: 'this' implicitly has type 'any' because it does not have a type annotation.
generated/prisma/runtime/edge.js(5,17204): error TS2683: 'this' implicitly has type 'any' because it does not have a type annotation.
generated/prisma/runtime/edge.js(5,17222): error TS2683: 'this' implicitly has type 'any' because it does not have a type annotation.
generated/prisma/runtime/edge.js(5,17232): error TS2683: 'this' implicitly has type 'any' because it does not have a type annotation.
generated/prisma/runtime/edge.js(5,17247): error TS2683: 'this' implicitly has type 'any' because it does not have a type annotation.
generated/prisma/runtime/edge.js(5,17354): error TS7006: Parameter 'e' implicitly has an 'any' type.
generated/prisma/runtime/edge.js(5,17386): error TS2683: 'this' implicitly has type 'any' because it does not have a type annotation.
generated/prisma/runtime/edge.js(5,17396): error TS2683: 'this' implicitly has type 'any' because it does not have a type annotation.
generated/prisma/runtime/edge.js(5,17437): error TS2683: 'this' implicitly has type 'any' because it does not have a type annotation.
generated/prisma/runtime/edge.js(5,17466): error TS2683: 'this' implicitly has type 'any' because it does not have a type annotation.
generated/prisma/runtime/edge.js(5,17482): error TS2683: 'this' implicitly has type 'any' because it does not have a type annotation.
generated/prisma/runtime/edge.js(5,17497): error TS2683: 'this' implicitly has type 'any' because it does not have a type annotation.
generated/prisma/runtime/edge.js(5,17509): error TS2683: 'this' implicitly has type 'any' because it does not have a type annotation.
generated/prisma/runtime/edge.js(5,17525): error TS2683: 'this' implicitly has type 'any' because it does not have a type annotation.
generated/prisma/runtime/edge.js(5,17541): error TS2683: 'this' implicitly has type 'any' because it does not have a type annotation.
generated/prisma/runtime/edge.js(5,17631): error TS7006: Parameter 'e' implicitly has an 'any' type.
generated/prisma/runtime/edge.js(5,17633): error TS7006: Parameter 't' implicitly has an 'any' type.
generated/prisma/runtime/edge.js(5,17635): error TS7006: Parameter 'r' implicitly has an 'any' type.
generated/prisma/runtime/edge.js(5,17668): error TS2339: Property 'length' does not exist on type 'A'.
generated/prisma/runtime/edge.js(5,17682): error TS7053: Element implicitly has an 'any' type because expression of type 'any' can't be used to index type 'A'.
generated/prisma/runtime/edge.js(5,17723): error TS7053: Element implicitly has an 'any' type because expression of type 'any' can't be used to index type 'A'.
generated/prisma/runtime/edge.js(5,17810): error TS7006: Parameter 'e' implicitly has an 'any' type.
generated/prisma/runtime/edge.js(5,17812): error TS7006: Parameter 't' implicitly has an 'any' type.
generated/prisma/runtime/edge.js(5,17814): error TS7006: Parameter 'r' implicitly has an 'any' type.
generated/prisma/runtime/edge.js(5,17847): error TS2339: Property 'length' does not exist on type 'A'.
generated/prisma/runtime/edge.js(5,17869): error TS7053: Element implicitly has an 'any' type because expression of type 'any' can't be used to index type 'A'.
generated/prisma/runtime/edge.js(5,17904): error TS7053: Element implicitly has an 'any' type because expression of type 'any' can't be used to index type 'A'.
generated/prisma/runtime/edge.js(5,17992): error TS7006: Parameter 'e' implicitly has an 'any' type.
generated/prisma/runtime/edge.js(5,17994): error TS7006: Parameter 't' implicitly has an 'any' type.
generated/prisma/runtime/edge.js(5,18026): error TS2339: Property 'length' does not exist on type 'A'.
generated/prisma/runtime/edge.js(5,18034): error TS7053: Element implicitly has an 'any' type because expression of type 'any' can't be used to index type 'A'.
generated/prisma/runtime/edge.js(5,18051): error TS7053: Element implicitly has an 'any' type because expression of type 'any' can't be used to index type 'A'.
generated/prisma/runtime/edge.js(5,18065): error TS7053: Element implicitly has an 'any' type because expression of type 'any' can't be used to index type 'A'.
generated/prisma/runtime/edge.js(5,18107): error TS7006: Parameter 'e' implicitly has an 'any' type.
generated/prisma/runtime/edge.js(5,18109): error TS7006: Parameter 't' implicitly has an 'any' type.
generated/prisma/runtime/edge.js(5,18134): error TS2339: Property 'length' does not exist on type 'A'.
generated/prisma/runtime/edge.js(5,18148): error TS7053: Element implicitly has an 'any' type because expression of type 'any' can't be used to index type 'A'.
generated/prisma/runtime/edge.js(5,18156): error TS7053: Element implicitly has an 'any' type because expression of type 'any' can't be used to index type 'A'.
generated/prisma/runtime/edge.js(5,18233): error TS7006: Parameter 'e' implicitly has an 'any' type.
generated/prisma/runtime/edge.js(5,18235): error TS7006: Parameter 't' implicitly has an 'any' type.
generated/prisma/runtime/edge.js(5,18260): error TS2339: Property 'length' does not exist on type 'A'.
generated/prisma/runtime/edge.js(5,18274): error TS7053: Element implicitly has an 'any' type because expression of type 'any' can't be used to index type 'A'.
generated/prisma/runtime/edge.js(5,18284): error TS7053: Element implicitly has an 'any' type because expression of type 'any' can't be used to index type 'A'.
generated/prisma/runtime/edge.js(5,18359): error TS7006: Parameter 'e' implicitly has an 'any' type.
generated/prisma/runtime/edge.js(5,18361): error TS7006: Parameter 't' implicitly has an 'any' type.
generated/prisma/runtime/edge.js(5,18393): error TS2339: Property 'length' does not exist on type 'A'.
generated/prisma/runtime/edge.js(5,18401): error TS7053: Element implicitly has an 'any' type because expression of type 'any' can't be used to index type 'A'.
generated/prisma/runtime/edge.js(5,18409): error TS7053: Element implicitly has an 'any' type because expression of type 'any' can't be used to index type 'A'.
generated/prisma/runtime/edge.js(5,18422): error TS7053: Element implicitly has an 'any' type because expression of type 'any' can't be used to index type 'A'.
generated/prisma/runtime/edge.js(5,18436): error TS7053: Element implicitly has an 'any' type because expression of type 'any' can't be used to index type 'A'.
generated/prisma/runtime/edge.js(5,18484): error TS7006: Parameter 'e' implicitly has an 'any' type.
generated/prisma/runtime/edge.js(5,18486): error TS7006: Parameter 't' implicitly has an 'any' type.
generated/prisma/runtime/edge.js(5,18518): error TS2339: Property 'length' does not exist on type 'A'.
generated/prisma/runtime/edge.js(5,18526): error TS7053: Element implicitly has an 'any' type because expression of type 'any' can't be used to index type 'A'.
generated/prisma/runtime/edge.js(5,18538): error TS7053: Element implicitly has an 'any' type because expression of type 'any' can't be used to index type 'A'.
generated/prisma/runtime/edge.js(5,18552): error TS7053: Element implicitly has an 'any' type because expression of type 'any' can't be used to index type 'A'.
generated/prisma/runtime/edge.js(5,18565): error TS7053: Element implicitly has an 'any' type because expression of type 'any' can't be used to index type 'A'.
generated/prisma/runtime/edge.js(5,18615): error TS7006: Parameter 'e' implicitly has an 'any' type.
generated/prisma/runtime/edge.js(5,18647): error TS2683: 'this' implicitly has type 'any' because it does not have a type annotation.
generated/prisma/runtime/edge.js(5,18657): error TS2683: 'this' implicitly has type 'any' because it does not have a type annotation.
generated/prisma/runtime/edge.js(5,18698): error TS2683: 'this' implicitly has type 'any' because it does not have a type annotation.
generated/prisma/runtime/edge.js(5,18719): error TS2683: 'this' implicitly has type 'any' because it does not have a type annotation.
generated/prisma/runtime/edge.js(5,18729): error TS2683: 'this' implicitly has type 'any' because it does not have a type annotation.
generated/prisma/runtime/edge.js(5,18744): error TS2683: 'this' implicitly has type 'any' because it does not have a type annotation.
generated/prisma/runtime/edge.js(5,18807): error TS2683: 'this' implicitly has type 'any' because it does not have a type annotation.
generated/prisma/runtime/edge.js(5,18822): error TS2683: 'this' implicitly has type 'any' because it does not have a type annotation.
generated/prisma/runtime/edge.js(5,18838): error TS2683: 'this' implicitly has type 'any' because it does not have a type annotation.
generated/prisma/runtime/edge.js(5,18896): error TS7006: Parameter 'e' implicitly has an 'any' type.
generated/prisma/runtime/edge.js(5,18928): error TS2683: 'this' implicitly has type 'any' because it does not have a type annotation.
generated/prisma/runtime/edge.js(5,18938): error TS2683: 'this' implicitly has type 'any' because it does not have a type annotation.
generated/prisma/runtime/edge.js(5,18979): error TS2683: 'this' implicitly has type 'any' because it does not have a type annotation.
generated/prisma/runtime/edge.js(5,19008): error TS2683: 'this' implicitly has type 'any' because it does not have a type annotation.
generated/prisma/runtime/edge.js(5,19024): error TS2683: 'this' implicitly has type 'any' because it does not have a type annotation.
generated/prisma/runtime/edge.js(5,19039): error TS2683: 'this' implicitly has type 'any' because it does not have a type annotation.
generated/prisma/runtime/edge.js(5,19086): error TS2683: 'this' implicitly has type 'any' because it does not have a type annotation.
generated/prisma/runtime/edge.js(5,19102): error TS2683: 'this' implicitly has type 'any' because it does not have a type annotation.
generated/prisma/runtime/edge.js(5,19118): error TS2683: 'this' implicitly has type 'any' because it does not have a type annotation.
generated/prisma/runtime/edge.js(5,19171): error TS7006: Parameter 'e' implicitly has an 'any' type.
generated/prisma/runtime/edge.js(5,19173): error TS7006: Parameter 't' implicitly has an 'any' type.
generated/prisma/runtime/edge.js(5,19205): error TS2339: Property 'length' does not exist on type 'A'.
generated/prisma/runtime/edge.js(5,19271): error TS7006: Parameter 'e' implicitly has an 'any' type.
generated/prisma/runtime/edge.js(5,19273): error TS7006: Parameter 't' implicitly has an 'any' type.
generated/prisma/runtime/edge.js(5,19305): error TS2339: Property 'length' does not exist on type 'A'.
generated/prisma/runtime/edge.js(5,19372): error TS7006: Parameter 'e' implicitly has an 'any' type.
generated/prisma/runtime/edge.js(5,19374): error TS7006: Parameter 't' implicitly has an 'any' type.
generated/prisma/runtime/edge.js(5,19406): error TS2339: Property 'length' does not exist on type 'A'.
generated/prisma/runtime/edge.js(5,19473): error TS7006: Parameter 'e' implicitly has an 'any' type.
generated/prisma/runtime/edge.js(5,19475): error TS7006: Parameter 't' implicitly has an 'any' type.
generated/prisma/runtime/edge.js(5,19507): error TS2339: Property 'length' does not exist on type 'A'.
generated/prisma/runtime/edge.js(5,19552): error TS7006: Parameter 'e' implicitly has an 'any' type.
generated/prisma/runtime/edge.js(5,19554): error TS7006: Parameter 't' implicitly has an 'any' type.
generated/prisma/runtime/edge.js(5,19556): error TS7006: Parameter 'r' implicitly has an 'any' type.
generated/prisma/runtime/edge.js(5,19558): error TS7006: Parameter 'n' implicitly has an 'any' type.
generated/prisma/runtime/edge.js(5,19560): error TS7006: Parameter 'i' implicitly has an 'any' type.
generated/prisma/runtime/edge.js(5,19562): error TS7006: Parameter 'o' implicitly has an 'any' type.
generated/prisma/runtime/edge.js(5,19836): error TS7006: Parameter 'e' implicitly has an 'any' type.
generated/prisma/runtime/edge.js(5,19838): error TS7006: Parameter 't' implicitly has an 'any' type.
generated/prisma/runtime/edge.js(5,19840): error TS7006: Parameter 'r' implicitly has an 'any' type.
generated/prisma/runtime/edge.js(5,19842): error TS7006: Parameter 'n' implicitly has an 'any' type.
generated/prisma/runtime/edge.js(5,19932): error TS7053: Element implicitly has an 'any' type because expression of type 'any' can't be used to index type 'A'.
generated/prisma/runtime/edge.js(5,19963): error TS7053: Element implicitly has an 'any' type because expression of type 'any' can't be used to index type 'A'.
generated/prisma/runtime/edge.js(5,20050): error TS7006: Parameter 'e' implicitly has an 'any' type.
generated/prisma/runtime/edge.js(5,20052): error TS7006: Parameter 't' implicitly has an 'any' type.
generated/prisma/runtime/edge.js(5,20054): error TS7006: Parameter 'r' implicitly has an 'any' type.
generated/prisma/runtime/edge.js(5,20056): error TS7006: Parameter 'n' implicitly has an 'any' type.
generated/prisma/runtime/edge.js(5,20148): error TS7053: Element implicitly has an 'any' type because expression of type 'any' can't be used to index type 'A'.
generated/prisma/runtime/edge.js(5,20182): error TS7053: Element implicitly has an 'any' type because expression of type 'any' can't be used to index type 'A'.
generated/prisma/runtime/edge.js(5,20267): error TS7006: Parameter 'e' implicitly has an 'any' type.
generated/prisma/runtime/edge.js(5,20269): error TS7006: Parameter 't' implicitly has an 'any' type.
generated/prisma/runtime/edge.js(5,20271): error TS7006: Parameter 'r' implicitly has an 'any' type.
generated/prisma/runtime/edge.js(5,20318): error TS7053: Element implicitly has an 'any' type because expression of type 'any' can't be used to index type 'A'.
generated/prisma/runtime/edge.js(5,20398): error TS7006: Parameter 'e' implicitly has an 'any' type.
generated/prisma/runtime/edge.js(5,20400): error TS7006: Parameter 't' implicitly has an 'any' type.
generated/prisma/runtime/edge.js(5,20402): error TS7006: Parameter 'r' implicitly has an 'any' type.
generated/prisma/runtime/edge.js(5,20451): error TS7053: Element implicitly has an 'any' type because expression of type 'any' can't be used to index type 'A'.
generated/prisma/runtime/edge.js(5,20465): error TS7053: Element implicitly has an 'any' type because expression of type 'any' can't be used to index type 'A'.
generated/prisma/runtime/edge.js(5,20547): error TS7006: Parameter 'e' implicitly has an 'any' type.
generated/prisma/runtime/edge.js(5,20549): error TS7006: Parameter 't' implicitly has an 'any' type.
generated/prisma/runtime/edge.js(5,20551): error TS7006: Parameter 'r' implicitly has an 'any' type.
generated/prisma/runtime/edge.js(5,20600): error TS7053: Element implicitly has an 'any' type because expression of type 'any' can't be used to index type 'A'.
generated/prisma/runtime/edge.js(5,20614): error TS7053: Element implicitly has an 'any' type because expression of type 'any' can't be used to index type 'A'.
generated/prisma/runtime/edge.js(5,20696): error TS7006: Parameter 'e' implicitly has an 'any' type.
generated/prisma/runtime/edge.js(5,20698): error TS7006: Parameter 't' implicitly has an 'any' type.
generated/prisma/runtime/edge.js(5,20700): error TS7006: Parameter 'r' implicitly has an 'any' type.
generated/prisma/runtime/edge.js(5,20754): error TS7053: Element implicitly has an 'any' type because expression of type 'any' can't be used to index type 'A'.
generated/prisma/runtime/edge.js(5,20771): error TS7053: Element implicitly has an 'any' type because expression of type 'any' can't be used to index type 'A'.
generated/prisma/runtime/edge.js(5,20788): error TS7053: Element implicitly has an 'any' type because expression of type 'any' can't be used to index type 'A'.
generated/prisma/runtime/edge.js(5,20804): error TS7053: Element implicitly has an 'any' type because expression of type 'any' can't be used to index type 'A'.
generated/prisma/runtime/edge.js(5,20884): error TS7006: Parameter 'e' implicitly has an 'any' type.
generated/prisma/runtime/edge.js(5,20886): error TS7006: Parameter 't' implicitly has an 'any' type.
generated/prisma/runtime/edge.js(5,20888): error TS7006: Parameter 'r' implicitly has an 'any' type.
generated/prisma/runtime/edge.js(5,20942): error TS7053: Element implicitly has an 'any' type because expression of type 'any' can't be used to index type 'A'.
generated/prisma/runtime/edge.js(5,20957): error TS7053: Element implicitly has an 'any' type because expression of type 'any' can't be used to index type 'A'.
generated/prisma/runtime/edge.js(5,20974): error TS7053: Element implicitly has an 'any' type because expression of type 'any' can't be used to index type 'A'.
generated/prisma/runtime/edge.js(5,20990): error TS7053: Element implicitly has an 'any' type because expression of type 'any' can't be used to index type 'A'.
generated/prisma/runtime/edge.js(5,21023): error TS7006: Parameter 'e' implicitly has an 'any' type.
generated/prisma/runtime/edge.js(5,21025): error TS7006: Parameter 't' implicitly has an 'any' type.
generated/prisma/runtime/edge.js(5,21027): error TS7006: Parameter 'r' implicitly has an 'any' type.
generated/prisma/runtime/edge.js(5,21029): error TS7006: Parameter 'n' implicitly has an 'any' type.
generated/prisma/runtime/edge.js(5,21031): error TS7006: Parameter 'i' implicitly has an 'any' type.
generated/prisma/runtime/edge.js(5,21267): error TS7006: Parameter 'e' implicitly has an 'any' type.
generated/prisma/runtime/edge.js(5,21269): error TS7006: Parameter 't' implicitly has an 'any' type.
generated/prisma/runtime/edge.js(5,21271): error TS7006: Parameter 'r' implicitly has an 'any' type.
generated/prisma/runtime/edge.js(5,21273): error TS7006: Parameter 'n' implicitly has an 'any' type.
generated/prisma/runtime/edge.js(5,21275): error TS7006: Parameter 'i' implicitly has an 'any' type.
generated/prisma/runtime/edge.js(5,21540): error TS7006: Parameter 'e' implicitly has an 'any' type.
generated/prisma/runtime/edge.js(5,21557): error TS2683: 'this' implicitly has type 'any' because it does not have a type annotation.
generated/prisma/runtime/edge.js(5,21649): error TS7006: Parameter 'e' implicitly has an 'any' type.
generated/prisma/runtime/edge.js(5,21666): error TS2683: 'this' implicitly has type 'any' because it does not have a type annotation.
generated/prisma/runtime/edge.js(5,21749): error TS7006: Parameter 'e' implicitly has an 'any' type.
generated/prisma/runtime/edge.js(5,21751): error TS7006: Parameter 't' implicitly has an 'any' type.
generated/prisma/runtime/edge.js(5,21753): error TS7006: Parameter 'r' implicitly has an 'any' type.
generated/prisma/runtime/edge.js(5,21755): error TS7006: Parameter 'n' implicitly has an 'any' type.
generated/prisma/runtime/edge.js(5,21844): error TS7053: Element implicitly has an 'any' type because expression of type 'any' can't be used to index type 'A'.
generated/prisma/runtime/edge.js(5,21887): error TS7053: Element implicitly has an 'any' type because expression of type 'number' can't be used to index type 'A'.
  No index signature with a parameter of type 'number' was found on type 'A'.
generated/prisma/runtime/edge.js(5,21910): error TS7053: Element implicitly has an 'any' type because expression of type 'any' can't be used to index type 'A'.
generated/prisma/runtime/edge.js(5,21979): error TS7006: Parameter 'e' implicitly has an 'any' type.
generated/prisma/runtime/edge.js(5,21981): error TS7006: Parameter 't' implicitly has an 'any' type.
generated/prisma/runtime/edge.js(5,21983): error TS7006: Parameter 'r' implicitly has an 'any' type.
generated/prisma/runtime/edge.js(5,21985): error TS7006: Parameter 'n' implicitly has an 'any' type.
generated/prisma/runtime/edge.js(5,22076): error TS7053: Element implicitly has an 'any' type because expression of type 'any' can't be used to index type 'A'.
generated/prisma/runtime/edge.js(5,22122): error TS7053: Element implicitly has an 'any' type because expression of type 'any' can't be used to index type 'A'.
generated/prisma/runtime/edge.js(5,22145): error TS7053: Element implicitly has an 'any' type because expression of type 'any' can't be used to index type 'A'.
generated/prisma/runtime/edge.js(5,22213): error TS7006: Parameter 'e' implicitly has an 'any' type.
generated/prisma/runtime/edge.js(5,22215): error TS7006: Parameter 't' implicitly has an 'any' type.
generated/prisma/runtime/edge.js(5,22217): error TS7006: Parameter 'r' implicitly has an 'any' type.
generated/prisma/runtime/edge.js(5,22284): error TS7053: Element implicitly has an 'any' type because expression of type 'any' can't be used to index type 'A'.
generated/prisma/runtime/edge.js(5,22337): error TS7006: Parameter 'e' implicitly has an 'any' type.
generated/prisma/runtime/edge.js(5,22339): error TS7006: Parameter 't' implicitly has an 'any' type.
generated/prisma/runtime/edge.js(5,22341): error TS7006: Parameter 'r' implicitly has an 'any' type.
generated/prisma/runtime/edge.js(5,22395): error TS7053: Element implicitly has an 'any' type because expression of type 'any' can't be used to index type 'A'.
generated/prisma/runtime/edge.js(5,22409): error TS7053: Element implicitly has an 'any' type because expression of type 'any' can't be used to index type 'A'.
generated/prisma/runtime/edge.js(5,22464): error TS7006: Parameter 'e' implicitly has an 'any' type.
generated/prisma/runtime/edge.js(5,22466): error TS7006: Parameter 't' implicitly has an 'any' type.
generated/prisma/runtime/edge.js(5,22468): error TS7006: Parameter 'r' implicitly has an 'any' type.
generated/prisma/runtime/edge.js(5,22522): error TS7053: Element implicitly has an 'any' type because expression of type 'any' can't be used to index type 'A'.
generated/prisma/runtime/edge.js(5,22536): error TS7053: Element implicitly has an 'any' type because expression of type 'any' can't be used to index type 'A'.
generated/prisma/runtime/edge.js(5,22591): error TS7006: Parameter 'e' implicitly has an 'any' type.
generated/prisma/runtime/edge.js(5,22593): error TS7006: Parameter 't' implicitly has an 'any' type.
generated/prisma/runtime/edge.js(5,22595): error TS7006: Parameter 'r' implicitly has an 'any' type.
generated/prisma/runtime/edge.js(5,22659): error TS7053: Element implicitly has an 'any' type because expression of type 'any' can't be used to index type 'A'.
generated/prisma/runtime/edge.js(5,22673): error TS7053: Element implicitly has an 'any' type because expression of type 'any' can't be used to index type 'A'.
generated/prisma/runtime/edge.js(5,22689): error TS7053: Element implicitly has an 'any' type because expression of type 'any' can't be used to index type 'A'.
generated/prisma/runtime/edge.js(5,22706): error TS7053: Element implicitly has an 'any' type because expression of type 'any' can't be used to index type 'A'.
generated/prisma/runtime/edge.js(5,22762): error TS7006: Parameter 'e' implicitly has an 'any' type.
generated/prisma/runtime/edge.js(5,22764): error TS7006: Parameter 't' implicitly has an 'any' type.
generated/prisma/runtime/edge.js(5,22766): error TS7006: Parameter 'r' implicitly has an 'any' type.
generated/prisma/runtime/edge.js(5,22854): error TS7053: Element implicitly has an 'any' type because expression of type 'any' can't be used to index type 'A'.
generated/prisma/runtime/edge.js(5,22869): error TS7053: Element implicitly has an 'any' type because expression of type 'any' can't be used to index type 'A'.
generated/prisma/runtime/edge.js(5,22886): error TS7053: Element implicitly has an 'any' type because expression of type 'any' can't be used to index type 'A'.
generated/prisma/runtime/edge.js(5,22902): error TS7053: Element implicitly has an 'any' type because expression of type 'any' can't be used to index type 'A'.
generated/prisma/runtime/edge.js(5,22963): error TS7006: Parameter 'e' implicitly has an 'any' type.
generated/prisma/runtime/edge.js(5,22980): error TS2683: 'this' implicitly has type 'any' because it does not have a type annotation.
generated/prisma/runtime/edge.js(5,23091): error TS7006: Parameter 'e' implicitly has an 'any' type.
generated/prisma/runtime/edge.js(5,23108): error TS2683: 'this' implicitly has type 'any' because it does not have a type annotation.
generated/prisma/runtime/edge.js(5,23191): error TS7006: Parameter 'e' implicitly has an 'any' type.
generated/prisma/runtime/edge.js(5,23193): error TS7006: Parameter 't' implicitly has an 'any' type.
generated/prisma/runtime/edge.js(5,23195): error TS7006: Parameter 'r' implicitly has an 'any' type.
generated/prisma/runtime/edge.js(5,23197): error TS7006: Parameter 'n' implicitly has an 'any' type.
generated/prisma/runtime/edge.js(5,23199): error TS7006: Parameter 'i' implicitly has an 'any' type.
generated/prisma/runtime/edge.js(5,23201): error TS7006: Parameter 'o' implicitly has an 'any' type.
generated/prisma/runtime/edge.js(5,23325): error TS7006: Parameter 'e' implicitly has an 'any' type.
generated/prisma/runtime/edge.js(5,23327): error TS7006: Parameter 't' implicitly has an 'any' type.
generated/prisma/runtime/edge.js(5,23329): error TS7006: Parameter 'r' implicitly has an 'any' type.
generated/prisma/runtime/edge.js(5,23331): error TS7006: Parameter 'n' implicitly has an 'any' type.
generated/prisma/runtime/edge.js(5,23333): error TS7006: Parameter 'i' implicitly has an 'any' type.
generated/prisma/runtime/edge.js(5,23475): error TS7006: Parameter 'e' implicitly has an 'any' type.
generated/prisma/runtime/edge.js(5,23477): error TS7006: Parameter 't' implicitly has an 'any' type.
generated/prisma/runtime/edge.js(5,23479): error TS7006: Parameter 'r' implicitly has an 'any' type.
generated/prisma/runtime/edge.js(5,23542): error TS7006: Parameter 'e' implicitly has an 'any' type.
generated/prisma/runtime/edge.js(5,23544): error TS7006: Parameter 't' implicitly has an 'any' type.
generated/prisma/runtime/edge.js(5,23546): error TS7006: Parameter 'r' implicitly has an 'any' type.
generated/prisma/runtime/edge.js(5,23587): error TS7006: Parameter 'e' implicitly has an 'any' type.
generated/prisma/runtime/edge.js(5,23589): error TS7006: Parameter 't' implicitly has an 'any' type.
generated/prisma/runtime/edge.js(5,23591): error TS7006: Parameter 'r' implicitly has an 'any' type.
generated/prisma/runtime/edge.js(5,23593): error TS7006: Parameter 'n' implicitly has an 'any' type.
generated/prisma/runtime/edge.js(5,23595): error TS7006: Parameter 'i' implicitly has an 'any' type.
generated/prisma/runtime/edge.js(5,23740): error TS7006: Parameter 'e' implicitly has an 'any' type.
generated/prisma/runtime/edge.js(5,23742): error TS7006: Parameter 't' implicitly has an 'any' type.
generated/prisma/runtime/edge.js(5,23744): error TS7006: Parameter 'r' implicitly has an 'any' type.
generated/prisma/runtime/edge.js(5,23808): error TS7006: Parameter 'e' implicitly has an 'any' type.
generated/prisma/runtime/edge.js(5,23810): error TS7006: Parameter 't' implicitly has an 'any' type.
generated/prisma/runtime/edge.js(5,23812): error TS7006: Parameter 'r' implicitly has an 'any' type.
generated/prisma/runtime/edge.js(5,23867): error TS7006: Parameter 'e' implicitly has an 'any' type.
generated/prisma/runtime/edge.js(5,23869): error TS7006: Parameter 't' implicitly has an 'any' type.
generated/prisma/runtime/edge.js(5,23871): error TS7006: Parameter 'r' implicitly has an 'any' type.
generated/prisma/runtime/edge.js(5,23873): error TS7006: Parameter 'n' implicitly has an 'any' type.
generated/prisma/runtime/edge.js(5,23976): error TS2339: Property 'length' does not exist on type 'A'.
generated/prisma/runtime/edge.js(5,24061): error TS2339: Property 'length' does not exist on type 'A'.
generated/prisma/runtime/edge.js(5,24154): error TS2339: Property 'length' does not exist on type 'A'.
generated/prisma/runtime/edge.js(5,24266): error TS2339: Property 'length' does not exist on type 'A'.
generated/prisma/runtime/edge.js(5,24282): error TS2339: Property 'length' does not exist on type 'A'.
generated/prisma/runtime/edge.js(5,24406): error TS2339: Property 'copyWithin' does not exist on type 'A'.
generated/prisma/runtime/edge.js(5,24461): error TS2339: Property 'subarray' does not exist on type 'A'.
generated/prisma/runtime/edge.js(5,24507): error TS7006: Parameter 'e' implicitly has an 'any' type.
generated/prisma/runtime/edge.js(5,24509): error TS7006: Parameter 't' implicitly has an 'any' type.
generated/prisma/runtime/edge.js(5,24511): error TS7006: Parameter 'r' implicitly has an 'any' type.
generated/prisma/runtime/edge.js(5,24513): error TS7006: Parameter 'n' implicitly has an 'any' type.
generated/prisma/runtime/edge.js(5,24577): error TS2339: Property 'length' does not exist on type 'A'.
generated/prisma/runtime/edge.js(5,24617): error TS2339: Property 'length' does not exist on type 'A'.
generated/prisma/runtime/edge.js(5,24950): error TS2339: Property 'length' does not exist on type 'A'.
generated/prisma/runtime/edge.js(5,24965): error TS2339: Property 'length' does not exist on type 'A'.
generated/prisma/runtime/edge.js(5,25063): error TS2339: Property 'length' does not exist on type 'A'.
generated/prisma/runtime/edge.js(5,25129): error TS7053: Element implicitly has an 'any' type because expression of type 'any' can't be used to index type 'A'.
generated/prisma/runtime/edge.js(5,25289): error TS7053: Element implicitly has an 'any' type because expression of type 'any' can't be used to index type 'A'.
generated/prisma/runtime/edge.js(5,25341): error TS7006: Parameter 'e' implicitly has an 'any' type.
generated/prisma/runtime/edge.js(5,25343): error TS7006: Parameter 't' implicitly has an 'any' type.
generated/prisma/runtime/edge.js(5,25345): error TS7006: Parameter 'r' implicitly has an 'any' type.
generated/prisma/runtime/edge.js(5,25348): error TS7053: Element implicitly has an 'any' type because expression of type 'any' can't be used to index type '{}'.
generated/prisma/runtime/edge.js(5,25766): error TS7006: Parameter 'e' implicitly has an 'any' type.
generated/prisma/runtime/edge.js(5,25910): error TS7006: Parameter 'e' implicitly has an 'any' type.
generated/prisma/runtime/edge.js(5,25912): error TS7006: Parameter 't' implicitly has an 'any' type.
generated/prisma/runtime/edge.js(5,26036): error TS7006: Parameter 'e' implicitly has an 'any' type.
generated/prisma/runtime/edge.js(5,26038): error TS7006: Parameter 't' implicitly has an 'any' type.
generated/prisma/runtime/edge.js(5,26040): error TS7006: Parameter 'r' implicitly has an 'any' type.
generated/prisma/runtime/edge.js(5,26324): error TS7006: Parameter 'e' implicitly has an 'any' type.
generated/prisma/runtime/edge.js(5,26448): error TS7006: Parameter 'e' implicitly has an 'any' type.
generated/prisma/runtime/edge.js(5,26450): error TS7006: Parameter 't' implicitly has an 'any' type.
generated/prisma/runtime/edge.js(5,26452): error TS7006: Parameter 'r' implicitly has an 'any' type.
generated/prisma/runtime/edge.js(5,26537): error TS7006: Parameter 'e' implicitly has an 'any' type.
generated/prisma/runtime/edge.js(5,26539): error TS7006: Parameter 't' implicitly has an 'any' type.
generated/prisma/runtime/edge.js(5,26541): error TS7006: Parameter 'r' implicitly has an 'any' type.
generated/prisma/runtime/edge.js(5,26543): error TS7006: Parameter 'n' implicitly has an 'any' type.
generated/prisma/runtime/edge.js(5,26545): error TS7006: Parameter 'i' implicitly has an 'any' type.
generated/prisma/runtime/edge.js(5,26547): error TS7006: Parameter 'o' implicitly has an 'any' type.
generated/prisma/runtime/edge.js(5,26774): error TS2339: Property 'ERR_OUT_OF_RANGE' does not exist on type '{}'.
generated/prisma/runtime/edge.js(5,26826): error TS7006: Parameter 'e' implicitly has an 'any' type.
generated/prisma/runtime/edge.js(5,26828): error TS7006: Parameter 't' implicitly has an 'any' type.
generated/prisma/runtime/edge.js(5,26866): error TS2339: Property 'ERR_INVALID_ARG_TYPE' does not exist on type '{}'.
generated/prisma/runtime/edge.js(5,26913): error TS7006: Parameter 'e' implicitly has an 'any' type.
generated/prisma/runtime/edge.js(5,26915): error TS7006: Parameter 't' implicitly has an 'any' type.
generated/prisma/runtime/edge.js(5,26917): error TS7006: Parameter 'r' implicitly has an 'any' type.
generated/prisma/runtime/edge.js(5,26960): error TS2339: Property 'ERR_OUT_OF_RANGE' does not exist on type '{}'.
generated/prisma/runtime/edge.js(5,27017): error TS2339: Property 'ERR_BUFFER_OUT_OF_BOUNDS' does not exist on type '{}'.
generated/prisma/runtime/edge.js(5,27049): error TS2339: Property 'ERR_OUT_OF_RANGE' does not exist on type '{}'.
generated/prisma/runtime/edge.js(5,27146): error TS7006: Parameter 'e' implicitly has an 'any' type.
generated/prisma/runtime/edge.js(5,27266): error TS7006: Parameter 'e' implicitly has an 'any' type.
generated/prisma/runtime/edge.js(5,27268): error TS7006: Parameter 't' implicitly has an 'any' type.
generated/prisma/runtime/edge.js(5,27955): error TS7006: Parameter 'e' implicitly has an 'any' type.
generated/prisma/runtime/edge.js(5,28043): error TS7006: Parameter 'e' implicitly has an 'any' type.
generated/prisma/runtime/edge.js(5,28045): error TS7006: Parameter 't' implicitly has an 'any' type.
generated/prisma/runtime/edge.js(5,28177): error TS7006: Parameter 'e' implicitly has an 'any' type.
generated/prisma/runtime/edge.js(5,28221): error TS7006: Parameter 'e' implicitly has an 'any' type.
generated/prisma/runtime/edge.js(5,28223): error TS7006: Parameter 't' implicitly has an 'any' type.
generated/prisma/runtime/edge.js(5,28225): error TS7006: Parameter 'r' implicitly has an 'any' type.
generated/prisma/runtime/edge.js(5,28227): error TS7006: Parameter 'n' implicitly has an 'any' type.
generated/prisma/runtime/edge.js(5,28316): error TS7006: Parameter 'e' implicitly has an 'any' type.
generated/prisma/runtime/edge.js(5,28318): error TS7006: Parameter 't' implicitly has an 'any' type.
generated/prisma/runtime/edge.js(5,28440): error TS7006: Parameter 'e' implicitly has an 'any' type.
generated/prisma/runtime/edge.js(5,28577): error TS2532: Object is possibly 'undefined'.
generated/prisma/runtime/edge.js(5,28582): error TS2532: Object is possibly 'undefined'.
generated/prisma/runtime/edge.js(5,28611): error TS7006: Parameter 'e' implicitly has an 'any' type.
generated/prisma/runtime/edge.js(5,28705): error TS7034: Variable 'w' implicitly has type 'any' in some locations where its type cannot be determined.
generated/prisma/runtime/edge.js(5,29029): error TS7006: Parameter 'e' implicitly has an 'any' type.
generated/prisma/runtime/edge.js(5,29292): error TS7006: Parameter 'e' implicitly has an 'any' type.
generated/prisma/runtime/edge.js(5,29294): error TS7006: Parameter 't' implicitly has an 'any' type.
generated/prisma/runtime/edge.js(5,29320): error TS7034: Variable 'Qi' implicitly has type 'any' in some locations where its type cannot be determined.
generated/prisma/runtime/edge.js(5,29628): error TS7006: Parameter 'df' implicitly has an 'any' type.
generated/prisma/runtime/edge.js(5,29631): error TS7006: Parameter 'Pl' implicitly has an 'any' type.
generated/prisma/runtime/edge.js(5,31974): error TS7019: Rest parameter 'e' implicitly has an 'any[]' type.
generated/prisma/runtime/edge.js(5,32011): error TS7019: Rest parameter 'e' implicitly has an 'any[]' type.
generated/prisma/runtime/edge.js(5,32048): error TS7006: Parameter 'e' implicitly has an 'any' type.
generated/prisma/runtime/edge.js(5,32145): error TS7006: Parameter 'e' implicitly has an 'any' type.
generated/prisma/runtime/edge.js(5,32200): error TS7006: Parameter 'e' implicitly has an 'any' type.
generated/prisma/runtime/edge.js(5,32257): error TS7006: Parameter 'e' implicitly has an 'any' type.
generated/prisma/runtime/edge.js(5,32286): error TS7006: Parameter 'i' implicitly has an 'any' type.
generated/prisma/runtime/edge.js(5,32420): error TS7034: Variable 'dr' implicitly has type 'any' in some locations where its type cannot be determined.
generated/prisma/runtime/edge.js(5,32610): error TS7006: Parameter 'Mf' implicitly has an 'any' type.
generated/prisma/runtime/edge.js(5,32613): error TS7006: Parameter 'Ml' implicitly has an 'any' type.
generated/prisma/runtime/edge.js(5,33132): error TS7006: Parameter 'gr' implicitly has an 'any' type.
generated/prisma/runtime/edge.js(5,33303): error TS7006: Parameter 'Qf' implicitly has an 'any' type.
generated/prisma/runtime/edge.js(5,33306): error TS7006: Parameter 'to' implicitly has an 'any' type.
generated/prisma/runtime/edge.js(5,33357): error TS7006: Parameter 'e' implicitly has an 'any' type.
generated/prisma/runtime/edge.js(5,33363): error TS7006: Parameter 'r' implicitly has an 'any' type.
generated/prisma/runtime/edge.js(5,33861): error TS7006: Parameter 'Jy' implicitly has an 'any' type.
generated/prisma/runtime/edge.js(5,33864): error TS7006: Parameter 'vo' implicitly has an 'any' type.
generated/prisma/runtime/edge.js(5,33936): error TS7006: Parameter 't' implicitly has an 'any' type.
generated/prisma/runtime/edge.js(5,33938): error TS7006: Parameter 'r' implicitly has an 'any' type.
generated/prisma/runtime/edge.js(5,33940): error TS7006: Parameter 'n' implicitly has an 'any' type.
generated/prisma/runtime/edge.js(5,33942): error TS7006: Parameter 'i' implicitly has an 'any' type.
generated/prisma/runtime/edge.js(5,33944): error TS7006: Parameter 'o' implicitly has an 'any' type.
generated/prisma/runtime/edge.js(5,34003): error TS7006: Parameter 't' implicitly has an 'any' type.
generated/prisma/runtime/edge.js(5,34005): error TS7006: Parameter 'r' implicitly has an 'any' type.
generated/prisma/runtime/edge.js(5,34794): error TS7034: Variable 'Jr' implicitly has type 'any' in some locations where its type cannot be determined.
generated/prisma/runtime/edge.js(5,34863): error TS7006: Parameter 't' implicitly has an 'any' type.
generated/prisma/runtime/edge.js(5,34865): error TS7006: Parameter 'r' implicitly has an 'any' type.
generated/prisma/runtime/edge.js(5,34875): error TS7053: Element implicitly has an 'any' type because expression of type 'any' can't be used to index type '{}'.
generated/prisma/runtime/edge.js(5,34892): error TS7053: Element implicitly has an 'any' type because expression of type 'any' can't be used to index type '{}'.
generated/prisma/runtime/edge.js(5,34911): error TS7053: Element implicitly has an 'any' type because expression of type 'any' can't be used to index type '{}'.
generated/prisma/runtime/edge.js(5,34944): error TS7006: Parameter 't' implicitly has an 'any' type.
generated/prisma/runtime/edge.js(5,34946): error TS7019: Rest parameter 'r' implicitly has an 'any[]' type.
generated/prisma/runtime/edge.js(5,34959): error TS7053: Element implicitly has an 'any' type because expression of type 'any' can't be used to index type '{}'.
generated/prisma/runtime/edge.js(5,34975): error TS7053: Element implicitly has an 'any' type because expression of type 'any' can't be used to index type '{}'.
generated/prisma/runtime/edge.js(5,34998): error TS7006: Parameter 'n' implicitly has an 'any' type.
generated/prisma/runtime/edge.js(5,35872): error TS7006: Parameter 'e' implicitly has an 'any' type.
generated/prisma/runtime/edge.js(5,35905): error TS7006: Parameter 't' implicitly has an 'any' type.
generated/prisma/runtime/edge.js(5,35954): error TS7006: Parameter 'e' implicitly has an 'any' type.
generated/prisma/runtime/edge.js(5,36054): error TS7019: Rest parameter 'e' implicitly has an 'any[]' type.
generated/prisma/runtime/edge.js(5,36067): error TS7006: Parameter 't' implicitly has an 'any' type.
generated/prisma/runtime/edge.js(5,36229): error TS18048: 'y' is possibly 'undefined'.
generated/prisma/runtime/edge.js(5,36242): error TS18048: 'y' is possibly 'undefined'.
generated/prisma/runtime/edge.js(5,36252): error TS18048: 'y' is possibly 'undefined'.
generated/prisma/runtime/edge.js(5,36349): error TS7006: Parameter 'e' implicitly has an 'any' type.
generated/prisma/runtime/edge.js(5,36351): error TS7006: Parameter 't' implicitly has an 'any' type.
generated/prisma/runtime/edge.js(5,36438): error TS7006: Parameter 'o' implicitly has an 'any' type.
generated/prisma/runtime/edge.js(5,36905): error TS7034: Variable 'fr' implicitly has type 'any[]' in some locations where its type cannot be determined.
generated/prisma/runtime/edge.js(5,36946): error TS18048: 'y' is possibly 'undefined'.
generated/prisma/runtime/edge.js(5,36966): error TS7017: Element implicitly has an 'any' type because type 'typeof globalThis' has no index signature.
generated/prisma/runtime/edge.js(5,36998): error TS7017: Element implicitly has an 'any' type because type 'typeof globalThis' has no index signature.
generated/prisma/runtime/edge.js(5,37072): error TS7006: Parameter 'e' implicitly has an 'any' type.
generated/prisma/runtime/edge.js(5,37107): error TS7017: Element implicitly has an 'any' type because type 'typeof globalThis' has no index signature.
generated/prisma/runtime/edge.js(5,37144): error TS7017: Element implicitly has an 'any' type because type 'typeof globalThis' has no index signature.
generated/prisma/runtime/edge.js(5,37168): error TS7017: Element implicitly has an 'any' type because type 'typeof globalThis' has no index signature.
generated/prisma/runtime/edge.js(5,37188): error TS7006: Parameter 'e' implicitly has an 'any' type.
generated/prisma/runtime/edge.js(5,37208): error TS7017: Element implicitly has an 'any' type because type 'typeof globalThis' has no index signature.
generated/prisma/runtime/edge.js(5,37229): error TS7006: Parameter 'i' implicitly has an 'any' type.
generated/prisma/runtime/edge.js(5,37281): error TS7006: Parameter 'i' implicitly has an 'any' type.
generated/prisma/runtime/edge.js(5,37361): error TS7006: Parameter 'i' implicitly has an 'any' type.
generated/prisma/runtime/edge.js(5,37460): error TS7019: Rest parameter 'e' implicitly has an 'any[]' type.
generated/prisma/runtime/edge.js(5,37558): error TS7006: Parameter 'e' implicitly has an 'any' type.
generated/prisma/runtime/edge.js(5,37656): error TS7019: Rest parameter 'n' implicitly has an 'any[]' type.
generated/prisma/runtime/edge.js(5,37756): error TS7005: Variable 'fr' implicitly has an 'any[]' type.
generated/prisma/runtime/edge.js(5,37911): error TS7053: Element implicitly has an 'any' type because expression of type 'string | symbol' can't be used to index type '{ color: string | undefined; enabled: any; namespace: any; log: (...e: any[]) => void; extend: () => void; }'.
  No index signature with a parameter of type 'string' was found on type '{ color: string | undefined; enabled: any; namespace: any; log: (...e: any[]) => void; extend: () => void; }'.
generated/prisma/runtime/edge.js(5,37929): error TS7053: Element implicitly has an 'any' type because expression of type 'string | symbol' can't be used to index type '{ color: string | undefined; enabled: any; namespace: any; log: (...e: any[]) => void; extend: () => void; }'.
  No index signature with a parameter of type 'string' was found on type '{ color: string | undefined; enabled: any; namespace: any; log: (...e: any[]) => void; extend: () => void; }'.
generated/prisma/runtime/edge.js(5,37969): error TS7053: Element implicitly has an 'any' type because expression of type 'string | symbol' can't be used to index type '{ enable(e: any): void; disable(): any; enabled(e: any): any; log: (...e: any[]) => void; formatters: {}; }'.
  No index signature with a parameter of type 'string' was found on type '{ enable(e: any): void; disable(): any; enabled(e: any): any; log: (...e: any[]) => void; formatters: {}; }'.
generated/prisma/runtime/edge.js(5,37988): error TS7053: Element implicitly has an 'any' type because expression of type 'string | symbol' can't be used to index type '{ enable(e: any): void; disable(): any; enabled(e: any): any; log: (...e: any[]) => void; formatters: {}; }'.
  No index signature with a parameter of type 'string' was found on type '{ enable(e: any): void; disable(): any; enabled(e: any): any; log: (...e: any[]) => void; formatters: {}; }'.
generated/prisma/runtime/edge.js(5,38010): error TS7006: Parameter 'e' implicitly has an 'any' type.
generated/prisma/runtime/edge.js(5,38322): error TS7006: Parameter 'e' implicitly has an 'any' type.
generated/prisma/runtime/edge.js(5,38498): error TS7005: Variable 'y' implicitly has an 'any' type.
generated/prisma/runtime/edge.js(5,38711): error TS7006: Parameter 'e' implicitly has an 'any' type.
generated/prisma/runtime/edge.js(5,38773): error TS7006: Parameter 'e' implicitly has an 'any' type.
generated/prisma/runtime/edge.js(5,39140): error TS7005: Variable 'y' implicitly has an 'any' type.
generated/prisma/runtime/edge.js(5,39183): error TS7019: Rest parameter 'e' implicitly has an 'any[]' type.
generated/prisma/runtime/edge.js(5,39219): error TS7006: Parameter 'e' implicitly has an 'any' type.
generated/prisma/runtime/edge.js(5,39221): error TS7019: Rest parameter 't' implicitly has an 'any[]' type.
generated/prisma/runtime/edge.js(5,39287): error TS7006: Parameter 'e' implicitly has an 'any' type.
generated/prisma/runtime/edge.js(5,39289): error TS7019: Rest parameter 't' implicitly has an 'any[]' type.
generated/prisma/runtime/edge.js(5,39344): error TS7006: Parameter 'e' implicitly has an 'any' type.
generated/prisma/runtime/edge.js(5,39346): error TS7019: Rest parameter 't' implicitly has an 'any[]' type.
generated/prisma/runtime/edge.js(5,39403): error TS7006: Parameter 'e' implicitly has an 'any' type.
generated/prisma/runtime/edge.js(5,39405): error TS7019: Rest parameter 't' implicitly has an 'any[]' type.
generated/prisma/runtime/edge.js(5,39480): error TS7006: Parameter 'e' implicitly has an 'any' type.
generated/prisma/runtime/edge.js(5,39482): error TS7006: Parameter 't' implicitly has an 'any' type.
generated/prisma/runtime/edge.js(5,39866): error TS7006: Parameter 'e' implicitly has an 'any' type.
generated/prisma/runtime/edge.js(5,40013): error TS7006: Parameter 'e' implicitly has an 'any' type.
generated/prisma/runtime/edge.js(5,40015): error TS7006: Parameter 't' implicitly has an 'any' type.
generated/prisma/runtime/edge.js(5,40099): error TS7006: Parameter 'e' implicitly has an 'any' type.
generated/prisma/runtime/edge.js(5,40101): error TS7006: Parameter 't' implicitly has an 'any' type.
generated/prisma/runtime/edge.js(5,40141): error TS7053: Element implicitly has an 'any' type because expression of type 'string' can't be used to index type '{}'.
  No index signature with a parameter of type 'string' was found on type '{}'.
generated/prisma/runtime/edge.js(5,40197): error TS7006: Parameter 'e' implicitly has an 'any' type.
generated/prisma/runtime/edge.js(5,40199): error TS7006: Parameter 't' implicitly has an 'any' type.
generated/prisma/runtime/edge.js(5,40325): error TS7006: Parameter 'e' implicitly has an 'any' type.
generated/prisma/runtime/edge.js(5,40327): error TS7006: Parameter 't' implicitly has an 'any' type.
generated/prisma/runtime/edge.js(5,40427): error TS7006: Parameter 'e' implicitly has an 'any' type.
generated/prisma/runtime/edge.js(5,40429): error TS7006: Parameter 't' implicitly has an 'any' type.
generated/prisma/runtime/edge.js(5,40431): error TS7019: Rest parameter 'r' implicitly has an 'any[]' type.
generated/prisma/runtime/edge.js(5,40526): error TS7008: Member 'retryable' implicitly has an 'any' type.
generated/prisma/runtime/edge.js(5,40548): error TS7006: Parameter 't' implicitly has an 'any' type.
generated/prisma/runtime/edge.js(5,40550): error TS7006: Parameter 'r' implicitly has an 'any' type.
generated/prisma/runtime/edge.js(5,40552): error TS7006: Parameter 'n' implicitly has an 'any' type.
generated/prisma/runtime/edge.js(5,40851): error TS7008: Member 'batchRequestIdx' implicitly has an 'any' type.
generated/prisma/runtime/edge.js(5,40879): error TS7006: Parameter 't' implicitly has an 'any' type.
generated/prisma/runtime/edge.js(5,40887): error TS7031: Binding element 'r' implicitly has an 'any' type.
generated/prisma/runtime/edge.js(5,40903): error TS7031: Binding element 'n' implicitly has an 'any' type.
generated/prisma/runtime/edge.js(5,40910): error TS7031: Binding element 'i' implicitly has an 'any' type.
generated/prisma/runtime/edge.js(5,40928): error TS7031: Binding element 'o' implicitly has an 'any' type.
generated/prisma/runtime/edge.js(5,41287): error TS7006: Parameter 't' implicitly has an 'any' type.
generated/prisma/runtime/edge.js(5,41289): error TS7006: Parameter 'r' implicitly has an 'any' type.
generated/prisma/runtime/edge.js(5,41520): error TS7008: Member 'batchRequestIdx' implicitly has an 'any' type.
generated/prisma/runtime/edge.js(5,41548): error TS7006: Parameter 't' implicitly has an 'any' type.
generated/prisma/runtime/edge.js(5,41565): error TS7031: Binding element 'r' implicitly has an 'any' type.
generated/prisma/runtime/edge.js(5,41583): error TS7031: Binding element 'n' implicitly has an 'any' type.
generated/prisma/runtime/edge.js(5,41958): error TS7006: Parameter 't' implicitly has an 'any' type.
generated/prisma/runtime/edge.js(5,41975): error TS7031: Binding element 'r' implicitly has an 'any' type.
generated/prisma/runtime/edge.js(5,42198): error TS7006: Parameter 't' implicitly has an 'any' type.
generated/prisma/runtime/edge.js(5,42236): error TS7006: Parameter 't' implicitly has an 'any' type.
generated/prisma/runtime/edge.js(5,42238): error TS7006: Parameter 'r' implicitly has an 'any' type.
generated/prisma/runtime/edge.js(5,42280): error TS7006: Parameter 't' implicitly has an 'any' type.
generated/prisma/runtime/edge.js(5,42282): error TS7006: Parameter 'r' implicitly has an 'any' type.
generated/prisma/runtime/edge.js(5,42395): error TS7006: Parameter 'e' implicitly has an 'any' type.
generated/prisma/runtime/edge.js(5,42483): error TS7006: Parameter 'e' implicitly has an 'any' type.
generated/prisma/runtime/edge.js(5,42485): error TS7006: Parameter 't' implicitly has an 'any' type.
generated/prisma/runtime/edge.js(5,42524): error TS7053: Element implicitly has an 'any' type because expression of type 'any' can't be used to index type '{}'.
generated/prisma/runtime/edge.js(5,42572): error TS7006: Parameter 'e' implicitly has an 'any' type.
generated/prisma/runtime/edge.js(5,42579): error TS7034: Variable 't' implicitly has type 'any' in some locations where its type cannot be determined.
generated/prisma/runtime/edge.js(5,42601): error TS7005: Variable 't' implicitly has an 'any' type.
generated/prisma/runtime/edge.js(5,42662): error TS7006: Parameter 'e' implicitly has an 'any' type.
generated/prisma/runtime/edge.js(5,42741): error TS7006: Parameter 'e' implicitly has an 'any' type.
generated/prisma/runtime/edge.js(5,42778): error TS7053: Element implicitly has an 'any' type because expression of type 'any' can't be used to index type '{}'.
generated/prisma/runtime/edge.js(5,42826): error TS7006: Parameter 'e' implicitly has an 'any' type.
generated/prisma/runtime/edge.js(5,42919): error TS7006: Parameter 'e' implicitly has an 'any' type.
generated/prisma/runtime/edge.js(5,45193): error TS7034: Variable 'po' implicitly has type 'any' in some locations where its type cannot be determined.
generated/prisma/runtime/edge.js(5,45196): error TS7034: Variable 've' implicitly has type 'any' in some locations where its type cannot be determined.
generated/prisma/runtime/edge.js(5,45640): error TS2339: Property 'absoluteValue' does not exist on type '{ toStringTag: string; }'.
generated/prisma/runtime/edge.js(5,45656): error TS2339: Property 'abs' does not exist on type '{ toStringTag: string; }'.
generated/prisma/runtime/edge.js(5,45681): error TS2351: This expression is not constructable.
  Type 'Function' has no construct signatures.
generated/prisma/runtime/edge.js(5,45734): error TS2339: Property 'ceil' does not exist on type '{ toStringTag: string; }'.
generated/prisma/runtime/edge.js(5,45763): error TS2351: This expression is not constructable.
  Type 'Function' has no construct signatures.
generated/prisma/runtime/edge.js(5,45791): error TS2339: Property 'e' does not exist on type '{ toStringTag: string; }'.
generated/prisma/runtime/edge.js(5,45801): error TS2339: Property 'clampedTo' does not exist on type '{ toStringTag: string; }'.
generated/prisma/runtime/edge.js(5,45813): error TS2339: Property 'clamp' does not exist on type '{ toStringTag: string; }'.
generated/prisma/runtime/edge.js(5,45828): error TS7006: Parameter 'e' implicitly has an 'any' type.
generated/prisma/runtime/edge.js(5,45830): error TS7006: Parameter 't' implicitly has an 'any' type.
generated/prisma/runtime/edge.js(5,45871): error TS2351: This expression is not constructable.
  Type 'Function' has no construct signatures.
generated/prisma/runtime/edge.js(5,45882): error TS2351: This expression is not constructable.
  Type 'Function' has no construct signatures.
generated/prisma/runtime/edge.js(5,45909): error TS2351: This expression is not constructable.
  Type 'Function' has no construct signatures.
generated/prisma/runtime/edge.js(5,45956): error TS2339: Property 'cmp' does not exist on type '{ toStringTag: string; }'.
generated/prisma/runtime/edge.js(5,45971): error TS2339: Property 'cmp' does not exist on type '{ toStringTag: string; }'.
generated/prisma/runtime/edge.js(5,45986): error TS2351: This expression is not constructable.
  Type 'Function' has no construct signatures.
generated/prisma/runtime/edge.js(5,45994): error TS2339: Property 'comparedTo' does not exist on type '{ toStringTag: string; }'.
generated/prisma/runtime/edge.js(5,46007): error TS2339: Property 'cmp' does not exist on type '{ toStringTag: string; }'.
generated/prisma/runtime/edge.js(5,46020): error TS7006: Parameter 'e' implicitly has an 'any' type.
generated/prisma/runtime/edge.js(5,46046): error TS2339: Property 'd' does not exist on type '{ toStringTag: string; }'.
generated/prisma/runtime/edge.js(5,46057): error TS2351: This expression is not constructable.
  Type 'Function' has no construct signatures.
generated/prisma/runtime/edge.js(5,46081): error TS2339: Property 's' does not exist on type '{ toStringTag: string; }'.
generated/prisma/runtime/edge.js(5,46132): error TS2447: The '^' operator is not allowed for boolean types. Consider using '!==' instead.
generated/prisma/runtime/edge.js(5,46207): error TS2339: Property 'e' does not exist on type '{ toStringTag: string; }'.
generated/prisma/runtime/edge.js(5,46222): error TS2447: The '^' operator is not allowed for boolean types. Consider using '!==' instead.
generated/prisma/runtime/edge.js(5,46224): error TS2339: Property 'e' does not exist on type '{ toStringTag: string; }'.
generated/prisma/runtime/edge.js(5,46309): error TS2447: The '^' operator is not allowed for boolean types. Consider using '!==' instead.
generated/prisma/runtime/edge.js(5,46343): error TS2447: The '^' operator is not allowed for boolean types. Consider using '!==' instead.
generated/prisma/runtime/edge.js(5,46359): error TS2339: Property 'cosine' does not exist on type '{ toStringTag: string; }'.
generated/prisma/runtime/edge.js(5,46368): error TS2339: Property 'cos' does not exist on type '{ toStringTag: string; }'.
generated/prisma/runtime/edge.js(5,46423): error TS2339: Property 'd' does not exist on type '{ toStringTag: string; }'.
generated/prisma/runtime/edge.js(5,46427): error TS2339: Property 'd' does not exist on type '{ toStringTag: string; }'.
generated/prisma/runtime/edge.js(5,46437): error TS2339: Property 'precision' does not exist on type 'Function'.
generated/prisma/runtime/edge.js(5,46451): error TS2339: Property 'rounding' does not exist on type 'Function'.
generated/prisma/runtime/edge.js(5,46462): error TS2339: Property 'precision' does not exist on type 'Function'.
generated/prisma/runtime/edge.js(5,46485): error TS2339: Property 'e' does not exist on type '{ toStringTag: string; }'.
generated/prisma/runtime/edge.js(5,46489): error TS2339: Property 'sd' does not exist on type '{ toStringTag: string; }'.
generated/prisma/runtime/edge.js(5,46499): error TS2339: Property 'rounding' does not exist on type 'Function'.
generated/prisma/runtime/edge.js(5,46528): error TS2339: Property 'precision' does not exist on type 'Function'.
generated/prisma/runtime/edge.js(5,46542): error TS2339: Property 'rounding' does not exist on type 'Function'.
generated/prisma/runtime/edge.js(5,46555): error TS7005: Variable 've' implicitly has an 'any' type.
generated/prisma/runtime/edge.js(5,46562): error TS7005: Variable 've' implicitly has an 'any' type.
generated/prisma/runtime/edge.js(5,46570): error TS2339: Property 'neg' does not exist on type '{ toStringTag: string; }'.
generated/prisma/runtime/edge.js(5,46591): error TS2351: This expression is not constructable.
  Type 'Function' has no construct signatures.
generated/prisma/runtime/edge.js(5,46600): error TS2351: This expression is not constructable.
  Type 'Function' has no construct signatures.
generated/prisma/runtime/edge.js(5,46610): error TS2339: Property 'cubeRoot' does not exist on type '{ toStringTag: string; }'.
generated/prisma/runtime/edge.js(5,46621): error TS2339: Property 'cbrt' does not exist on type '{ toStringTag: string; }'.
generated/prisma/runtime/edge.js(5,46690): error TS2339: Property 'isFinite' does not exist on type '{ toStringTag: string; }'.
generated/prisma/runtime/edge.js(5,46704): error TS2339: Property 'isZero' does not exist on type '{ toStringTag: string; }'.
generated/prisma/runtime/edge.js(5,46724): error TS2351: This expression is not constructable.
  Type 'Function' has no construct signatures.
generated/prisma/runtime/edge.js(5,46742): error TS2339: Property 's' does not exist on type '{ toStringTag: string; }'.
generated/prisma/runtime/edge.js(5,46748): error TS2339: Property 's' does not exist on type '{ toStringTag: string; }'.
generated/prisma/runtime/edge.js(5,46750): error TS2363: The right-hand side of an arithmetic operation must be of type 'any', 'number', 'bigint' or an enum type.
generated/prisma/runtime/edge.js(5,46785): error TS2339: Property 'd' does not exist on type '{ toStringTag: string; }'.
generated/prisma/runtime/edge.js(5,46792): error TS2339: Property 'e' does not exist on type '{ toStringTag: string; }'.
generated/prisma/runtime/edge.js(5,46846): error TS2345: Argument of type 'string' is not assignable to parameter of type 'number'.
generated/prisma/runtime/edge.js(5,46867): error TS2363: The right-hand side of an arithmetic operation must be of type 'any', 'number', 'bigint' or an enum type.
generated/prisma/runtime/edge.js(5,46961): error TS2351: This expression is not constructable.
  Type 'Function' has no construct signatures.
generated/prisma/runtime/edge.js(5,46972): error TS2339: Property 's' does not exist on type '{ toStringTag: string; }'.
generated/prisma/runtime/edge.js(5,46981): error TS2351: This expression is not constructable.
  Type 'Function' has no construct signatures.
generated/prisma/runtime/edge.js(5,47004): error TS2339: Property 'precision' does not exist on type 'Function'.
generated/prisma/runtime/edge.js(5,47368): error TS2339: Property 'rounding' does not exist on type 'Function'.
generated/prisma/runtime/edge.js(5,47383): error TS2339: Property 'decimalPlaces' does not exist on type '{ toStringTag: string; }'.
generated/prisma/runtime/edge.js(5,47399): error TS2339: Property 'dp' does not exist on type '{ toStringTag: string; }'.
generated/prisma/runtime/edge.js(5,47426): error TS2339: Property 'd' does not exist on type '{ toStringTag: string; }'.
generated/prisma/runtime/edge.js(5,47469): error TS2339: Property 'e' does not exist on type '{ toStringTag: string; }'.
generated/prisma/runtime/edge.js(5,47532): error TS2339: Property 'dividedBy' does not exist on type '{ toStringTag: string; }'.
generated/prisma/runtime/edge.js(5,47544): error TS2339: Property 'div' does not exist on type '{ toStringTag: string; }'.
generated/prisma/runtime/edge.js(5,47557): error TS7006: Parameter 'e' implicitly has an 'any' type.
generated/prisma/runtime/edge.js(5,47578): error TS2351: This expression is not constructable.
  Type 'Function' has no construct signatures.
generated/prisma/runtime/edge.js(5,47602): error TS2339: Property 'dividedToIntegerBy' does not exist on type '{ toStringTag: string; }'.
generated/prisma/runtime/edge.js(5,47623): error TS2339: Property 'divToInt' does not exist on type '{ toStringTag: string; }'.
generated/prisma/runtime/edge.js(5,47641): error TS7006: Parameter 'e' implicitly has an 'any' type.
generated/prisma/runtime/edge.js(5,47688): error TS2351: This expression is not constructable.
  Type 'Function' has no construct signatures.
generated/prisma/runtime/edge.js(5,47702): error TS2339: Property 'precision' does not exist on type 'Function'.
generated/prisma/runtime/edge.js(5,47714): error TS2339: Property 'rounding' does not exist on type 'Function'.
generated/prisma/runtime/edge.js(5,47727): error TS2339: Property 'equals' does not exist on type '{ toStringTag: string; }'.
generated/prisma/runtime/edge.js(5,47736): error TS2339: Property 'eq' does not exist on type '{ toStringTag: string; }'.
generated/prisma/runtime/edge.js(5,47748): error TS7006: Parameter 'e' implicitly has an 'any' type.
generated/prisma/runtime/edge.js(5,47763): error TS2339: Property 'cmp' does not exist on type '{ toStringTag: string; }'.
generated/prisma/runtime/edge.js(5,47777): error TS2339: Property 'floor' does not exist on type '{ toStringTag: string; }'.
generated/prisma/runtime/edge.js(5,47807): error TS2351: This expression is not constructable.
  Type 'Function' has no construct signatures.
generated/prisma/runtime/edge.js(5,47835): error TS2339: Property 'e' does not exist on type '{ toStringTag: string; }'.
generated/prisma/runtime/edge.js(5,47845): error TS2339: Property 'greaterThan' does not exist on type '{ toStringTag: string; }'.
generated/prisma/runtime/edge.js(5,47859): error TS2339: Property 'gt' does not exist on type '{ toStringTag: string; }'.
generated/prisma/runtime/edge.js(5,47871): error TS7006: Parameter 'e' implicitly has an 'any' type.
generated/prisma/runtime/edge.js(5,47886): error TS2339: Property 'cmp' does not exist on type '{ toStringTag: string; }'.
generated/prisma/runtime/edge.js(5,47898): error TS2339: Property 'greaterThanOrEqualTo' does not exist on type '{ toStringTag: string; }'.
generated/prisma/runtime/edge.js(5,47921): error TS2339: Property 'gte' does not exist on type '{ toStringTag: string; }'.
generated/prisma/runtime/edge.js(5,47934): error TS7006: Parameter 'e' implicitly has an 'any' type.
generated/prisma/runtime/edge.js(5,47948): error TS2339: Property 'cmp' does not exist on type '{ toStringTag: string; }'.
generated/prisma/runtime/edge.js(5,47977): error TS2339: Property 'hyperbolicCosine' does not exist on type '{ toStringTag: string; }'.
generated/prisma/runtime/edge.js(5,47996): error TS2339: Property 'cosh' does not exist on type '{ toStringTag: string; }'.
generated/prisma/runtime/edge.js(5,48055): error TS2351: This expression is not constructable.
  Type 'Function' has no construct signatures.
generated/prisma/runtime/edge.js(5,48066): error TS2339: Property 'isFinite' does not exist on type '{ toStringTag: string; }'.
generated/prisma/runtime/edge.js(5,48088): error TS2351: This expression is not constructable.
  Type 'Function' has no construct signatures.
generated/prisma/runtime/edge.js(5,48092): error TS2339: Property 's' does not exist on type '{ toStringTag: string; }'.
generated/prisma/runtime/edge.js(5,48108): error TS2339: Property 'isZero' does not exist on type '{ toStringTag: string; }'.
generated/prisma/runtime/edge.js(5,48130): error TS2339: Property 'precision' does not exist on type 'Function'.
generated/prisma/runtime/edge.js(5,48144): error TS2339: Property 'rounding' does not exist on type 'Function'.
generated/prisma/runtime/edge.js(5,48155): error TS2339: Property 'precision' does not exist on type 'Function'.
generated/prisma/runtime/edge.js(5,48178): error TS2339: Property 'e' does not exist on type '{ toStringTag: string; }'.
generated/prisma/runtime/edge.js(5,48182): error TS2339: Property 'sd' does not exist on type '{ toStringTag: string; }'.
generated/prisma/runtime/edge.js(5,48192): error TS2339: Property 'rounding' does not exist on type 'Function'.
generated/prisma/runtime/edge.js(5,48207): error TS2339: Property 'd' does not exist on type '{ toStringTag: string; }'.
generated/prisma/runtime/edge.js(5,48316): error TS2339: Property 'times' does not exist on type '{ toStringTag: string; }'.
generated/prisma/runtime/edge.js(5,48329): error TS2351: This expression is not constructable.
  Type 'Function' has no construct signatures.
generated/prisma/runtime/edge.js(5,48358): error TS2351: This expression is not constructable.
  Type 'Function' has no construct signatures.
generated/prisma/runtime/edge.js(5,48372): error TS2339: Property 'times' does not exist on type '{ toStringTag: string; }'.
generated/prisma/runtime/edge.js(5,48434): error TS2339: Property 'precision' does not exist on type 'Function'.
generated/prisma/runtime/edge.js(5,48448): error TS2339: Property 'rounding' does not exist on type 'Function'.
generated/prisma/runtime/edge.js(5,48466): error TS2339: Property 'hyperbolicSine' does not exist on type '{ toStringTag: string; }'.
generated/prisma/runtime/edge.js(5,48483): error TS2339: Property 'sinh' does not exist on type '{ toStringTag: string; }'.
generated/prisma/runtime/edge.js(5,48540): error TS2339: Property 'isFinite' does not exist on type '{ toStringTag: string; }'.
generated/prisma/runtime/edge.js(5,48554): error TS2339: Property 'isZero' does not exist on type '{ toStringTag: string; }'.
generated/prisma/runtime/edge.js(5,48574): error TS2351: This expression is not constructable.
  Type 'Function' has no construct signatures.
generated/prisma/runtime/edge.js(5,48586): error TS2339: Property 'precision' does not exist on type 'Function'.
generated/prisma/runtime/edge.js(5,48600): error TS2339: Property 'rounding' does not exist on type 'Function'.
generated/prisma/runtime/edge.js(5,48611): error TS2339: Property 'precision' does not exist on type 'Function'.
generated/prisma/runtime/edge.js(5,48634): error TS2339: Property 'e' does not exist on type '{ toStringTag: string; }'.
generated/prisma/runtime/edge.js(5,48638): error TS2339: Property 'sd' does not exist on type '{ toStringTag: string; }'.
generated/prisma/runtime/edge.js(5,48648): error TS2339: Property 'rounding' does not exist on type 'Function'.
generated/prisma/runtime/edge.js(5,48663): error TS2339: Property 'd' does not exist on type '{ toStringTag: string; }'.
generated/prisma/runtime/edge.js(5,48735): error TS2339: Property 'times' does not exist on type '{ toStringTag: string; }'.
generated/prisma/runtime/edge.js(5,48785): error TS2351: This expression is not constructable.
  Type 'Function' has no construct signatures.
generated/prisma/runtime/edge.js(5,48796): error TS2351: This expression is not constructable.
  Type 'Function' has no construct signatures.
generated/prisma/runtime/edge.js(5,48808): error TS2351: This expression is not constructable.
  Type 'Function' has no construct signatures.
generated/prisma/runtime/edge.js(5,48823): error TS2339: Property 'times' does not exist on type '{ toStringTag: string; }'.
generated/prisma/runtime/edge.js(5,48836): error TS2339: Property 'times' does not exist on type '{ toStringTag: string; }'.
generated/prisma/runtime/edge.js(5,48888): error TS2339: Property 'precision' does not exist on type 'Function'.
generated/prisma/runtime/edge.js(5,48902): error TS2339: Property 'rounding' does not exist on type 'Function'.
generated/prisma/runtime/edge.js(5,48928): error TS2339: Property 'hyperbolicTangent' does not exist on type '{ toStringTag: string; }'.
generated/prisma/runtime/edge.js(5,48948): error TS2339: Property 'tanh' does not exist on type '{ toStringTag: string; }'.
generated/prisma/runtime/edge.js(5,49004): error TS2339: Property 'isFinite' does not exist on type '{ toStringTag: string; }'.
generated/prisma/runtime/edge.js(5,49017): error TS2339: Property 'isZero' does not exist on type '{ toStringTag: string; }'.
generated/prisma/runtime/edge.js(5,49030): error TS2351: This expression is not constructable.
  Type 'Function' has no construct signatures.
generated/prisma/runtime/edge.js(5,49040): error TS2339: Property 'precision' does not exist on type 'Function'.
generated/prisma/runtime/edge.js(5,49054): error TS2339: Property 'rounding' does not exist on type 'Function'.
generated/prisma/runtime/edge.js(5,49065): error TS2339: Property 'precision' does not exist on type 'Function'.
generated/prisma/runtime/edge.js(5,49081): error TS2339: Property 'rounding' does not exist on type 'Function'.
generated/prisma/runtime/edge.js(5,49096): error TS2339: Property 'sinh' does not exist on type '{ toStringTag: string; }'.
generated/prisma/runtime/edge.js(5,49105): error TS2339: Property 'cosh' does not exist on type '{ toStringTag: string; }'.
generated/prisma/runtime/edge.js(5,49114): error TS2339: Property 'precision' does not exist on type 'Function'.
generated/prisma/runtime/edge.js(5,49128): error TS2339: Property 'rounding' does not exist on type 'Function'.
generated/prisma/runtime/edge.js(5,49145): error TS2351: This expression is not constructable.
  Type 'Function' has no construct signatures.
generated/prisma/runtime/edge.js(5,49149): error TS2339: Property 's' does not exist on type '{ toStringTag: string; }'.
generated/prisma/runtime/edge.js(5,49155): error TS2339: Property 'inverseCosine' does not exist on type '{ toStringTag: string; }'.
generated/prisma/runtime/edge.js(5,49171): error TS2339: Property 'acos' does not exist on type '{ toStringTag: string; }'.
generated/prisma/runtime/edge.js(5,49218): error TS2339: Property 'abs' does not exist on type '{ toStringTag: string; }'.
generated/prisma/runtime/edge.js(5,49235): error TS2339: Property 'precision' does not exist on type 'Function'.
generated/prisma/runtime/edge.js(5,49249): error TS2339: Property 'rounding' does not exist on type 'Function'.
generated/prisma/runtime/edge.js(5,49280): error TS2339: Property 'isNeg' does not exist on type '{ toStringTag: string; }'.
generated/prisma/runtime/edge.js(5,49302): error TS2351: This expression is not constructable.
  Type 'Function' has no construct signatures.
generated/prisma/runtime/edge.js(5,49311): error TS2351: This expression is not constructable.
  Type 'Function' has no construct signatures.
generated/prisma/runtime/edge.js(5,49320): error TS2339: Property 'isZero' does not exist on type '{ toStringTag: string; }'.
generated/prisma/runtime/edge.js(5,49354): error TS2339: Property 'precision' does not exist on type 'Function'.
generated/prisma/runtime/edge.js(5,49370): error TS2339: Property 'rounding' does not exist on type 'Function'.
generated/prisma/runtime/edge.js(5,49387): error TS2351: This expression is not constructable.
  Type 'Function' has no construct signatures.
generated/prisma/runtime/edge.js(5,49407): error TS2339: Property 'plus' does not exist on type '{ toStringTag: string; }'.
generated/prisma/runtime/edge.js(5,49432): error TS2339: Property 'precision' does not exist on type 'Function'.
generated/prisma/runtime/edge.js(5,49446): error TS2339: Property 'rounding' does not exist on type 'Function'.
generated/prisma/runtime/edge.js(5,49459): error TS2339: Property 'times' does not exist on type '{ toStringTag: string; }'.
generated/prisma/runtime/edge.js(5,49472): error TS2339: Property 'inverseHyperbolicCosine' does not exist on type '{ toStringTag: string; }'.
generated/prisma/runtime/edge.js(5,49498): error TS2339: Property 'acosh' does not exist on type '{ toStringTag: string; }'.
generated/prisma/runtime/edge.js(5,49555): error TS2339: Property 'lte' does not exist on type '{ toStringTag: string; }'.
generated/prisma/runtime/edge.js(5,49566): error TS2351: This expression is not constructable.
  Type 'Function' has no construct signatures.
generated/prisma/runtime/edge.js(5,49570): error TS2339: Property 'eq' does not exist on type '{ toStringTag: string; }'.
generated/prisma/runtime/edge.js(5,49585): error TS2339: Property 'isFinite' does not exist on type '{ toStringTag: string; }'.
generated/prisma/runtime/edge.js(5,49601): error TS2339: Property 'precision' does not exist on type 'Function'.
generated/prisma/runtime/edge.js(5,49615): error TS2339: Property 'rounding' does not exist on type 'Function'.
generated/prisma/runtime/edge.js(5,49626): error TS2339: Property 'precision' does not exist on type 'Function'.
generated/prisma/runtime/edge.js(5,49658): error TS2339: Property 'e' does not exist on type '{ toStringTag: string; }'.
generated/prisma/runtime/edge.js(5,49663): error TS2339: Property 'sd' does not exist on type '{ toStringTag: string; }'.
generated/prisma/runtime/edge.js(5,49673): error TS2339: Property 'rounding' does not exist on type 'Function'.
generated/prisma/runtime/edge.js(5,49693): error TS2339: Property 'times' does not exist on type '{ toStringTag: string; }'.
generated/prisma/runtime/edge.js(5,49733): error TS2339: Property 'precision' does not exist on type 'Function'.
generated/prisma/runtime/edge.js(5,49747): error TS2339: Property 'rounding' does not exist on type 'Function'.
generated/prisma/runtime/edge.js(5,49760): error TS2339: Property 'ln' does not exist on type '{ toStringTag: string; }'.
generated/prisma/runtime/edge.js(5,49770): error TS2351: This expression is not constructable.
  Type 'Function' has no construct signatures.
generated/prisma/runtime/edge.js(5,49778): error TS2339: Property 'inverseHyperbolicSine' does not exist on type '{ toStringTag: string; }'.
generated/prisma/runtime/edge.js(5,49802): error TS2339: Property 'asinh' does not exist on type '{ toStringTag: string; }'.
generated/prisma/runtime/edge.js(5,49859): error TS2339: Property 'isFinite' does not exist on type '{ toStringTag: string; }'.
generated/prisma/runtime/edge.js(5,49873): error TS2339: Property 'isZero' does not exist on type '{ toStringTag: string; }'.
generated/prisma/runtime/edge.js(5,49886): error TS2351: This expression is not constructable.
  Type 'Function' has no construct signatures.
generated/prisma/runtime/edge.js(5,49896): error TS2339: Property 'precision' does not exist on type 'Function'.
generated/prisma/runtime/edge.js(5,49910): error TS2339: Property 'rounding' does not exist on type 'Function'.
generated/prisma/runtime/edge.js(5,49921): error TS2339: Property 'precision' does not exist on type 'Function'.
generated/prisma/runtime/edge.js(5,49955): error TS2339: Property 'e' does not exist on type '{ toStringTag: string; }'.
generated/prisma/runtime/edge.js(5,49960): error TS2339: Property 'sd' does not exist on type '{ toStringTag: string; }'.
generated/prisma/runtime/edge.js(5,49970): error TS2339: Property 'rounding' does not exist on type 'Function'.
generated/prisma/runtime/edge.js(5,49990): error TS2339: Property 'times' does not exist on type '{ toStringTag: string; }'.
generated/prisma/runtime/edge.js(5,50029): error TS2339: Property 'precision' does not exist on type 'Function'.
generated/prisma/runtime/edge.js(5,50043): error TS2339: Property 'rounding' does not exist on type 'Function'.
generated/prisma/runtime/edge.js(5,50056): error TS2339: Property 'ln' does not exist on type '{ toStringTag: string; }'.
generated/prisma/runtime/edge.js(5,50065): error TS2339: Property 'inverseHyperbolicTangent' does not exist on type '{ toStringTag: string; }'.
generated/prisma/runtime/edge.js(5,50092): error TS2339: Property 'atanh' does not exist on type '{ toStringTag: string; }'.
generated/prisma/runtime/edge.js(5,50153): error TS2339: Property 'isFinite' does not exist on type '{ toStringTag: string; }'.
generated/prisma/runtime/edge.js(5,50166): error TS2339: Property 'e' does not exist on type '{ toStringTag: string; }'.
generated/prisma/runtime/edge.js(5,50175): error TS2351: This expression is not constructable.
  Type 'Function' has no construct signatures.
generated/prisma/runtime/edge.js(5,50179): error TS2339: Property 'abs' does not exist on type '{ toStringTag: string; }'.
generated/prisma/runtime/edge.js(5,50193): error TS2339: Property 's' does not exist on type '{ toStringTag: string; }'.
generated/prisma/runtime/edge.js(5,50199): error TS2339: Property 'isZero' does not exist on type '{ toStringTag: string; }'.
generated/prisma/runtime/edge.js(5,50220): error TS2339: Property 'precision' does not exist on type 'Function'.
generated/prisma/runtime/edge.js(5,50234): error TS2339: Property 'rounding' does not exist on type 'Function'.
generated/prisma/runtime/edge.js(5,50247): error TS2339: Property 'sd' does not exist on type '{ toStringTag: string; }'.
generated/prisma/runtime/edge.js(5,50271): error TS2339: Property 'e' does not exist on type '{ toStringTag: string; }'.
generated/prisma/runtime/edge.js(5,50281): error TS2351: This expression is not constructable.
  Type 'Function' has no construct signatures.
generated/prisma/runtime/edge.js(5,50297): error TS2339: Property 'precision' does not exist on type 'Function'.
generated/prisma/runtime/edge.js(5,50313): error TS2339: Property 'e' does not exist on type '{ toStringTag: string; }'.
generated/prisma/runtime/edge.js(5,50321): error TS2339: Property 'plus' does not exist on type '{ toStringTag: string; }'.
generated/prisma/runtime/edge.js(5,50333): error TS2351: This expression is not constructable.
  Type 'Function' has no construct signatures.
generated/prisma/runtime/edge.js(5,50356): error TS2339: Property 'precision' does not exist on type 'Function'.
generated/prisma/runtime/edge.js(5,50372): error TS2339: Property 'rounding' does not exist on type 'Function'.
generated/prisma/runtime/edge.js(5,50387): error TS2339: Property 'ln' does not exist on type '{ toStringTag: string; }'.
generated/prisma/runtime/edge.js(5,50394): error TS2339: Property 'precision' does not exist on type 'Function'.
generated/prisma/runtime/edge.js(5,50408): error TS2339: Property 'rounding' does not exist on type 'Function'.
generated/prisma/runtime/edge.js(5,50421): error TS2339: Property 'times' does not exist on type '{ toStringTag: string; }'.
generated/prisma/runtime/edge.js(5,50437): error TS2351: This expression is not constructable.
  Type 'Function' has no construct signatures.
generated/prisma/runtime/edge.js(5,50447): error TS2339: Property 'inverseSine' does not exist on type '{ toStringTag: string; }'.
generated/prisma/runtime/edge.js(5,50461): error TS2339: Property 'asin' does not exist on type '{ toStringTag: string; }'.
generated/prisma/runtime/edge.js(5,50521): error TS2339: Property 'isZero' does not exist on type '{ toStringTag: string; }'.
generated/prisma/runtime/edge.js(5,50534): error TS2351: This expression is not constructable.
  Type 'Function' has no construct signatures.
generated/prisma/runtime/edge.js(5,50544): error TS2339: Property 'abs' does not exist on type '{ toStringTag: string; }'.
generated/prisma/runtime/edge.js(5,50561): error TS2339: Property 'precision' does not exist on type 'Function'.
generated/prisma/runtime/edge.js(5,50575): error TS2339: Property 'rounding' does not exist on type 'Function'.
generated/prisma/runtime/edge.js(5,50628): error TS2339: Property 's' does not exist on type '{ toStringTag: string; }'.
generated/prisma/runtime/edge.js(5,50637): error TS2351: This expression is not constructable.
  Type 'Function' has no construct signatures.
generated/prisma/runtime/edge.js(5,50647): error TS2339: Property 'precision' does not exist on type 'Function'.
generated/prisma/runtime/edge.js(5,50663): error TS2339: Property 'rounding' does not exist on type 'Function'.
generated/prisma/runtime/edge.js(5,50678): error TS2339: Property 'div' does not exist on type '{ toStringTag: string; }'.
generated/prisma/runtime/edge.js(5,50686): error TS2351: This expression is not constructable.
  Type 'Function' has no construct signatures.
generated/prisma/runtime/edge.js(5,50699): error TS2339: Property 'times' does not exist on type '{ toStringTag: string; }'.
generated/prisma/runtime/edge.js(5,50734): error TS2339: Property 'precision' does not exist on type 'Function'.
generated/prisma/runtime/edge.js(5,50748): error TS2339: Property 'rounding' does not exist on type 'Function'.
generated/prisma/runtime/edge.js(5,50761): error TS2339: Property 'times' does not exist on type '{ toStringTag: string; }'.
generated/prisma/runtime/edge.js(5,50775): error TS2339: Property 'inverseTangent' does not exist on type '{ toStringTag: string; }'.
generated/prisma/runtime/edge.js(5,50792): error TS2339: Property 'atan' does not exist on type '{ toStringTag: string; }'.
generated/prisma/runtime/edge.js(5,50857): error TS2339: Property 'precision' does not exist on type 'Function'.
generated/prisma/runtime/edge.js(5,50871): error TS2339: Property 'rounding' does not exist on type 'Function'.
generated/prisma/runtime/edge.js(5,50885): error TS2339: Property 'isFinite' does not exist on type '{ toStringTag: string; }'.
generated/prisma/runtime/edge.js(5,50902): error TS2339: Property 'isZero' does not exist on type '{ toStringTag: string; }'.
generated/prisma/runtime/edge.js(5,50922): error TS2351: This expression is not constructable.
  Type 'Function' has no construct signatures.
generated/prisma/runtime/edge.js(5,50932): error TS2339: Property 'abs' does not exist on type '{ toStringTag: string; }'.
generated/prisma/runtime/edge.js(5,50991): error TS2339: Property 's' does not exist on type '{ toStringTag: string; }'.
generated/prisma/runtime/edge.js(5,51006): error TS2339: Property 's' does not exist on type '{ toStringTag: string; }'.
generated/prisma/runtime/edge.js(5,51019): error TS2351: This expression is not constructable.
  Type 'Function' has no construct signatures.
generated/prisma/runtime/edge.js(5,51074): error TS2339: Property 's' does not exist on type '{ toStringTag: string; }'.
generated/prisma/runtime/edge.js(5,51084): error TS2339: Property 'precision' does not exist on type 'Function'.
generated/prisma/runtime/edge.js(5,51103): error TS2339: Property 'rounding' does not exist on type 'Function'.
generated/prisma/runtime/edge.js(5,51151): error TS2339: Property 'div' does not exist on type '{ toStringTag: string; }'.
generated/prisma/runtime/edge.js(5,51157): error TS2339: Property 'times' does not exist on type '{ toStringTag: string; }'.
generated/prisma/runtime/edge.js(5,51224): error TS2339: Property 'times' does not exist on type '{ toStringTag: string; }'.
generated/prisma/runtime/edge.js(5,51239): error TS2351: This expression is not constructable.
  Type 'Function' has no construct signatures.
generated/prisma/runtime/edge.js(5,51263): error TS2339: Property 'times' does not exist on type '{ toStringTag: string; }'.
generated/prisma/runtime/edge.js(5,51418): error TS2339: Property 'precision' does not exist on type 'Function'.
generated/prisma/runtime/edge.js(5,51432): error TS2339: Property 'rounding' does not exist on type 'Function'.
generated/prisma/runtime/edge.js(5,51450): error TS2339: Property 'isFinite' does not exist on type '{ toStringTag: string; }'.
generated/prisma/runtime/edge.js(5,51483): error TS2339: Property 'd' does not exist on type '{ toStringTag: string; }'.
generated/prisma/runtime/edge.js(5,51488): error TS2339: Property 'isInteger' does not exist on type '{ toStringTag: string; }'.
generated/prisma/runtime/edge.js(5,51500): error TS2339: Property 'isInt' does not exist on type '{ toStringTag: string; }'.
generated/prisma/runtime/edge.js(5,51530): error TS2339: Property 'd' does not exist on type '{ toStringTag: string; }'.
generated/prisma/runtime/edge.js(5,51541): error TS2339: Property 'e' does not exist on type '{ toStringTag: string; }'.
generated/prisma/runtime/edge.js(5,51551): error TS2339: Property 'd' does not exist on type '{ toStringTag: string; }'.
generated/prisma/runtime/edge.js(5,51565): error TS2339: Property 'isNaN' does not exist on type '{ toStringTag: string; }'.
generated/prisma/runtime/edge.js(5,51594): error TS2339: Property 's' does not exist on type '{ toStringTag: string; }'.
generated/prisma/runtime/edge.js(5,51599): error TS2339: Property 'isNegative' does not exist on type '{ toStringTag: string; }'.
generated/prisma/runtime/edge.js(5,51612): error TS2339: Property 'isNeg' does not exist on type '{ toStringTag: string; }'.
generated/prisma/runtime/edge.js(5,51641): error TS2339: Property 's' does not exist on type '{ toStringTag: string; }'.
generated/prisma/runtime/edge.js(5,51648): error TS2339: Property 'isPositive' does not exist on type '{ toStringTag: string; }'.
generated/prisma/runtime/edge.js(5,51661): error TS2339: Property 'isPos' does not exist on type '{ toStringTag: string; }'.
generated/prisma/runtime/edge.js(5,51690): error TS2339: Property 's' does not exist on type '{ toStringTag: string; }'.
generated/prisma/runtime/edge.js(5,51697): error TS2339: Property 'isZero' does not exist on type '{ toStringTag: string; }'.
generated/prisma/runtime/edge.js(5,51728): error TS2339: Property 'd' does not exist on type '{ toStringTag: string; }'.
generated/prisma/runtime/edge.js(5,51736): error TS2339: Property 'd' does not exist on type '{ toStringTag: string; }'.
generated/prisma/runtime/edge.js(5,51748): error TS2339: Property 'lessThan' does not exist on type '{ toStringTag: string; }'.
generated/prisma/runtime/edge.js(5,51759): error TS2339: Property 'lt' does not exist on type '{ toStringTag: string; }'.
generated/prisma/runtime/edge.js(5,51771): error TS7006: Parameter 'e' implicitly has an 'any' type.
generated/prisma/runtime/edge.js(5,51786): error TS2339: Property 'cmp' does not exist on type '{ toStringTag: string; }'.
generated/prisma/runtime/edge.js(5,51798): error TS2339: Property 'lessThanOrEqualTo' does not exist on type '{ toStringTag: string; }'.
generated/prisma/runtime/edge.js(5,51818): error TS2339: Property 'lte' does not exist on type '{ toStringTag: string; }'.
generated/prisma/runtime/edge.js(5,51831): error TS7006: Parameter 'e' implicitly has an 'any' type.
generated/prisma/runtime/edge.js(5,51846): error TS2339: Property 'cmp' does not exist on type '{ toStringTag: string; }'.
generated/prisma/runtime/edge.js(5,51858): error TS2339: Property 'logarithm' does not exist on type '{ toStringTag: string; }'.
generated/prisma/runtime/edge.js(5,51870): error TS2339: Property 'log' does not exist on type '{ toStringTag: string; }'.
generated/prisma/runtime/edge.js(5,51883): error TS7006: Parameter 'e' implicitly has an 'any' type.
generated/prisma/runtime/edge.js(5,51933): error TS2339: Property 'precision' does not exist on type 'Function'.
generated/prisma/runtime/edge.js(5,51947): error TS2339: Property 'rounding' does not exist on type 'Function'.
generated/prisma/runtime/edge.js(5,51977): error TS2351: This expression is not constructable.
  Type 'Function' has no construct signatures.
generated/prisma/runtime/edge.js(5,52002): error TS2351: This expression is not constructable.
  Type 'Function' has no construct signatures.
generated/prisma/runtime/edge.js(5,52050): error TS2351: This expression is not constructable.
  Type 'Function' has no construct signatures.
generated/prisma/runtime/edge.js(5,52075): error TS2339: Property 'd' does not exist on type '{ toStringTag: string; }'.
generated/prisma/runtime/edge.js(5,52079): error TS2339: Property 's' does not exist on type '{ toStringTag: string; }'.
generated/prisma/runtime/edge.js(5,52097): error TS2339: Property 'eq' does not exist on type '{ toStringTag: string; }'.
generated/prisma/runtime/edge.js(5,52114): error TS2351: This expression is not constructable.
  Type 'Function' has no construct signatures.
generated/prisma/runtime/edge.js(5,52132): error TS2339: Property 's' does not exist on type '{ toStringTag: string; }'.
generated/prisma/runtime/edge.js(5,52451): error TS2339: Property 'minus' does not exist on type '{ toStringTag: string; }'.
generated/prisma/runtime/edge.js(5,52459): error TS2339: Property 'sub' does not exist on type '{ toStringTag: string; }'.
generated/prisma/runtime/edge.js(5,52472): error TS7006: Parameter 'e' implicitly has an 'any' type.
generated/prisma/runtime/edge.js(5,52535): error TS2351: This expression is not constructable.
  Type 'Function' has no construct signatures.
generated/prisma/runtime/edge.js(5,52543): error TS2339: Property 'd' does not exist on type '{ toStringTag: string; }'.
generated/prisma/runtime/edge.js(5,52560): error TS2339: Property 's' does not exist on type '{ toStringTag: string; }'.
generated/prisma/runtime/edge.js(5,52574): error TS2351: This expression is not constructable.
  Type 'Function' has no construct signatures.
generated/prisma/runtime/edge.js(5,52583): error TS2339: Property 'd' does not exist on type '{ toStringTag: string; }'.
generated/prisma/runtime/edge.js(5,52600): error TS2351: This expression is not constructable.
  Type 'Function' has no construct signatures.
generated/prisma/runtime/edge.js(5,52609): error TS2339: Property 's' does not exist on type '{ toStringTag: string; }'.
generated/prisma/runtime/edge.js(5,52631): error TS2339: Property 's' does not exist on type '{ toStringTag: string; }'.
generated/prisma/runtime/edge.js(5,52656): error TS2339: Property 'plus' does not exist on type '{ toStringTag: string; }'.
generated/prisma/runtime/edge.js(5,52671): error TS2339: Property 'd' does not exist on type '{ toStringTag: string; }'.
generated/prisma/runtime/edge.js(5,52683): error TS2339: Property 'precision' does not exist on type 'Function'.
generated/prisma/runtime/edge.js(5,52697): error TS2339: Property 'rounding' does not exist on type 'Function'.
generated/prisma/runtime/edge.js(5,52756): error TS2351: This expression is not constructable.
  Type 'Function' has no construct signatures.
generated/prisma/runtime/edge.js(5,52777): error TS2351: This expression is not constructable.
  Type 'Function' has no construct signatures.
generated/prisma/runtime/edge.js(5,52833): error TS2339: Property 'e' does not exist on type '{ toStringTag: string; }'.
generated/prisma/runtime/edge.js(5,53375): error TS2351: This expression is not constructable.
  Type 'Function' has no construct signatures.
generated/prisma/runtime/edge.js(5,53392): error TS2339: Property 'modulo' does not exist on type '{ toStringTag: string; }'.
generated/prisma/runtime/edge.js(5,53401): error TS2339: Property 'mod' does not exist on type '{ toStringTag: string; }'.
generated/prisma/runtime/edge.js(5,53414): error TS7006: Parameter 'e' implicitly has an 'any' type.
generated/prisma/runtime/edge.js(5,53459): error TS2351: This expression is not constructable.
  Type 'Function' has no construct signatures.
generated/prisma/runtime/edge.js(5,53467): error TS2339: Property 'd' does not exist on type '{ toStringTag: string; }'.
generated/prisma/runtime/edge.js(5,53493): error TS2351: This expression is not constructable.
  Type 'Function' has no construct signatures.
generated/prisma/runtime/edge.js(5,53508): error TS2339: Property 'd' does not exist on type '{ toStringTag: string; }'.
generated/prisma/runtime/edge.js(5,53514): error TS2339: Property 'd' does not exist on type '{ toStringTag: string; }'.
generated/prisma/runtime/edge.js(5,53525): error TS2351: This expression is not constructable.
  Type 'Function' has no construct signatures.
generated/prisma/runtime/edge.js(5,53532): error TS2339: Property 'precision' does not exist on type 'Function'.
generated/prisma/runtime/edge.js(5,53544): error TS2339: Property 'rounding' does not exist on type 'Function'.
generated/prisma/runtime/edge.js(5,53562): error TS2339: Property 'modulo' does not exist on type 'Function'.
generated/prisma/runtime/edge.js(5,53616): error TS2339: Property 'modulo' does not exist on type 'Function'.
generated/prisma/runtime/edge.js(5,53646): error TS2339: Property 'minus' does not exist on type '{ toStringTag: string; }'.
generated/prisma/runtime/edge.js(5,53659): error TS2339: Property 'naturalExponential' does not exist on type '{ toStringTag: string; }'.
generated/prisma/runtime/edge.js(5,53680): error TS2339: Property 'exp' does not exist on type '{ toStringTag: string; }'.
generated/prisma/runtime/edge.js(5,53714): error TS2339: Property 'naturalLogarithm' does not exist on type '{ toStringTag: string; }'.
generated/prisma/runtime/edge.js(5,53733): error TS2339: Property 'ln' does not exist on type '{ toStringTag: string; }'.
generated/prisma/runtime/edge.js(5,53766): error TS2339: Property 'negated' does not exist on type '{ toStringTag: string; }'.
generated/prisma/runtime/edge.js(5,53776): error TS2339: Property 'neg' does not exist on type '{ toStringTag: string; }'.
generated/prisma/runtime/edge.js(5,53801): error TS2351: This expression is not constructable.
  Type 'Function' has no construct signatures.
generated/prisma/runtime/edge.js(5,53848): error TS2339: Property 'plus' does not exist on type '{ toStringTag: string; }'.
generated/prisma/runtime/edge.js(5,53855): error TS2339: Property 'add' does not exist on type '{ toStringTag: string; }'.
generated/prisma/runtime/edge.js(5,53868): error TS7006: Parameter 'e' implicitly has an 'any' type.
generated/prisma/runtime/edge.js(5,53927): error TS2351: This expression is not constructable.
  Type 'Function' has no construct signatures.
generated/prisma/runtime/edge.js(5,53935): error TS2339: Property 'd' does not exist on type '{ toStringTag: string; }'.
generated/prisma/runtime/edge.js(5,53952): error TS2339: Property 's' does not exist on type '{ toStringTag: string; }'.
generated/prisma/runtime/edge.js(5,53966): error TS2351: This expression is not constructable.
  Type 'Function' has no construct signatures.
generated/prisma/runtime/edge.js(5,53975): error TS2339: Property 'd' does not exist on type '{ toStringTag: string; }'.
generated/prisma/runtime/edge.js(5,53985): error TS2351: This expression is not constructable.
  Type 'Function' has no construct signatures.
generated/prisma/runtime/edge.js(5,53994): error TS2339: Property 's' does not exist on type '{ toStringTag: string; }'.
generated/prisma/runtime/edge.js(5,54017): error TS2339: Property 's' does not exist on type '{ toStringTag: string; }'.
generated/prisma/runtime/edge.js(5,54042): error TS2339: Property 'minus' does not exist on type '{ toStringTag: string; }'.
generated/prisma/runtime/edge.js(5,54058): error TS2339: Property 'd' does not exist on type '{ toStringTag: string; }'.
generated/prisma/runtime/edge.js(5,54070): error TS2339: Property 'precision' does not exist on type 'Function'.
generated/prisma/runtime/edge.js(5,54084): error TS2339: Property 'rounding' does not exist on type 'Function'.
generated/prisma/runtime/edge.js(5,54126): error TS2351: This expression is not constructable.
  Type 'Function' has no construct signatures.
generated/prisma/runtime/edge.js(5,54155): error TS2339: Property 'e' does not exist on type '{ toStringTag: string; }'.
generated/prisma/runtime/edge.js(5,54528): error TS2339: Property 'precision' does not exist on type '{ toStringTag: string; }'.
generated/prisma/runtime/edge.js(5,54540): error TS2339: Property 'sd' does not exist on type '{ toStringTag: string; }'.
generated/prisma/runtime/edge.js(5,54552): error TS7006: Parameter 'e' implicitly has an 'any' type.
generated/prisma/runtime/edge.js(5,54632): error TS2339: Property 'd' does not exist on type '{ toStringTag: string; }'.
generated/prisma/runtime/edge.js(5,54642): error TS2339: Property 'd' does not exist on type '{ toStringTag: string; }'.
generated/prisma/runtime/edge.js(5,54650): error TS2339: Property 'e' does not exist on type '{ toStringTag: string; }'.
generated/prisma/runtime/edge.js(5,54662): error TS2339: Property 'e' does not exist on type '{ toStringTag: string; }'.
generated/prisma/runtime/edge.js(5,54679): error TS2339: Property 'round' does not exist on type '{ toStringTag: string; }'.
generated/prisma/runtime/edge.js(5,54736): error TS2351: This expression is not constructable.
  Type 'Function' has no construct signatures.
generated/prisma/runtime/edge.js(5,54743): error TS2339: Property 'e' does not exist on type '{ toStringTag: string; }'.
generated/prisma/runtime/edge.js(5,54749): error TS2339: Property 'rounding' does not exist on type 'Function'.
generated/prisma/runtime/edge.js(5,54762): error TS2339: Property 'sine' does not exist on type '{ toStringTag: string; }'.
generated/prisma/runtime/edge.js(5,54769): error TS2339: Property 'sin' does not exist on type '{ toStringTag: string; }'.
generated/prisma/runtime/edge.js(5,54824): error TS2339: Property 'isFinite' does not exist on type '{ toStringTag: string; }'.
generated/prisma/runtime/edge.js(5,54837): error TS2339: Property 'isZero' does not exist on type '{ toStringTag: string; }'.
generated/prisma/runtime/edge.js(5,54850): error TS2351: This expression is not constructable.
  Type 'Function' has no construct signatures.
generated/prisma/runtime/edge.js(5,54860): error TS2339: Property 'precision' does not exist on type 'Function'.
generated/prisma/runtime/edge.js(5,54874): error TS2339: Property 'rounding' does not exist on type 'Function'.
generated/prisma/runtime/edge.js(5,54885): error TS2339: Property 'precision' does not exist on type 'Function'.
generated/prisma/runtime/edge.js(5,54908): error TS2339: Property 'e' does not exist on type '{ toStringTag: string; }'.
generated/prisma/runtime/edge.js(5,54912): error TS2339: Property 'sd' does not exist on type '{ toStringTag: string; }'.
generated/prisma/runtime/edge.js(5,54922): error TS2339: Property 'rounding' does not exist on type 'Function'.
generated/prisma/runtime/edge.js(5,54951): error TS2339: Property 'precision' does not exist on type 'Function'.
generated/prisma/runtime/edge.js(5,54965): error TS2339: Property 'rounding' does not exist on type 'Function'.
generated/prisma/runtime/edge.js(5,54978): error TS7005: Variable 've' implicitly has an 'any' type.
generated/prisma/runtime/edge.js(5,54985): error TS2339: Property 'neg' does not exist on type '{ toStringTag: string; }'.
generated/prisma/runtime/edge.js(5,55006): error TS2351: This expression is not constructable.
  Type 'Function' has no construct signatures.
generated/prisma/runtime/edge.js(5,55016): error TS2339: Property 'squareRoot' does not exist on type '{ toStringTag: string; }'.
generated/prisma/runtime/edge.js(5,55029): error TS2339: Property 'sqrt' does not exist on type '{ toStringTag: string; }'.
generated/prisma/runtime/edge.js(5,55072): error TS2339: Property 'd' does not exist on type '{ toStringTag: string; }'.
generated/prisma/runtime/edge.js(5,55078): error TS2339: Property 'e' does not exist on type '{ toStringTag: string; }'.
generated/prisma/runtime/edge.js(5,55084): error TS2339: Property 's' does not exist on type '{ toStringTag: string; }'.
generated/prisma/runtime/edge.js(5,55133): error TS2351: This expression is not constructable.
  Type 'Function' has no construct signatures.
generated/prisma/runtime/edge.js(5,55254): error TS2345: Argument of type 'string' is not assignable to parameter of type 'number'.
generated/prisma/runtime/edge.js(5,55271): error TS2363: The right-hand side of an arithmetic operation must be of type 'any', 'number', 'bigint' or an enum type.
generated/prisma/runtime/edge.js(5,55358): error TS2351: This expression is not constructable.
  Type 'Function' has no construct signatures.
generated/prisma/runtime/edge.js(5,55370): error TS2351: This expression is not constructable.
  Type 'Function' has no construct signatures.
generated/prisma/runtime/edge.js(5,55393): error TS2339: Property 'precision' does not exist on type 'Function'.
generated/prisma/runtime/edge.js(5,55698): error TS2339: Property 'rounding' does not exist on type 'Function'.
generated/prisma/runtime/edge.js(5,55713): error TS2339: Property 'tangent' does not exist on type '{ toStringTag: string; }'.
generated/prisma/runtime/edge.js(5,55723): error TS2339: Property 'tan' does not exist on type '{ toStringTag: string; }'.
generated/prisma/runtime/edge.js(5,55778): error TS2339: Property 'isFinite' does not exist on type 'tan'.
generated/prisma/runtime/edge.js(5,55791): error TS2339: Property 'isZero' does not exist on type 'tan'.
generated/prisma/runtime/edge.js(5,55804): error TS2351: This expression is not constructable.
  Type 'Function' has no construct signatures.
generated/prisma/runtime/edge.js(5,55814): error TS2339: Property 'precision' does not exist on type 'Function'.
generated/prisma/runtime/edge.js(5,55828): error TS2339: Property 'rounding' does not exist on type 'Function'.
generated/prisma/runtime/edge.js(5,55839): error TS2339: Property 'precision' does not exist on type 'Function'.
generated/prisma/runtime/edge.js(5,55856): error TS2339: Property 'rounding' does not exist on type 'Function'.
generated/prisma/runtime/edge.js(5,55871): error TS2339: Property 'sin' does not exist on type 'tan'.
generated/prisma/runtime/edge.js(5,55893): error TS2351: This expression is not constructable.
  Type 'Function' has no construct signatures.
generated/prisma/runtime/edge.js(5,55906): error TS2339: Property 'times' does not exist on type 'tan'.
generated/prisma/runtime/edge.js(5,55933): error TS2339: Property 'precision' does not exist on type 'Function'.
generated/prisma/runtime/edge.js(5,55947): error TS2339: Property 'rounding' does not exist on type 'Function'.
generated/prisma/runtime/edge.js(5,55960): error TS7005: Variable 've' implicitly has an 'any' type.
generated/prisma/runtime/edge.js(5,55967): error TS7005: Variable 've' implicitly has an 'any' type.
generated/prisma/runtime/edge.js(5,55975): error TS2339: Property 'neg' does not exist on type 'tan'.
generated/prisma/runtime/edge.js(5,55996): error TS2351: This expression is not constructable.
  Type 'Function' has no construct signatures.
generated/prisma/runtime/edge.js(5,56006): error TS2339: Property 'times' does not exist on type '{ toStringTag: string; }'.
generated/prisma/runtime/edge.js(5,56014): error TS2339: Property 'mul' does not exist on type '{ toStringTag: string; }'.
generated/prisma/runtime/edge.js(5,56027): error TS7006: Parameter 'e' implicitly has an 'any' type.
generated/prisma/runtime/edge.js(5,56079): error TS2339: Property 'd' does not exist on type '{ toStringTag: string; }'.
generated/prisma/runtime/edge.js(5,56090): error TS2351: This expression is not constructable.
  Type 'Function' has no construct signatures.
generated/prisma/runtime/edge.js(5,56108): error TS2339: Property 's' does not exist on type '{ toStringTag: string; }'.
generated/prisma/runtime/edge.js(5,56142): error TS2351: This expression is not constructable.
  Type 'Function' has no construct signatures.
generated/prisma/runtime/edge.js(5,56212): error TS2339: Property 'e' does not exist on type '{ toStringTag: string; }'.
generated/prisma/runtime/edge.js(5,56348): error TS2532: Object is possibly 'undefined'.
generated/prisma/runtime/edge.js(5,56398): error TS2532: Object is possibly 'undefined'.
generated/prisma/runtime/edge.js(5,56482): error TS2339: Property 'precision' does not exist on type 'Function'.
generated/prisma/runtime/edge.js(5,56494): error TS2339: Property 'rounding' does not exist on type 'Function'.
generated/prisma/runtime/edge.js(5,56509): error TS2339: Property 'toBinary' does not exist on type '{ toStringTag: string; }'.
generated/prisma/runtime/edge.js(5,56527): error TS7006: Parameter 'e' implicitly has an 'any' type.
generated/prisma/runtime/edge.js(5,56529): error TS7006: Parameter 't' implicitly has an 'any' type.
generated/prisma/runtime/edge.js(5,56557): error TS2339: Property 'toDecimalPlaces' does not exist on type '{ toStringTag: string; }'.
generated/prisma/runtime/edge.js(5,56575): error TS2339: Property 'toDP' does not exist on type '{ toStringTag: string; }'.
generated/prisma/runtime/edge.js(5,56589): error TS7006: Parameter 'e' implicitly has an 'any' type.
generated/prisma/runtime/edge.js(5,56591): error TS7006: Parameter 't' implicitly has an 'any' type.
generated/prisma/runtime/edge.js(5,56634): error TS2351: This expression is not constructable.
  Type 'Function' has no construct signatures.
generated/prisma/runtime/edge.js(5,56679): error TS2339: Property 'rounding' does not exist on type 'Function'.
generated/prisma/runtime/edge.js(5,56706): error TS2339: Property 'e' does not exist on type '{ toStringTag: string; }'.
generated/prisma/runtime/edge.js(5,56717): error TS2339: Property 'toExponential' does not exist on type '{ toStringTag: string; }'.
generated/prisma/runtime/edge.js(5,56740): error TS7006: Parameter 'e' implicitly has an 'any' type.
generated/prisma/runtime/edge.js(5,56742): error TS7006: Parameter 't' implicitly has an 'any' type.
generated/prisma/runtime/edge.js(5,56830): error TS2339: Property 'rounding' does not exist on type 'Function'.
generated/prisma/runtime/edge.js(5,56857): error TS2351: This expression is not constructable.
  Type 'Function' has no construct signatures.
generated/prisma/runtime/edge.js(5,56887): error TS2339: Property 'isNeg' does not exist on type '{ toStringTag: string; }'.
generated/prisma/runtime/edge.js(5,56899): error TS2339: Property 'isZero' does not exist on type '{ toStringTag: string; }'.
generated/prisma/runtime/edge.js(5,56919): error TS2339: Property 'toFixed' does not exist on type '{ toStringTag: string; }'.
generated/prisma/runtime/edge.js(5,56936): error TS7006: Parameter 'e' implicitly has an 'any' type.
generated/prisma/runtime/edge.js(5,56938): error TS7006: Parameter 't' implicitly has an 'any' type.
generated/prisma/runtime/edge.js(5,57025): error TS2339: Property 'rounding' does not exist on type 'Function'.
generated/prisma/runtime/edge.js(5,57052): error TS2351: This expression is not constructable.
  Type 'Function' has no construct signatures.
generated/prisma/runtime/edge.js(5,57061): error TS2339: Property 'e' does not exist on type '{ toStringTag: string; }'.
generated/prisma/runtime/edge.js(5,57090): error TS2339: Property 'isNeg' does not exist on type '{ toStringTag: string; }'.
generated/prisma/runtime/edge.js(5,57102): error TS2339: Property 'isZero' does not exist on type '{ toStringTag: string; }'.
generated/prisma/runtime/edge.js(5,57122): error TS2339: Property 'toFraction' does not exist on type '{ toStringTag: string; }'.
generated/prisma/runtime/edge.js(5,57142): error TS7006: Parameter 'e' implicitly has an 'any' type.
generated/prisma/runtime/edge.js(5,57184): error TS2339: Property 'd' does not exist on type '{ toStringTag: string; }'.
generated/prisma/runtime/edge.js(5,57219): error TS2351: This expression is not constructable.
  Type 'Function' has no construct signatures.
generated/prisma/runtime/edge.js(5,57235): error TS2351: This expression is not constructable.
  Type 'Function' has no construct signatures.
generated/prisma/runtime/edge.js(5,57248): error TS2351: This expression is not constructable.
  Type 'Function' has no construct signatures.
generated/prisma/runtime/edge.js(5,57259): error TS2351: This expression is not constructable.
  Type 'Function' has no construct signatures.
generated/prisma/runtime/edge.js(5,57278): error TS2339: Property 'e' does not exist on type '{ toStringTag: string; }'.
generated/prisma/runtime/edge.js(5,57343): error TS2351: This expression is not constructable.
  Type 'Function' has no construct signatures.
generated/prisma/runtime/edge.js(5,57421): error TS2351: This expression is not constructable.
  Type 'Function' has no construct signatures.
generated/prisma/runtime/edge.js(5,57433): error TS2339: Property 'precision' does not exist on type 'Function'.
generated/prisma/runtime/edge.js(5,57445): error TS2339: Property 'precision' does not exist on type 'Function'.
generated/prisma/runtime/edge.js(5,57669): error TS2339: Property 's' does not exist on type '{ toStringTag: string; }'.
generated/prisma/runtime/edge.js(5,57746): error TS2339: Property 'precision' does not exist on type 'Function'.
generated/prisma/runtime/edge.js(5,57768): error TS2339: Property 'toHexadecimal' does not exist on type '{ toStringTag: string; }'.
generated/prisma/runtime/edge.js(5,57784): error TS2339: Property 'toHex' does not exist on type '{ toStringTag: string; }'.
generated/prisma/runtime/edge.js(5,57799): error TS7006: Parameter 'e' implicitly has an 'any' type.
generated/prisma/runtime/edge.js(5,57801): error TS7006: Parameter 't' implicitly has an 'any' type.
generated/prisma/runtime/edge.js(5,57830): error TS2339: Property 'toNearest' does not exist on type '{ toStringTag: string; }'.
generated/prisma/runtime/edge.js(5,57849): error TS7006: Parameter 'e' implicitly has an 'any' type.
generated/prisma/runtime/edge.js(5,57851): error TS7006: Parameter 't' implicitly has an 'any' type.
generated/prisma/runtime/edge.js(5,57890): error TS2351: This expression is not constructable.
  Type 'Function' has no construct signatures.
generated/prisma/runtime/edge.js(5,57910): error TS2339: Property 'd' does not exist on type '{ toStringTag: string; }'.
generated/prisma/runtime/edge.js(5,57927): error TS2351: This expression is not constructable.
  Type 'Function' has no construct signatures.
generated/prisma/runtime/edge.js(5,57936): error TS2339: Property 'rounding' does not exist on type 'Function'.
generated/prisma/runtime/edge.js(5,57959): error TS2351: This expression is not constructable.
  Type 'Function' has no construct signatures.
generated/prisma/runtime/edge.js(5,57979): error TS2339: Property 'rounding' does not exist on type 'Function'.
generated/prisma/runtime/edge.js(5,58001): error TS2339: Property 'd' does not exist on type '{ toStringTag: string; }'.
generated/prisma/runtime/edge.js(5,58045): error TS2339: Property 's' does not exist on type '{ toStringTag: string; }'.
generated/prisma/runtime/edge.js(5,58112): error TS2339: Property 's' does not exist on type '{ toStringTag: string; }'.
generated/prisma/runtime/edge.js(5,58124): error TS2339: Property 'toNumber' does not exist on type '{ toStringTag: string; }'.
generated/prisma/runtime/edge.js(5,58159): error TS2339: Property 'toOctal' does not exist on type '{ toStringTag: string; }'.
generated/prisma/runtime/edge.js(5,58176): error TS7006: Parameter 'e' implicitly has an 'any' type.
generated/prisma/runtime/edge.js(5,58178): error TS7006: Parameter 't' implicitly has an 'any' type.
generated/prisma/runtime/edge.js(5,58206): error TS2339: Property 'toPower' does not exist on type '{ toStringTag: string; }'.
generated/prisma/runtime/edge.js(5,58216): error TS2339: Property 'pow' does not exist on type '{ toStringTag: string; }'.
generated/prisma/runtime/edge.js(5,58229): error TS7006: Parameter 'e' implicitly has an 'any' type.
generated/prisma/runtime/edge.js(5,58246): error TS7034: Variable 's' implicitly has type 'any' in some locations where its type cannot be determined.
generated/prisma/runtime/edge.js(5,58281): error TS2351: This expression is not constructable.
  Type 'Function' has no construct signatures.
generated/prisma/runtime/edge.js(5,58293): error TS2339: Property 'd' does not exist on type 'pow'.
generated/prisma/runtime/edge.js(5,58305): error TS2339: Property 'd' does not exist on type 'pow'.
generated/prisma/runtime/edge.js(5,58330): error TS2351: This expression is not constructable.
  Type 'Function' has no construct signatures.
generated/prisma/runtime/edge.js(5,58350): error TS2351: This expression is not constructable.
  Type 'Function' has no construct signatures.
generated/prisma/runtime/edge.js(5,58357): error TS2339: Property 'eq' does not exist on type 'pow'.
generated/prisma/runtime/edge.js(5,58379): error TS2339: Property 'precision' does not exist on type 'Function'.
generated/prisma/runtime/edge.js(5,58393): error TS2339: Property 'rounding' does not exist on type 'Function'.
generated/prisma/runtime/edge.js(5,58506): error TS2351: This expression is not constructable.
  Type 'Function' has no construct signatures.
generated/prisma/runtime/edge.js(5,58536): error TS7005: Variable 's' implicitly has an 'any' type.
generated/prisma/runtime/edge.js(5,58570): error TS2351: This expression is not constructable.
  Type 'Function' has no construct signatures.
generated/prisma/runtime/edge.js(5,58603): error TS2339: Property 'e' does not exist on type 'pow'.
generated/prisma/runtime/edge.js(5,58611): error TS2339: Property 'd' does not exist on type 'pow'.
generated/prisma/runtime/edge.js(5,58622): error TS2339: Property 'd' does not exist on type 'pow'.
generated/prisma/runtime/edge.js(5,58702): error TS2345: Argument of type 'string' is not assignable to parameter of type 'number'.
generated/prisma/runtime/edge.js(5,58711): error TS2339: Property 'd' does not exist on type 'pow'.
generated/prisma/runtime/edge.js(5,58727): error TS2339: Property 'e' does not exist on type 'pow'.
generated/prisma/runtime/edge.js(5,58737): error TS2351: This expression is not constructable.
  Type 'Function' has no construct signatures.
generated/prisma/runtime/edge.js(5,58751): error TS2339: Property 'maxE' does not exist on type 'Function'.
generated/prisma/runtime/edge.js(5,58763): error TS2339: Property 'minE' does not exist on type 'Function'.
generated/prisma/runtime/edge.js(5,58774): error TS2351: This expression is not constructable.
  Type 'Function' has no construct signatures.
generated/prisma/runtime/edge.js(5,58795): error TS2339: Property 'rounding' does not exist on type 'Function'.
generated/prisma/runtime/edge.js(5,59005): error TS2339: Property 'rounding' does not exist on type 'Function'.
generated/prisma/runtime/edge.js(5,59029): error TS2339: Property 'toPrecision' does not exist on type '{ toStringTag: string; }'.
generated/prisma/runtime/edge.js(5,59050): error TS7006: Parameter 'e' implicitly has an 'any' type.
generated/prisma/runtime/edge.js(5,59052): error TS7006: Parameter 't' implicitly has an 'any' type.
generated/prisma/runtime/edge.js(5,59111): error TS2339: Property 'e' does not exist on type '{ toStringTag: string; }'.
generated/prisma/runtime/edge.js(5,59116): error TS2339: Property 'toExpNeg' does not exist on type 'Function'.
generated/prisma/runtime/edge.js(5,59128): error TS2339: Property 'e' does not exist on type '{ toStringTag: string; }'.
generated/prisma/runtime/edge.js(5,59133): error TS2339: Property 'toExpPos' does not exist on type 'Function'.
generated/prisma/runtime/edge.js(5,59170): error TS2339: Property 'rounding' does not exist on type 'Function'.
generated/prisma/runtime/edge.js(5,59197): error TS2351: This expression is not constructable.
  Type 'Function' has no construct signatures.
generated/prisma/runtime/edge.js(5,59219): error TS2339: Property 'e' does not exist on type '{ toStringTag: string; }'.
generated/prisma/runtime/edge.js(5,59224): error TS2339: Property 'e' does not exist on type '{ toStringTag: string; }'.
generated/prisma/runtime/edge.js(5,59229): error TS2339: Property 'toExpNeg' does not exist on type 'Function'.
generated/prisma/runtime/edge.js(5,59244): error TS2339: Property 'isNeg' does not exist on type '{ toStringTag: string; }'.
generated/prisma/runtime/edge.js(5,59256): error TS2339: Property 'isZero' does not exist on type '{ toStringTag: string; }'.
generated/prisma/runtime/edge.js(5,59276): error TS2339: Property 'toSignificantDigits' does not exist on type '{ toStringTag: string; }'.
generated/prisma/runtime/edge.js(5,59298): error TS2339: Property 'toSD' does not exist on type '{ toStringTag: string; }'.
generated/prisma/runtime/edge.js(5,59312): error TS7006: Parameter 'e' implicitly has an 'any' type.
generated/prisma/runtime/edge.js(5,59314): error TS7006: Parameter 't' implicitly has an 'any' type.
generated/prisma/runtime/edge.js(5,59367): error TS2339: Property 'precision' does not exist on type 'Function'.
generated/prisma/runtime/edge.js(5,59381): error TS2339: Property 'rounding' does not exist on type 'Function'.
generated/prisma/runtime/edge.js(5,59418): error TS2339: Property 'rounding' does not exist on type 'Function'.
generated/prisma/runtime/edge.js(5,59444): error TS2351: This expression is not constructable.
  Type 'Function' has no construct signatures.
generated/prisma/runtime/edge.js(5,59513): error TS2339: Property 'e' does not exist on type '{ toStringTag: string; }'.
generated/prisma/runtime/edge.js(5,59518): error TS2339: Property 'toExpNeg' does not exist on type 'Function'.
generated/prisma/runtime/edge.js(5,59530): error TS2339: Property 'e' does not exist on type '{ toStringTag: string; }'.
generated/prisma/runtime/edge.js(5,59535): error TS2339: Property 'toExpPos' does not exist on type 'Function'.
generated/prisma/runtime/edge.js(5,59554): error TS2339: Property 'isNeg' does not exist on type '{ toStringTag: string; }'.
generated/prisma/runtime/edge.js(5,59566): error TS2339: Property 'isZero' does not exist on type '{ toStringTag: string; }'.
generated/prisma/runtime/edge.js(5,59586): error TS2339: Property 'truncated' does not exist on type '{ toStringTag: string; }'.
generated/prisma/runtime/edge.js(5,59598): error TS2339: Property 'trunc' does not exist on type '{ toStringTag: string; }'.
generated/prisma/runtime/edge.js(5,59628): error TS2351: This expression is not constructable.
  Type 'Function' has no construct signatures.
generated/prisma/runtime/edge.js(5,59656): error TS2339: Property 'e' does not exist on type '{ toStringTag: string; }'.
generated/prisma/runtime/edge.js(5,59676): error TS2339: Property 'toJSON' does not exist on type '{ toStringTag: string; }'.
generated/prisma/runtime/edge.js(5,59730): error TS2339: Property 'e' does not exist on type '{ toStringTag: string; }'.
generated/prisma/runtime/edge.js(5,59735): error TS2339: Property 'toExpNeg' does not exist on type 'Function'.
generated/prisma/runtime/edge.js(5,59747): error TS2339: Property 'e' does not exist on type '{ toStringTag: string; }'.
generated/prisma/runtime/edge.js(5,59752): error TS2339: Property 'toExpPos' does not exist on type 'Function'.
generated/prisma/runtime/edge.js(5,59771): error TS2339: Property 'isNeg' does not exist on type '{ toStringTag: string; }'.
generated/prisma/runtime/edge.js(5,59799): error TS7006: Parameter 'e' implicitly has an 'any' type.
generated/prisma/runtime/edge.js(5,60017): error TS7006: Parameter 'e' implicitly has an 'any' type.
generated/prisma/runtime/edge.js(5,60019): error TS7006: Parameter 't' implicitly has an 'any' type.
generated/prisma/runtime/edge.js(5,60021): error TS7006: Parameter 'r' implicitly has an 'any' type.
generated/prisma/runtime/edge.js(5,60075): error TS7006: Parameter 'e' implicitly has an 'any' type.
generated/prisma/runtime/edge.js(5,60077): error TS7006: Parameter 't' implicitly has an 'any' type.
generated/prisma/runtime/edge.js(5,60079): error TS7006: Parameter 'r' implicitly has an 'any' type.
generated/prisma/runtime/edge.js(5,60081): error TS7006: Parameter 'n' implicitly has an 'any' type.
generated/prisma/runtime/edge.js(5,60563): error TS7006: Parameter 'e' implicitly has an 'any' type.
generated/prisma/runtime/edge.js(5,60565): error TS7006: Parameter 't' implicitly has an 'any' type.
generated/prisma/runtime/edge.js(5,60567): error TS7006: Parameter 'r' implicitly has an 'any' type.
generated/prisma/runtime/edge.js(5,60629): error TS2532: Object is possibly 'undefined'.
generated/prisma/runtime/edge.js(5,60641): error TS2532: Object is possibly 'undefined'.
generated/prisma/runtime/edge.js(5,60692): error TS2532: Object is possibly 'undefined'.
generated/prisma/runtime/edge.js(5,60731): error TS2532: Object is possibly 'undefined'.
generated/prisma/runtime/edge.js(5,60739): error TS2532: Object is possibly 'undefined'.
generated/prisma/runtime/edge.js(5,60748): error TS2532: Object is possibly 'undefined'.
generated/prisma/runtime/edge.js(5,60788): error TS7006: Parameter 'e' implicitly has an 'any' type.
generated/prisma/runtime/edge.js(5,60790): error TS7006: Parameter 't' implicitly has an 'any' type.
generated/prisma/runtime/edge.js(5,61099): error TS7006: Parameter 'n' implicitly has an 'any' type.
generated/prisma/runtime/edge.js(5,61101): error TS7006: Parameter 'i' implicitly has an 'any' type.
generated/prisma/runtime/edge.js(5,61103): error TS7006: Parameter 'o' implicitly has an 'any' type.
generated/prisma/runtime/edge.js(5,61214): error TS7006: Parameter 'n' implicitly has an 'any' type.
generated/prisma/runtime/edge.js(5,61216): error TS7006: Parameter 'i' implicitly has an 'any' type.
generated/prisma/runtime/edge.js(5,61218): error TS7006: Parameter 'o' implicitly has an 'any' type.
generated/prisma/runtime/edge.js(5,61220): error TS7006: Parameter 's' implicitly has an 'any' type.
generated/prisma/runtime/edge.js(5,61331): error TS7006: Parameter 'n' implicitly has an 'any' type.
generated/prisma/runtime/edge.js(5,61333): error TS7006: Parameter 'i' implicitly has an 'any' type.
generated/prisma/runtime/edge.js(5,61335): error TS7006: Parameter 'o' implicitly has an 'any' type.
generated/prisma/runtime/edge.js(5,61337): error TS7006: Parameter 's' implicitly has an 'any' type.
generated/prisma/runtime/edge.js(5,61450): error TS7006: Parameter 'n' implicitly has an 'any' type.
generated/prisma/runtime/edge.js(5,61452): error TS7006: Parameter 'i' implicitly has an 'any' type.
generated/prisma/runtime/edge.js(5,61454): error TS7006: Parameter 'o' implicitly has an 'any' type.
generated/prisma/runtime/edge.js(5,61456): error TS7006: Parameter 's' implicitly has an 'any' type.
generated/prisma/runtime/edge.js(5,61458): error TS7006: Parameter 'a' implicitly has an 'any' type.
generated/prisma/runtime/edge.js(5,61460): error TS7006: Parameter 'l' implicitly has an 'any' type.
generated/prisma/runtime/edge.js(5,61884): error TS2345: Argument of type '1' is not assignable to parameter of type 'never'.
generated/prisma/runtime/edge.js(5,61976): error TS2322: Type 'number' is not assignable to type 'never'.
generated/prisma/runtime/edge.js(5,62514): error TS2322: Type 'number' is not assignable to type 'never'.
generated/prisma/runtime/edge.js(5,62671): error TS18048: 'T' is possibly 'undefined'.
generated/prisma/runtime/edge.js(5,62677): error TS18048: 'T' is possibly 'undefined'.
generated/prisma/runtime/edge.js(5,62744): error TS7006: Parameter 'e' implicitly has an 'any' type.
generated/prisma/runtime/edge.js(5,62746): error TS7006: Parameter 't' implicitly has an 'any' type.
generated/prisma/runtime/edge.js(5,62748): error TS7006: Parameter 'r' implicitly has an 'any' type.
generated/prisma/runtime/edge.js(5,62750): error TS7006: Parameter 'n' implicitly has an 'any' type.
generated/prisma/runtime/edge.js(5,63730): error TS7006: Parameter 'e' implicitly has an 'any' type.
generated/prisma/runtime/edge.js(5,63732): error TS7006: Parameter 't' implicitly has an 'any' type.
generated/prisma/runtime/edge.js(5,63734): error TS7006: Parameter 'r' implicitly has an 'any' type.
generated/prisma/runtime/edge.js(5,64122): error TS7006: Parameter 'e' implicitly has an 'any' type.
generated/prisma/runtime/edge.js(5,64124): error TS7006: Parameter 't' implicitly has an 'any' type.
generated/prisma/runtime/edge.js(5,64184): error TS7006: Parameter 'e' implicitly has an 'any' type.
generated/prisma/runtime/edge.js(5,64186): error TS7006: Parameter 't' implicitly has an 'any' type.
generated/prisma/runtime/edge.js(5,64188): error TS7006: Parameter 'r' implicitly has an 'any' type.
generated/prisma/runtime/edge.js(5,64278): error TS7006: Parameter 'e' implicitly has an 'any' type.
generated/prisma/runtime/edge.js(5,64280): error TS7006: Parameter 't' implicitly has an 'any' type.
generated/prisma/runtime/edge.js(5,64282): error TS7006: Parameter 'r' implicitly has an 'any' type.
generated/prisma/runtime/edge.js(5,64348): error TS7006: Parameter 'e' implicitly has an 'any' type.
generated/prisma/runtime/edge.js(5,64460): error TS7006: Parameter 'e' implicitly has an 'any' type.
generated/prisma/runtime/edge.js(5,64509): error TS7006: Parameter 'e' implicitly has an 'any' type.
generated/prisma/runtime/edge.js(5,64511): error TS7006: Parameter 't' implicitly has an 'any' type.
generated/prisma/runtime/edge.js(5,64513): error TS7006: Parameter 'r' implicitly has an 'any' type.
generated/prisma/runtime/edge.js(5,64515): error TS7006: Parameter 'n' implicitly has an 'any' type.
generated/prisma/runtime/edge.js(5,64718): error TS7006: Parameter 'e' implicitly has an 'any' type.
generated/prisma/runtime/edge.js(5,64760): error TS7006: Parameter 'e' implicitly has an 'any' type.
generated/prisma/runtime/edge.js(5,64762): error TS7006: Parameter 't' implicitly has an 'any' type.
generated/prisma/runtime/edge.js(5,64764): error TS7006: Parameter 'r' implicitly has an 'any' type.
generated/prisma/runtime/edge.js(5,64908): error TS7006: Parameter 'e' implicitly has an 'any' type.
generated/prisma/runtime/edge.js(5,64910): error TS7006: Parameter 't' implicitly has an 'any' type.
generated/prisma/runtime/edge.js(5,65500): error TS7023: 'ke' implicitly has return type 'any' because it does not have a return type annotation and is referenced directly or indirectly in one of its return expressions.
generated/prisma/runtime/edge.js(5,65503): error TS7006: Parameter 'e' implicitly has an 'any' type.
generated/prisma/runtime/edge.js(5,65505): error TS7006: Parameter 't' implicitly has an 'any' type.
generated/prisma/runtime/edge.js(5,65781): error TS2365: Operator '<' cannot be applied to types 'string' and 'number'.
generated/prisma/runtime/edge.js(5,65786): error TS2367: This comparison appears to be unintentional because the types 'string' and 'number' have no overlap.
generated/prisma/runtime/edge.js(5,65792): error TS2367: This comparison appears to be unintentional because the types 'string' and 'number' have no overlap.
generated/prisma/runtime/edge.js(5,65798): error TS2365: Operator '>' cannot be applied to types 'string' and 'number'.
generated/prisma/runtime/edge.js(5,65859): error TS2365: Operator '>' cannot be applied to types 'string' and 'number'.
generated/prisma/runtime/edge.js(5,66458): error TS7006: Parameter 'e' implicitly has an 'any' type.
generated/prisma/runtime/edge.js(5,66498): error TS7006: Parameter 'e' implicitly has an 'any' type.
generated/prisma/runtime/edge.js(5,66500): error TS7006: Parameter 't' implicitly has an 'any' type.
generated/prisma/runtime/edge.js(5,67059): error TS7006: Parameter 'e' implicitly has an 'any' type.
generated/prisma/runtime/edge.js(5,67061): error TS7006: Parameter 't' implicitly has an 'any' type.
generated/prisma/runtime/edge.js(5,67716): error TS7006: Parameter 'e' implicitly has an 'any' type.
generated/prisma/runtime/edge.js(5,67718): error TS7006: Parameter 't' implicitly has an 'any' type.
generated/prisma/runtime/edge.js(5,67979): error TS7006: Parameter 'e' implicitly has an 'any' type.
generated/prisma/runtime/edge.js(5,67981): error TS7006: Parameter 't' implicitly has an 'any' type.
generated/prisma/runtime/edge.js(5,67983): error TS7006: Parameter 'r' implicitly has an 'any' type.
generated/prisma/runtime/edge.js(5,67985): error TS7006: Parameter 'n' implicitly has an 'any' type.
generated/prisma/runtime/edge.js(5,67987): error TS7006: Parameter 'i' implicitly has an 'any' type.
generated/prisma/runtime/edge.js(5,68307): error TS7006: Parameter 'e' implicitly has an 'any' type.
generated/prisma/runtime/edge.js(5,68309): error TS7006: Parameter 't' implicitly has an 'any' type.
generated/prisma/runtime/edge.js(5,68355): error TS7006: Parameter 'e' implicitly has an 'any' type.
generated/prisma/runtime/edge.js(5,68357): error TS7006: Parameter 't' implicitly has an 'any' type.
generated/prisma/runtime/edge.js(5,68615): error TS7006: Parameter 'e' implicitly has an 'any' type.
generated/prisma/runtime/edge.js(5,68617): error TS7006: Parameter 't' implicitly has an 'any' type.
generated/prisma/runtime/edge.js(5,68619): error TS7006: Parameter 'r' implicitly has an 'any' type.
generated/prisma/runtime/edge.js(5,68621): error TS7006: Parameter 'n' implicitly has an 'any' type.
generated/prisma/runtime/edge.js(5,69082): error TS7005: Variable 'po' implicitly has an 'any' type.
generated/prisma/runtime/edge.js(5,69494): error TS2345: Argument of type 'number | undefined' is not assignable to parameter of type 'number'.
  Type 'undefined' is not assignable to type 'number'.
generated/prisma/runtime/edge.js(5,69745): error TS7006: Parameter 'e' implicitly has an 'any' type.
generated/prisma/runtime/edge.js(5,69747): error TS7006: Parameter 't' implicitly has an 'any' type.
generated/prisma/runtime/edge.js(5,69797): error TS7006: Parameter 'e' implicitly has an 'any' type.
generated/prisma/runtime/edge.js(5,69811): error TS2683: 'this' implicitly has type 'any' because it does not have a type annotation.
generated/prisma/runtime/edge.js(5,69837): error TS7006: Parameter 'e' implicitly has an 'any' type.
generated/prisma/runtime/edge.js(5,69851): error TS2683: 'this' implicitly has type 'any' because it does not have a type annotation.
generated/prisma/runtime/edge.js(5,69878): error TS7006: Parameter 'e' implicitly has an 'any' type.
generated/prisma/runtime/edge.js(5,69892): error TS2683: 'this' implicitly has type 'any' because it does not have a type annotation.
generated/prisma/runtime/edge.js(5,69920): error TS7006: Parameter 'e' implicitly has an 'any' type.
generated/prisma/runtime/edge.js(5,69922): error TS7006: Parameter 't' implicitly has an 'any' type.
generated/prisma/runtime/edge.js(5,69936): error TS2683: 'this' implicitly has type 'any' because it does not have a type annotation.
generated/prisma/runtime/edge.js(5,69964): error TS7006: Parameter 'e' implicitly has an 'any' type.
generated/prisma/runtime/edge.js(5,69978): error TS2683: 'this' implicitly has type 'any' because it does not have a type annotation.
generated/prisma/runtime/edge.js(5,70005): error TS7006: Parameter 'e' implicitly has an 'any' type.
generated/prisma/runtime/edge.js(5,70019): error TS2683: 'this' implicitly has type 'any' because it does not have a type annotation.
generated/prisma/runtime/edge.js(5,70047): error TS7006: Parameter 'e' implicitly has an 'any' type.
generated/prisma/runtime/edge.js(5,70061): error TS2683: 'this' implicitly has type 'any' because it does not have a type annotation.
generated/prisma/runtime/edge.js(5,70088): error TS7006: Parameter 'e' implicitly has an 'any' type.
generated/prisma/runtime/edge.js(5,70102): error TS2683: 'this' implicitly has type 'any' because it does not have a type annotation.
generated/prisma/runtime/edge.js(5,70130): error TS7006: Parameter 'e' implicitly has an 'any' type.
generated/prisma/runtime/edge.js(5,70132): error TS7006: Parameter 't' implicitly has an 'any' type.
generated/prisma/runtime/edge.js(5,70141): error TS2351: This expression is not constructable.
  Type 'tu' has no construct signatures.
generated/prisma/runtime/edge.js(5,70155): error TS2351: This expression is not constructable.
  Type 'tu' has no construct signatures.
generated/prisma/runtime/edge.js(5,70204): error TS18048: 'n' is possibly 'undefined'.
generated/prisma/runtime/edge.js(5,70231): error TS2351: This expression is not constructable.
  Type 'tu' has no construct signatures.
generated/prisma/runtime/edge.js(5,70341): error TS2351: This expression is not constructable.
  Type 'tu' has no construct signatures.
generated/prisma/runtime/edge.js(5,70457): error TS2339: Property 'atan' does not exist on type 'tu'.
generated/prisma/runtime/edge.js(5,70559): error TS2339: Property 'atan' does not exist on type 'tu'.
generated/prisma/runtime/edge.js(5,70590): error TS7006: Parameter 'e' implicitly has an 'any' type.
generated/prisma/runtime/edge.js(5,70604): error TS2683: 'this' implicitly has type 'any' because it does not have a type annotation.
generated/prisma/runtime/edge.js(5,70631): error TS7006: Parameter 'e' implicitly has an 'any' type.
generated/prisma/runtime/edge.js(5,70649): error TS2683: 'this' implicitly has type 'any' because it does not have a type annotation.
generated/prisma/runtime/edge.js(5,70678): error TS7006: Parameter 'e' implicitly has an 'any' type.
generated/prisma/runtime/edge.js(5,70680): error TS7006: Parameter 't' implicitly has an 'any' type.
generated/prisma/runtime/edge.js(5,70682): error TS7006: Parameter 'r' implicitly has an 'any' type.
generated/prisma/runtime/edge.js(5,70696): error TS2683: 'this' implicitly has type 'any' because it does not have a type annotation.
generated/prisma/runtime/edge.js(5,70727): error TS7006: Parameter 'e' implicitly has an 'any' type.
generated/prisma/runtime/edge.js(5,70968): error TS2538: Type 'undefined' cannot be used as an index type.
generated/prisma/runtime/edge.js(5,70974): error TS2538: Type 'undefined' cannot be used as an index type.
generated/prisma/runtime/edge.js(5,70983): error TS2538: Type 'undefined' cannot be used as an index type.
generated/prisma/runtime/edge.js(5,71013): error TS2532: Object is possibly 'undefined'.
generated/prisma/runtime/edge.js(5,71024): error TS2532: Object is possibly 'undefined'.
generated/prisma/runtime/edge.js(5,71036): error TS2538: Type 'undefined' cannot be used as an index type.
generated/prisma/runtime/edge.js(5,71089): error TS7053: Element implicitly has an 'any' type because expression of type 'string' can't be used to index type 'ou'.
  No index signature with a parameter of type 'string' was found on type 'ou'.
generated/prisma/runtime/edge.js(5,71097): error TS7053: Element implicitly has an 'any' type because expression of type 'string' can't be used to index type '{ precision: number; rounding: number; modulo: number; toExpNeg: number; toExpPos: number; minE: number; maxE: number; crypto: boolean; }'.
  No index signature with a parameter of type 'string' was found on type '{ precision: number; rounding: number; modulo: number; toExpNeg: number; toExpPos: number; minE: number; maxE: number; crypto: boolean; }'.
generated/prisma/runtime/edge.js(5,71190): error TS2774: This condition will always return true since this function is always defined. Did you mean to call it instead?
generated/prisma/runtime/edge.js(5,71221): error TS2339: Property 'randomBytes' does not exist on type 'Crypto'.
generated/prisma/runtime/edge.js(5,71234): error TS7053: Element implicitly has an 'any' type because expression of type 'string' can't be used to index type 'ou'.
  No index signature with a parameter of type 'string' was found on type 'ou'.
generated/prisma/runtime/edge.js(5,71271): error TS7053: Element implicitly has an 'any' type because expression of type 'string' can't be used to index type 'ou'.
  No index signature with a parameter of type 'string' was found on type 'ou'.
generated/prisma/runtime/edge.js(5,71336): error TS7006: Parameter 'e' implicitly has an 'any' type.
generated/prisma/runtime/edge.js(5,71350): error TS2683: 'this' implicitly has type 'any' because it does not have a type annotation.
generated/prisma/runtime/edge.js(5,71376): error TS7006: Parameter 'e' implicitly has an 'any' type.
generated/prisma/runtime/edge.js(5,71390): error TS2683: 'this' implicitly has type 'any' because it does not have a type annotation.
generated/prisma/runtime/edge.js(5,71417): error TS7006: Parameter 'e' implicitly has an 'any' type.
generated/prisma/runtime/edge.js(5,71441): error TS7006: Parameter 'o' implicitly has an 'any' type.
generated/prisma/runtime/edge.js(5,71546): error TS2551: Property 'maxE' does not exist on type 'typeof i'. Did you mean 'max'?
generated/prisma/runtime/edge.js(5,71554): error TS2339: Property 'e' does not exist on type 'this & { toStringTag: string; }'.
generated/prisma/runtime/edge.js(5,71562): error TS2339: Property 'd' does not exist on type 'this & { toStringTag: string; }'.
generated/prisma/runtime/edge.js(5,71576): error TS2551: Property 'minE' does not exist on type 'typeof i'. Did you mean 'min'?
generated/prisma/runtime/edge.js(5,71584): error TS2339: Property 'e' does not exist on type 'this & { toStringTag: string; }'.
generated/prisma/runtime/edge.js(5,71590): error TS2339: Property 'd' does not exist on type 'this & { toStringTag: string; }'.
generated/prisma/runtime/edge.js(5,71600): error TS2339: Property 'e' does not exist on type 'this & { toStringTag: string; }'.
generated/prisma/runtime/edge.js(5,71608): error TS2339: Property 'd' does not exist on type 'this & { toStringTag: string; }'.
generated/prisma/runtime/edge.js(5,71626): error TS2339: Property 'e' does not exist on type 'this & { toStringTag: string; }'.
generated/prisma/runtime/edge.js(5,71634): error TS2339: Property 'd' does not exist on type 'this & { toStringTag: string; }'.
generated/prisma/runtime/edge.js(5,71719): error TS2339: Property 'e' does not exist on type 'this & { toStringTag: string; }'.
generated/prisma/runtime/edge.js(5,71725): error TS2339: Property 'd' does not exist on type 'this & { toStringTag: string; }'.
generated/prisma/runtime/edge.js(5,71815): error TS2551: Property 'maxE' does not exist on type 'typeof i'. Did you mean 'max'?
generated/prisma/runtime/edge.js(5,71823): error TS2339: Property 'e' does not exist on type 'this & { toStringTag: string; }'.
generated/prisma/runtime/edge.js(5,71831): error TS2339: Property 'd' does not exist on type 'this & { toStringTag: string; }'.
generated/prisma/runtime/edge.js(5,71843): error TS2551: Property 'minE' does not exist on type 'typeof i'. Did you mean 'min'?
generated/prisma/runtime/edge.js(5,71851): error TS2339: Property 'e' does not exist on type 'this & { toStringTag: string; }'.
generated/prisma/runtime/edge.js(5,71857): error TS2339: Property 'd' does not exist on type 'this & { toStringTag: string; }'.
generated/prisma/runtime/edge.js(5,71867): error TS2339: Property 'e' does not exist on type 'this & { toStringTag: string; }'.
generated/prisma/runtime/edge.js(5,71873): error TS2339: Property 'd' does not exist on type 'this & { toStringTag: string; }'.
generated/prisma/runtime/edge.js(5,71883): error TS2339: Property 'e' does not exist on type 'this & { toStringTag: string; }'.
generated/prisma/runtime/edge.js(5,71889): error TS2339: Property 'd' does not exist on type 'this & { toStringTag: string; }'.
generated/prisma/runtime/edge.js(5,71930): error TS2339: Property 'e' does not exist on type 'this & { toStringTag: string; }'.
generated/prisma/runtime/edge.js(5,71938): error TS2339: Property 'd' does not exist on type 'this & { toStringTag: string; }'.
generated/prisma/runtime/edge.js(5,72964): error TS2538: Type 'undefined' cannot be used as an index type.
generated/prisma/runtime/edge.js(5,72967): error TS2683: 'this' implicitly has type 'any' because it does not have a type annotation.
generated/prisma/runtime/edge.js(5,72972): error TS2538: Type 'undefined' cannot be used as an index type.
generated/prisma/runtime/edge.js(5,73009): error TS7006: Parameter 'e' implicitly has an 'any' type.
generated/prisma/runtime/edge.js(5,73011): error TS7006: Parameter 't' implicitly has an 'any' type.
generated/prisma/runtime/edge.js(5,73025): error TS2683: 'this' implicitly has type 'any' because it does not have a type annotation.
generated/prisma/runtime/edge.js(5,73052): error TS7006: Parameter 'e' implicitly has an 'any' type.
generated/prisma/runtime/edge.js(5,73066): error TS2683: 'this' implicitly has type 'any' because it does not have a type annotation.
generated/prisma/runtime/edge.js(5,73092): error TS7006: Parameter 'e' implicitly has an 'any' type.
generated/prisma/runtime/edge.js(5,73110): error TS2683: 'this' implicitly has type 'any' because it does not have a type annotation.
generated/prisma/runtime/edge.js(5,73155): error TS2683: 'this' implicitly has type 'any' because it does not have a type annotation.
generated/prisma/runtime/edge.js(5,73205): error TS2683: 'this' implicitly has type 'any' because it does not have a type annotation.
generated/prisma/runtime/edge.js(5,73286): error TS2683: 'this' implicitly has type 'any' because it does not have a type annotation.
generated/prisma/runtime/edge.js(5,73333): error TS7006: Parameter 'e' implicitly has an 'any' type.
generated/prisma/runtime/edge.js(5,73398): error TS7006: Parameter 'e' implicitly has an 'any' type.
generated/prisma/runtime/edge.js(5,73412): error TS2683: 'this' implicitly has type 'any' because it does not have a type annotation.
generated/prisma/runtime/edge.js(5,73437): error TS7006: Parameter 'e' implicitly has an 'any' type.
generated/prisma/runtime/edge.js(5,73439): error TS7006: Parameter 't' implicitly has an 'any' type.
generated/prisma/runtime/edge.js(5,73453): error TS2683: 'this' implicitly has type 'any' because it does not have a type annotation.
generated/prisma/runtime/edge.js(5,73480): error TS7006: Parameter 'e' implicitly has an 'any' type.
generated/prisma/runtime/edge.js(5,73494): error TS2683: 'this' implicitly has type 'any' because it does not have a type annotation.
generated/prisma/runtime/edge.js(5,73521): error TS7006: Parameter 'e' implicitly has an 'any' type.
generated/prisma/runtime/edge.js(5,73535): error TS2683: 'this' implicitly has type 'any' because it does not have a type annotation.
generated/prisma/runtime/edge.js(5,73575): error TS2683: 'this' implicitly has type 'any' because it does not have a type annotation.
generated/prisma/runtime/edge.js(5,73618): error TS2683: 'this' implicitly has type 'any' because it does not have a type annotation.
generated/prisma/runtime/edge.js(5,73648): error TS7006: Parameter 'e' implicitly has an 'any' type.
generated/prisma/runtime/edge.js(5,73650): error TS7006: Parameter 't' implicitly has an 'any' type.
generated/prisma/runtime/edge.js(5,73664): error TS2683: 'this' implicitly has type 'any' because it does not have a type annotation.
generated/prisma/runtime/edge.js(5,73691): error TS7006: Parameter 'e' implicitly has an 'any' type.
generated/prisma/runtime/edge.js(5,73693): error TS7006: Parameter 't' implicitly has an 'any' type.
generated/prisma/runtime/edge.js(5,73707): error TS2683: 'this' implicitly has type 'any' because it does not have a type annotation.
generated/prisma/runtime/edge.js(5,73734): error TS7006: Parameter 'e' implicitly has an 'any' type.
generated/prisma/runtime/edge.js(5,73736): error TS7006: Parameter 't' implicitly has an 'any' type.
generated/prisma/runtime/edge.js(5,73750): error TS2683: 'this' implicitly has type 'any' because it does not have a type annotation.
generated/prisma/runtime/edge.js(5,73777): error TS7006: Parameter 'e' implicitly has an 'any' type.
generated/prisma/runtime/edge.js(5,73802): error TS2683: 'this' implicitly has type 'any' because it does not have a type annotation.
generated/prisma/runtime/edge.js(5,73831): error TS2683: 'this' implicitly has type 'any' because it does not have a type annotation.
generated/prisma/runtime/edge.js(5,73874): error TS2683: 'this' implicitly has type 'any' because it does not have a type annotation.
generated/prisma/runtime/edge.js(5,73973): error TS18048: 'i' is possibly 'undefined'.
generated/prisma/runtime/edge.js(5,73982): error TS2322: Type 'number | undefined' is not assignable to type 'number'.
  Type 'undefined' is not assignable to type 'number'.
generated/prisma/runtime/edge.js(5,74040): error TS18048: 'i' is possibly 'undefined'.
generated/prisma/runtime/edge.js(5,74061): error TS2339: Property 'randomBytes' does not exist on type 'Crypto'.
generated/prisma/runtime/edge.js(5,74087): error TS2339: Property 'randomBytes' does not exist on type 'Crypto'.
generated/prisma/runtime/edge.js(5,74177): error TS2339: Property 'randomBytes' does not exist on type 'Crypto'.
generated/prisma/runtime/edge.js(5,74436): error TS18048: 'i' is possibly 'undefined'.
generated/prisma/runtime/edge.js(5,74442): error TS18048: 'i' is possibly 'undefined'.
generated/prisma/runtime/edge.js(5,74499): error TS7006: Parameter 'e' implicitly has an 'any' type.
generated/prisma/runtime/edge.js(5,74517): error TS2683: 'this' implicitly has type 'any' because it does not have a type annotation.
generated/prisma/runtime/edge.js(5,74531): error TS2683: 'this' implicitly has type 'any' because it does not have a type annotation.
generated/prisma/runtime/edge.js(5,74558): error TS7006: Parameter 'e' implicitly has an 'any' type.
generated/prisma/runtime/edge.js(5,74574): error TS2683: 'this' implicitly has type 'any' because it does not have a type annotation.
generated/prisma/runtime/edge.js(5,74624): error TS7006: Parameter 'e' implicitly has an 'any' type.
generated/prisma/runtime/edge.js(5,74638): error TS2683: 'this' implicitly has type 'any' because it does not have a type annotation.
generated/prisma/runtime/edge.js(5,74664): error TS7006: Parameter 'e' implicitly has an 'any' type.
generated/prisma/runtime/edge.js(5,74678): error TS2683: 'this' implicitly has type 'any' because it does not have a type annotation.
generated/prisma/runtime/edge.js(5,74705): error TS7006: Parameter 'e' implicitly has an 'any' type.
generated/prisma/runtime/edge.js(5,74719): error TS2683: 'this' implicitly has type 'any' because it does not have a type annotation.
generated/prisma/runtime/edge.js(5,74746): error TS7006: Parameter 'e' implicitly has an 'any' type.
generated/prisma/runtime/edge.js(5,74748): error TS7006: Parameter 't' implicitly has an 'any' type.
generated/prisma/runtime/edge.js(5,74762): error TS2683: 'this' implicitly has type 'any' because it does not have a type annotation.
generated/prisma/runtime/edge.js(5,74817): error TS2683: 'this' implicitly has type 'any' because it does not have a type annotation.
generated/prisma/runtime/edge.js(5,74887): error TS2683: 'this' implicitly has type 'any' because it does not have a type annotation.
generated/prisma/runtime/edge.js(5,74902): error TS2683: 'this' implicitly has type 'any' because it does not have a type annotation.
generated/prisma/runtime/edge.js(5,74929): error TS7006: Parameter 'e' implicitly has an 'any' type.
generated/prisma/runtime/edge.js(5,74943): error TS2683: 'this' implicitly has type 'any' because it does not have a type annotation.
generated/prisma/runtime/edge.js(5,74969): error TS7006: Parameter 'e' implicitly has an 'any' type.
generated/prisma/runtime/edge.js(5,74983): error TS2683: 'this' implicitly has type 'any' because it does not have a type annotation.
generated/prisma/runtime/edge.js(5,75010): error TS7006: Parameter 'e' implicitly has an 'any' type.
generated/prisma/runtime/edge.js(5,75028): error TS2683: 'this' implicitly has type 'any' because it does not have a type annotation.
generated/prisma/runtime/edge.js(5,75045): error TS7053: Element implicitly has an 'any' type because expression of type 'symbol' can't be used to index type '{ toStringTag: string; }'.
generated/prisma/runtime/edge.js(5,75100): error TS7053: Element implicitly has an 'any' type because expression of type 'unique symbol' can't be used to index type '{ toStringTag: string; }'.
  Property '[SymbolConstructor.toStringTag]' does not exist on type '{ toStringTag: string; }'.
generated/prisma/runtime/edge.js(5,75160): error TS2322: Type 'i' is not assignable to type 'string'.
generated/prisma/runtime/edge.js(5,75174): error TS2322: Type 'i' is not assignable to type 'string'.
generated/prisma/runtime/edge.js(5,75210): error TS7006: Parameter 'e' implicitly has an 'any' type.
generated/prisma/runtime/edge.js(5,75525): error TS7006: Parameter 'e' implicitly has an 'any' type.
generated/prisma/runtime/edge.js(5,75567): error TS7006: Parameter 't' implicitly has an 'any' type.
generated/prisma/runtime/edge.js(5,75603): error TS7022: 'kt' implicitly has type 'any' because it does not have a type annotation and is referenced directly or indirectly in its own initializer.
generated/prisma/runtime/edge.js(5,76204): error TS7006: Parameter 'e' implicitly has an 'any' type.
generated/prisma/runtime/edge.js(5,76230): error TS7006: Parameter 'e' implicitly has an 'any' type.
generated/prisma/runtime/edge.js(5,76240): error TS7006: Parameter 'e' implicitly has an 'any' type.
generated/prisma/runtime/edge.js(5,76249): error TS7006: Parameter 'e' implicitly has an 'any' type.
generated/prisma/runtime/edge.js(5,76259): error TS7006: Parameter 'e' implicitly has an 'any' type.
generated/prisma/runtime/edge.js(5,76274): error TS7006: Parameter 'e' implicitly has an 'any' type.
generated/prisma/runtime/edge.js(5,76295): error TS7006: Parameter 'e' implicitly has an 'any' type.
generated/prisma/runtime/edge.js(5,76322): error TS7031: Binding element 'e' implicitly has an 'any' type.
generated/prisma/runtime/edge.js(5,76339): error TS7031: Binding element 't' implicitly has an 'any' type.
generated/prisma/runtime/edge.js(5,76349): error TS7031: Binding element 'r' implicitly has an 'any' type.
generated/prisma/runtime/edge.js(5,76365): error TS7031: Binding element 'n' implicitly has an 'any' type.
generated/prisma/runtime/edge.js(5,76472): error TS7031: Binding element 'e' implicitly has an 'any' type.
generated/prisma/runtime/edge.js(5,76483): error TS7031: Binding element 't' implicitly has an 'any' type.
generated/prisma/runtime/edge.js(5,76493): error TS7031: Binding element 'r' implicitly has an 'any' type.
generated/prisma/runtime/edge.js(5,76503): error TS7031: Binding element 'n' implicitly has an 'any' type.
generated/prisma/runtime/edge.js(5,76518): error TS7031: Binding element 'i' implicitly has an 'any' type.
generated/prisma/runtime/edge.js(5,76534): error TS7031: Binding element 'o' implicitly has an 'any' type.
generated/prisma/runtime/edge.js(5,76537): error TS7006: Parameter 's' implicitly has an 'any' type.
generated/prisma/runtime/edge.js(6,16): error TS7006: Parameter 'e' implicitly has an 'any' type.
generated/prisma/runtime/edge.js(6,159): error TS7006: Parameter 'e' implicitly has an 'any' type.
generated/prisma/runtime/edge.js(6,203): error TS2304: Cannot find name '$getTemplateParameters'.
generated/prisma/runtime/edge.js(6,232): error TS2304: Cannot find name '$getTemplateParameters'.
generated/prisma/runtime/edge.js(6,344): error TS7006: Parameter 'e' implicitly has an 'any' type.
generated/prisma/runtime/edge.js(6,346): error TS7006: Parameter 't' implicitly has an 'any' type.
generated/prisma/runtime/edge.js(6,348): error TS7006: Parameter 'r' implicitly has an 'any' type.
generated/prisma/runtime/edge.js(6,442): error TS7006: Parameter 'e' implicitly has an 'any' type.
generated/prisma/runtime/edge.js(6,469): error TS7006: Parameter 't' implicitly has an 'any' type.
generated/prisma/runtime/edge.js(6,512): error TS7006: Parameter 'e' implicitly has an 'any' type.
generated/prisma/runtime/edge.js(6,833): error TS7006: Parameter 'e' implicitly has an 'any' type.
generated/prisma/runtime/edge.js(6,835): error TS7006: Parameter 't' implicitly has an 'any' type.
generated/prisma/runtime/edge.js(6,882): error TS7006: Parameter 'e' implicitly has an 'any' type.
generated/prisma/runtime/edge.js(6,898): error TS7006: Parameter 't' implicitly has an 'any' type.
generated/prisma/runtime/edge.js(6,900): error TS7006: Parameter 'r' implicitly has an 'any' type.
generated/prisma/runtime/edge.js(6,968): error TS7006: Parameter 'e' implicitly has an 'any' type.
generated/prisma/runtime/edge.js(6,1118): error TS7006: Parameter 'e' implicitly has an 'any' type.
generated/prisma/runtime/edge.js(6,1332): error TS7006: Parameter 't' implicitly has an 'any' type.
generated/prisma/runtime/edge.js(6,1334): error TS7006: Parameter 'r' implicitly has an 'any' type.
generated/prisma/runtime/edge.js(6,1428): error TS7006: Parameter 't' implicitly has an 'any' type.
generated/prisma/runtime/edge.js(6,1748): error TS7006: Parameter 'r' implicitly has an 'any' type.
generated/prisma/runtime/edge.js(6,1787): error TS7008: Member 'lines' implicitly has an 'any[]' type.
generated/prisma/runtime/edge.js(6,1827): error TS7008: Member 'marginSymbol' implicitly has an 'any' type.
generated/prisma/runtime/edge.js(6,1840): error TS7008: Member 'afterNextNewLineCallback' implicitly has an 'any' type.
generated/prisma/runtime/edge.js(6,1871): error TS7006: Parameter 't' implicitly has an 'any' type.
generated/prisma/runtime/edge.js(6,1951): error TS7006: Parameter 't' implicitly has an 'any' type.
generated/prisma/runtime/edge.js(6,1953): error TS7006: Parameter 'r' implicitly has an 'any' type.
generated/prisma/runtime/edge.js(6,1958): error TS7006: Parameter 'i' implicitly has an 'any' type.
generated/prisma/runtime/edge.js(6,1960): error TS7006: Parameter 'o' implicitly has an 'any' type.
generated/prisma/runtime/edge.js(6,2076): error TS7006: Parameter 't' implicitly has an 'any' type.
generated/prisma/runtime/edge.js(6,2311): error TS7006: Parameter 't' implicitly has an 'any' type.
generated/prisma/runtime/edge.js(6,2381): error TS7006: Parameter 't' implicitly has an 'any' type.
generated/prisma/runtime/edge.js(6,2552): error TS7006: Parameter 't' implicitly has an 'any' type.
generated/prisma/runtime/edge.js(7,286): error TS7006: Parameter 't' implicitly has an 'any' type.
generated/prisma/runtime/edge.js(7,308): error TS7006: Parameter 't' implicitly has an 'any' type.
generated/prisma/runtime/edge.js(7,399): error TS7006: Parameter 'e' implicitly has an 'any' type.
generated/prisma/runtime/edge.js(7,508): error TS7006: Parameter 'e' implicitly has an 'any' type.
generated/prisma/runtime/edge.js(7,575): error TS7006: Parameter 't' implicitly has an 'any' type.
generated/prisma/runtime/edge.js(7,616): error TS7006: Parameter 't' implicitly has an 'any' type.
generated/prisma/runtime/edge.js(7,675): error TS7006: Parameter 't' implicitly has an 'any' type.
generated/prisma/runtime/edge.js(7,709): error TS7006: Parameter 't' implicitly has an 'any' type.
generated/prisma/runtime/edge.js(7,1018): error TS7008: Member 'items' implicitly has an 'any[]' type.
generated/prisma/runtime/edge.js(7,1035): error TS7006: Parameter 't' implicitly has an 'any' type.
generated/prisma/runtime/edge.js(7,1086): error TS7006: Parameter 't' implicitly has an 'any' type.
generated/prisma/runtime/edge.js(7,1221): error TS7006: Parameter 't' implicitly has an 'any' type.
generated/prisma/runtime/edge.js(7,1310): error TS7006: Parameter 't' implicitly has an 'any' type.
generated/prisma/runtime/edge.js(7,1418): error TS7006: Parameter 't' implicitly has an 'any' type.
generated/prisma/runtime/edge.js(7,1672): error TS7008: Member 'suggestions' implicitly has an 'any[]' type.
generated/prisma/runtime/edge.js(7,1696): error TS7006: Parameter 't' implicitly has an 'any' type.
generated/prisma/runtime/edge.js(7,1699): error TS7053: Element implicitly has an 'any' type because expression of type 'any' can't be used to index type '{}'.
generated/prisma/runtime/edge.js(7,1735): error TS7006: Parameter 't' implicitly has an 'any' type.
generated/prisma/runtime/edge.js(7,1772): error TS7006: Parameter 't' implicitly has an 'any' type.
generated/prisma/runtime/edge.js(7,1782): error TS7053: Element implicitly has an 'any' type because expression of type 'any' can't be used to index type '{}'.
generated/prisma/runtime/edge.js(7,1810): error TS7006: Parameter 't' implicitly has an 'any' type.
generated/prisma/runtime/edge.js(7,2031): error TS7006: Parameter 't' implicitly has an 'any' type.
generated/prisma/runtime/edge.js(7,2096): error TS7006: Parameter 't' implicitly has an 'any' type.
generated/prisma/runtime/edge.js(7,2169): error TS7006: Parameter 't' implicitly has an 'any' type.
generated/prisma/runtime/edge.js(7,2179): error TS7053: Element implicitly has an 'any' type because expression of type 'any' can't be used to index type '{}'.
generated/prisma/runtime/edge.js(7,2292): error TS7006: Parameter 't' implicitly has an 'any' type.
generated/prisma/runtime/edge.js(7,2351): error TS7006: Parameter 't' implicitly has an 'any' type.
generated/prisma/runtime/edge.js(7,2490): error TS7006: Parameter 't' implicitly has an 'any' type.
generated/prisma/runtime/edge.js(7,2890): error TS7006: Parameter 't' implicitly has an 'any' type.
generated/prisma/runtime/edge.js(7,3068): error TS7006: Parameter 't' implicitly has an 'any' type.
generated/prisma/runtime/edge.js(7,3238): error TS7006: Parameter 't' implicitly has an 'any' type.
generated/prisma/runtime/edge.js(7,3349): error TS7006: Parameter 't' implicitly has an 'any' type.
generated/prisma/runtime/edge.js(7,3351): error TS7006: Parameter 'r' implicitly has an 'any' type.
generated/prisma/runtime/edge.js(7,3623): error TS7006: Parameter 'r' implicitly has an 'any' type.
generated/prisma/runtime/edge.js(7,3692): error TS7006: Parameter 'r' implicitly has an 'any' type.
generated/prisma/runtime/edge.js(7,3837): error TS7008: Member 'fields' implicitly has an 'any[]' type.
generated/prisma/runtime/edge.js(7,3856): error TS7006: Parameter 't' implicitly has an 'any' type.
generated/prisma/runtime/edge.js(7,3858): error TS7006: Parameter 'r' implicitly has an 'any' type.
generated/prisma/runtime/edge.js(7,3892): error TS7006: Parameter 'n' implicitly has an 'any' type.
generated/prisma/runtime/edge.js(7,4000): error TS7006: Parameter 't' implicitly has an 'any' type.
generated/prisma/runtime/edge.js(7,4165): error TS7006: Parameter 'e' implicitly has an 'any' type.
generated/prisma/runtime/edge.js(7,4167): error TS7006: Parameter 't' implicitly has an 'any' type.
generated/prisma/runtime/edge.js(7,4169): error TS7006: Parameter 'r' implicitly has an 'any' type.
generated/prisma/runtime/edge.js(7,4791): error TS7006: Parameter 'e' implicitly has an 'any' type.
generated/prisma/runtime/edge.js(7,4793): error TS7006: Parameter 't' implicitly has an 'any' type.
generated/prisma/runtime/edge.js(7,4972): error TS7006: Parameter 'n' implicitly has an 'any' type.
generated/prisma/runtime/edge.js(7,5137): error TS7006: Parameter 'e' implicitly has an 'any' type.
generated/prisma/runtime/edge.js(7,5139): error TS7006: Parameter 't' implicitly has an 'any' type.
generated/prisma/runtime/edge.js(7,5365): error TS7006: Parameter 's' implicitly has an 'any' type.
generated/prisma/runtime/edge.js(8,89): error TS7006: Parameter 'e' implicitly has an 'any' type.
generated/prisma/runtime/edge.js(8,91): error TS7006: Parameter 't' implicitly has an 'any' type.
generated/prisma/runtime/edge.js(8,93): error TS7006: Parameter 'r' implicitly has an 'any' type.
generated/prisma/runtime/edge.js(8,422): error TS7006: Parameter 'e' implicitly has an 'any' type.
generated/prisma/runtime/edge.js(8,424): error TS7006: Parameter 't' implicitly has an 'any' type.
generated/prisma/runtime/edge.js(8,426): error TS7006: Parameter 'r' implicitly has an 'any' type.
generated/prisma/runtime/edge.js(8,540): error TS7006: Parameter 'n' implicitly has an 'any' type.
generated/prisma/runtime/edge.js(8,703): error TS7006: Parameter 'e' implicitly has an 'any' type.
generated/prisma/runtime/edge.js(8,705): error TS7006: Parameter 't' implicitly has an 'any' type.
generated/prisma/runtime/edge.js(8,858): error TS7006: Parameter 'o' implicitly has an 'any' type.
generated/prisma/runtime/edge.js(8,1078): error TS7006: Parameter 'e' implicitly has an 'any' type.
generated/prisma/runtime/edge.js(8,1080): error TS7006: Parameter 't' implicitly has an 'any' type.
generated/prisma/runtime/edge.js(8,1460): error TS7006: Parameter 'i' implicitly has an 'any' type.
generated/prisma/runtime/edge.js(8,1634): error TS7006: Parameter 'e' implicitly has an 'any' type.
generated/prisma/runtime/edge.js(8,1636): error TS7006: Parameter 't' implicitly has an 'any' type.
generated/prisma/runtime/edge.js(8,1886): error TS7006: Parameter 'n' implicitly has an 'any' type.
generated/prisma/runtime/edge.js(8,2124): error TS7006: Parameter 'e' implicitly has an 'any' type.
generated/prisma/runtime/edge.js(8,2126): error TS7006: Parameter 't' implicitly has an 'any' type.
generated/prisma/runtime/edge.js(8,2229): error TS7006: Parameter 'n' implicitly has an 'any' type.
generated/prisma/runtime/edge.js(8,2329): error TS7006: Parameter 'e' implicitly has an 'any' type.
generated/prisma/runtime/edge.js(8,2331): error TS7006: Parameter 't' implicitly has an 'any' type.
generated/prisma/runtime/edge.js(8,2496): error TS7006: Parameter 'i' implicitly has an 'any' type.
generated/prisma/runtime/edge.js(8,2522): error TS7006: Parameter 'o' implicitly has an 'any' type.
generated/prisma/runtime/edge.js(8,2547): error TS7006: Parameter 'e' implicitly has an 'any' type.
generated/prisma/runtime/edge.js(8,2549): error TS7006: Parameter 't' implicitly has an 'any' type.
generated/prisma/runtime/edge.js(8,2780): error TS7006: Parameter 'o' implicitly has an 'any' type.
generated/prisma/runtime/edge.js(8,2813): error TS7006: Parameter 's' implicitly has an 'any' type.
generated/prisma/runtime/edge.js(8,2838): error TS7006: Parameter 'e' implicitly has an 'any' type.
generated/prisma/runtime/edge.js(8,2840): error TS7006: Parameter 't' implicitly has an 'any' type.
generated/prisma/runtime/edge.js(8,2842): error TS7006: Parameter 'r' implicitly has an 'any' type.
generated/prisma/runtime/edge.js(8,3001): error TS7006: Parameter 'e' implicitly has an 'any' type.
generated/prisma/runtime/edge.js(8,3003): error TS7006: Parameter 't' implicitly has an 'any' type.
generated/prisma/runtime/edge.js(8,3010): error TS7034: Variable 'r' implicitly has type 'any' in some locations where its type cannot be determined.
generated/prisma/runtime/edge.js(8,3030): error TS7006: Parameter 'l' implicitly has an 'any' type.
generated/prisma/runtime/edge.js(8,3033): error TS7005: Variable 'r' implicitly has an 'any' type.
generated/prisma/runtime/edge.js(8,3789): error TS7006: Parameter 'd' implicitly has an 'any' type.
generated/prisma/runtime/edge.js(8,3894): error TS7023: 'Mo' implicitly has return type 'any' because it does not have a return type annotation and is referenced directly or indirectly in one of its return expressions.
generated/prisma/runtime/edge.js(8,3897): error TS7006: Parameter 'e' implicitly has an 'any' type.
generated/prisma/runtime/edge.js(8,3967): error TS7006: Parameter 'e' implicitly has an 'any' type.
generated/prisma/runtime/edge.js(8,3969): error TS7006: Parameter 't' implicitly has an 'any' type.
generated/prisma/runtime/edge.js(8,4134): error TS7006: Parameter 'i' implicitly has an 'any' type.
generated/prisma/runtime/edge.js(8,4177): error TS7006: Parameter 's' implicitly has an 'any' type.
generated/prisma/runtime/edge.js(8,4316): error TS7006: Parameter 'e' implicitly has an 'any' type.
generated/prisma/runtime/edge.js(8,4318): error TS7006: Parameter 't' implicitly has an 'any' type.
generated/prisma/runtime/edge.js(8,4483): error TS7006: Parameter 'i' implicitly has an 'any' type.
generated/prisma/runtime/edge.js(8,4678): error TS7006: Parameter 'a' implicitly has an 'any' type.
generated/prisma/runtime/edge.js(8,4752): error TS7006: Parameter 'e' implicitly has an 'any' type.
generated/prisma/runtime/edge.js(8,4754): error TS7006: Parameter 't' implicitly has an 'any' type.
generated/prisma/runtime/edge.js(8,4847): error TS7034: Variable 'i' implicitly has type 'any' in some locations where its type cannot be determined.
generated/prisma/runtime/edge.js(8,4961): error TS7006: Parameter 'o' implicitly has an 'any' type.
generated/prisma/runtime/edge.js(8,5002): error TS7005: Variable 'i' implicitly has an 'any' type.
generated/prisma/runtime/edge.js(8,5114): error TS7006: Parameter 'e' implicitly has an 'any' type.
generated/prisma/runtime/edge.js(8,5116): error TS7006: Parameter 't' implicitly has an 'any' type.
generated/prisma/runtime/edge.js(8,5332): error TS7006: Parameter 'i' implicitly has an 'any' type.
generated/prisma/runtime/edge.js(8,5563): error TS7006: Parameter 's' implicitly has an 'any' type.
generated/prisma/runtime/edge.js(8,5763): error TS7006: Parameter 'e' implicitly has an 'any' type.
generated/prisma/runtime/edge.js(8,5765): error TS7006: Parameter 't' implicitly has an 'any' type.
generated/prisma/runtime/edge.js(8,5882): error TS7034: Variable 'i' implicitly has type 'any[]' in some locations where its type cannot be determined.
generated/prisma/runtime/edge.js(8,6015): error TS7006: Parameter 'o' implicitly has an 'any' type.
generated/prisma/runtime/edge.js(8,6401): error TS7005: Variable 'i' implicitly has an 'any[]' type.
generated/prisma/runtime/edge.js(8,6554): error TS7006: Parameter 'e' implicitly has an 'any' type.
generated/prisma/runtime/edge.js(8,6556): error TS7006: Parameter 't' implicitly has an 'any' type.
generated/prisma/runtime/edge.js(8,6652): error TS7006: Parameter 'e' implicitly has an 'any' type.
generated/prisma/runtime/edge.js(8,6654): error TS7006: Parameter 't' implicitly has an 'any' type.
generated/prisma/runtime/edge.js(8,6765): error TS7006: Parameter 'e' implicitly has an 'any' type.
generated/prisma/runtime/edge.js(8,6767): error TS7006: Parameter 't' implicitly has an 'any' type.
generated/prisma/runtime/edge.js(8,6879): error TS7006: Parameter 'e' implicitly has an 'any' type.
generated/prisma/runtime/edge.js(8,6881): error TS7006: Parameter 't' implicitly has an 'any' type.
generated/prisma/runtime/edge.js(8,6987): error TS7006: Parameter 'e' implicitly has an 'any' type.
generated/prisma/runtime/edge.js(8,6989): error TS7006: Parameter 't' implicitly has an 'any' type.
generated/prisma/runtime/edge.js(8,7507): error TS7006: Parameter 'e' implicitly has an 'any' type.
generated/prisma/runtime/edge.js(8,7509): error TS7006: Parameter 't' implicitly has an 'any' type.
generated/prisma/runtime/edge.js(8,7643): error TS7006: Parameter 'e' implicitly has an 'any' type.
generated/prisma/runtime/edge.js(8,7747): error TS7031: Binding element 'e' implicitly has an 'any' type.
generated/prisma/runtime/edge.js(8,7757): error TS7031: Binding element 't' implicitly has an 'any' type.
generated/prisma/runtime/edge.js(8,7854): error TS7006: Parameter 'e' implicitly has an 'any' type.
generated/prisma/runtime/edge.js(8,7856): error TS7006: Parameter 't' implicitly has an 'any' type.
generated/prisma/runtime/edge.js(8,7965): error TS7006: Parameter 'e' implicitly has an 'any' type.
generated/prisma/runtime/edge.js(8,7967): error TS7006: Parameter 't' implicitly has an 'any' type.
generated/prisma/runtime/edge.js(8,8157): error TS7006: Parameter 't' implicitly has an 'any' type.
generated/prisma/runtime/edge.js(8,8159): error TS7006: Parameter 'r' implicitly has an 'any' type.
generated/prisma/runtime/edge.js(8,8161): error TS7006: Parameter 'n' implicitly has an 'any' type.
generated/prisma/runtime/edge.js(8,8163): error TS7006: Parameter 'i' implicitly has an 'any' type.
generated/prisma/runtime/edge.js(8,8165): error TS7006: Parameter 'o' implicitly has an 'any' type.
generated/prisma/runtime/edge.js(8,8394): error TS7006: Parameter 'e' implicitly has an 'any' type.
generated/prisma/runtime/edge.js(8,8492): error TS7006: Parameter 't' implicitly has an 'any' type.
generated/prisma/runtime/edge.js(8,8574): error TS2339: Property '_getNamespace' does not exist on type 'Re'.
generated/prisma/runtime/edge.js(8,8763): error TS7008: Member '#e' implicitly has an 'any' type.
generated/prisma/runtime/edge.js(8,8807): error TS7008: Member '#e' implicitly has an 'any' type.
generated/prisma/runtime/edge.js(8,8853): error TS7008: Member '#e' implicitly has an 'any' type.
generated/prisma/runtime/edge.js(8,9007): error TS7006: Parameter 'e' implicitly has an 'any' type.
generated/prisma/runtime/edge.js(8,9009): error TS7006: Parameter 't' implicitly has an 'any' type.
generated/prisma/runtime/edge.js(8,9123): error TS7006: Parameter 't' implicitly has an 'any' type.
generated/prisma/runtime/edge.js(8,9125): error TS7006: Parameter 'r' implicitly has an 'any' type.
generated/prisma/runtime/edge.js(8,9279): error TS7006: Parameter 't' implicitly has an 'any' type.
generated/prisma/runtime/edge.js(8,9430): error TS7008: Member 'errorMessages' implicitly has an 'any[]' type.
generated/prisma/runtime/edge.js(8,9459): error TS7006: Parameter 't' implicitly has an 'any' type.
generated/prisma/runtime/edge.js(8,9485): error TS7006: Parameter 't' implicitly has an 'any' type.
generated/prisma/runtime/edge.js(8,9528): error TS7006: Parameter 't' implicitly has an 'any' type.
generated/prisma/runtime/edge.js(8,9576): error TS7006: Parameter 't' implicitly has an 'any' type.
generated/prisma/runtime/edge.js(9,18): error TS7006: Parameter 'e' implicitly has an 'any' type.
generated/prisma/runtime/edge.js(9,54): error TS7006: Parameter 'e' implicitly has an 'any' type.
generated/prisma/runtime/edge.js(9,161): error TS7006: Parameter 'e' implicitly has an 'any' type.
generated/prisma/runtime/edge.js(9,498): error TS7005: Variable 'w' implicitly has an 'any' type.
generated/prisma/runtime/edge.js(9,912): error TS7006: Parameter 'e' implicitly has an 'any' type.
generated/prisma/runtime/edge.js(9,981): error TS7006: Parameter 'e' implicitly has an 'any' type.
generated/prisma/runtime/edge.js(9,983): error TS7006: Parameter 't' implicitly has an 'any' type.
generated/prisma/runtime/edge.js(9,1122): error TS7031: Binding element 'e' implicitly has an 'any' type.
generated/prisma/runtime/edge.js(9,1131): error TS7031: Binding element 't' implicitly has an 'any' type.
generated/prisma/runtime/edge.js(9,1145): error TS7031: Binding element 'r' implicitly has an 'any' type.
generated/prisma/runtime/edge.js(9,1156): error TS7031: Binding element 'n' implicitly has an 'any' type.
generated/prisma/runtime/edge.js(9,1173): error TS7031: Binding element 'i' implicitly has an 'any' type.
generated/prisma/runtime/edge.js(9,1189): error TS7031: Binding element 'o' implicitly has an 'any' type.
generated/prisma/runtime/edge.js(9,1202): error TS7031: Binding element 's' implicitly has an 'any' type.
generated/prisma/runtime/edge.js(9,1444): error TS7006: Parameter 'e' implicitly has an 'any' type.
generated/prisma/runtime/edge.js(9,1469): error TS7006: Parameter 't' implicitly has an 'any' type.
generated/prisma/runtime/edge.js(9,1521): error TS7006: Parameter 'e' implicitly has an 'any' type.
generated/prisma/runtime/edge.js(9,1523): error TS7006: Parameter 't' implicitly has an 'any' type.
generated/prisma/runtime/edge.js(9,1525): error TS7006: Parameter 'r' implicitly has an 'any' type.
generated/prisma/runtime/edge.js(9,1682): error TS7006: Parameter 'e' implicitly has an 'any' type.
generated/prisma/runtime/edge.js(9,1701): error TS7006: Parameter 'n' implicitly has an 'any' type.
generated/prisma/runtime/edge.js(9,1703): error TS7006: Parameter 'i' implicitly has an 'any' type.
generated/prisma/runtime/edge.js(9,1774): error TS7006: Parameter 'o' implicitly has an 'any' type.
generated/prisma/runtime/edge.js(9,1803): error TS7006: Parameter 'n' implicitly has an 'any' type.
generated/prisma/runtime/edge.js(9,1852): error TS7006: Parameter 'e' implicitly has an 'any' type.
generated/prisma/runtime/edge.js(9,1854): error TS7006: Parameter 't' implicitly has an 'any' type.
generated/prisma/runtime/edge.js(9,1856): error TS7006: Parameter 'r' implicitly has an 'any' type.
generated/prisma/runtime/edge.js(9,1881): error TS7031: Binding element 'n' implicitly has an 'any' type.
generated/prisma/runtime/edge.js(9,1891): error TS7031: Binding element 'i' implicitly has an 'any' type.
generated/prisma/runtime/edge.js(9,1894): error TS7006: Parameter 'o' implicitly has an 'any' type.
generated/prisma/runtime/edge.js(9,1985): error TS7006: Parameter 'e' implicitly has an 'any' type.
generated/prisma/runtime/edge.js(9,1987): error TS7006: Parameter 't' implicitly has an 'any' type.
generated/prisma/runtime/edge.js(9,1989): error TS7006: Parameter 'r' implicitly has an 'any' type.
generated/prisma/runtime/edge.js(9,2023): error TS7006: Parameter 'i' implicitly has an 'any' type.
generated/prisma/runtime/edge.js(9,2059): error TS7006: Parameter 'e' implicitly has an 'any' type.
generated/prisma/runtime/edge.js(9,2061): error TS7006: Parameter 't' implicitly has an 'any' type.
generated/prisma/runtime/edge.js(9,2185): error TS7006: Parameter 'e' implicitly has an 'any' type.
generated/prisma/runtime/edge.js(9,2187): error TS7006: Parameter 't' implicitly has an 'any' type.
generated/prisma/runtime/edge.js(9,2329): error TS7006: Parameter 't' implicitly has an 'any' type.
generated/prisma/runtime/edge.js(9,2331): error TS7006: Parameter 'r' implicitly has an 'any' type.
generated/prisma/runtime/edge.js(9,2769): error TS7006: Parameter 't' implicitly has an 'any' type.
generated/prisma/runtime/edge.js(9,2965): error TS7006: Parameter 't' implicitly has an 'any' type.
generated/prisma/runtime/edge.js(9,3291): error TS7006: Parameter 't' implicitly has an 'any' type.
generated/prisma/runtime/edge.js(9,3293): error TS7006: Parameter 'r' implicitly has an 'any' type.
generated/prisma/runtime/edge.js(9,3947): error TS7006: Parameter 't' implicitly has an 'any' type.
generated/prisma/runtime/edge.js(9,4004): error TS7006: Parameter 't' implicitly has an 'any' type.
generated/prisma/runtime/edge.js(9,4074): error TS7006: Parameter 't' implicitly has an 'any' type.
generated/prisma/runtime/edge.js(9,4132): error TS7006: Parameter 't' implicitly has an 'any' type.
generated/prisma/runtime/edge.js(9,4267): error TS7006: Parameter 't' implicitly has an 'any' type.
generated/prisma/runtime/edge.js(9,4334): error TS7006: Parameter 't' implicitly has an 'any' type.
generated/prisma/runtime/edge.js(9,4336): error TS7006: Parameter 'r' implicitly has an 'any' type.
generated/prisma/runtime/edge.js(9,4512): error TS7006: Parameter 't' implicitly has an 'any' type.
generated/prisma/runtime/edge.js(9,4541): error TS7006: Parameter 'e' implicitly has an 'any' type.
generated/prisma/runtime/edge.js(9,4579): error TS7006: Parameter 'e' implicitly has an 'any' type.
generated/prisma/runtime/edge.js(9,4676): error TS7006: Parameter 't' implicitly has an 'any' type.
generated/prisma/runtime/edge.js(9,4766): error TS7006: Parameter 't' implicitly has an 'any' type.
generated/prisma/runtime/edge.js(9,4820): error TS7006: Parameter 'e' implicitly has an 'any' type.
generated/prisma/runtime/edge.js(9,5479): error TS7031: Binding element 'e' implicitly has an 'any' type.
generated/prisma/runtime/edge.js(9,5488): error TS7031: Binding element 't' implicitly has an 'any' type.
generated/prisma/runtime/edge.js(9,5495): error TS7031: Binding element 'r' implicitly has an 'any' type.
generated/prisma/runtime/edge.js(9,5514): error TS7031: Binding element 'n' implicitly has an 'any' type.
generated/prisma/runtime/edge.js(9,5549): error TS7031: Binding element 'o' implicitly has an 'any' type.
generated/prisma/runtime/edge.js(9,5564): error TS7031: Binding element 's' implicitly has an 'any' type.
generated/prisma/runtime/edge.js(9,5578): error TS7031: Binding element 'a' implicitly has an 'any' type.
generated/prisma/runtime/edge.js(9,5594): error TS7031: Binding element 'l' implicitly has an 'any' type.
generated/prisma/runtime/edge.js(9,5612): error TS7031: Binding element 'd' implicitly has an 'any' type.
generated/prisma/runtime/edge.js(9,5625): error TS7031: Binding element 'g' implicitly has an 'any' type.
generated/prisma/runtime/edge.js(9,5857): error TS7053: Element implicitly has an 'any' type because expression of type 'any' can't be used to index type '{ findUnique: string; findUniqueOrThrow: string; findFirst: string; findFirstOrThrow: string; findMany: string; count: string; create: string; createMany: string; createManyAndReturn: string; ... 12 more ...; aggregateRaw: string; }'.
generated/prisma/runtime/edge.js(9,5891): error TS2339: Property 'select' does not exist on type '{}'.
generated/prisma/runtime/edge.js(9,5900): error TS2339: Property 'include' does not exist on type '{}'.
generated/prisma/runtime/edge.js(9,5919): error TS7006: Parameter 'n' implicitly has an 'any' type.
generated/prisma/runtime/edge.js(9,5930): error TS2339: Property 'omit' does not exist on type '{}'.
generated/prisma/runtime/edge.js(9,5951): error TS2339: Property 'omit' does not exist on type '{}'.
generated/prisma/runtime/edge.js(9,6010): error TS7006: Parameter 'e' implicitly has an 'any' type.
generated/prisma/runtime/edge.js(9,6012): error TS7006: Parameter 't' implicitly has an 'any' type.
generated/prisma/runtime/edge.js(9,6014): error TS7006: Parameter 'r' implicitly has an 'any' type.
generated/prisma/runtime/edge.js(9,6016): error TS7006: Parameter 'n' implicitly has an 'any' type.
generated/prisma/runtime/edge.js(9,6330): error TS7006: Parameter 'e' implicitly has an 'any' type.
generated/prisma/runtime/edge.js(9,6332): error TS7006: Parameter 't' implicitly has an 'any' type.
generated/prisma/runtime/edge.js(9,6334): error TS7006: Parameter 'r' implicitly has an 'any' type.
generated/prisma/runtime/edge.js(9,6456): error TS7006: Parameter 'e' implicitly has an 'any' type.
generated/prisma/runtime/edge.js(9,6458): error TS7006: Parameter 't' implicitly has an 'any' type.
generated/prisma/runtime/edge.js(9,6460): error TS7006: Parameter 'r' implicitly has an 'any' type.
generated/prisma/runtime/edge.js(9,6857): error TS7006: Parameter 'e' implicitly has an 'any' type.
generated/prisma/runtime/edge.js(9,6859): error TS7006: Parameter 't' implicitly has an 'any' type.
generated/prisma/runtime/edge.js(9,6861): error TS7006: Parameter 'r' implicitly has an 'any' type.
generated/prisma/runtime/edge.js(9,7065): error TS7006: Parameter 'e' implicitly has an 'any' type.
generated/prisma/runtime/edge.js(9,7067): error TS7006: Parameter 't' implicitly has an 'any' type.
generated/prisma/runtime/edge.js(9,7267): error TS7053: Element implicitly has an 'any' type because expression of type 'string' can't be used to index type '{}'.
  No index signature with a parameter of type 'string' was found on type '{}'.
generated/prisma/runtime/edge.js(9,7314): error TS7053: Element implicitly has an 'any' type because expression of type 'string' can't be used to index type '{}'.
  No index signature with a parameter of type 'string' was found on type '{}'.
generated/prisma/runtime/edge.js(9,7328): error TS7053: Element implicitly has an 'any' type because expression of type 'string' can't be used to index type '{}'.
  No index signature with a parameter of type 'string' was found on type '{}'.
generated/prisma/runtime/edge.js(9,7345): error TS7053: Element implicitly has an 'any' type because expression of type 'string' can't be used to index type '{}'.
  No index signature with a parameter of type 'string' was found on type '{}'.
generated/prisma/runtime/edge.js(9,7377): error TS7023: 'Wo' implicitly has return type 'any' because it does not have a return type annotation and is referenced directly or indirectly in one of its return expressions.
generated/prisma/runtime/edge.js(9,7380): error TS7006: Parameter 'e' implicitly has an 'any' type.
generated/prisma/runtime/edge.js(9,7382): error TS7006: Parameter 't' implicitly has an 'any' type.
generated/prisma/runtime/edge.js(9,8086): error TS7005: Variable 'w' implicitly has an 'any' type.
generated/prisma/runtime/edge.js(9,8230): error TS7053: Element implicitly has an 'any' type because expression of type 'string' can't be used to index type '{ DbNull: Lt; JsonNull: Ut; AnyNull: Bt; }'.
  No index signature with a parameter of type 'string' was found on type '{ DbNull: Lt; JsonNull: Ut; AnyNull: Bt; }'.
generated/prisma/runtime/edge.js(9,8741): error TS7006: Parameter 'e' implicitly has an 'any' type.
generated/prisma/runtime/edge.js(9,8743): error TS7006: Parameter 't' implicitly has an 'any' type.
generated/prisma/runtime/edge.js(9,8860): error TS7053: Element implicitly has an 'any' type because expression of type 'string' can't be used to index type '{}'.
  No index signature with a parameter of type 'string' was found on type '{}'.
generated/prisma/runtime/edge.js(9,9129): error TS7023: 'wc' implicitly has return type 'any' because it does not have a return type annotation and is referenced directly or indirectly in one of its return expressions.
generated/prisma/runtime/edge.js(9,9132): error TS7006: Parameter 'e' implicitly has an 'any' type.
generated/prisma/runtime/edge.js(9,9134): error TS7006: Parameter 't' implicitly has an 'any' type.
generated/prisma/runtime/edge.js(9,9599): error TS7006: Parameter 'e' implicitly has an 'any' type.
generated/prisma/runtime/edge.js(9,9682): error TS7006: Parameter 'e' implicitly has an 'any' type.
generated/prisma/runtime/edge.js(9,9762): error TS7006: Parameter 'e' implicitly has an 'any' type.
generated/prisma/runtime/edge.js(9,9764): error TS7006: Parameter 't' implicitly has an 'any' type.
generated/prisma/runtime/edge.js(9,9962): error TS7006: Parameter 't' implicitly has an 'any' type.
generated/prisma/runtime/edge.js(9,10172): error TS7006: Parameter 't' implicitly has an 'any' type.
generated/prisma/runtime/edge.js(9,10735): error TS7006: Parameter 't' implicitly has an 'any' type.
generated/prisma/runtime/edge.js(9,10939): error TS7006: Parameter 't' implicitly has an 'any' type.
generated/prisma/runtime/edge.js(9,11118): error TS7006: Parameter 't' implicitly has an 'any' type.
generated/prisma/runtime/edge.js(9,11158): error TS7006: Parameter 'r' implicitly has an 'any' type.
generated/prisma/runtime/edge.js(9,11187): error TS7006: Parameter 't' implicitly has an 'any' type.
generated/prisma/runtime/edge.js(9,11984): error TS7006: Parameter 't' implicitly has an 'any' type.
generated/prisma/runtime/edge.js(9,12100): error TS7006: Parameter 'e' implicitly has an 'any' type.
generated/prisma/runtime/edge.js(9,12290): error TS7006: Parameter 't' implicitly has an 'any' type.
generated/prisma/runtime/edge.js(9,12319): error TS7006: Parameter 't' implicitly has an 'any' type.
generated/prisma/runtime/edge.js(9,12408): error TS7006: Parameter 't' implicitly has an 'any' type.
generated/prisma/runtime/edge.js(9,12520): error TS7006: Parameter 'e' implicitly has an 'any' type.
generated/prisma/runtime/edge.js(9,12522): error TS7006: Parameter 't' implicitly has an 'any' type.
generated/prisma/runtime/edge.js(9,12607): error TS7006: Parameter 'e' implicitly has an 'any' type.
generated/prisma/runtime/edge.js(9,12698): error TS7006: Parameter 'e' implicitly has an 'any' type.
generated/prisma/runtime/edge.js(9,12838): error TS7006: Parameter 't' implicitly has an 'any' type.
generated/prisma/runtime/edge.js(9,12840): error TS7006: Parameter 'r' implicitly has an 'any' type.
generated/prisma/runtime/edge.js(9,13003): error TS7006: Parameter 'e' implicitly has an 'any' type.
generated/prisma/runtime/edge.js(9,13013): error TS7019: Rest parameter 't' implicitly has an 'any[]' type.
generated/prisma/runtime/edge.js(9,13044): error TS7006: Parameter 'e' implicitly has an 'any' type.
generated/prisma/runtime/edge.js(9,13192): error TS7006: Parameter 't' implicitly has an 'any' type.
generated/prisma/runtime/edge.js(9,13194): error TS7006: Parameter 'r' implicitly has an 'any' type.
generated/prisma/runtime/edge.js(9,13376): error TS7006: Parameter 's' implicitly has an 'any' type.
generated/prisma/runtime/edge.js(9,13378): error TS7006: Parameter 'a' implicitly has an 'any' type.
generated/prisma/runtime/edge.js(9,14180): error TS7006: Parameter 'e' implicitly has an 'any' type.
generated/prisma/runtime/edge.js(9,14394): error TS7006: Parameter 'e' implicitly has an 'any' type.
generated/prisma/runtime/edge.js(9,14445): error TS7006: Parameter 'e' implicitly has an 'any' type.
generated/prisma/runtime/edge.js(9,14447): error TS7019: Rest parameter 't' implicitly has an 'any[]' type.
generated/prisma/runtime/edge.js(9,14524): error TS7006: Parameter 'e' implicitly has an 'any' type.
generated/prisma/runtime/edge.js(9,14584): error TS7006: Parameter 't' implicitly has an 'any' type.
generated/prisma/runtime/edge.js(9,14633): error TS7006: Parameter 'e' implicitly has an 'any' type.
generated/prisma/runtime/edge.js(9,14635): error TS7006: Parameter 't' implicitly has an 'any' type.
generated/prisma/runtime/edge.js(9,14730): error TS7006: Parameter 'e' implicitly has an 'any' type.
generated/prisma/runtime/edge.js(9,14800): error TS7006: Parameter 'r' implicitly has an 'any' type.
generated/prisma/runtime/edge.js(9,14876): error TS7006: Parameter 'r' implicitly has an 'any' type.
generated/prisma/runtime/edge.js(9,15020): error TS7006: Parameter 'e' implicitly has an 'any' type.
generated/prisma/runtime/edge.js(9,15120): error TS7006: Parameter 'r' implicitly has an 'any' type.
generated/prisma/runtime/edge.js(9,15122): error TS7006: Parameter 'n' implicitly has an 'any' type.
generated/prisma/runtime/edge.js(9,15140): error TS7006: Parameter 'r' implicitly has an 'any' type.
generated/prisma/runtime/edge.js(9,15142): error TS7006: Parameter 'n' implicitly has an 'any' type.
generated/prisma/runtime/edge.js(9,15144): error TS7006: Parameter 'i' implicitly has an 'any' type.
generated/prisma/runtime/edge.js(9,15257): error TS7006: Parameter 'e' implicitly has an 'any' type.
generated/prisma/runtime/edge.js(9,15259): error TS7006: Parameter 't' implicitly has an 'any' type.
generated/prisma/runtime/edge.js(9,16066): error TS7006: Parameter 'e' implicitly has an 'any' type.
generated/prisma/runtime/edge.js(9,16164): error TS7006: Parameter 'e' implicitly has an 'any' type.
generated/prisma/runtime/edge.js(9,16166): error TS7006: Parameter 't' implicitly has an 'any' type.
generated/prisma/runtime/edge.js(9,16185): error TS7006: Parameter 'r' implicitly has an 'any' type.
generated/prisma/runtime/edge.js(9,16244): error TS7006: Parameter 'e' implicitly has an 'any' type.
generated/prisma/runtime/edge.js(9,16344): error TS7006: Parameter 'e' implicitly has an 'any' type.
generated/prisma/runtime/edge.js(9,16346): error TS7006: Parameter 't' implicitly has an 'any' type.
generated/prisma/runtime/edge.js(9,16476): error TS7006: Parameter 'e' implicitly has an 'any' type.
generated/prisma/runtime/edge.js(9,16617): error TS7031: Binding element 'e' implicitly has an 'any' type.
generated/prisma/runtime/edge.js(9,16637): error TS7031: Binding element 't' implicitly has an 'any' type.
generated/prisma/runtime/edge.js(9,16640): error TS7006: Parameter 'r' implicitly has an 'any' type.
generated/prisma/runtime/edge.js(9,16642): error TS7006: Parameter 'n' implicitly has an 'any' type.
generated/prisma/runtime/edge.js(9,16841): error TS7006: Parameter 'e' implicitly has an 'any' type.
generated/prisma/runtime/edge.js(9,16843): error TS7006: Parameter 't' implicitly has an 'any' type.
generated/prisma/runtime/edge.js(10,272): error TS7006: Parameter 'e' implicitly has an 'any' type.
generated/prisma/runtime/edge.js(10,289): error TS2304: Cannot find name '$EnabledCallSite'.
generated/prisma/runtime/edge.js(10,337): error TS2304: Cannot find name '$EnabledCallSite'.
generated/prisma/runtime/edge.js(10,546): error TS7053: Element implicitly has an 'any' type because expression of type 'string' can't be used to index type '{ _avg: boolean; _count: boolean; _sum: boolean; _min: boolean; _max: boolean; }'.
  No index signature with a parameter of type 'string' was found on type '{ _avg: boolean; _count: boolean; _sum: boolean; _min: boolean; _max: boolean; }'.
generated/prisma/runtime/edge.js(10,561): error TS7053: Element implicitly has an 'any' type because expression of type 'string' can't be used to index type '{}'.
  No index signature with a parameter of type 'string' was found on type '{}'.
generated/prisma/runtime/edge.js(10,584): error TS7053: Element implicitly has an 'any' type because expression of type 'string' can't be used to index type '{ select: {}; }'.
  No index signature with a parameter of type 'string' was found on type '{ select: {}; }'.
generated/prisma/runtime/edge.js(10,641): error TS2339: Property '_count' does not exist on type '{}'.
generated/prisma/runtime/edge.js(10,680): error TS2339: Property '_count' does not exist on type '{}'.
generated/prisma/runtime/edge.js(10,716): error TS7006: Parameter 't' implicitly has an 'any' type.
generated/prisma/runtime/edge.js(10,729): error TS2339: Property '_count' does not exist on type '{}'.
generated/prisma/runtime/edge.js(10,788): error TS7006: Parameter 'e' implicitly has an 'any' type.
generated/prisma/runtime/edge.js(10,790): error TS7006: Parameter 't' implicitly has an 'any' type.
generated/prisma/runtime/edge.js(10,906): error TS2339: Property 'select' does not exist on type '{}'.
generated/prisma/runtime/edge.js(10,1031): error TS2339: Property 'select' does not exist on type '{}'.
generated/prisma/runtime/edge.js(10,1048): error TS7006: Parameter 't' implicitly has an 'any' type.
generated/prisma/runtime/edge.js(10,1067): error TS7006: Parameter 't' implicitly has an 'any' type.
generated/prisma/runtime/edge.js(10,1103): error TS7006: Parameter 'e' implicitly has an 'any' type.
generated/prisma/runtime/edge.js(10,1105): error TS7006: Parameter 't' implicitly has an 'any' type.
generated/prisma/runtime/edge.js(10,1236): error TS2339: Property 'by' does not exist on type '{ select: {}; }'.
generated/prisma/runtime/edge.js(10,1255): error TS2339: Property 'by' does not exist on type '{ select: {}; }'.
generated/prisma/runtime/edge.js(10,1279): error TS7053: Element implicitly has an 'any' type because expression of type 'string' can't be used to index type '{}'.
  No index signature with a parameter of type 'string' was found on type '{}'.
generated/prisma/runtime/edge.js(10,1309): error TS2339: Property 'by' does not exist on type '{ select: {}; }'.
generated/prisma/runtime/edge.js(10,1324): error TS7053: Element implicitly has an 'any' type because expression of type 'any' can't be used to index type '{}'.
generated/prisma/runtime/edge.js(10,1335): error TS2339: Property 'by' does not exist on type '{ select: {}; }'.
generated/prisma/runtime/edge.js(10,1377): error TS7006: Parameter 't' implicitly has an 'any' type.
generated/prisma/runtime/edge.js(10,1391): error TS2339: Property '_count' does not exist on type '{}'.
generated/prisma/runtime/edge.js(10,1420): error TS7006: Parameter 'r' implicitly has an 'any' type.
generated/prisma/runtime/edge.js(10,1464): error TS7006: Parameter 'e' implicitly has an 'any' type.
generated/prisma/runtime/edge.js(10,1466): error TS7006: Parameter 't' implicitly has an 'any' type.
generated/prisma/runtime/edge.js(10,1542): error TS7006: Parameter 'e' implicitly has an 'any' type.
generated/prisma/runtime/edge.js(10,1544): error TS7006: Parameter 't' implicitly has an 'any' type.
generated/prisma/runtime/edge.js(10,1546): error TS7006: Parameter 'r' implicitly has an 'any' type.
generated/prisma/runtime/edge.js(10,1575): error TS7006: Parameter 'n' implicitly has an 'any' type.
generated/prisma/runtime/edge.js(10,1608): error TS7006: Parameter 'n' implicitly has an 'any' type.
generated/prisma/runtime/edge.js(10,1643): error TS7006: Parameter 'n' implicitly has an 'any' type.
generated/prisma/runtime/edge.js(10,1686): error TS7006: Parameter 'e' implicitly has an 'any' type.
generated/prisma/runtime/edge.js(10,1688): error TS7006: Parameter 't' implicitly has an 'any' type.
generated/prisma/runtime/edge.js(10,1713): error TS7006: Parameter 'i' implicitly has an 'any' type.
generated/prisma/runtime/edge.js(10,1826): error TS7053: Element implicitly has an 'any' type because expression of type 'string' can't be used to index type '{}'.
  No index signature with a parameter of type 'string' was found on type '{}'.
generated/prisma/runtime/edge.js(10,1959): error TS7006: Parameter 'e' implicitly has an 'any' type.
generated/prisma/runtime/edge.js(10,1998): error TS7006: Parameter 'e' implicitly has an 'any' type.
generated/prisma/runtime/edge.js(10,2000): error TS7006: Parameter 't' implicitly has an 'any' type.
generated/prisma/runtime/edge.js(10,2018): error TS7006: Parameter 'r' implicitly has an 'any' type.
generated/prisma/runtime/edge.js(10,2020): error TS7006: Parameter 'n' implicitly has an 'any' type.
generated/prisma/runtime/edge.js(10,2039): error TS7006: Parameter 'e' implicitly has an 'any' type.
generated/prisma/runtime/edge.js(10,2041): error TS7006: Parameter 't' implicitly has an 'any' type.
generated/prisma/runtime/edge.js(10,2043): error TS7006: Parameter 'r' implicitly has an 'any' type.
generated/prisma/runtime/edge.js(10,2066): error TS7006: Parameter 'n' implicitly has an 'any' type.
generated/prisma/runtime/edge.js(10,2068): error TS7006: Parameter 'i' implicitly has an 'any' type.
generated/prisma/runtime/edge.js(10,2070): error TS7006: Parameter 'o' implicitly has an 'any' type.
generated/prisma/runtime/edge.js(10,2072): error TS7006: Parameter 's' implicitly has an 'any' type.
generated/prisma/runtime/edge.js(10,2136): error TS7006: Parameter 'e' implicitly has an 'any' type.
generated/prisma/runtime/edge.js(10,2138): error TS7006: Parameter 't' implicitly has an 'any' type.
generated/prisma/runtime/edge.js(10,2204): error TS7006: Parameter 'e' implicitly has an 'any' type.
generated/prisma/runtime/edge.js(10,2206): error TS7006: Parameter 't' implicitly has an 'any' type.
generated/prisma/runtime/edge.js(10,2208): error TS7006: Parameter 'r' implicitly has an 'any' type.
generated/prisma/runtime/edge.js(10,2261): error TS7006: Parameter 'e' implicitly has an 'any' type.
generated/prisma/runtime/edge.js(10,2263): error TS7006: Parameter 't' implicitly has an 'any' type.
generated/prisma/runtime/edge.js(10,2265): error TS7006: Parameter 'r' implicitly has an 'any' type.
generated/prisma/runtime/edge.js(10,2267): error TS7006: Parameter 'n' implicitly has an 'any' type.
generated/prisma/runtime/edge.js(10,2269): error TS7006: Parameter 'i' implicitly has an 'any' type.
generated/prisma/runtime/edge.js(10,2271): error TS7006: Parameter 'o' implicitly has an 'any' type.
generated/prisma/runtime/edge.js(10,2325): error TS7006: Parameter 'l' implicitly has an 'any' type.
generated/prisma/runtime/edge.js(10,2327): error TS7006: Parameter 'd' implicitly has an 'any' type.
generated/prisma/runtime/edge.js(10,2362): error TS7006: Parameter 'l' implicitly has an 'any' type.
generated/prisma/runtime/edge.js(10,2630): error TS7006: Parameter 'e' implicitly has an 'any' type.
generated/prisma/runtime/edge.js(10,2632): error TS7006: Parameter 't' implicitly has an 'any' type.
generated/prisma/runtime/edge.js(10,2686): error TS7006: Parameter 'r' implicitly has an 'any' type.
generated/prisma/runtime/edge.js(10,2712): error TS7006: Parameter 'r' implicitly has an 'any' type.
generated/prisma/runtime/edge.js(10,2879): error TS7006: Parameter 'e' implicitly has an 'any' type.
generated/prisma/runtime/edge.js(10,2881): error TS7006: Parameter 't' implicitly has an 'any' type.
generated/prisma/runtime/edge.js(10,3057): error TS7006: Parameter 'e' implicitly has an 'any' type.
generated/prisma/runtime/edge.js(10,3059): error TS7006: Parameter 't' implicitly has an 'any' type.
generated/prisma/runtime/edge.js(10,3152): error TS7006: Parameter 'i' implicitly has an 'any' type.
generated/prisma/runtime/edge.js(10,3165): error TS7006: Parameter 'a' implicitly has an 'any' type.
generated/prisma/runtime/edge.js(10,3168): error TS7006: Parameter 'l' implicitly has an 'any' type.
generated/prisma/runtime/edge.js(10,3227): error TS7006: Parameter 'g' implicitly has an 'any' type.
generated/prisma/runtime/edge.js(10,3467): error TS7006: Parameter 'e' implicitly has an 'any' type.
generated/prisma/runtime/edge.js(10,3504): error TS7006: Parameter 'e' implicitly has an 'any' type.
generated/prisma/runtime/edge.js(10,3506): error TS7006: Parameter 't' implicitly has an 'any' type.
generated/prisma/runtime/edge.js(10,3622): error TS7006: Parameter 'e' implicitly has an 'any' type.
generated/prisma/runtime/edge.js(10,3647): error TS7006: Parameter 't' implicitly has an 'any' type.
generated/prisma/runtime/edge.js(10,3695): error TS7006: Parameter 'e' implicitly has an 'any' type.
generated/prisma/runtime/edge.js(10,3851): error TS7006: Parameter 'e' implicitly has an 'any' type.
generated/prisma/runtime/edge.js(10,3991): error TS7006: Parameter 'n' implicitly has an 'any' type.
generated/prisma/runtime/edge.js(10,4020): error TS7006: Parameter 'e' implicitly has an 'any' type.
generated/prisma/runtime/edge.js(10,4157): error TS7006: Parameter 'i' implicitly has an 'any' type.
generated/prisma/runtime/edge.js(10,4309): error TS7006: Parameter 'i' implicitly has an 'any' type.
generated/prisma/runtime/edge.js(10,4367): error TS7006: Parameter 'e' implicitly has an 'any' type.
generated/prisma/runtime/edge.js(10,4403): error TS7006: Parameter 'e' implicitly has an 'any' type.
generated/prisma/runtime/edge.js(10,4439): error TS2683: 'this' implicitly has type 'any' because it does not have a type annotation.
generated/prisma/runtime/edge.js(10,4512): error TS2683: 'this' implicitly has type 'any' because it does not have a type annotation.
generated/prisma/runtime/edge.js(10,4547): error TS2683: 'this' implicitly has type 'any' because it does not have a type annotation.
generated/prisma/runtime/edge.js(10,4613): error TS2683: 'this' implicitly has type 'any' because it does not have a type annotation.
generated/prisma/runtime/edge.js(10,4654): error TS2683: 'this' implicitly has type 'any' because it does not have a type annotation.
generated/prisma/runtime/edge.js(10,4704): error TS2683: 'this' implicitly has type 'any' because it does not have a type annotation.
generated/prisma/runtime/edge.js(10,4820): error TS7031: Binding element 'e' implicitly has an 'any' type.
generated/prisma/runtime/edge.js(10,4832): error TS7031: Binding element 't' implicitly has an 'any' type.
generated/prisma/runtime/edge.js(10,4841): error TS7031: Binding element 'r' implicitly has an 'any' type.
generated/prisma/runtime/edge.js(10,4848): error TS7031: Binding element 'n' implicitly has an 'any' type.
generated/prisma/runtime/edge.js(10,4861): error TS7031: Binding element 'i' implicitly has an 'any' type.
generated/prisma/runtime/edge.js(10,4916): error TS7034: Variable 's' implicitly has type 'any[]' in some locations where its type cannot be determined.
generated/prisma/runtime/edge.js(10,5006): error TS7006: Parameter 'g' implicitly has an 'any' type.
generated/prisma/runtime/edge.js(10,5096): error TS7006: Parameter 'g' implicitly has an 'any' type.
generated/prisma/runtime/edge.js(10,5164): error TS7005: Variable 's' implicitly has an 'any[]' type.
generated/prisma/runtime/edge.js(10,5231): error TS7006: Parameter 'e' implicitly has an 'any' type.
generated/prisma/runtime/edge.js(10,5233): error TS7006: Parameter 't' implicitly has an 'any' type.
generated/prisma/runtime/edge.js(10,5251): error TS7006: Parameter 'r' implicitly has an 'any' type.
generated/prisma/runtime/edge.js(10,5275): error TS7006: Parameter 'e' implicitly has an 'any' type.
generated/prisma/runtime/edge.js(10,5277): error TS7006: Parameter 't' implicitly has an 'any' type.
generated/prisma/runtime/edge.js(10,5360): error TS7031: Binding element 'e' implicitly has an 'any' type.
generated/prisma/runtime/edge.js(10,5369): error TS7031: Binding element 't' implicitly has an 'any' type.
generated/prisma/runtime/edge.js(10,5376): error TS7031: Binding element 'r' implicitly has an 'any' type.
generated/prisma/runtime/edge.js(10,5395): error TS7031: Binding element 'n' implicitly has an 'any' type.
generated/prisma/runtime/edge.js(10,5407): error TS7031: Binding element 'i' implicitly has an 'any' type.
generated/prisma/runtime/edge.js(10,5791): error TS7031: Binding element 'e' implicitly has an 'any' type.
generated/prisma/runtime/edge.js(10,5800): error TS7031: Binding element 't' implicitly has an 'any' type.
generated/prisma/runtime/edge.js(10,5818): error TS7031: Binding element 'r' implicitly has an 'any' type.
generated/prisma/runtime/edge.js(10,5837): error TS7031: Binding element 'n' implicitly has an 'any' type.
generated/prisma/runtime/edge.js(10,5847): error TS7031: Binding element 'i' implicitly has an 'any' type.
generated/prisma/runtime/edge.js(10,5949): error TS7006: Parameter 'g' implicitly has an 'any' type.
generated/prisma/runtime/edge.js(10,6142): error TS7031: Binding element 'e' implicitly has an 'any' type.
generated/prisma/runtime/edge.js(10,6154): error TS7031: Binding element 't' implicitly has an 'any' type.
generated/prisma/runtime/edge.js(10,6161): error TS7031: Binding element 'r' implicitly has an 'any' type.
generated/prisma/runtime/edge.js(10,6174): error TS7031: Binding element 'n' implicitly has an 'any' type.
generated/prisma/runtime/edge.js(10,6193): error TS7031: Binding element 'i' implicitly has an 'any' type.
generated/prisma/runtime/edge.js(10,6206): error TS7031: Binding element 'o' implicitly has an 'any' type.
generated/prisma/runtime/edge.js(10,6338): error TS7006: Parameter 'a' implicitly has an 'any' type.
generated/prisma/runtime/edge.js(10,6340): error TS7006: Parameter 'l' implicitly has an 'any' type.
generated/prisma/runtime/edge.js(10,6342): error TS7006: Parameter 'd' implicitly has an 'any' type.
generated/prisma/runtime/edge.js(10,6612): error TS7006: Parameter 'e' implicitly has an 'any' type.
generated/prisma/runtime/edge.js(10,6777): error TS7053: Element implicitly has an 'any' type because expression of type 'string' can't be used to index type '{}'.
  No index signature with a parameter of type 'string' was found on type '{}'.
generated/prisma/runtime/edge.js(10,6812): error TS7006: Parameter 'e' implicitly has an 'any' type.
generated/prisma/runtime/edge.js(10,6861): error TS7006: Parameter 'e' implicitly has an 'any' type.
generated/prisma/runtime/edge.js(10,6906): error TS7006: Parameter 'e' implicitly has an 'any' type.
generated/prisma/runtime/edge.js(10,7072): error TS2339: Property 'slice' does not exist on type 'ArrayBufferView<ArrayBufferLike>'.
generated/prisma/runtime/edge.js(10,7311): error TS7053: Element implicitly has an 'any' type because expression of type 'string' can't be used to index type '{}'.
  No index signature with a parameter of type 'string' was found on type '{}'.
generated/prisma/runtime/edge.js(10,7368): error TS7006: Parameter 'e' implicitly has an 'any' type.
generated/prisma/runtime/edge.js(10,7370): error TS7006: Parameter 't' implicitly has an 'any' type.
generated/prisma/runtime/edge.js(10,7372): error TS7006: Parameter 'r' implicitly has an 'any' type.
generated/prisma/runtime/edge.js(10,7409): error TS7006: Parameter 'i' implicitly has an 'any' type.
generated/prisma/runtime/edge.js(10,7696): error TS7006: Parameter 's' implicitly has an 'any' type.
generated/prisma/runtime/edge.js(10,7812): error TS7006: Parameter 'e' implicitly has an 'any' type.
generated/prisma/runtime/edge.js(10,7814): error TS7006: Parameter 't' implicitly has an 'any' type.
generated/prisma/runtime/edge.js(10,8009): error TS7006: Parameter 'e' implicitly has an 'any' type.
generated/prisma/runtime/edge.js(10,8019): error TS7006: Parameter 't' implicitly has an 'any' type.
generated/prisma/runtime/edge.js(10,8134): error TS7006: Parameter 'e' implicitly has an 'any' type.
generated/prisma/runtime/edge.js(10,8136): error TS7006: Parameter 't' implicitly has an 'any' type.
generated/prisma/runtime/edge.js(10,8138): error TS7006: Parameter 'r' implicitly has an 'any' type.
generated/prisma/runtime/edge.js(10,8140): error TS7006: Parameter 'n' implicitly has an 'any' type.
generated/prisma/runtime/edge.js(10,8270): error TS7006: Parameter 's' implicitly has an 'any' type.
generated/prisma/runtime/edge.js(10,8432): error TS7006: Parameter 's' implicitly has an 'any' type.
generated/prisma/runtime/edge.js(10,8530): error TS7006: Parameter 'e' implicitly has an 'any' type.
generated/prisma/runtime/edge.js(10,8565): error TS7006: Parameter 'r' implicitly has an 'any' type.
generated/prisma/runtime/edge.js(10,8691): error TS7031: Binding element 'e' implicitly has an 'any' type.
generated/prisma/runtime/edge.js(10,8700): error TS7031: Binding element 't' implicitly has an 'any' type.
generated/prisma/runtime/edge.js(10,8716): error TS7031: Binding element 'r' implicitly has an 'any' type.
generated/prisma/runtime/edge.js(10,8728): error TS7031: Binding element 'n' implicitly has an 'any' type.
generated/prisma/runtime/edge.js(12,32): error TS7053: Element implicitly has an 'any' type because expression of type 'any' can't be used to index type '{ Vercel: string; "Netlify CI": string; }'.
generated/prisma/runtime/edge.js(12,113): error TS7006: Parameter 'e' implicitly has an 'any' type.
generated/prisma/runtime/edge.js(12,115): error TS7006: Parameter 't' implicitly has an 'any' type.
generated/prisma/runtime/edge.js(12,320): error TS7006: Parameter 'e' implicitly has an 'any' type.
generated/prisma/runtime/edge.js(12,322): error TS7006: Parameter 't' implicitly has an 'any' type.
generated/prisma/runtime/edge.js(12,356): error TS7006: Parameter 'e' implicitly has an 'any' type.
generated/prisma/runtime/edge.js(12,433): error TS7006: Parameter 'e' implicitly has an 'any' type.
generated/prisma/runtime/edge.js(12,435): error TS7006: Parameter 't' implicitly has an 'any' type.
generated/prisma/runtime/edge.js(12,475): error TS7053: Element implicitly has an 'any' type because expression of type 'string' can't be used to index type '{}'.
  No index signature with a parameter of type 'string' was found on type '{}'.
generated/prisma/runtime/edge.js(12,508): error TS7023: 'dt' implicitly has return type 'any' because it does not have a return type annotation and is referenced directly or indirectly in one of its return expressions.
generated/prisma/runtime/edge.js(12,511): error TS7006: Parameter 'e' implicitly has an 'any' type.
generated/prisma/runtime/edge.js(12,674): error TS7031: Binding element 'e' implicitly has an 'any' type.
generated/prisma/runtime/edge.js(12,682): error TS7031: Binding element 't' implicitly has an 'any' type.
generated/prisma/runtime/edge.js(12,779): error TS7005: Variable 'w' implicitly has an 'any' type.
generated/prisma/runtime/edge.js(12,1119): error TS7017: Element implicitly has an 'any' type because type 'typeof globalThis' has no index signature.
generated/prisma/runtime/edge.js(12,1180): error TS7017: Element implicitly has an 'any' type because type 'typeof globalThis' has no index signature.
generated/prisma/runtime/edge.js(12,1210): error TS7017: Element implicitly has an 'any' type because type 'typeof globalThis' has no index signature.
generated/prisma/runtime/edge.js(12,1253): error TS7017: Element implicitly has an 'any' type because type 'typeof globalThis' has no index signature.
generated/prisma/runtime/edge.js(12,1453): error TS2349: This expression is not callable.
  Not all constituents of type 'string | (() => boolean)' are callable.
    Type 'string' has no call signatures.
generated/prisma/runtime/edge.js(12,1453): error TS2722: Cannot invoke an object which is possibly 'undefined'.
generated/prisma/runtime/edge.js(12,1823): error TS7053: Element implicitly has an 'any' type because expression of type 'string | (() => boolean)' can't be used to index type '{ node: string; workerd: string; deno: string; netlify: string; "edge-light": string; }'.
  No index signature with a parameter of type 'string' was found on type '{ node: string; workerd: string; deno: string; netlify: string; "edge-light": string; }'.
generated/prisma/runtime/edge.js(12,1826): error TS2538: Type '() => boolean' cannot be used as an index type.
generated/prisma/runtime/edge.js(12,1890): error TS2345: Argument of type 'string | (() => boolean)' is not assignable to parameter of type 'string'.
  Type '() => boolean' is not assignable to type 'string'.
generated/prisma/runtime/edge.js(12,1925): error TS7031: Binding element 'e' implicitly has an 'any' type.
generated/prisma/runtime/edge.js(12,1947): error TS7031: Binding element 't' implicitly has an 'any' type.
generated/prisma/runtime/edge.js(12,1953): error TS7031: Binding element 'r' implicitly has an 'any' type.
generated/prisma/runtime/edge.js(12,1969): error TS7031: Binding element 'n' implicitly has an 'any' type.
generated/prisma/runtime/edge.js(12,2003): error TS2538: Type 'undefined' cannot be used as an index type.
generated/prisma/runtime/edge.js(12,2015): error TS2538: Type 'undefined' cannot be used as an index type.
generated/prisma/runtime/edge.js(15,391): error TS7006: Parameter 't' implicitly has an 'any' type.
generated/prisma/runtime/edge.js(15,393): error TS7006: Parameter 'r' implicitly has an 'any' type.
generated/prisma/runtime/edge.js(15,552): error TS7006: Parameter 't' implicitly has an 'any' type.
generated/prisma/runtime/edge.js(15,554): error TS7006: Parameter 'r' implicitly has an 'any' type.
generated/prisma/runtime/edge.js(15,636): error TS7006: Parameter 'e' implicitly has an 'any' type.
generated/prisma/runtime/edge.js(15,638): error TS7006: Parameter 't' implicitly has an 'any' type.
generated/prisma/runtime/edge.js(15,747): error TS7006: Parameter 't' implicitly has an 'any' type.
generated/prisma/runtime/edge.js(15,749): error TS7006: Parameter 'r' implicitly has an 'any' type.
generated/prisma/runtime/edge.js(15,814): error TS7006: Parameter 'e' implicitly has an 'any' type.
generated/prisma/runtime/edge.js(15,1033): error TS7005: Variable 'y' implicitly has an 'any' type.
generated/prisma/runtime/edge.js(15,1039): error TS7005: Variable 'y' implicitly has an 'any' type.
generated/prisma/runtime/edge.js(15,1543): error TS7005: Variable 'y' implicitly has an 'any' type.
generated/prisma/runtime/edge.js(15,1804): error TS7031: Binding element 't' implicitly has an 'any' type.
generated/prisma/runtime/edge.js(15,1820): error TS7031: Binding element 'r' implicitly has an 'any' type.
generated/prisma/runtime/edge.js(15,1831): error TS7031: Binding element 'n' implicitly has an 'any' type.
generated/prisma/runtime/edge.js(15,1844): error TS7031: Binding element 'i' implicitly has an 'any' type.
generated/prisma/runtime/edge.js(15,1857): error TS7031: Binding element 'o' implicitly has an 'any' type.
generated/prisma/runtime/edge.js(15,1955): error TS2339: Property 'traceparent' does not exist on type '{}'.
generated/prisma/runtime/edge.js(15,1969): error TS2339: Property 'transactionId' does not exist on type '{}'.
generated/prisma/runtime/edge.js(15,2210): error TS2339: Property 'traceparent' does not exist on type '{ Accept: string; Authorization: string; "Content-Type": string; "Prisma-Engine-Hash": any; "Prisma-Engine-Version": any; }'.
generated/prisma/runtime/edge.js(15,2266): error TS7053: Element implicitly has an 'any' type because expression of type '"X-Transaction-Id"' can't be used to index type '{ Accept: string; Authorization: string; "Content-Type": string; "Prisma-Engine-Hash": any; "Prisma-Engine-Version": any; }'.
  Property 'X-Transaction-Id' does not exist on type '{ Accept: string; Authorization: string; "Content-Type": string; "Prisma-Engine-Hash": any; "Prisma-Engine-Version": any; }'.
generated/prisma/runtime/edge.js(15,2327): error TS7053: Element implicitly has an 'any' type because expression of type '"X-Capture-Telemetry"' can't be used to index type '{ Accept: string; Authorization: string; "Content-Type": string; "Prisma-Engine-Hash": any; "Prisma-Engine-Version": any; }'.
  Property 'X-Capture-Telemetry' does not exist on type '{ Accept: string; Authorization: string; "Content-Type": string; "Prisma-Engine-Hash": any; "Prisma-Engine-Version": any; }'.
generated/prisma/runtime/edge.js(15,2545): error TS7006: Parameter 'e' implicitly has an 'any' type.
generated/prisma/runtime/edge.js(15,2585): error TS7006: Parameter 'e' implicitly has an 'any' type.
generated/prisma/runtime/edge.js(15,2724): error TS7006: Parameter 't' implicitly has an 'any' type.
generated/prisma/runtime/edge.js(15,2899): error TS7006: Parameter 't' implicitly has an 'any' type.
generated/prisma/runtime/edge.js(15,2901): error TS7006: Parameter 'r' implicitly has an 'any' type.
generated/prisma/runtime/edge.js(15,3038): error TS7006: Parameter 't' implicitly has an 'any' type.
generated/prisma/runtime/edge.js(15,3040): error TS7006: Parameter 'r' implicitly has an 'any' type.
generated/prisma/runtime/edge.js(15,3282): error TS7006: Parameter 't' implicitly has an 'any' type.
generated/prisma/runtime/edge.js(15,3526): error TS7006: Parameter 't' implicitly has an 'any' type.
generated/prisma/runtime/edge.js(15,3528): error TS7006: Parameter 'r' implicitly has an 'any' type.
generated/prisma/runtime/edge.js(15,3530): error TS7006: Parameter 'n' implicitly has an 'any' type.
generated/prisma/runtime/edge.js(15,3701): error TS7006: Parameter 't' implicitly has an 'any' type.
generated/prisma/runtime/edge.js(15,3703): error TS7006: Parameter 'r' implicitly has an 'any' type.
generated/prisma/runtime/edge.js(15,3908): error TS7006: Parameter 't' implicitly has an 'any' type.
generated/prisma/runtime/edge.js(15,3910): error TS7006: Parameter 'r' implicitly has an 'any' type.
generated/prisma/runtime/edge.js(15,3912): error TS7006: Parameter 'n' implicitly has an 'any' type.
generated/prisma/runtime/edge.js(15,4079): error TS7006: Parameter 't' implicitly has an 'any' type.
generated/prisma/runtime/edge.js(15,4290): error TS7006: Parameter 't' implicitly has an 'any' type.
generated/prisma/runtime/edge.js(15,4483): error TS7006: Parameter 't' implicitly has an 'any' type.
generated/prisma/runtime/edge.js(15,4677): error TS7006: Parameter 't' implicitly has an 'any' type.
generated/prisma/runtime/edge.js(15,4860): error TS7006: Parameter 't' implicitly has an 'any' type.
generated/prisma/runtime/edge.js(15,5027): error TS7006: Parameter 't' implicitly has an 'any' type.
generated/prisma/runtime/edge.js(15,5029): error TS7006: Parameter 'r' implicitly has an 'any' type.
generated/prisma/runtime/edge.js(15,5031): error TS7006: Parameter 'n' implicitly has an 'any' type.
generated/prisma/runtime/edge.js(15,5230): error TS7006: Parameter 't' implicitly has an 'any' type.
generated/prisma/runtime/edge.js(15,5416): error TS7006: Parameter 't' implicitly has an 'any' type.
generated/prisma/runtime/edge.js(15,5488): error TS7006: Parameter 'e' implicitly has an 'any' type.
generated/prisma/runtime/edge.js(15,6250): error TS7006: Parameter 'e' implicitly has an 'any' type.
generated/prisma/runtime/edge.js(15,6252): error TS7006: Parameter 't' implicitly has an 'any' type.
generated/prisma/runtime/edge.js(15,6378): error TS2345: Argument of type '{ code: any; clientVersion: any; }' is not assignable to parameter of type '{ code: any; clientVersion: any; meta: any; batchRequestIdx: any; }'.
  Type '{ code: any; clientVersion: any; }' is missing the following properties from type '{ code: any; clientVersion: any; meta: any; batchRequestIdx: any; }': meta, batchRequestIdx
generated/prisma/runtime/edge.js(15,7446): error TS7053: Element implicitly has an 'any' type because expression of type 'any' can't be used to index type '{ IDParseError: string; NoQueryEngineFoundError: string; TransactionStartError: string; }'.
generated/prisma/runtime/edge.js(15,7865): error TS7006: Parameter 'e' implicitly has an 'any' type.
generated/prisma/runtime/edge.js(15,7867): error TS7006: Parameter 't' implicitly has an 'any' type.
generated/prisma/runtime/edge.js(15,7962): error TS7006: Parameter 'e' implicitly has an 'any' type.
generated/prisma/runtime/edge.js(15,8190): error TS7006: Parameter 'e' implicitly has an 'any' type.
generated/prisma/runtime/edge.js(15,8293): error TS2532: Object is possibly 'undefined'.
generated/prisma/runtime/edge.js(15,8302): error TS2532: Object is possibly 'undefined'.
generated/prisma/runtime/edge.js(15,8312): error TS2532: Object is possibly 'undefined'.
generated/prisma/runtime/edge.js(15,8379): error TS2532: Object is possibly 'undefined'.
generated/prisma/runtime/edge.js(15,8385): error TS2532: Object is possibly 'undefined'.
generated/prisma/runtime/edge.js(15,8426): error TS18048: 'g' is possibly 'undefined'.
generated/prisma/runtime/edge.js(15,8439): error TS18048: 'g' is possibly 'undefined'.
generated/prisma/runtime/edge.js(15,8450): error TS2532: Object is possibly 'undefined'.
generated/prisma/runtime/edge.js(15,8456): error TS2532: Object is possibly 'undefined'.
generated/prisma/runtime/edge.js(15,8477): error TS2532: Object is possibly 'undefined'.
generated/prisma/runtime/edge.js(15,8485): error TS2532: Object is possibly 'undefined'.
generated/prisma/runtime/edge.js(15,8537): error TS2532: Object is possibly 'undefined'.
generated/prisma/runtime/edge.js(15,8543): error TS2532: Object is possibly 'undefined'.
generated/prisma/runtime/edge.js(15,8594): error TS7006: Parameter 'e' implicitly has an 'any' type.
generated/prisma/runtime/edge.js(15,8636): error TS7006: Parameter 'r' implicitly has an 'any' type.
generated/prisma/runtime/edge.js(15,9229): error TS7006: Parameter 't' implicitly has an 'any' type.
generated/prisma/runtime/edge.js(15,9231): error TS7006: Parameter 'r' implicitly has an 'any' type.
generated/prisma/runtime/edge.js(16,57): error TS7006: Parameter 'e' implicitly has an 'any' type.
generated/prisma/runtime/edge.js(16,59): error TS7006: Parameter 't' implicitly has an 'any' type.
generated/prisma/runtime/edge.js(16,63): error TS7006: Parameter 'n' implicitly has an 'any' type.
generated/prisma/runtime/edge.js(16,147): error TS18046: 's' is of type 'unknown'.
generated/prisma/runtime/edge.js(16,312): error TS7006: Parameter 'e' implicitly has an 'any' type.
generated/prisma/runtime/edge.js(16,314): error TS7006: Parameter 't' implicitly has an 'any' type.
generated/prisma/runtime/edge.js(16,385): error TS7005: Variable 'y' implicitly has an 'any' type.
generated/prisma/runtime/edge.js(16,443): error TS7017: Element implicitly has an 'any' type because type 'typeof globalThis' has no index signature.
generated/prisma/runtime/edge.js(16,490): error TS7005: Variable 'y' implicitly has an 'any' type.
generated/prisma/runtime/edge.js(16,548): error TS7017: Element implicitly has an 'any' type because type 'typeof globalThis' has no index signature.
generated/prisma/runtime/edge.js(16,794): error TS18048: 's' is possibly 'undefined'.
generated/prisma/runtime/edge.js(16,1342): error TS7006: Parameter 'e' implicitly has an 'any' type.
generated/prisma/runtime/edge.js(16,1344): error TS7006: Parameter 't' implicitly has an 'any' type.
generated/prisma/runtime/edge.js(16,1404): error TS7006: Parameter 'e' implicitly has an 'any' type.
generated/prisma/runtime/edge.js(16,1658): error TS7008: Member 'remoteClientVersion' implicitly has an 'any' type.
generated/prisma/runtime/edge.js(16,1678): error TS7008: Member 'host' implicitly has an 'any' type.
generated/prisma/runtime/edge.js(16,1683): error TS7008: Member 'headerBuilder' implicitly has an 'any' type.
generated/prisma/runtime/edge.js(16,1697): error TS7008: Member 'startPromise' implicitly has an 'any' type.
generated/prisma/runtime/edge.js(16,1710): error TS7008: Member 'protocol' implicitly has an 'any' type.
generated/prisma/runtime/edge.js(16,1731): error TS7006: Parameter 't' implicitly has an 'any' type.
generated/prisma/runtime/edge.js(16,2624): error TS7006: Parameter 't' implicitly has an 'any' type.
generated/prisma/runtime/edge.js(16,2659): error TS7006: Parameter 'r' implicitly has an 'any' type.
generated/prisma/runtime/edge.js(16,3279): error TS7006: Parameter 't' implicitly has an 'any' type.
generated/prisma/runtime/edge.js(16,4000): error TS7006: Parameter 't' implicitly has an 'any' type.
generated/prisma/runtime/edge.js(16,4015): error TS7031: Binding element 'r' implicitly has an 'any' type.
generated/prisma/runtime/edge.js(16,4040): error TS7031: Binding element 'n' implicitly has an 'any' type.
generated/prisma/runtime/edge.js(16,4063): error TS7031: Binding element 'i' implicitly has an 'any' type.
generated/prisma/runtime/edge.js(16,4186): error TS7006: Parameter 't' implicitly has an 'any' type.
generated/prisma/runtime/edge.js(16,4201): error TS7031: Binding element 'r' implicitly has an 'any' type.
generated/prisma/runtime/edge.js(16,4215): error TS7031: Binding element 'n' implicitly has an 'any' type.
generated/prisma/runtime/edge.js(16,4238): error TS7031: Binding element 'i' implicitly has an 'any' type.
generated/prisma/runtime/edge.js(16,4402): error TS7006: Parameter 'l' implicitly has an 'any' type.
generated/prisma/runtime/edge.js(16,4556): error TS7031: Binding element 't' implicitly has an 'any' type.
generated/prisma/runtime/edge.js(16,4570): error TS7031: Binding element 'r' implicitly has an 'any' type.
generated/prisma/runtime/edge.js(16,4593): error TS7031: Binding element 'n' implicitly has an 'any' type.
generated/prisma/runtime/edge.js(16,4618): error TS7031: Binding element 'i' implicitly has an 'any' type.
generated/prisma/runtime/edge.js(16,4697): error TS7031: Binding element 'o' implicitly has an 'any' type.
generated/prisma/runtime/edge.js(16,5251): error TS7006: Parameter 't' implicitly has an 'any' type.
generated/prisma/runtime/edge.js(16,5253): error TS7006: Parameter 'r' implicitly has an 'any' type.
generated/prisma/runtime/edge.js(16,5255): error TS7006: Parameter 'n' implicitly has an 'any' type.
generated/prisma/runtime/edge.js(16,5366): error TS7053: Element implicitly has an 'any' type because expression of type 'any' can't be used to index type '{ start: string; commit: string; rollback: string; }'.
generated/prisma/runtime/edge.js(16,5413): error TS7031: Binding element 'o' implicitly has an 'any' type.
generated/prisma/runtime/edge.js(16,6521): error TS7006: Parameter 't' implicitly has an 'any' type.
generated/prisma/runtime/edge.js(16,6548): error TS7006: Parameter 'i' implicitly has an 'any' type.
generated/prisma/runtime/edge.js(16,7063): error TS7006: Parameter 't' implicitly has an 'any' type.
generated/prisma/runtime/edge.js(16,7216): error TS7006: Parameter 't' implicitly has an 'any' type.
generated/prisma/runtime/edge.js(16,7326): error TS2345: Argument of type '{ clientVersion: any; }' is not assignable to parameter of type '{ clientVersion: any; batchRequestIdx: any; }'.
  Property 'batchRequestIdx' is missing in type '{ clientVersion: any; }' but required in type '{ clientVersion: any; batchRequestIdx: any; }'.
generated/prisma/runtime/edge.js(16,7476): error TS7031: Binding element 'e' implicitly has an 'any' type.
generated/prisma/runtime/edge.js(16,7486): error TS7031: Binding element 't' implicitly has an 'any' type.
generated/prisma/runtime/edge.js(16,7499): error TS7031: Binding element 'r' implicitly has an 'any' type.
generated/prisma/runtime/edge.js(16,7517): error TS7031: Binding element 'n' implicitly has an 'any' type.
generated/prisma/runtime/edge.js(16,7525): error TS7034: Variable 'i' implicitly has type 'any[]' in some locations where its type cannot be determined.
generated/prisma/runtime/edge.js(16,7530): error TS7034: Variable 'o' implicitly has type 'any[]' in some locations where its type cannot be determined.
generated/prisma/runtime/edge.js(16,7537): error TS7006: Parameter 'C' implicitly has an 'any' type.
generated/prisma/runtime/edge.js(16,7577): error TS7006: Parameter 'C' implicitly has an 'any' type.
generated/prisma/runtime/edge.js(17,1045): error TS7006: Parameter 'C' implicitly has an 'any' type.
generated/prisma/runtime/edge.js(17,1075): error TS7005: Variable 'o' implicitly has an 'any[]' type.
generated/prisma/runtime/edge.js(17,1107): error TS7005: Variable 'i' implicitly has an 'any[]' type.
generated/prisma/runtime/edge.js(17,1116): error TS7005: Variable 'o' implicitly has an 'any[]' type.
generated/prisma/runtime/edge.js(17,1159): error TS7005: Variable 'i' implicitly has an 'any[]' type.
generated/prisma/runtime/edge.js(17,1203): error TS7006: Parameter 't' implicitly has an 'any' type.
generated/prisma/runtime/edge.js(17,1319): error TS7005: Variable 'y' implicitly has an 'any' type.
generated/prisma/runtime/edge.js(17,1517): error TS18048: 'o.errors' is possibly 'undefined'.
generated/prisma/runtime/edge.js(17,1795): error TS7031: Binding element 'e' implicitly has an 'any' type.
generated/prisma/runtime/edge.js(17,1856): error TS7006: Parameter 'e' implicitly has an 'any' type.
generated/prisma/runtime/edge.js(17,1920): error TS7006: Parameter 'e' implicitly has an 'any' type.
generated/prisma/runtime/edge.js(17,1941): error TS7006: Parameter 't' implicitly has an 'any' type.
generated/prisma/runtime/edge.js(17,1943): error TS7006: Parameter 'r' implicitly has an 'any' type.
generated/prisma/runtime/edge.js(17,1945): error TS7006: Parameter 'n' implicitly has an 'any' type.
generated/prisma/runtime/edge.js(17,1999): error TS7006: Parameter 'e' implicitly has an 'any' type.
generated/prisma/runtime/edge.js(17,2065): error TS7006: Parameter 'e' implicitly has an 'any' type.
generated/prisma/runtime/edge.js(17,2067): error TS7006: Parameter 't' implicitly has an 'any' type.
generated/prisma/runtime/edge.js(17,2098): error TS7006: Parameter 'r' implicitly has an 'any' type.
generated/prisma/runtime/edge.js(17,2120): error TS7023: 'Hs' implicitly has return type 'any' because it does not have a return type annotation and is referenced directly or indirectly in one of its return expressions.
generated/prisma/runtime/edge.js(17,2123): error TS7006: Parameter 'e' implicitly has an 'any' type.
generated/prisma/runtime/edge.js(17,2125): error TS7006: Parameter 't' implicitly has an 'any' type.
generated/prisma/runtime/edge.js(17,2161): error TS7024: Function implicitly has return type 'any' because it does not have a return type annotation and is referenced directly or indirectly in one of its return expressions.
generated/prisma/runtime/edge.js(17,2392): error TS7005: Variable 'w' implicitly has an 'any' type.
generated/prisma/runtime/edge.js(17,2528): error TS7005: Variable 'w' implicitly has an 'any' type.
generated/prisma/runtime/edge.js(17,2675): error TS7005: Variable 'w' implicitly has an 'any' type.
generated/prisma/runtime/edge.js(17,2774): error TS7006: Parameter 'e' implicitly has an 'any' type.
generated/prisma/runtime/edge.js(17,2968): error TS7023: 'zs' implicitly has return type 'any' because it does not have a return type annotation and is referenced directly or indirectly in one of its return expressions.
generated/prisma/runtime/edge.js(17,2971): error TS7006: Parameter 'e' implicitly has an 'any' type.
generated/prisma/runtime/edge.js(17,3138): error TS7053: Element implicitly has an 'any' type because expression of type 'string' can't be used to index type '{}'.
  No index signature with a parameter of type 'string' was found on type '{}'.
generated/prisma/runtime/edge.js(17,3170): error TS7023: 'Ws' implicitly has return type 'any' because it does not have a return type annotation and is referenced directly or indirectly in one of its return expressions.
generated/prisma/runtime/edge.js(17,3173): error TS7006: Parameter 'e' implicitly has an 'any' type.
generated/prisma/runtime/edge.js(17,3279): error TS7006: Parameter 'e' implicitly has an 'any' type.
generated/prisma/runtime/edge.js(17,3281): error TS7006: Parameter 't' implicitly has an 'any' type.
generated/prisma/runtime/edge.js(17,3283): error TS7006: Parameter 'r' implicitly has an 'any' type.
generated/prisma/runtime/edge.js(17,3285): error TS7006: Parameter 'n' implicitly has an 'any' type.
generated/prisma/runtime/edge.js(24,26): error TS7031: Binding element 'e' implicitly has an 'any' type.
generated/prisma/runtime/edge.js(24,43): error TS7031: Binding element 't' implicitly has an 'any' type.
generated/prisma/runtime/edge.js(24,48): error TS7006: Parameter 'r' implicitly has an 'any' type.
generated/prisma/runtime/edge.js(24,729): error TS7006: Parameter 'e' implicitly has an 'any' type.
generated/prisma/runtime/edge.js(24,791): error TS7006: Parameter 'e' implicitly has an 'any' type.
generated/prisma/runtime/edge.js(24,861): error TS7006: Parameter 'e' implicitly has an 'any' type.
generated/prisma/runtime/edge.js(24,903): error TS7006: Parameter 'e' implicitly has an 'any' type.
generated/prisma/runtime/edge.js(24,952): error TS7006: Parameter 'e' implicitly has an 'any' type.
generated/prisma/runtime/edge.js(24,971): error TS7006: Parameter 'r' implicitly has an 'any' type.
generated/prisma/runtime/edge.js(24,973): error TS7006: Parameter 'n' implicitly has an 'any' type.
generated/prisma/runtime/edge.js(24,1122): error TS7006: Parameter 's' implicitly has an 'any' type.
generated/prisma/runtime/edge.js(24,1124): error TS7006: Parameter 'a' implicitly has an 'any' type.
generated/prisma/runtime/edge.js(24,1155): error TS7006: Parameter 's' implicitly has an 'any' type.
generated/prisma/runtime/edge.js(24,1187): error TS7006: Parameter 's' implicitly has an 'any' type.
generated/prisma/runtime/edge.js(24,1232): error TS7006: Parameter 's' implicitly has an 'any' type.
generated/prisma/runtime/edge.js(24,1352): error TS7006: Parameter 'e' implicitly has an 'any' type.
generated/prisma/runtime/edge.js(24,1577): error TS7006: Parameter 'e' implicitly has an 'any' type.
generated/prisma/runtime/edge.js(24,1579): error TS7006: Parameter 't' implicitly has an 'any' type.
generated/prisma/runtime/edge.js(24,1680): error TS7006: Parameter 't' implicitly has an 'any' type.
generated/prisma/runtime/edge.js(24,1758): error TS7006: Parameter 't' implicitly has an 'any' type.
generated/prisma/runtime/edge.js(24,1911): error TS7006: Parameter 't' implicitly has an 'any' type.
generated/prisma/runtime/edge.js(24,1913): error TS7006: Parameter 'r' implicitly has an 'any' type.
generated/prisma/runtime/edge.js(24,2004): error TS7053: Element implicitly has an 'any' type because expression of type '`V${any}_PRISMA_INSTRUMENTATION`' can't be used to index type 'typeof globalThis'.
generated/prisma/runtime/edge.js(24,2061): error TS7017: Element implicitly has an 'any' type because type 'typeof globalThis' has no index signature.
generated/prisma/runtime/edge.js(24,2178): error TS7006: Parameter 'e' implicitly has an 'any' type.
generated/prisma/runtime/edge.js(24,2194): error TS7034: Variable 'r' implicitly has type 'any' in some locations where its type cannot be determined.
generated/prisma/runtime/edge.js(24,2230): error TS7006: Parameter 'i' implicitly has an 'any' type.
generated/prisma/runtime/edge.js(24,2248): error TS7005: Variable 'r' implicitly has an 'any' type.
generated/prisma/runtime/edge.js(24,2296): error TS7006: Parameter 'e' implicitly has an 'any' type.
generated/prisma/runtime/edge.js(24,2337): error TS7006: Parameter 't' implicitly has an 'any' type.
generated/prisma/runtime/edge.js(24,2339): error TS7006: Parameter 'r' implicitly has an 'any' type.
generated/prisma/runtime/edge.js(24,2498): error TS7006: Parameter 'e' implicitly has an 'any' type.
generated/prisma/runtime/edge.js(24,2575): error TS7006: Parameter 'e' implicitly has an 'any' type.
generated/prisma/runtime/edge.js(24,2792): error TS7023: 'li' implicitly has return type 'any' because it does not have a return type annotation and is referenced directly or indirectly in one of its return expressions.
generated/prisma/runtime/edge.js(24,2795): error TS7006: Parameter 'e' implicitly has an 'any' type.
generated/prisma/runtime/edge.js(24,2834): error TS7024: Function implicitly has return type 'any' because it does not have a return type annotation and is referenced directly or indirectly in one of its return expressions.
generated/prisma/runtime/edge.js(24,3275): error TS7006: Parameter 'e' implicitly has an 'any' type.
generated/prisma/runtime/edge.js(24,3285): error TS7053: Element implicitly has an 'any' type because expression of type 'any' can't be used to index type '{ aggregate: boolean; aggregateRaw: boolean; createMany: boolean; createManyAndReturn: boolean; createOne: boolean; deleteMany: boolean; deleteOne: boolean; executeRaw: boolean; findFirst: boolean; ... 11 more ...; upsertOne: boolean; }'.
generated/prisma/runtime/edge.js(24,3336): error TS7006: Parameter 't' implicitly has an 'any' type.
generated/prisma/runtime/edge.js(24,3400): error TS7006: Parameter 't' implicitly has an 'any' type.
generated/prisma/runtime/edge.js(24,3443): error TS7053: Element implicitly has an 'any' type because expression of type 'any' can't be used to index type '{}'.
generated/prisma/runtime/edge.js(24,3461): error TS7053: Element implicitly has an 'any' type because expression of type 'any' can't be used to index type '{}'.
generated/prisma/runtime/edge.js(24,3517): error TS7005: Variable 'y' implicitly has an 'any' type.
generated/prisma/runtime/edge.js(24,3599): error TS7053: Element implicitly has an 'any' type because expression of type 'any' can't be used to index type '{}'.
generated/prisma/runtime/edge.js(24,3735): error TS7053: Element implicitly has an 'any' type because expression of type 'string' can't be used to index type '{}'.
  No index signature with a parameter of type 'string' was found on type '{}'.
generated/prisma/runtime/edge.js(24,3758): error TS7053: Element implicitly has an 'any' type because expression of type 'string' can't be used to index type '{}'.
  No index signature with a parameter of type 'string' was found on type '{}'.
generated/prisma/runtime/edge.js(24,3832): error TS7006: Parameter 'n' implicitly has an 'any' type.
generated/prisma/runtime/edge.js(24,3894): error TS7006: Parameter 'n' implicitly has an 'any' type.
generated/prisma/runtime/edge.js(24,3924): error TS7006: Parameter 'n' implicitly has an 'any' type.
generated/prisma/runtime/edge.js(24,3926): error TS7006: Parameter 'i' implicitly has an 'any' type.
generated/prisma/runtime/edge.js(24,4007): error TS7006: Parameter 'n' implicitly has an 'any' type.
generated/prisma/runtime/edge.js(24,4027): error TS7006: Parameter 'n' implicitly has an 'any' type.
generated/prisma/runtime/edge.js(24,4198): error TS7006: Parameter 'n' implicitly has an 'any' type.
generated/prisma/runtime/edge.js(24,4327): error TS7006: Parameter 'e' implicitly has an 'any' type.
generated/prisma/runtime/edge.js(24,4329): error TS7006: Parameter 't' implicitly has an 'any' type.
generated/prisma/runtime/edge.js(24,4446): error TS7005: Variable 'w' implicitly has an 'any' type.
generated/prisma/runtime/edge.js(24,4656): error TS7006: Parameter 'r' implicitly has an 'any' type.
generated/prisma/runtime/edge.js(24,4706): error TS7006: Parameter 'r' implicitly has an 'any' type.
generated/prisma/runtime/edge.js(24,4757): error TS7006: Parameter 'r' implicitly has an 'any' type.
generated/prisma/runtime/edge.js(24,4811): error TS7006: Parameter 'r' implicitly has an 'any' type.
generated/prisma/runtime/edge.js(24,4862): error TS7006: Parameter 'r' implicitly has an 'any' type.
generated/prisma/runtime/edge.js(24,4909): error TS7006: Parameter 'r' implicitly has an 'any' type.
generated/prisma/runtime/edge.js(24,4956): error TS7006: Parameter 'e' implicitly has an 'any' type.
generated/prisma/runtime/edge.js(24,5061): error TS7053: Element implicitly has an 'any' type because expression of type 'any' can't be used to index type '{}'.
generated/prisma/runtime/edge.js(24,5128): error TS7006: Parameter 'e' implicitly has an 'any' type.
generated/prisma/runtime/edge.js(24,5175): error TS7053: Element implicitly has an 'any' type because expression of type 'any' can't be used to index type '{}'.
generated/prisma/runtime/edge.js(24,5297): error TS7006: Parameter 't' implicitly has an 'any' type.
generated/prisma/runtime/edge.js(24,5299): error TS7006: Parameter 'r' implicitly has an 'any' type.
generated/prisma/runtime/edge.js(24,5389): error TS7031: Binding element 'n' implicitly has an 'any' type.
generated/prisma/runtime/edge.js(24,5412): error TS7031: Binding element 'i' implicitly has an 'any' type.
generated/prisma/runtime/edge.js(24,5466): error TS7006: Parameter 'h' implicitly has an 'any' type.
generated/prisma/runtime/edge.js(24,5542): error TS7006: Parameter 'h' implicitly has an 'any' type.
generated/prisma/runtime/edge.js(24,5701): error TS7006: Parameter 'h' implicitly has an 'any' type.
generated/prisma/runtime/edge.js(24,5703): error TS7006: Parameter 'T' implicitly has an 'any' type.
generated/prisma/runtime/edge.js(24,5826): error TS7006: Parameter 'n' implicitly has an 'any' type.
generated/prisma/runtime/edge.js(24,6151): error TS7006: Parameter 'n' implicitly has an 'any' type.
generated/prisma/runtime/edge.js(24,6237): error TS7006: Parameter 'n' implicitly has an 'any' type.
generated/prisma/runtime/edge.js(24,6239): error TS7006: Parameter 'i' implicitly has an 'any' type.
generated/prisma/runtime/edge.js(24,6369): error TS7006: Parameter 't' implicitly has an 'any' type.
generated/prisma/runtime/edge.js(24,6647): error TS7031: Binding element 't' implicitly has an 'any' type.
generated/prisma/runtime/edge.js(24,6658): error TS7031: Binding element 'r' implicitly has an 'any' type.
generated/prisma/runtime/edge.js(24,6661): error TS7006: Parameter 'n' implicitly has an 'any' type.
generated/prisma/runtime/edge.js(24,6706): error TS7005: Variable 'y' implicitly has an 'any' type.
generated/prisma/runtime/edge.js(24,6771): error TS7006: Parameter 't' implicitly has an 'any' type.
generated/prisma/runtime/edge.js(24,6875): error TS18046: 'r' is of type 'unknown'.
generated/prisma/runtime/edge.js(24,6957): error TS7031: Binding element 't' implicitly has an 'any' type.
generated/prisma/runtime/edge.js(24,6972): error TS7031: Binding element 'r' implicitly has an 'any' type.
generated/prisma/runtime/edge.js(24,6983): error TS7031: Binding element 'n' implicitly has an 'any' type.
generated/prisma/runtime/edge.js(24,6997): error TS7031: Binding element 'i' implicitly has an 'any' type.
generated/prisma/runtime/edge.js(24,7004): error TS7031: Binding element 'o' implicitly has an 'any' type.
generated/prisma/runtime/edge.js(24,7016): error TS7031: Binding element 's' implicitly has an 'any' type.
generated/prisma/runtime/edge.js(24,7029): error TS7031: Binding element 'a' implicitly has an 'any' type.
generated/prisma/runtime/edge.js(24,7927): error TS7006: Parameter 't' implicitly has an 'any' type.
generated/prisma/runtime/edge.js(24,8014): error TS7006: Parameter 't' implicitly has an 'any' type.
generated/prisma/runtime/edge.js(24,8016): error TS7006: Parameter 'r' implicitly has an 'any' type.
generated/prisma/runtime/edge.js(24,8018): error TS7006: Parameter 'n' implicitly has an 'any' type.
generated/prisma/runtime/edge.js(24,8118): error TS7006: Parameter 'd' implicitly has an 'any' type.
generated/prisma/runtime/edge.js(24,8268): error TS7006: Parameter 'e' implicitly has an 'any' type.
generated/prisma/runtime/edge.js(24,8457): error TS7006: Parameter 'e' implicitly has an 'any' type.
generated/prisma/runtime/edge.js(24,8506): error TS7006: Parameter 'e' implicitly has an 'any' type.
generated/prisma/runtime/edge.js(24,8508): error TS7006: Parameter 't' implicitly has an 'any' type.
generated/prisma/runtime/edge.js(24,8584): error TS7006: Parameter 'e' implicitly has an 'any' type.
generated/prisma/runtime/edge.js(24,8641): error TS7006: Parameter 'e' implicitly has an 'any' type.
generated/prisma/runtime/edge.js(24,8933): error TS7006: Parameter 't' implicitly has an 'any' type.
generated/prisma/runtime/edge.js(25,423): error TS7006: Parameter 'e' implicitly has an 'any' type.
generated/prisma/runtime/edge.js(25,442): error TS7031: Binding element 't' implicitly has an 'any' type.
generated/prisma/runtime/edge.js(28,71): error TS7006: Parameter 'e' implicitly has an 'any' type.
generated/prisma/runtime/edge.js(28,73): error TS7006: Parameter 't' implicitly has an 'any' type.
generated/prisma/runtime/edge.js(28,519): error TS7006: Parameter 'e' implicitly has an 'any' type.
generated/prisma/runtime/edge.js(29,46): error TS7006: Parameter 'e' implicitly has an 'any' type.
generated/prisma/runtime/edge.js(29,308): error TS7006: Parameter 'e' implicitly has an 'any' type.
generated/prisma/runtime/edge.js(29,455): error TS7006: Parameter 'r' implicitly has an 'any' type.
generated/prisma/runtime/edge.js(29,637): error TS7006: Parameter 'i' implicitly has an 'any' type.
generated/prisma/runtime/edge.js(29,878): error TS7053: Element implicitly has an 'any' type because expression of type 'string' can't be used to index type '{ level: (r: any) => void; emit: (i: any) => void; }'.
  No index signature with a parameter of type 'string' was found on type '{ level: (r: any) => void; emit: (i: any) => void; }'.
generated/prisma/runtime/edge.js(29,883): error TS7053: Element implicitly has an 'any' type because expression of type 'string' can't be used to index type '{ level: (r: any) => void; emit: (i: any) => void; }'.
  No index signature with a parameter of type 'string' was found on type '{ level: (r: any) => void; emit: (i: any) => void; }'.
generated/prisma/runtime/edge.js(29,1001): error TS7006: Parameter 'e' implicitly has an 'any' type.
generated/prisma/runtime/edge.js(29,1377): error TS7006: Parameter 'e' implicitly has an 'any' type.
generated/prisma/runtime/edge.js(29,1379): error TS7006: Parameter 't' implicitly has an 'any' type.
generated/prisma/runtime/edge.js(29,1708): error TS7006: Parameter 'd' implicitly has an 'any' type.
generated/prisma/runtime/edge.js(29,2002): error TS7006: Parameter 'e' implicitly has an 'any' type.
generated/prisma/runtime/edge.js(29,2369): error TS7006: Parameter 'e' implicitly has an 'any' type.
generated/prisma/runtime/edge.js(29,2371): error TS7006: Parameter 't' implicitly has an 'any' type.
generated/prisma/runtime/edge.js(29,2522): error TS7053: Element implicitly has an 'any' type because expression of type 'string' can't be used to index type '{ datasources: (e: any, { datasourceNames: t }: { datasourceNames: any; }) => void; adapter: (e: any, t: any) => void; datasourceUrl: (e: any) => void; errorFormat: (e: any) => void; log: (e: any) => void; transactionOptions: (e: any) => void; omit: (e: any, t: any) => void; __internal: (e: any) => void; }'.
  No index signature with a parameter of type 'string' was found on type '{ datasources: (e: any, { datasourceNames: t }: { datasourceNames: any; }) => void; adapter: (e: any, t: any) => void; datasourceUrl: (e: any) => void; errorFormat: (e: any) => void; log: (e: any) => void; transactionOptions: (e: any) => void; omit: (e: any, t: any) => void; __internal: (e: any) => void; }'.
generated/prisma/runtime/edge.js(29,2683): error TS7006: Parameter 'e' implicitly has an 'any' type.
generated/prisma/runtime/edge.js(29,2685): error TS7006: Parameter 't' implicitly has an 'any' type.
generated/prisma/runtime/edge.js(29,2795): error TS7006: Parameter 'e' implicitly has an 'any' type.
generated/prisma/runtime/edge.js(29,2797): error TS7006: Parameter 't' implicitly has an 'any' type.
generated/prisma/runtime/edge.js(29,2840): error TS7006: Parameter 'i' implicitly has an 'any' type.
generated/prisma/runtime/edge.js(29,2893): error TS7006: Parameter 'i' implicitly has an 'any' type.
generated/prisma/runtime/edge.js(29,2895): error TS7006: Parameter 'o' implicitly has an 'any' type.
generated/prisma/runtime/edge.js(29,2983): error TS7006: Parameter 'e' implicitly has an 'any' type.
generated/prisma/runtime/edge.js(29,2985): error TS7006: Parameter 't' implicitly has an 'any' type.
generated/prisma/runtime/edge.js(29,3037): error TS7006: Parameter 'e' implicitly has an 'any' type.
generated/prisma/runtime/edge.js(29,3039): error TS7006: Parameter 't' implicitly has an 'any' type.
generated/prisma/runtime/edge.js(29,3111): error TS7006: Parameter 'e' implicitly has an 'any' type.
generated/prisma/runtime/edge.js(29,3113): error TS7006: Parameter 't' implicitly has an 'any' type.
generated/prisma/runtime/edge.js(33,39): error TS7006: Parameter 'e' implicitly has an 'any' type.
generated/prisma/runtime/edge.js(33,128): error TS7034: Variable 'i' implicitly has type 'any' in some locations where its type cannot be determined.
generated/prisma/runtime/edge.js(33,179): error TS7005: Variable 'i' implicitly has an 'any' type.
generated/prisma/runtime/edge.js(33,196): error TS7006: Parameter 'd' implicitly has an 'any' type.
generated/prisma/runtime/edge.js(33,253): error TS7006: Parameter 'g' implicitly has an 'any' type.
generated/prisma/runtime/edge.js(33,269): error TS7006: Parameter 'g' implicitly has an 'any' type.
generated/prisma/runtime/edge.js(33,324): error TS7005: Variable 'i' implicitly has an 'any' type.
generated/prisma/runtime/edge.js(33,409): error TS7017: Element implicitly has an 'any' type because type 'typeof globalThis' has no index signature.
generated/prisma/runtime/edge.js(33,461): error TS7006: Parameter 'e' implicitly has an 'any' type.
generated/prisma/runtime/edge.js(33,494): error TS7006: Parameter 'e' implicitly has an 'any' type.
generated/prisma/runtime/edge.js(33,594): error TS7006: Parameter 'e' implicitly has an 'any' type.
generated/prisma/runtime/edge.js(33,660): error TS7008: Member '_connectionPromise' implicitly has an 'any' type.
generated/prisma/runtime/edge.js(33,679): error TS7008: Member '_disconnectionPromise' implicitly has an 'any' type.
generated/prisma/runtime/edge.js(33,900): error TS7006: Parameter 'n' implicitly has an 'any' type.
generated/prisma/runtime/edge.js(33,970): error TS7005: Variable 'Jr' implicitly has an 'any' type.
generated/prisma/runtime/edge.js(33,1249): error TS7005: Variable 'dr' implicitly has an 'any' type.
generated/prisma/runtime/edge.js(33,1350): error TS7005: Variable 'dr' implicitly has an 'any' type.
generated/prisma/runtime/edge.js(33,2067): error TS2339: Property 'enable' does not exist on type '(e: any) => (...n: any[]) => void'.
generated/prisma/runtime/edge.js(33,2097): error TS7005: Variable 'dr' implicitly has an 'any' type.
generated/prisma/runtime/edge.js(33,2134): error TS7005: Variable 'Qi' implicitly has an 'any' type.
generated/prisma/runtime/edge.js(33,2304): error TS7005: Variable 'y' implicitly has an 'any' type.
generated/prisma/runtime/edge.js(33,2362): error TS7005: Variable 'y' implicitly has an 'any' type.
generated/prisma/runtime/edge.js(33,2796): error TS7006: Parameter 'I' implicitly has an 'any' type.
generated/prisma/runtime/edge.js(33,3998): error TS7006: Parameter 'C' implicitly has an 'any' type.
generated/prisma/runtime/edge.js(33,4005): error TS2339: Property 'log' does not exist on type '{}'.
generated/prisma/runtime/edge.js(33,4015): error TS2339: Property 'tags' does not exist on type '{}'.
generated/prisma/runtime/edge.js(33,4067): error TS18046: 'l' is of type 'unknown'.
generated/prisma/runtime/edge.js(33,4192): error TS7006: Parameter 'n' implicitly has an 'any' type.
generated/prisma/runtime/edge.js(33,4194): error TS7006: Parameter 'i' implicitly has an 'any' type.
generated/prisma/runtime/edge.js(33,4247): error TS2554: Expected 0 arguments, but got 1.
generated/prisma/runtime/edge.js(33,4354): error TS18046: 'n' is of type 'unknown'.
generated/prisma/runtime/edge.js(33,4458): error TS18046: 'n' is of type 'unknown'.
generated/prisma/runtime/edge.js(33,4530): error TS7006: Parameter 'n' implicitly has an 'any' type.
generated/prisma/runtime/edge.js(33,4532): error TS7006: Parameter 'i' implicitly has an 'any' type.
generated/prisma/runtime/edge.js(33,4534): error TS7006: Parameter 'o' implicitly has an 'any' type.
generated/prisma/runtime/edge.js(33,4536): error TS7006: Parameter 's' implicitly has an 'any' type.
generated/prisma/runtime/edge.js(33,4773): error TS7006: Parameter 'n' implicitly has an 'any' type.
generated/prisma/runtime/edge.js(33,4775): error TS7019: Rest parameter 'i' implicitly has an 'any[]' type.
generated/prisma/runtime/edge.js(33,4814): error TS7006: Parameter 'o' implicitly has an 'any' type.
generated/prisma/runtime/edge.js(33,5415): error TS7006: Parameter 'n' implicitly has an 'any' type.
generated/prisma/runtime/edge.js(33,5417): error TS7019: Rest parameter 'i' implicitly has an 'any[]' type.
generated/prisma/runtime/edge.js(33,5456): error TS7006: Parameter 'o' implicitly has an 'any' type.
generated/prisma/runtime/edge.js(33,5610): error TS7006: Parameter 'n' implicitly has an 'any' type.
generated/prisma/runtime/edge.js(33,5821): error TS7006: Parameter 'i' implicitly has an 'any' type.
generated/prisma/runtime/edge.js(33,5997): error TS7006: Parameter 'n' implicitly has an 'any' type.
generated/prisma/runtime/edge.js(33,5999): error TS7006: Parameter 'i' implicitly has an 'any' type.
generated/prisma/runtime/edge.js(33,6001): error TS7006: Parameter 'o' implicitly has an 'any' type.
generated/prisma/runtime/edge.js(33,6003): error TS7006: Parameter 's' implicitly has an 'any' type.
generated/prisma/runtime/edge.js(33,6236): error TS7006: Parameter 'n' implicitly has an 'any' type.
generated/prisma/runtime/edge.js(33,6238): error TS7019: Rest parameter 'i' implicitly has an 'any[]' type.
generated/prisma/runtime/edge.js(33,6277): error TS7006: Parameter 'o' implicitly has an 'any' type.
generated/prisma/runtime/edge.js(33,6736): error TS7006: Parameter 'n' implicitly has an 'any' type.
generated/prisma/runtime/edge.js(33,6772): error TS7006: Parameter 'i' implicitly has an 'any' type.
generated/prisma/runtime/edge.js(33,7015): error TS7006: Parameter 'n' implicitly has an 'any' type.
generated/prisma/runtime/edge.js(33,7017): error TS7019: Rest parameter 'i' implicitly has an 'any[]' type.
generated/prisma/runtime/edge.js(33,7056): error TS7006: Parameter 'o' implicitly has an 'any' type.
generated/prisma/runtime/edge.js(33,7145): error TS7031: Binding element 'n' implicitly has an 'any' type.
generated/prisma/runtime/edge.js(33,7155): error TS7031: Binding element 'i' implicitly has an 'any' type.
generated/prisma/runtime/edge.js(33,7201): error TS7006: Parameter 'l' implicitly has an 'any' type.
generated/prisma/runtime/edge.js(33,7203): error TS7006: Parameter 'd' implicitly has an 'any' type.
generated/prisma/runtime/edge.js(33,7676): error TS7031: Binding element 'n' implicitly has an 'any' type.
generated/prisma/runtime/edge.js(33,7686): error TS7031: Binding element 'i' implicitly has an 'any' type.
generated/prisma/runtime/edge.js(33,8231): error TS7006: Parameter 'n' implicitly has an 'any' type.
generated/prisma/runtime/edge.js(33,8404): error TS7006: Parameter 'n' implicitly has an 'any' type.
generated/prisma/runtime/edge.js(33,8406): error TS7006: Parameter 'i' implicitly has an 'any' type.
generated/prisma/runtime/edge.js(33,8967): error TS7006: Parameter 'n' implicitly has an 'any' type.
generated/prisma/runtime/edge.js(33,9319): error TS7006: Parameter 'l' implicitly has an 'any' type.
generated/prisma/runtime/edge.js(33,9747): error TS7031: Binding element 'n' implicitly has an 'any' type.
generated/prisma/runtime/edge.js(33,9762): error TS7031: Binding element 'i' implicitly has an 'any' type.
generated/prisma/runtime/edge.js(33,9773): error TS7031: Binding element 'o' implicitly has an 'any' type.
generated/prisma/runtime/edge.js(33,9784): error TS7031: Binding element 's' implicitly has an 'any' type.
generated/prisma/runtime/edge.js(33,9793): error TS7031: Binding element 'a' implicitly has an 'any' type.
generated/prisma/runtime/edge.js(33,9801): error TS7031: Binding element 'l' implicitly has an 'any' type.
generated/prisma/runtime/edge.js(33,9814): error TS7031: Binding element 'd' implicitly has an 'any' type.
generated/prisma/runtime/edge.js(33,9828): error TS7031: Binding element 'g' implicitly has an 'any' type.
generated/prisma/runtime/edge.js(33,9839): error TS7031: Binding element 'h' implicitly has an 'any' type.
generated/prisma/runtime/edge.js(33,9855): error TS7031: Binding element 'T' implicitly has an 'any' type.
generated/prisma/runtime/edge.js(33,9878): error TS7031: Binding element 'I' implicitly has an 'any' type.
generated/prisma/runtime/edge.js(33,10233): error TS2339: Property 'enabled' does not exist on type '(e: any) => (...n: any[]) => void'.
generated/prisma/runtime/edge.js(34,337): error TS18046: 'S' is of type 'unknown'.
generated/prisma/runtime/edge.js(34,414): error TS7006: Parameter 'n' implicitly has an 'any' type.
generated/prisma/runtime/edge.js(34,577): error TS7006: Parameter 'e' implicitly has an 'any' type.
generated/prisma/runtime/edge.js(34,579): error TS7006: Parameter 't' implicitly has an 'any' type.
generated/prisma/runtime/edge.js(34,631): error TS7006: Parameter 'e' implicitly has an 'any' type.
generated/prisma/runtime/edge.js(34,675): error TS2339: Property 'raw' does not exist on type 'any[]'.
generated/prisma/runtime/edge.js(34,848): error TS7006: Parameter 'e' implicitly has an 'any' type.
generated/prisma/runtime/edge.js(34,1015): error TS2303: Circular definition of import alias 'DMMF'.
generated/prisma/runtime/edge.js(34,1015): error TS18004: No value exists in scope for the shorthand property 'DMMF'. Either declare one or provide an initializer.
generated/prisma/runtime/edge.js(34,1020): error TS2303: Circular definition of import alias 'Debug'.
generated/prisma/runtime/edge.js(34,1020): error TS18004: No value exists in scope for the shorthand property 'Debug'. Either declare one or provide an initializer.
generated/prisma/runtime/edge.js(34,1026): error TS2303: Circular definition of import alias 'Decimal'.
generated/prisma/runtime/edge.js(34,1026): error TS18004: No value exists in scope for the shorthand property 'Decimal'. Either declare one or provide an initializer.
generated/prisma/runtime/edge.js(34,1034): error TS2303: Circular definition of import alias 'Extensions'.
generated/prisma/runtime/edge.js(34,1034): error TS18004: No value exists in scope for the shorthand property 'Extensions'. Either declare one or provide an initializer.
generated/prisma/runtime/edge.js(34,1045): error TS2303: Circular definition of import alias 'MetricsClient'.
generated/prisma/runtime/edge.js(34,1045): error TS18004: No value exists in scope for the shorthand property 'MetricsClient'. Either declare one or provide an initializer.
generated/prisma/runtime/edge.js(34,1059): error TS2303: Circular definition of import alias 'PrismaClientInitializationError'.
generated/prisma/runtime/edge.js(34,1059): error TS18004: No value exists in scope for the shorthand property 'PrismaClientInitializationError'. Either declare one or provide an initializer.
generated/prisma/runtime/edge.js(34,1091): error TS2303: Circular definition of import alias 'PrismaClientKnownRequestError'.
generated/prisma/runtime/edge.js(34,1091): error TS18004: No value exists in scope for the shorthand property 'PrismaClientKnownRequestError'. Either declare one or provide an initializer.
generated/prisma/runtime/edge.js(34,1121): error TS2303: Circular definition of import alias 'PrismaClientRustPanicError'.
generated/prisma/runtime/edge.js(34,1121): error TS18004: No value exists in scope for the shorthand property 'PrismaClientRustPanicError'. Either declare one or provide an initializer.
generated/prisma/runtime/edge.js(34,1148): error TS2303: Circular definition of import alias 'PrismaClientUnknownRequestError'.
generated/prisma/runtime/edge.js(34,1148): error TS18004: No value exists in scope for the shorthand property 'PrismaClientUnknownRequestError'. Either declare one or provide an initializer.
generated/prisma/runtime/edge.js(34,1180): error TS2303: Circular definition of import alias 'PrismaClientValidationError'.
generated/prisma/runtime/edge.js(34,1180): error TS18004: No value exists in scope for the shorthand property 'PrismaClientValidationError'. Either declare one or provide an initializer.
generated/prisma/runtime/edge.js(34,1208): error TS2303: Circular definition of import alias 'Public'.
generated/prisma/runtime/edge.js(34,1208): error TS18004: No value exists in scope for the shorthand property 'Public'. Either declare one or provide an initializer.
generated/prisma/runtime/edge.js(34,1215): error TS2303: Circular definition of import alias 'Sql'.
generated/prisma/runtime/edge.js(34,1215): error TS18004: No value exists in scope for the shorthand property 'Sql'. Either declare one or provide an initializer.
generated/prisma/runtime/edge.js(34,1219): error TS2303: Circular definition of import alias 'createParam'.
generated/prisma/runtime/edge.js(34,1219): error TS18004: No value exists in scope for the shorthand property 'createParam'. Either declare one or provide an initializer.
generated/prisma/runtime/edge.js(34,1231): error TS2303: Circular definition of import alias 'defineDmmfProperty'.
generated/prisma/runtime/edge.js(34,1231): error TS18004: No value exists in scope for the shorthand property 'defineDmmfProperty'. Either declare one or provide an initializer.
generated/prisma/runtime/edge.js(34,1250): error TS2303: Circular definition of import alias 'deserializeJsonResponse'.
generated/prisma/runtime/edge.js(34,1250): error TS18004: No value exists in scope for the shorthand property 'deserializeJsonResponse'. Either declare one or provide an initializer.
generated/prisma/runtime/edge.js(34,1274): error TS2303: Circular definition of import alias 'deserializeRawResult'.
generated/prisma/runtime/edge.js(34,1274): error TS18004: No value exists in scope for the shorthand property 'deserializeRawResult'. Either declare one or provide an initializer.
generated/prisma/runtime/edge.js(34,1295): error TS2303: Circular definition of import alias 'dmmfToRuntimeDataModel'.
generated/prisma/runtime/edge.js(34,1295): error TS18004: No value exists in scope for the shorthand property 'dmmfToRuntimeDataModel'. Either declare one or provide an initializer.
generated/prisma/runtime/edge.js(34,1318): error TS2303: Circular definition of import alias 'empty'.
generated/prisma/runtime/edge.js(34,1318): error TS18004: No value exists in scope for the shorthand property 'empty'. Either declare one or provide an initializer.
generated/prisma/runtime/edge.js(34,1324): error TS2303: Circular definition of import alias 'getPrismaClient'.
generated/prisma/runtime/edge.js(34,1324): error TS18004: No value exists in scope for the shorthand property 'getPrismaClient'. Either declare one or provide an initializer.
generated/prisma/runtime/edge.js(34,1340): error TS2303: Circular definition of import alias 'getRuntime'.
generated/prisma/runtime/edge.js(34,1340): error TS18004: No value exists in scope for the shorthand property 'getRuntime'. Either declare one or provide an initializer.
generated/prisma/runtime/edge.js(34,1351): error TS2303: Circular definition of import alias 'join'.
generated/prisma/runtime/edge.js(34,1351): error TS18004: No value exists in scope for the shorthand property 'join'. Either declare one or provide an initializer.
generated/prisma/runtime/edge.js(34,1356): error TS2303: Circular definition of import alias 'makeStrictEnum'.
generated/prisma/runtime/edge.js(34,1356): error TS18004: No value exists in scope for the shorthand property 'makeStrictEnum'. Either declare one or provide an initializer.
generated/prisma/runtime/edge.js(34,1371): error TS2303: Circular definition of import alias 'makeTypedQueryFactory'.
generated/prisma/runtime/edge.js(34,1371): error TS18004: No value exists in scope for the shorthand property 'makeTypedQueryFactory'. Either declare one or provide an initializer.
generated/prisma/runtime/edge.js(34,1393): error TS2303: Circular definition of import alias 'objectEnumValues'.
generated/prisma/runtime/edge.js(34,1393): error TS18004: No value exists in scope for the shorthand property 'objectEnumValues'. Either declare one or provide an initializer.
generated/prisma/runtime/edge.js(34,1410): error TS2303: Circular definition of import alias 'raw'.
generated/prisma/runtime/edge.js(34,1410): error TS18004: No value exists in scope for the shorthand property 'raw'. Either declare one or provide an initializer.
generated/prisma/runtime/edge.js(34,1414): error TS2303: Circular definition of import alias 'serializeJsonQuery'.
generated/prisma/runtime/edge.js(34,1414): error TS18004: No value exists in scope for the shorthand property 'serializeJsonQuery'. Either declare one or provide an initializer.
generated/prisma/runtime/edge.js(34,1433): error TS2303: Circular definition of import alias 'skip'.
generated/prisma/runtime/edge.js(34,1433): error TS18004: No value exists in scope for the shorthand property 'skip'. Either declare one or provide an initializer.
generated/prisma/runtime/edge.js(34,1438): error TS2303: Circular definition of import alias 'sqltag'.
generated/prisma/runtime/edge.js(34,1438): error TS18004: No value exists in scope for the shorthand property 'sqltag'. Either declare one or provide an initializer.
generated/prisma/runtime/edge.js(34,1445): error TS2303: Circular definition of import alias 'warnEnvConflicts'.
generated/prisma/runtime/edge.js(34,1445): error TS18004: No value exists in scope for the shorthand property 'warnEnvConflicts'. Either declare one or provide an initializer.
generated/prisma/runtime/edge.js(34,1462): error TS2303: Circular definition of import alias 'warnOnce'.
generated/prisma/runtime/edge.js(34,1462): error TS18004: No value exists in scope for the shorthand property 'warnOnce'. Either declare one or provide an initializer.
generated/prisma/runtime/index-browser.js(5,162): error TS7006: Parameter 'e' implicitly has an 'any' type.
generated/prisma/runtime/index-browser.js(5,194): error TS7006: Parameter 'e' implicitly has an 'any' type.
generated/prisma/runtime/index-browser.js(5,196): error TS7006: Parameter 'n' implicitly has an 'any' type.
generated/prisma/runtime/index-browser.js(5,254): error TS7006: Parameter 'e' implicitly has an 'any' type.
generated/prisma/runtime/index-browser.js(5,256): error TS7006: Parameter 'n' implicitly has an 'any' type.
generated/prisma/runtime/index-browser.js(5,258): error TS7006: Parameter 'i' implicitly has an 'any' type.
generated/prisma/runtime/index-browser.js(5,260): error TS7006: Parameter 't' implicitly has an 'any' type.
generated/prisma/runtime/index-browser.js(5,431): error TS7006: Parameter 'e' implicitly has an 'any' type.
generated/prisma/runtime/index-browser.js(5,479): error TS7006: Parameter 'e' implicitly has an 'any' type.
generated/prisma/runtime/index-browser.js(5,481): error TS7006: Parameter 'n' implicitly has an 'any' type.
generated/prisma/runtime/index-browser.js(5,483): error TS7006: Parameter 'i' implicitly has an 'any' type.
generated/prisma/runtime/index-browser.js(5,775): error TS7019: Rest parameter 'e' implicitly has an 'any[]' type.
generated/prisma/runtime/index-browser.js(5,788): error TS7006: Parameter 'n' implicitly has an 'any' type.
generated/prisma/runtime/index-browser.js(5,845): error TS7006: Parameter 'n' implicitly has an 'any' type.
generated/prisma/runtime/index-browser.js(5,940): error TS2339: Property '_getNamespace' does not exist on type 'we'.
generated/prisma/runtime/index-browser.js(5,1119): error TS7034: Variable 'Ne' implicitly has type 'any' in some locations where its type cannot be determined.
generated/prisma/runtime/index-browser.js(5,1182): error TS7005: Variable 'Ne' implicitly has an 'any' type.
generated/prisma/runtime/index-browser.js(5,1222): error TS7034: Variable 've' implicitly has type 'any' in some locations where its type cannot be determined.
generated/prisma/runtime/index-browser.js(5,1285): error TS7005: Variable 've' implicitly has an 'any' type.
generated/prisma/runtime/index-browser.js(5,1327): error TS7034: Variable 'Ee' implicitly has type 'any' in some locations where its type cannot be determined.
generated/prisma/runtime/index-browser.js(5,1390): error TS7005: Variable 'Ee' implicitly has an 'any' type.
generated/prisma/runtime/index-browser.js(5,1554): error TS7006: Parameter 'e' implicitly has an 'any' type.
generated/prisma/runtime/index-browser.js(5,1556): error TS7006: Parameter 'n' implicitly has an 'any' type.
generated/prisma/runtime/index-browser.js(5,1765): error TS7006: Parameter 'e' implicitly has an 'any' type.
generated/prisma/runtime/index-browser.js(5,2041): error TS7017: Element implicitly has an 'any' type because type 'typeof globalThis' has no index signature.
generated/prisma/runtime/index-browser.js(5,2135): error TS7017: Element implicitly has an 'any' type because type 'typeof globalThis' has no index signature.
generated/prisma/runtime/index-browser.js(5,2165): error TS7017: Element implicitly has an 'any' type because type 'typeof globalThis' has no index signature.
generated/prisma/runtime/index-browser.js(5,2208): error TS7017: Element implicitly has an 'any' type because type 'typeof globalThis' has no index signature.
generated/prisma/runtime/index-browser.js(5,2451): error TS2349: This expression is not callable.
  Not all constituents of type 'string | (() => boolean)' are callable.
    Type 'string' has no call signatures.
generated/prisma/runtime/index-browser.js(5,2451): error TS2722: Cannot invoke an object which is possibly 'undefined'.
generated/prisma/runtime/index-browser.js(5,2829): error TS7053: Element implicitly has an 'any' type because expression of type 'string | (() => boolean)' can't be used to index type '{ node: string; workerd: string; deno: string; netlify: string; "edge-light": string; }'.
  No index signature with a parameter of type 'string' was found on type '{ node: string; workerd: string; deno: string; netlify: string; "edge-light": string; }'.
generated/prisma/runtime/index-browser.js(5,2832): error TS2538: Type '() => boolean' cannot be used as an index type.
generated/prisma/runtime/index-browser.js(5,2896): error TS2345: Argument of type 'string | (() => boolean)' is not assignable to parameter of type 'string'.
  Type '() => boolean' is not assignable to type 'string'.
generated/prisma/runtime/index-browser.js(5,5090): error TS7034: Variable 'Le' implicitly has type 'any' in some locations where its type cannot be determined.
generated/prisma/runtime/index-browser.js(5,5093): error TS7034: Variable 'Z' implicitly has type 'any' in some locations where its type cannot be determined.
generated/prisma/runtime/index-browser.js(5,5533): error TS2339: Property 'absoluteValue' does not exist on type '{ toStringTag: string; }'.
generated/prisma/runtime/index-browser.js(5,5549): error TS2339: Property 'abs' does not exist on type '{ toStringTag: string; }'.
generated/prisma/runtime/index-browser.js(5,5574): error TS2351: This expression is not constructable.
  Type 'Function' has no construct signatures.
generated/prisma/runtime/index-browser.js(5,5627): error TS2339: Property 'ceil' does not exist on type '{ toStringTag: string; }'.
generated/prisma/runtime/index-browser.js(5,5656): error TS2351: This expression is not constructable.
  Type 'Function' has no construct signatures.
generated/prisma/runtime/index-browser.js(5,5684): error TS2339: Property 'e' does not exist on type '{ toStringTag: string; }'.
generated/prisma/runtime/index-browser.js(5,5694): error TS2339: Property 'clampedTo' does not exist on type '{ toStringTag: string; }'.
generated/prisma/runtime/index-browser.js(5,5706): error TS2339: Property 'clamp' does not exist on type '{ toStringTag: string; }'.
generated/prisma/runtime/index-browser.js(5,5721): error TS7006: Parameter 'e' implicitly has an 'any' type.
generated/prisma/runtime/index-browser.js(5,5723): error TS7006: Parameter 'n' implicitly has an 'any' type.
generated/prisma/runtime/index-browser.js(5,5764): error TS2351: This expression is not constructable.
  Type 'Function' has no construct signatures.
generated/prisma/runtime/index-browser.js(5,5775): error TS2351: This expression is not constructable.
  Type 'Function' has no construct signatures.
generated/prisma/runtime/index-browser.js(5,5802): error TS2351: This expression is not constructable.
  Type 'Function' has no construct signatures.
generated/prisma/runtime/index-browser.js(5,5848): error TS2339: Property 'cmp' does not exist on type '{ toStringTag: string; }'.
generated/prisma/runtime/index-browser.js(5,5863): error TS2339: Property 'cmp' does not exist on type '{ toStringTag: string; }'.
generated/prisma/runtime/index-browser.js(5,5878): error TS2351: This expression is not constructable.
  Type 'Function' has no construct signatures.
generated/prisma/runtime/index-browser.js(5,5886): error TS2339: Property 'comparedTo' does not exist on type '{ toStringTag: string; }'.
generated/prisma/runtime/index-browser.js(5,5899): error TS2339: Property 'cmp' does not exist on type '{ toStringTag: string; }'.
generated/prisma/runtime/index-browser.js(5,5912): error TS7006: Parameter 'e' implicitly has an 'any' type.
generated/prisma/runtime/index-browser.js(5,5938): error TS2339: Property 'd' does not exist on type '{ toStringTag: string; }'.
generated/prisma/runtime/index-browser.js(5,5949): error TS2351: This expression is not constructable.
  Type 'Function' has no construct signatures.
generated/prisma/runtime/index-browser.js(5,5973): error TS2339: Property 's' does not exist on type '{ toStringTag: string; }'.
generated/prisma/runtime/index-browser.js(5,6024): error TS2447: The '^' operator is not allowed for boolean types. Consider using '!==' instead.
generated/prisma/runtime/index-browser.js(5,6099): error TS2339: Property 'e' does not exist on type '{ toStringTag: string; }'.
generated/prisma/runtime/index-browser.js(5,6114): error TS2447: The '^' operator is not allowed for boolean types. Consider using '!==' instead.
generated/prisma/runtime/index-browser.js(5,6116): error TS2339: Property 'e' does not exist on type '{ toStringTag: string; }'.
generated/prisma/runtime/index-browser.js(5,6201): error TS2447: The '^' operator is not allowed for boolean types. Consider using '!==' instead.
generated/prisma/runtime/index-browser.js(5,6235): error TS2447: The '^' operator is not allowed for boolean types. Consider using '!==' instead.
generated/prisma/runtime/index-browser.js(5,6251): error TS2339: Property 'cosine' does not exist on type '{ toStringTag: string; }'.
generated/prisma/runtime/index-browser.js(5,6260): error TS2339: Property 'cos' does not exist on type '{ toStringTag: string; }'.
generated/prisma/runtime/index-browser.js(5,6315): error TS2339: Property 'd' does not exist on type '{ toStringTag: string; }'.
generated/prisma/runtime/index-browser.js(5,6319): error TS2339: Property 'd' does not exist on type '{ toStringTag: string; }'.
generated/prisma/runtime/index-browser.js(5,6329): error TS2339: Property 'precision' does not exist on type 'Function'.
generated/prisma/runtime/index-browser.js(5,6343): error TS2339: Property 'rounding' does not exist on type 'Function'.
generated/prisma/runtime/index-browser.js(5,6354): error TS2339: Property 'precision' does not exist on type 'Function'.
generated/prisma/runtime/index-browser.js(5,6377): error TS2339: Property 'e' does not exist on type '{ toStringTag: string; }'.
generated/prisma/runtime/index-browser.js(5,6381): error TS2339: Property 'sd' does not exist on type '{ toStringTag: string; }'.
generated/prisma/runtime/index-browser.js(5,6391): error TS2339: Property 'rounding' does not exist on type 'Function'.
generated/prisma/runtime/index-browser.js(5,6420): error TS2339: Property 'precision' does not exist on type 'Function'.
generated/prisma/runtime/index-browser.js(5,6434): error TS2339: Property 'rounding' does not exist on type 'Function'.
generated/prisma/runtime/index-browser.js(5,6447): error TS7005: Variable 'Z' implicitly has an 'any' type.
generated/prisma/runtime/index-browser.js(5,6453): error TS7005: Variable 'Z' implicitly has an 'any' type.
generated/prisma/runtime/index-browser.js(5,6460): error TS2339: Property 'neg' does not exist on type '{ toStringTag: string; }'.
generated/prisma/runtime/index-browser.js(5,6481): error TS2351: This expression is not constructable.
  Type 'Function' has no construct signatures.
generated/prisma/runtime/index-browser.js(5,6490): error TS2351: This expression is not constructable.
  Type 'Function' has no construct signatures.
generated/prisma/runtime/index-browser.js(5,6500): error TS2339: Property 'cubeRoot' does not exist on type '{ toStringTag: string; }'.
generated/prisma/runtime/index-browser.js(5,6511): error TS2339: Property 'cbrt' does not exist on type '{ toStringTag: string; }'.
generated/prisma/runtime/index-browser.js(5,6580): error TS2339: Property 'isFinite' does not exist on type '{ toStringTag: string; }'.
generated/prisma/runtime/index-browser.js(5,6594): error TS2339: Property 'isZero' does not exist on type '{ toStringTag: string; }'.
generated/prisma/runtime/index-browser.js(5,6614): error TS2351: This expression is not constructable.
  Type 'Function' has no construct signatures.
generated/prisma/runtime/index-browser.js(5,6632): error TS2339: Property 's' does not exist on type '{ toStringTag: string; }'.
generated/prisma/runtime/index-browser.js(5,6638): error TS2339: Property 's' does not exist on type '{ toStringTag: string; }'.
generated/prisma/runtime/index-browser.js(5,6640): error TS2363: The right-hand side of an arithmetic operation must be of type 'any', 'number', 'bigint' or an enum type.
generated/prisma/runtime/index-browser.js(5,6675): error TS2339: Property 'd' does not exist on type '{ toStringTag: string; }'.
generated/prisma/runtime/index-browser.js(5,6682): error TS2339: Property 'e' does not exist on type '{ toStringTag: string; }'.
generated/prisma/runtime/index-browser.js(5,6736): error TS2345: Argument of type 'string' is not assignable to parameter of type 'number'.
generated/prisma/runtime/index-browser.js(5,6756): error TS2363: The right-hand side of an arithmetic operation must be of type 'any', 'number', 'bigint' or an enum type.
generated/prisma/runtime/index-browser.js(5,6850): error TS2351: This expression is not constructable.
  Type 'Function' has no construct signatures.
generated/prisma/runtime/index-browser.js(5,6861): error TS2339: Property 's' does not exist on type '{ toStringTag: string; }'.
generated/prisma/runtime/index-browser.js(5,6870): error TS2351: This expression is not constructable.
  Type 'Function' has no construct signatures.
generated/prisma/runtime/index-browser.js(5,6893): error TS2339: Property 'precision' does not exist on type 'Function'.
generated/prisma/runtime/index-browser.js(5,7257): error TS2339: Property 'rounding' does not exist on type 'Function'.
generated/prisma/runtime/index-browser.js(5,7272): error TS2339: Property 'decimalPlaces' does not exist on type '{ toStringTag: string; }'.
generated/prisma/runtime/index-browser.js(5,7288): error TS2339: Property 'dp' does not exist on type '{ toStringTag: string; }'.
generated/prisma/runtime/index-browser.js(5,7315): error TS2339: Property 'd' does not exist on type '{ toStringTag: string; }'.
generated/prisma/runtime/index-browser.js(5,7357): error TS2339: Property 'e' does not exist on type '{ toStringTag: string; }'.
generated/prisma/runtime/index-browser.js(5,7420): error TS2339: Property 'dividedBy' does not exist on type '{ toStringTag: string; }'.
generated/prisma/runtime/index-browser.js(5,7432): error TS2339: Property 'div' does not exist on type '{ toStringTag: string; }'.
generated/prisma/runtime/index-browser.js(5,7445): error TS7006: Parameter 'e' implicitly has an 'any' type.
generated/prisma/runtime/index-browser.js(5,7466): error TS2351: This expression is not constructable.
  Type 'Function' has no construct signatures.
generated/prisma/runtime/index-browser.js(5,7490): error TS2339: Property 'dividedToIntegerBy' does not exist on type '{ toStringTag: string; }'.
generated/prisma/runtime/index-browser.js(5,7511): error TS2339: Property 'divToInt' does not exist on type '{ toStringTag: string; }'.
generated/prisma/runtime/index-browser.js(5,7529): error TS7006: Parameter 'e' implicitly has an 'any' type.
generated/prisma/runtime/index-browser.js(5,7576): error TS2351: This expression is not constructable.
  Type 'Function' has no construct signatures.
generated/prisma/runtime/index-browser.js(5,7590): error TS2339: Property 'precision' does not exist on type 'Function'.
generated/prisma/runtime/index-browser.js(5,7602): error TS2339: Property 'rounding' does not exist on type 'Function'.
generated/prisma/runtime/index-browser.js(5,7615): error TS2339: Property 'equals' does not exist on type '{ toStringTag: string; }'.
generated/prisma/runtime/index-browser.js(5,7624): error TS2339: Property 'eq' does not exist on type '{ toStringTag: string; }'.
generated/prisma/runtime/index-browser.js(5,7636): error TS7006: Parameter 'e' implicitly has an 'any' type.
generated/prisma/runtime/index-browser.js(5,7651): error TS2339: Property 'cmp' does not exist on type '{ toStringTag: string; }'.
generated/prisma/runtime/index-browser.js(5,7665): error TS2339: Property 'floor' does not exist on type '{ toStringTag: string; }'.
generated/prisma/runtime/index-browser.js(5,7695): error TS2351: This expression is not constructable.
  Type 'Function' has no construct signatures.
generated/prisma/runtime/index-browser.js(5,7723): error TS2339: Property 'e' does not exist on type '{ toStringTag: string; }'.
generated/prisma/runtime/index-browser.js(5,7733): error TS2339: Property 'greaterThan' does not exist on type '{ toStringTag: string; }'.
generated/prisma/runtime/index-browser.js(5,7747): error TS2339: Property 'gt' does not exist on type '{ toStringTag: string; }'.
generated/prisma/runtime/index-browser.js(5,7759): error TS7006: Parameter 'e' implicitly has an 'any' type.
generated/prisma/runtime/index-browser.js(5,7774): error TS2339: Property 'cmp' does not exist on type '{ toStringTag: string; }'.
generated/prisma/runtime/index-browser.js(5,7786): error TS2339: Property 'greaterThanOrEqualTo' does not exist on type '{ toStringTag: string; }'.
generated/prisma/runtime/index-browser.js(5,7809): error TS2339: Property 'gte' does not exist on type '{ toStringTag: string; }'.
generated/prisma/runtime/index-browser.js(5,7822): error TS7006: Parameter 'e' implicitly has an 'any' type.
generated/prisma/runtime/index-browser.js(5,7836): error TS2339: Property 'cmp' does not exist on type '{ toStringTag: string; }'.
generated/prisma/runtime/index-browser.js(5,7865): error TS2339: Property 'hyperbolicCosine' does not exist on type '{ toStringTag: string; }'.
generated/prisma/runtime/index-browser.js(5,7884): error TS2339: Property 'cosh' does not exist on type '{ toStringTag: string; }'.
generated/prisma/runtime/index-browser.js(5,7943): error TS2351: This expression is not constructable.
  Type 'Function' has no construct signatures.
generated/prisma/runtime/index-browser.js(5,7954): error TS2339: Property 'isFinite' does not exist on type '{ toStringTag: string; }'.
generated/prisma/runtime/index-browser.js(5,7976): error TS2351: This expression is not constructable.
  Type 'Function' has no construct signatures.
generated/prisma/runtime/index-browser.js(5,7980): error TS2339: Property 's' does not exist on type '{ toStringTag: string; }'.
generated/prisma/runtime/index-browser.js(5,7996): error TS2339: Property 'isZero' does not exist on type '{ toStringTag: string; }'.
generated/prisma/runtime/index-browser.js(5,8018): error TS2339: Property 'precision' does not exist on type 'Function'.
generated/prisma/runtime/index-browser.js(5,8032): error TS2339: Property 'rounding' does not exist on type 'Function'.
generated/prisma/runtime/index-browser.js(5,8043): error TS2339: Property 'precision' does not exist on type 'Function'.
generated/prisma/runtime/index-browser.js(5,8066): error TS2339: Property 'e' does not exist on type '{ toStringTag: string; }'.
generated/prisma/runtime/index-browser.js(5,8070): error TS2339: Property 'sd' does not exist on type '{ toStringTag: string; }'.
generated/prisma/runtime/index-browser.js(5,8080): error TS2339: Property 'rounding' does not exist on type 'Function'.
generated/prisma/runtime/index-browser.js(5,8095): error TS2339: Property 'd' does not exist on type '{ toStringTag: string; }'.
generated/prisma/runtime/index-browser.js(5,8203): error TS2339: Property 'times' does not exist on type '{ toStringTag: string; }'.
generated/prisma/runtime/index-browser.js(5,8216): error TS2351: This expression is not constructable.
  Type 'Function' has no construct signatures.
generated/prisma/runtime/index-browser.js(5,8245): error TS2351: This expression is not constructable.
  Type 'Function' has no construct signatures.
generated/prisma/runtime/index-browser.js(5,8259): error TS2339: Property 'times' does not exist on type '{ toStringTag: string; }'.
generated/prisma/runtime/index-browser.js(5,8321): error TS2339: Property 'precision' does not exist on type 'Function'.
generated/prisma/runtime/index-browser.js(5,8335): error TS2339: Property 'rounding' does not exist on type 'Function'.
generated/prisma/runtime/index-browser.js(5,8353): error TS2339: Property 'hyperbolicSine' does not exist on type '{ toStringTag: string; }'.
generated/prisma/runtime/index-browser.js(5,8370): error TS2339: Property 'sinh' does not exist on type '{ toStringTag: string; }'.
generated/prisma/runtime/index-browser.js(5,8427): error TS2339: Property 'isFinite' does not exist on type '{ toStringTag: string; }'.
generated/prisma/runtime/index-browser.js(5,8441): error TS2339: Property 'isZero' does not exist on type '{ toStringTag: string; }'.
generated/prisma/runtime/index-browser.js(5,8461): error TS2351: This expression is not constructable.
  Type 'Function' has no construct signatures.
generated/prisma/runtime/index-browser.js(5,8473): error TS2339: Property 'precision' does not exist on type 'Function'.
generated/prisma/runtime/index-browser.js(5,8487): error TS2339: Property 'rounding' does not exist on type 'Function'.
generated/prisma/runtime/index-browser.js(5,8498): error TS2339: Property 'precision' does not exist on type 'Function'.
generated/prisma/runtime/index-browser.js(5,8521): error TS2339: Property 'e' does not exist on type '{ toStringTag: string; }'.
generated/prisma/runtime/index-browser.js(5,8525): error TS2339: Property 'sd' does not exist on type '{ toStringTag: string; }'.
generated/prisma/runtime/index-browser.js(5,8535): error TS2339: Property 'rounding' does not exist on type 'Function'.
generated/prisma/runtime/index-browser.js(5,8550): error TS2339: Property 'd' does not exist on type '{ toStringTag: string; }'.
generated/prisma/runtime/index-browser.js(5,8621): error TS2339: Property 'times' does not exist on type '{ toStringTag: string; }'.
generated/prisma/runtime/index-browser.js(5,8670): error TS2351: This expression is not constructable.
  Type 'Function' has no construct signatures.
generated/prisma/runtime/index-browser.js(5,8681): error TS2351: This expression is not constructable.
  Type 'Function' has no construct signatures.
generated/prisma/runtime/index-browser.js(5,8693): error TS2351: This expression is not constructable.
  Type 'Function' has no construct signatures.
generated/prisma/runtime/index-browser.js(5,8708): error TS2339: Property 'times' does not exist on type '{ toStringTag: string; }'.
generated/prisma/runtime/index-browser.js(5,8721): error TS2339: Property 'times' does not exist on type '{ toStringTag: string; }'.
generated/prisma/runtime/index-browser.js(5,8773): error TS2339: Property 'precision' does not exist on type 'Function'.
generated/prisma/runtime/index-browser.js(5,8787): error TS2339: Property 'rounding' does not exist on type 'Function'.
generated/prisma/runtime/index-browser.js(5,8813): error TS2339: Property 'hyperbolicTangent' does not exist on type '{ toStringTag: string; }'.
generated/prisma/runtime/index-browser.js(5,8833): error TS2339: Property 'tanh' does not exist on type '{ toStringTag: string; }'.
generated/prisma/runtime/index-browser.js(5,8889): error TS2339: Property 'isFinite' does not exist on type '{ toStringTag: string; }'.
generated/prisma/runtime/index-browser.js(5,8902): error TS2339: Property 'isZero' does not exist on type '{ toStringTag: string; }'.
generated/prisma/runtime/index-browser.js(5,8915): error TS2351: This expression is not constructable.
  Type 'Function' has no construct signatures.
generated/prisma/runtime/index-browser.js(5,8925): error TS2339: Property 'precision' does not exist on type 'Function'.
generated/prisma/runtime/index-browser.js(5,8939): error TS2339: Property 'rounding' does not exist on type 'Function'.
generated/prisma/runtime/index-browser.js(5,8950): error TS2339: Property 'precision' does not exist on type 'Function'.
generated/prisma/runtime/index-browser.js(5,8966): error TS2339: Property 'rounding' does not exist on type 'Function'.
generated/prisma/runtime/index-browser.js(5,8981): error TS2339: Property 'sinh' does not exist on type '{ toStringTag: string; }'.
generated/prisma/runtime/index-browser.js(5,8990): error TS2339: Property 'cosh' does not exist on type '{ toStringTag: string; }'.
generated/prisma/runtime/index-browser.js(5,8999): error TS2339: Property 'precision' does not exist on type 'Function'.
generated/prisma/runtime/index-browser.js(5,9013): error TS2339: Property 'rounding' does not exist on type 'Function'.
generated/prisma/runtime/index-browser.js(5,9030): error TS2351: This expression is not constructable.
  Type 'Function' has no construct signatures.
generated/prisma/runtime/index-browser.js(5,9034): error TS2339: Property 's' does not exist on type '{ toStringTag: string; }'.
generated/prisma/runtime/index-browser.js(5,9040): error TS2339: Property 'inverseCosine' does not exist on type '{ toStringTag: string; }'.
generated/prisma/runtime/index-browser.js(5,9056): error TS2339: Property 'acos' does not exist on type '{ toStringTag: string; }'.
generated/prisma/runtime/index-browser.js(5,9103): error TS2339: Property 'abs' does not exist on type '{ toStringTag: string; }'.
generated/prisma/runtime/index-browser.js(5,9120): error TS2339: Property 'precision' does not exist on type 'Function'.
generated/prisma/runtime/index-browser.js(5,9134): error TS2339: Property 'rounding' does not exist on type 'Function'.
generated/prisma/runtime/index-browser.js(5,9165): error TS2339: Property 'isNeg' does not exist on type '{ toStringTag: string; }'.
generated/prisma/runtime/index-browser.js(5,9186): error TS2351: This expression is not constructable.
  Type 'Function' has no construct signatures.
generated/prisma/runtime/index-browser.js(5,9195): error TS2351: This expression is not constructable.
  Type 'Function' has no construct signatures.
generated/prisma/runtime/index-browser.js(5,9204): error TS2339: Property 'isZero' does not exist on type '{ toStringTag: string; }'.
generated/prisma/runtime/index-browser.js(5,9237): error TS2339: Property 'precision' does not exist on type 'Function'.
generated/prisma/runtime/index-browser.js(5,9253): error TS2339: Property 'rounding' does not exist on type 'Function'.
generated/prisma/runtime/index-browser.js(5,9270): error TS2351: This expression is not constructable.
  Type 'Function' has no construct signatures.
generated/prisma/runtime/index-browser.js(5,9290): error TS2339: Property 'plus' does not exist on type '{ toStringTag: string; }'.
generated/prisma/runtime/index-browser.js(5,9315): error TS2339: Property 'precision' does not exist on type 'Function'.
generated/prisma/runtime/index-browser.js(5,9329): error TS2339: Property 'rounding' does not exist on type 'Function'.
generated/prisma/runtime/index-browser.js(5,9342): error TS2339: Property 'times' does not exist on type '{ toStringTag: string; }'.
generated/prisma/runtime/index-browser.js(5,9355): error TS2339: Property 'inverseHyperbolicCosine' does not exist on type '{ toStringTag: string; }'.
generated/prisma/runtime/index-browser.js(5,9381): error TS2339: Property 'acosh' does not exist on type '{ toStringTag: string; }'.
generated/prisma/runtime/index-browser.js(5,9438): error TS2339: Property 'lte' does not exist on type '{ toStringTag: string; }'.
generated/prisma/runtime/index-browser.js(5,9449): error TS2351: This expression is not constructable.
  Type 'Function' has no construct signatures.
generated/prisma/runtime/index-browser.js(5,9453): error TS2339: Property 'eq' does not exist on type '{ toStringTag: string; }'.
generated/prisma/runtime/index-browser.js(5,9468): error TS2339: Property 'isFinite' does not exist on type '{ toStringTag: string; }'.
generated/prisma/runtime/index-browser.js(5,9484): error TS2339: Property 'precision' does not exist on type 'Function'.
generated/prisma/runtime/index-browser.js(5,9498): error TS2339: Property 'rounding' does not exist on type 'Function'.
generated/prisma/runtime/index-browser.js(5,9509): error TS2339: Property 'precision' does not exist on type 'Function'.
generated/prisma/runtime/index-browser.js(5,9541): error TS2339: Property 'e' does not exist on type '{ toStringTag: string; }'.
generated/prisma/runtime/index-browser.js(5,9546): error TS2339: Property 'sd' does not exist on type '{ toStringTag: string; }'.
generated/prisma/runtime/index-browser.js(5,9556): error TS2339: Property 'rounding' does not exist on type 'Function'.
generated/prisma/runtime/index-browser.js(5,9576): error TS2339: Property 'times' does not exist on type '{ toStringTag: string; }'.
generated/prisma/runtime/index-browser.js(5,9616): error TS2339: Property 'precision' does not exist on type 'Function'.
generated/prisma/runtime/index-browser.js(5,9630): error TS2339: Property 'rounding' does not exist on type 'Function'.
generated/prisma/runtime/index-browser.js(5,9643): error TS2339: Property 'ln' does not exist on type '{ toStringTag: string; }'.
generated/prisma/runtime/index-browser.js(5,9653): error TS2351: This expression is not constructable.
  Type 'Function' has no construct signatures.
generated/prisma/runtime/index-browser.js(5,9661): error TS2339: Property 'inverseHyperbolicSine' does not exist on type '{ toStringTag: string; }'.
generated/prisma/runtime/index-browser.js(5,9685): error TS2339: Property 'asinh' does not exist on type '{ toStringTag: string; }'.
generated/prisma/runtime/index-browser.js(5,9742): error TS2339: Property 'isFinite' does not exist on type '{ toStringTag: string; }'.
generated/prisma/runtime/index-browser.js(5,9756): error TS2339: Property 'isZero' does not exist on type '{ toStringTag: string; }'.
generated/prisma/runtime/index-browser.js(5,9769): error TS2351: This expression is not constructable.
  Type 'Function' has no construct signatures.
generated/prisma/runtime/index-browser.js(5,9779): error TS2339: Property 'precision' does not exist on type 'Function'.
generated/prisma/runtime/index-browser.js(5,9793): error TS2339: Property 'rounding' does not exist on type 'Function'.
generated/prisma/runtime/index-browser.js(5,9804): error TS2339: Property 'precision' does not exist on type 'Function'.
generated/prisma/runtime/index-browser.js(5,9838): error TS2339: Property 'e' does not exist on type '{ toStringTag: string; }'.
generated/prisma/runtime/index-browser.js(5,9843): error TS2339: Property 'sd' does not exist on type '{ toStringTag: string; }'.
generated/prisma/runtime/index-browser.js(5,9853): error TS2339: Property 'rounding' does not exist on type 'Function'.
generated/prisma/runtime/index-browser.js(5,9873): error TS2339: Property 'times' does not exist on type '{ toStringTag: string; }'.
generated/prisma/runtime/index-browser.js(5,9912): error TS2339: Property 'precision' does not exist on type 'Function'.
generated/prisma/runtime/index-browser.js(5,9926): error TS2339: Property 'rounding' does not exist on type 'Function'.
generated/prisma/runtime/index-browser.js(5,9939): error TS2339: Property 'ln' does not exist on type '{ toStringTag: string; }'.
generated/prisma/runtime/index-browser.js(5,9948): error TS2339: Property 'inverseHyperbolicTangent' does not exist on type '{ toStringTag: string; }'.
generated/prisma/runtime/index-browser.js(5,9975): error TS2339: Property 'atanh' does not exist on type '{ toStringTag: string; }'.
generated/prisma/runtime/index-browser.js(5,10036): error TS2339: Property 'isFinite' does not exist on type '{ toStringTag: string; }'.
generated/prisma/runtime/index-browser.js(5,10049): error TS2339: Property 'e' does not exist on type '{ toStringTag: string; }'.
generated/prisma/runtime/index-browser.js(5,10058): error TS2351: This expression is not constructable.
  Type 'Function' has no construct signatures.
generated/prisma/runtime/index-browser.js(5,10062): error TS2339: Property 'abs' does not exist on type '{ toStringTag: string; }'.
generated/prisma/runtime/index-browser.js(5,10076): error TS2339: Property 's' does not exist on type '{ toStringTag: string; }'.
generated/prisma/runtime/index-browser.js(5,10082): error TS2339: Property 'isZero' does not exist on type '{ toStringTag: string; }'.
generated/prisma/runtime/index-browser.js(5,10103): error TS2339: Property 'precision' does not exist on type 'Function'.
generated/prisma/runtime/index-browser.js(5,10117): error TS2339: Property 'rounding' does not exist on type 'Function'.
generated/prisma/runtime/index-browser.js(5,10130): error TS2339: Property 'sd' does not exist on type '{ toStringTag: string; }'.
generated/prisma/runtime/index-browser.js(5,10154): error TS2339: Property 'e' does not exist on type '{ toStringTag: string; }'.
generated/prisma/runtime/index-browser.js(5,10164): error TS2351: This expression is not constructable.
  Type 'Function' has no construct signatures.
generated/prisma/runtime/index-browser.js(5,10180): error TS2339: Property 'precision' does not exist on type 'Function'.
generated/prisma/runtime/index-browser.js(5,10196): error TS2339: Property 'e' does not exist on type '{ toStringTag: string; }'.
generated/prisma/runtime/index-browser.js(5,10204): error TS2339: Property 'plus' does not exist on type '{ toStringTag: string; }'.
generated/prisma/runtime/index-browser.js(5,10216): error TS2351: This expression is not constructable.
  Type 'Function' has no construct signatures.
generated/prisma/runtime/index-browser.js(5,10239): error TS2339: Property 'precision' does not exist on type 'Function'.
generated/prisma/runtime/index-browser.js(5,10255): error TS2339: Property 'rounding' does not exist on type 'Function'.
generated/prisma/runtime/index-browser.js(5,10270): error TS2339: Property 'ln' does not exist on type '{ toStringTag: string; }'.
generated/prisma/runtime/index-browser.js(5,10277): error TS2339: Property 'precision' does not exist on type 'Function'.
generated/prisma/runtime/index-browser.js(5,10291): error TS2339: Property 'rounding' does not exist on type 'Function'.
generated/prisma/runtime/index-browser.js(5,10304): error TS2339: Property 'times' does not exist on type '{ toStringTag: string; }'.
generated/prisma/runtime/index-browser.js(5,10320): error TS2351: This expression is not constructable.
  Type 'Function' has no construct signatures.
generated/prisma/runtime/index-browser.js(5,10330): error TS2339: Property 'inverseSine' does not exist on type '{ toStringTag: string; }'.
generated/prisma/runtime/index-browser.js(5,10344): error TS2339: Property 'asin' does not exist on type '{ toStringTag: string; }'.
generated/prisma/runtime/index-browser.js(5,10404): error TS2339: Property 'isZero' does not exist on type '{ toStringTag: string; }'.
generated/prisma/runtime/index-browser.js(5,10417): error TS2351: This expression is not constructable.
  Type 'Function' has no construct signatures.
generated/prisma/runtime/index-browser.js(5,10427): error TS2339: Property 'abs' does not exist on type '{ toStringTag: string; }'.
generated/prisma/runtime/index-browser.js(5,10444): error TS2339: Property 'precision' does not exist on type 'Function'.
generated/prisma/runtime/index-browser.js(5,10458): error TS2339: Property 'rounding' does not exist on type 'Function'.
generated/prisma/runtime/index-browser.js(5,10510): error TS2339: Property 's' does not exist on type '{ toStringTag: string; }'.
generated/prisma/runtime/index-browser.js(5,10519): error TS2351: This expression is not constructable.
  Type 'Function' has no construct signatures.
generated/prisma/runtime/index-browser.js(5,10529): error TS2339: Property 'precision' does not exist on type 'Function'.
generated/prisma/runtime/index-browser.js(5,10545): error TS2339: Property 'rounding' does not exist on type 'Function'.
generated/prisma/runtime/index-browser.js(5,10560): error TS2339: Property 'div' does not exist on type '{ toStringTag: string; }'.
generated/prisma/runtime/index-browser.js(5,10568): error TS2351: This expression is not constructable.
  Type 'Function' has no construct signatures.
generated/prisma/runtime/index-browser.js(5,10581): error TS2339: Property 'times' does not exist on type '{ toStringTag: string; }'.
generated/prisma/runtime/index-browser.js(5,10616): error TS2339: Property 'precision' does not exist on type 'Function'.
generated/prisma/runtime/index-browser.js(5,10630): error TS2339: Property 'rounding' does not exist on type 'Function'.
generated/prisma/runtime/index-browser.js(5,10643): error TS2339: Property 'times' does not exist on type '{ toStringTag: string; }'.
generated/prisma/runtime/index-browser.js(5,10657): error TS2339: Property 'inverseTangent' does not exist on type '{ toStringTag: string; }'.
generated/prisma/runtime/index-browser.js(5,10674): error TS2339: Property 'atan' does not exist on type '{ toStringTag: string; }'.
generated/prisma/runtime/index-browser.js(5,10739): error TS2339: Property 'precision' does not exist on type 'Function'.
generated/prisma/runtime/index-browser.js(5,10753): error TS2339: Property 'rounding' does not exist on type 'Function'.
generated/prisma/runtime/index-browser.js(5,10767): error TS2339: Property 'isFinite' does not exist on type '{ toStringTag: string; }'.
generated/prisma/runtime/index-browser.js(5,10784): error TS2339: Property 'isZero' does not exist on type '{ toStringTag: string; }'.
generated/prisma/runtime/index-browser.js(5,10804): error TS2351: This expression is not constructable.
  Type 'Function' has no construct signatures.
generated/prisma/runtime/index-browser.js(5,10814): error TS2339: Property 'abs' does not exist on type '{ toStringTag: string; }'.
generated/prisma/runtime/index-browser.js(5,10872): error TS2339: Property 's' does not exist on type '{ toStringTag: string; }'.
generated/prisma/runtime/index-browser.js(5,10887): error TS2339: Property 's' does not exist on type '{ toStringTag: string; }'.
generated/prisma/runtime/index-browser.js(5,10900): error TS2351: This expression is not constructable.
  Type 'Function' has no construct signatures.
generated/prisma/runtime/index-browser.js(5,10954): error TS2339: Property 's' does not exist on type '{ toStringTag: string; }'.
generated/prisma/runtime/index-browser.js(5,10964): error TS2339: Property 'precision' does not exist on type 'Function'.
generated/prisma/runtime/index-browser.js(5,10983): error TS2339: Property 'rounding' does not exist on type 'Function'.
generated/prisma/runtime/index-browser.js(5,11031): error TS2339: Property 'div' does not exist on type '{ toStringTag: string; }'.
generated/prisma/runtime/index-browser.js(5,11037): error TS2339: Property 'times' does not exist on type '{ toStringTag: string; }'.
generated/prisma/runtime/index-browser.js(5,11104): error TS2339: Property 'times' does not exist on type '{ toStringTag: string; }'.
generated/prisma/runtime/index-browser.js(5,11119): error TS2351: This expression is not constructable.
  Type 'Function' has no construct signatures.
generated/prisma/runtime/index-browser.js(5,11143): error TS2339: Property 'times' does not exist on type '{ toStringTag: string; }'.
generated/prisma/runtime/index-browser.js(5,11298): error TS2339: Property 'precision' does not exist on type 'Function'.
generated/prisma/runtime/index-browser.js(5,11312): error TS2339: Property 'rounding' does not exist on type 'Function'.
generated/prisma/runtime/index-browser.js(5,11330): error TS2339: Property 'isFinite' does not exist on type '{ toStringTag: string; }'.
generated/prisma/runtime/index-browser.js(5,11363): error TS2339: Property 'd' does not exist on type '{ toStringTag: string; }'.
generated/prisma/runtime/index-browser.js(5,11368): error TS2339: Property 'isInteger' does not exist on type '{ toStringTag: string; }'.
generated/prisma/runtime/index-browser.js(5,11380): error TS2339: Property 'isInt' does not exist on type '{ toStringTag: string; }'.
generated/prisma/runtime/index-browser.js(5,11410): error TS2339: Property 'd' does not exist on type '{ toStringTag: string; }'.
generated/prisma/runtime/index-browser.js(5,11420): error TS2339: Property 'e' does not exist on type '{ toStringTag: string; }'.
generated/prisma/runtime/index-browser.js(5,11430): error TS2339: Property 'd' does not exist on type '{ toStringTag: string; }'.
generated/prisma/runtime/index-browser.js(5,11444): error TS2339: Property 'isNaN' does not exist on type '{ toStringTag: string; }'.
generated/prisma/runtime/index-browser.js(5,11473): error TS2339: Property 's' does not exist on type '{ toStringTag: string; }'.
generated/prisma/runtime/index-browser.js(5,11478): error TS2339: Property 'isNegative' does not exist on type '{ toStringTag: string; }'.
generated/prisma/runtime/index-browser.js(5,11491): error TS2339: Property 'isNeg' does not exist on type '{ toStringTag: string; }'.
generated/prisma/runtime/index-browser.js(5,11520): error TS2339: Property 's' does not exist on type '{ toStringTag: string; }'.
generated/prisma/runtime/index-browser.js(5,11527): error TS2339: Property 'isPositive' does not exist on type '{ toStringTag: string; }'.
generated/prisma/runtime/index-browser.js(5,11540): error TS2339: Property 'isPos' does not exist on type '{ toStringTag: string; }'.
generated/prisma/runtime/index-browser.js(5,11569): error TS2339: Property 's' does not exist on type '{ toStringTag: string; }'.
generated/prisma/runtime/index-browser.js(5,11576): error TS2339: Property 'isZero' does not exist on type '{ toStringTag: string; }'.
generated/prisma/runtime/index-browser.js(5,11607): error TS2339: Property 'd' does not exist on type '{ toStringTag: string; }'.
generated/prisma/runtime/index-browser.js(5,11615): error TS2339: Property 'd' does not exist on type '{ toStringTag: string; }'.
generated/prisma/runtime/index-browser.js(5,11627): error TS2339: Property 'lessThan' does not exist on type '{ toStringTag: string; }'.
generated/prisma/runtime/index-browser.js(5,11638): error TS2339: Property 'lt' does not exist on type '{ toStringTag: string; }'.
generated/prisma/runtime/index-browser.js(5,11650): error TS7006: Parameter 'e' implicitly has an 'any' type.
generated/prisma/runtime/index-browser.js(5,11665): error TS2339: Property 'cmp' does not exist on type '{ toStringTag: string; }'.
generated/prisma/runtime/index-browser.js(5,11677): error TS2339: Property 'lessThanOrEqualTo' does not exist on type '{ toStringTag: string; }'.
generated/prisma/runtime/index-browser.js(5,11697): error TS2339: Property 'lte' does not exist on type '{ toStringTag: string; }'.
generated/prisma/runtime/index-browser.js(5,11710): error TS7006: Parameter 'e' implicitly has an 'any' type.
generated/prisma/runtime/index-browser.js(5,11725): error TS2339: Property 'cmp' does not exist on type '{ toStringTag: string; }'.
generated/prisma/runtime/index-browser.js(5,11737): error TS2339: Property 'logarithm' does not exist on type '{ toStringTag: string; }'.
generated/prisma/runtime/index-browser.js(5,11749): error TS2339: Property 'log' does not exist on type '{ toStringTag: string; }'.
generated/prisma/runtime/index-browser.js(5,11762): error TS7006: Parameter 'e' implicitly has an 'any' type.
generated/prisma/runtime/index-browser.js(5,11812): error TS2339: Property 'precision' does not exist on type 'Function'.
generated/prisma/runtime/index-browser.js(5,11826): error TS2339: Property 'rounding' does not exist on type 'Function'.
generated/prisma/runtime/index-browser.js(5,11856): error TS2351: This expression is not constructable.
  Type 'Function' has no construct signatures.
generated/prisma/runtime/index-browser.js(5,11881): error TS2351: This expression is not constructable.
  Type 'Function' has no construct signatures.
generated/prisma/runtime/index-browser.js(5,11929): error TS2351: This expression is not constructable.
  Type 'Function' has no construct signatures.
generated/prisma/runtime/index-browser.js(5,11954): error TS2339: Property 'd' does not exist on type '{ toStringTag: string; }'.
generated/prisma/runtime/index-browser.js(5,11958): error TS2339: Property 's' does not exist on type '{ toStringTag: string; }'.
generated/prisma/runtime/index-browser.js(5,11976): error TS2339: Property 'eq' does not exist on type '{ toStringTag: string; }'.
generated/prisma/runtime/index-browser.js(5,11993): error TS2351: This expression is not constructable.
  Type 'Function' has no construct signatures.
generated/prisma/runtime/index-browser.js(5,12011): error TS2339: Property 's' does not exist on type '{ toStringTag: string; }'.
generated/prisma/runtime/index-browser.js(5,12324): error TS2339: Property 'minus' does not exist on type '{ toStringTag: string; }'.
generated/prisma/runtime/index-browser.js(5,12332): error TS2339: Property 'sub' does not exist on type '{ toStringTag: string; }'.
generated/prisma/runtime/index-browser.js(5,12345): error TS7006: Parameter 'e' implicitly has an 'any' type.
generated/prisma/runtime/index-browser.js(5,12408): error TS2351: This expression is not constructable.
  Type 'Function' has no construct signatures.
generated/prisma/runtime/index-browser.js(5,12416): error TS2339: Property 'd' does not exist on type '{ toStringTag: string; }'.
generated/prisma/runtime/index-browser.js(5,12433): error TS2339: Property 's' does not exist on type '{ toStringTag: string; }'.
generated/prisma/runtime/index-browser.js(5,12447): error TS2351: This expression is not constructable.
  Type 'Function' has no construct signatures.
generated/prisma/runtime/index-browser.js(5,12456): error TS2339: Property 'd' does not exist on type '{ toStringTag: string; }'.
generated/prisma/runtime/index-browser.js(5,12473): error TS2351: This expression is not constructable.
  Type 'Function' has no construct signatures.
generated/prisma/runtime/index-browser.js(5,12482): error TS2339: Property 's' does not exist on type '{ toStringTag: string; }'.
generated/prisma/runtime/index-browser.js(5,12504): error TS2339: Property 's' does not exist on type '{ toStringTag: string; }'.
generated/prisma/runtime/index-browser.js(5,12529): error TS2339: Property 'plus' does not exist on type '{ toStringTag: string; }'.
generated/prisma/runtime/index-browser.js(5,12544): error TS2339: Property 'd' does not exist on type '{ toStringTag: string; }'.
generated/prisma/runtime/index-browser.js(5,12556): error TS2339: Property 'precision' does not exist on type 'Function'.
generated/prisma/runtime/index-browser.js(5,12570): error TS2339: Property 'rounding' does not exist on type 'Function'.
generated/prisma/runtime/index-browser.js(5,12629): error TS2351: This expression is not constructable.
  Type 'Function' has no construct signatures.
generated/prisma/runtime/index-browser.js(5,12650): error TS2351: This expression is not constructable.
  Type 'Function' has no construct signatures.
generated/prisma/runtime/index-browser.js(5,12704): error TS2339: Property 'e' does not exist on type '{ toStringTag: string; }'.
generated/prisma/runtime/index-browser.js(5,13244): error TS2351: This expression is not constructable.
  Type 'Function' has no construct signatures.
generated/prisma/runtime/index-browser.js(5,13261): error TS2339: Property 'modulo' does not exist on type '{ toStringTag: string; }'.
generated/prisma/runtime/index-browser.js(5,13270): error TS2339: Property 'mod' does not exist on type '{ toStringTag: string; }'.
generated/prisma/runtime/index-browser.js(5,13283): error TS7006: Parameter 'e' implicitly has an 'any' type.
generated/prisma/runtime/index-browser.js(5,13328): error TS2351: This expression is not constructable.
  Type 'Function' has no construct signatures.
generated/prisma/runtime/index-browser.js(5,13336): error TS2339: Property 'd' does not exist on type '{ toStringTag: string; }'.
generated/prisma/runtime/index-browser.js(5,13362): error TS2351: This expression is not constructable.
  Type 'Function' has no construct signatures.
generated/prisma/runtime/index-browser.js(5,13377): error TS2339: Property 'd' does not exist on type '{ toStringTag: string; }'.
generated/prisma/runtime/index-browser.js(5,13383): error TS2339: Property 'd' does not exist on type '{ toStringTag: string; }'.
generated/prisma/runtime/index-browser.js(5,13394): error TS2351: This expression is not constructable.
  Type 'Function' has no construct signatures.
generated/prisma/runtime/index-browser.js(5,13401): error TS2339: Property 'precision' does not exist on type 'Function'.
generated/prisma/runtime/index-browser.js(5,13413): error TS2339: Property 'rounding' does not exist on type 'Function'.
generated/prisma/runtime/index-browser.js(5,13431): error TS2339: Property 'modulo' does not exist on type 'Function'.
generated/prisma/runtime/index-browser.js(5,13485): error TS2339: Property 'modulo' does not exist on type 'Function'.
generated/prisma/runtime/index-browser.js(5,13515): error TS2339: Property 'minus' does not exist on type '{ toStringTag: string; }'.
generated/prisma/runtime/index-browser.js(5,13528): error TS2339: Property 'naturalExponential' does not exist on type '{ toStringTag: string; }'.
generated/prisma/runtime/index-browser.js(5,13549): error TS2339: Property 'exp' does not exist on type '{ toStringTag: string; }'.
generated/prisma/runtime/index-browser.js(5,13583): error TS2339: Property 'naturalLogarithm' does not exist on type '{ toStringTag: string; }'.
generated/prisma/runtime/index-browser.js(5,13602): error TS2339: Property 'ln' does not exist on type '{ toStringTag: string; }'.
generated/prisma/runtime/index-browser.js(5,13634): error TS2339: Property 'negated' does not exist on type '{ toStringTag: string; }'.
generated/prisma/runtime/index-browser.js(5,13644): error TS2339: Property 'neg' does not exist on type '{ toStringTag: string; }'.
generated/prisma/runtime/index-browser.js(5,13669): error TS2351: This expression is not constructable.
  Type 'Function' has no construct signatures.
generated/prisma/runtime/index-browser.js(5,13716): error TS2339: Property 'plus' does not exist on type '{ toStringTag: string; }'.
generated/prisma/runtime/index-browser.js(5,13723): error TS2339: Property 'add' does not exist on type '{ toStringTag: string; }'.
generated/prisma/runtime/index-browser.js(5,13736): error TS7006: Parameter 'e' implicitly has an 'any' type.
generated/prisma/runtime/index-browser.js(5,13795): error TS2351: This expression is not constructable.
  Type 'Function' has no construct signatures.
generated/prisma/runtime/index-browser.js(5,13803): error TS2339: Property 'd' does not exist on type '{ toStringTag: string; }'.
generated/prisma/runtime/index-browser.js(5,13820): error TS2339: Property 's' does not exist on type '{ toStringTag: string; }'.
generated/prisma/runtime/index-browser.js(5,13834): error TS2351: This expression is not constructable.
  Type 'Function' has no construct signatures.
generated/prisma/runtime/index-browser.js(5,13843): error TS2339: Property 'd' does not exist on type '{ toStringTag: string; }'.
generated/prisma/runtime/index-browser.js(5,13853): error TS2351: This expression is not constructable.
  Type 'Function' has no construct signatures.
generated/prisma/runtime/index-browser.js(5,13862): error TS2339: Property 's' does not exist on type '{ toStringTag: string; }'.
generated/prisma/runtime/index-browser.js(5,13885): error TS2339: Property 's' does not exist on type '{ toStringTag: string; }'.
generated/prisma/runtime/index-browser.js(5,13910): error TS2339: Property 'minus' does not exist on type '{ toStringTag: string; }'.
generated/prisma/runtime/index-browser.js(5,13926): error TS2339: Property 'd' does not exist on type '{ toStringTag: string; }'.
generated/prisma/runtime/index-browser.js(5,13938): error TS2339: Property 'precision' does not exist on type 'Function'.
generated/prisma/runtime/index-browser.js(5,13952): error TS2339: Property 'rounding' does not exist on type 'Function'.
generated/prisma/runtime/index-browser.js(5,13994): error TS2351: This expression is not constructable.
  Type 'Function' has no construct signatures.
generated/prisma/runtime/index-browser.js(5,14022): error TS2339: Property 'e' does not exist on type '{ toStringTag: string; }'.
generated/prisma/runtime/index-browser.js(5,14392): error TS2339: Property 'precision' does not exist on type '{ toStringTag: string; }'.
generated/prisma/runtime/index-browser.js(5,14404): error TS2339: Property 'sd' does not exist on type '{ toStringTag: string; }'.
generated/prisma/runtime/index-browser.js(5,14416): error TS7006: Parameter 'e' implicitly has an 'any' type.
generated/prisma/runtime/index-browser.js(5,14495): error TS2339: Property 'd' does not exist on type '{ toStringTag: string; }'.
generated/prisma/runtime/index-browser.js(5,14505): error TS2339: Property 'd' does not exist on type '{ toStringTag: string; }'.
generated/prisma/runtime/index-browser.js(5,14513): error TS2339: Property 'e' does not exist on type '{ toStringTag: string; }'.
generated/prisma/runtime/index-browser.js(5,14525): error TS2339: Property 'e' does not exist on type '{ toStringTag: string; }'.
generated/prisma/runtime/index-browser.js(5,14542): error TS2339: Property 'round' does not exist on type '{ toStringTag: string; }'.
generated/prisma/runtime/index-browser.js(5,14599): error TS2351: This expression is not constructable.
  Type 'Function' has no construct signatures.
generated/prisma/runtime/index-browser.js(5,14606): error TS2339: Property 'e' does not exist on type '{ toStringTag: string; }'.
generated/prisma/runtime/index-browser.js(5,14612): error TS2339: Property 'rounding' does not exist on type 'Function'.
generated/prisma/runtime/index-browser.js(5,14625): error TS2339: Property 'sine' does not exist on type '{ toStringTag: string; }'.
generated/prisma/runtime/index-browser.js(5,14632): error TS2339: Property 'sin' does not exist on type '{ toStringTag: string; }'.
generated/prisma/runtime/index-browser.js(5,14687): error TS2339: Property 'isFinite' does not exist on type '{ toStringTag: string; }'.
generated/prisma/runtime/index-browser.js(5,14700): error TS2339: Property 'isZero' does not exist on type '{ toStringTag: string; }'.
generated/prisma/runtime/index-browser.js(5,14713): error TS2351: This expression is not constructable.
  Type 'Function' has no construct signatures.
generated/prisma/runtime/index-browser.js(5,14723): error TS2339: Property 'precision' does not exist on type 'Function'.
generated/prisma/runtime/index-browser.js(5,14737): error TS2339: Property 'rounding' does not exist on type 'Function'.
generated/prisma/runtime/index-browser.js(5,14748): error TS2339: Property 'precision' does not exist on type 'Function'.
generated/prisma/runtime/index-browser.js(5,14771): error TS2339: Property 'e' does not exist on type '{ toStringTag: string; }'.
generated/prisma/runtime/index-browser.js(5,14775): error TS2339: Property 'sd' does not exist on type '{ toStringTag: string; }'.
generated/prisma/runtime/index-browser.js(5,14785): error TS2339: Property 'rounding' does not exist on type 'Function'.
generated/prisma/runtime/index-browser.js(5,14814): error TS2339: Property 'precision' does not exist on type 'Function'.
generated/prisma/runtime/index-browser.js(5,14828): error TS2339: Property 'rounding' does not exist on type 'Function'.
generated/prisma/runtime/index-browser.js(5,14841): error TS7005: Variable 'Z' implicitly has an 'any' type.
generated/prisma/runtime/index-browser.js(5,14847): error TS2339: Property 'neg' does not exist on type '{ toStringTag: string; }'.
generated/prisma/runtime/index-browser.js(5,14868): error TS2351: This expression is not constructable.
  Type 'Function' has no construct signatures.
generated/prisma/runtime/index-browser.js(5,14878): error TS2339: Property 'squareRoot' does not exist on type '{ toStringTag: string; }'.
generated/prisma/runtime/index-browser.js(5,14891): error TS2339: Property 'sqrt' does not exist on type '{ toStringTag: string; }'.
generated/prisma/runtime/index-browser.js(5,14934): error TS2339: Property 'd' does not exist on type '{ toStringTag: string; }'.
generated/prisma/runtime/index-browser.js(5,14940): error TS2339: Property 'e' does not exist on type '{ toStringTag: string; }'.
generated/prisma/runtime/index-browser.js(5,14946): error TS2339: Property 's' does not exist on type '{ toStringTag: string; }'.
generated/prisma/runtime/index-browser.js(5,14995): error TS2351: This expression is not constructable.
  Type 'Function' has no construct signatures.
generated/prisma/runtime/index-browser.js(5,15116): error TS2345: Argument of type 'string' is not assignable to parameter of type 'number'.
generated/prisma/runtime/index-browser.js(5,15132): error TS2363: The right-hand side of an arithmetic operation must be of type 'any', 'number', 'bigint' or an enum type.
generated/prisma/runtime/index-browser.js(5,15219): error TS2351: This expression is not constructable.
  Type 'Function' has no construct signatures.
generated/prisma/runtime/index-browser.js(5,15231): error TS2351: This expression is not constructable.
  Type 'Function' has no construct signatures.
generated/prisma/runtime/index-browser.js(5,15254): error TS2339: Property 'precision' does not exist on type 'Function'.
generated/prisma/runtime/index-browser.js(5,15559): error TS2339: Property 'rounding' does not exist on type 'Function'.
generated/prisma/runtime/index-browser.js(5,15574): error TS2339: Property 'tangent' does not exist on type '{ toStringTag: string; }'.
generated/prisma/runtime/index-browser.js(5,15584): error TS2339: Property 'tan' does not exist on type '{ toStringTag: string; }'.
generated/prisma/runtime/index-browser.js(5,15639): error TS2339: Property 'isFinite' does not exist on type 'tan'.
generated/prisma/runtime/index-browser.js(5,15652): error TS2339: Property 'isZero' does not exist on type 'tan'.
generated/prisma/runtime/index-browser.js(5,15665): error TS2351: This expression is not constructable.
  Type 'Function' has no construct signatures.
generated/prisma/runtime/index-browser.js(5,15675): error TS2339: Property 'precision' does not exist on type 'Function'.
generated/prisma/runtime/index-browser.js(5,15689): error TS2339: Property 'rounding' does not exist on type 'Function'.
generated/prisma/runtime/index-browser.js(5,15700): error TS2339: Property 'precision' does not exist on type 'Function'.
generated/prisma/runtime/index-browser.js(5,15717): error TS2339: Property 'rounding' does not exist on type 'Function'.
generated/prisma/runtime/index-browser.js(5,15732): error TS2339: Property 'sin' does not exist on type 'tan'.
generated/prisma/runtime/index-browser.js(5,15754): error TS2351: This expression is not constructable.
  Type 'Function' has no construct signatures.
generated/prisma/runtime/index-browser.js(5,15767): error TS2339: Property 'times' does not exist on type 'tan'.
generated/prisma/runtime/index-browser.js(5,15794): error TS2339: Property 'precision' does not exist on type 'Function'.
generated/prisma/runtime/index-browser.js(5,15808): error TS2339: Property 'rounding' does not exist on type 'Function'.
generated/prisma/runtime/index-browser.js(5,15821): error TS7005: Variable 'Z' implicitly has an 'any' type.
generated/prisma/runtime/index-browser.js(5,15827): error TS7005: Variable 'Z' implicitly has an 'any' type.
generated/prisma/runtime/index-browser.js(5,15834): error TS2339: Property 'neg' does not exist on type 'tan'.
generated/prisma/runtime/index-browser.js(5,15855): error TS2351: This expression is not constructable.
  Type 'Function' has no construct signatures.
generated/prisma/runtime/index-browser.js(5,15865): error TS2339: Property 'times' does not exist on type '{ toStringTag: string; }'.
generated/prisma/runtime/index-browser.js(5,15873): error TS2339: Property 'mul' does not exist on type '{ toStringTag: string; }'.
generated/prisma/runtime/index-browser.js(5,15886): error TS7006: Parameter 'e' implicitly has an 'any' type.
generated/prisma/runtime/index-browser.js(5,15938): error TS2339: Property 'd' does not exist on type '{ toStringTag: string; }'.
generated/prisma/runtime/index-browser.js(5,15949): error TS2351: This expression is not constructable.
  Type 'Function' has no construct signatures.
generated/prisma/runtime/index-browser.js(5,15967): error TS2339: Property 's' does not exist on type '{ toStringTag: string; }'.
generated/prisma/runtime/index-browser.js(5,16001): error TS2351: This expression is not constructable.
  Type 'Function' has no construct signatures.
generated/prisma/runtime/index-browser.js(5,16070): error TS2339: Property 'e' does not exist on type '{ toStringTag: string; }'.
generated/prisma/runtime/index-browser.js(5,16205): error TS2532: Object is possibly 'undefined'.
generated/prisma/runtime/index-browser.js(5,16253): error TS2532: Object is possibly 'undefined'.
generated/prisma/runtime/index-browser.js(5,16336): error TS2339: Property 'precision' does not exist on type 'Function'.
generated/prisma/runtime/index-browser.js(5,16348): error TS2339: Property 'rounding' does not exist on type 'Function'.
generated/prisma/runtime/index-browser.js(5,16363): error TS2339: Property 'toBinary' does not exist on type '{ toStringTag: string; }'.
generated/prisma/runtime/index-browser.js(5,16381): error TS7006: Parameter 'e' implicitly has an 'any' type.
generated/prisma/runtime/index-browser.js(5,16383): error TS7006: Parameter 'n' implicitly has an 'any' type.
generated/prisma/runtime/index-browser.js(5,16411): error TS2339: Property 'toDecimalPlaces' does not exist on type '{ toStringTag: string; }'.
generated/prisma/runtime/index-browser.js(5,16429): error TS2339: Property 'toDP' does not exist on type '{ toStringTag: string; }'.
generated/prisma/runtime/index-browser.js(5,16443): error TS7006: Parameter 'e' implicitly has an 'any' type.
generated/prisma/runtime/index-browser.js(5,16445): error TS7006: Parameter 'n' implicitly has an 'any' type.
generated/prisma/runtime/index-browser.js(5,16488): error TS2351: This expression is not constructable.
  Type 'Function' has no construct signatures.
generated/prisma/runtime/index-browser.js(5,16531): error TS2339: Property 'rounding' does not exist on type 'Function'.
generated/prisma/runtime/index-browser.js(5,16557): error TS2339: Property 'e' does not exist on type '{ toStringTag: string; }'.
generated/prisma/runtime/index-browser.js(5,16568): error TS2339: Property 'toExponential' does not exist on type '{ toStringTag: string; }'.
generated/prisma/runtime/index-browser.js(5,16591): error TS7006: Parameter 'e' implicitly has an 'any' type.
generated/prisma/runtime/index-browser.js(5,16593): error TS7006: Parameter 'n' implicitly has an 'any' type.
generated/prisma/runtime/index-browser.js(5,16678): error TS2339: Property 'rounding' does not exist on type 'Function'.
generated/prisma/runtime/index-browser.js(5,16704): error TS2351: This expression is not constructable.
  Type 'Function' has no construct signatures.
generated/prisma/runtime/index-browser.js(5,16733): error TS2339: Property 'isNeg' does not exist on type '{ toStringTag: string; }'.
generated/prisma/runtime/index-browser.js(5,16745): error TS2339: Property 'isZero' does not exist on type '{ toStringTag: string; }'.
generated/prisma/runtime/index-browser.js(5,16765): error TS2339: Property 'toFixed' does not exist on type '{ toStringTag: string; }'.
generated/prisma/runtime/index-browser.js(5,16782): error TS7006: Parameter 'e' implicitly has an 'any' type.
generated/prisma/runtime/index-browser.js(5,16784): error TS7006: Parameter 'n' implicitly has an 'any' type.
generated/prisma/runtime/index-browser.js(5,16868): error TS2339: Property 'rounding' does not exist on type 'Function'.
generated/prisma/runtime/index-browser.js(5,16894): error TS2351: This expression is not constructable.
  Type 'Function' has no construct signatures.
generated/prisma/runtime/index-browser.js(5,16903): error TS2339: Property 'e' does not exist on type '{ toStringTag: string; }'.
generated/prisma/runtime/index-browser.js(5,16931): error TS2339: Property 'isNeg' does not exist on type '{ toStringTag: string; }'.
generated/prisma/runtime/index-browser.js(5,16943): error TS2339: Property 'isZero' does not exist on type '{ toStringTag: string; }'.
generated/prisma/runtime/index-browser.js(5,16963): error TS2339: Property 'toFraction' does not exist on type '{ toStringTag: string; }'.
generated/prisma/runtime/index-browser.js(5,16983): error TS7006: Parameter 'e' implicitly has an 'any' type.
generated/prisma/runtime/index-browser.js(5,17025): error TS2339: Property 'd' does not exist on type '{ toStringTag: string; }'.
generated/prisma/runtime/index-browser.js(5,17060): error TS2351: This expression is not constructable.
  Type 'Function' has no construct signatures.
generated/prisma/runtime/index-browser.js(5,17076): error TS2351: This expression is not constructable.
  Type 'Function' has no construct signatures.
generated/prisma/runtime/index-browser.js(5,17089): error TS2351: This expression is not constructable.
  Type 'Function' has no construct signatures.
generated/prisma/runtime/index-browser.js(5,17100): error TS2351: This expression is not constructable.
  Type 'Function' has no construct signatures.
generated/prisma/runtime/index-browser.js(5,17119): error TS2339: Property 'e' does not exist on type '{ toStringTag: string; }'.
generated/prisma/runtime/index-browser.js(5,17184): error TS2351: This expression is not constructable.
  Type 'Function' has no construct signatures.
generated/prisma/runtime/index-browser.js(5,17261): error TS2351: This expression is not constructable.
  Type 'Function' has no construct signatures.
generated/prisma/runtime/index-browser.js(5,17273): error TS2339: Property 'precision' does not exist on type 'Function'.
generated/prisma/runtime/index-browser.js(5,17285): error TS2339: Property 'precision' does not exist on type 'Function'.
generated/prisma/runtime/index-browser.js(5,17509): error TS2339: Property 's' does not exist on type '{ toStringTag: string; }'.
generated/prisma/runtime/index-browser.js(5,17586): error TS2339: Property 'precision' does not exist on type 'Function'.
generated/prisma/runtime/index-browser.js(5,17608): error TS2339: Property 'toHexadecimal' does not exist on type '{ toStringTag: string; }'.
generated/prisma/runtime/index-browser.js(5,17624): error TS2339: Property 'toHex' does not exist on type '{ toStringTag: string; }'.
generated/prisma/runtime/index-browser.js(5,17639): error TS7006: Parameter 'e' implicitly has an 'any' type.
generated/prisma/runtime/index-browser.js(5,17641): error TS7006: Parameter 'n' implicitly has an 'any' type.
generated/prisma/runtime/index-browser.js(5,17670): error TS2339: Property 'toNearest' does not exist on type '{ toStringTag: string; }'.
generated/prisma/runtime/index-browser.js(5,17689): error TS7006: Parameter 'e' implicitly has an 'any' type.
generated/prisma/runtime/index-browser.js(5,17691): error TS7006: Parameter 'n' implicitly has an 'any' type.
generated/prisma/runtime/index-browser.js(5,17730): error TS2351: This expression is not constructable.
  Type 'Function' has no construct signatures.
generated/prisma/runtime/index-browser.js(5,17750): error TS2339: Property 'd' does not exist on type '{ toStringTag: string; }'.
generated/prisma/runtime/index-browser.js(5,17767): error TS2351: This expression is not constructable.
  Type 'Function' has no construct signatures.
generated/prisma/runtime/index-browser.js(5,17776): error TS2339: Property 'rounding' does not exist on type 'Function'.
generated/prisma/runtime/index-browser.js(5,17799): error TS2351: This expression is not constructable.
  Type 'Function' has no construct signatures.
generated/prisma/runtime/index-browser.js(5,17819): error TS2339: Property 'rounding' does not exist on type 'Function'.
generated/prisma/runtime/index-browser.js(5,17840): error TS2339: Property 'd' does not exist on type '{ toStringTag: string; }'.
generated/prisma/runtime/index-browser.js(5,17884): error TS2339: Property 's' does not exist on type '{ toStringTag: string; }'.
generated/prisma/runtime/index-browser.js(5,17951): error TS2339: Property 's' does not exist on type '{ toStringTag: string; }'.
generated/prisma/runtime/index-browser.js(5,17963): error TS2339: Property 'toNumber' does not exist on type '{ toStringTag: string; }'.
generated/prisma/runtime/index-browser.js(5,17998): error TS2339: Property 'toOctal' does not exist on type '{ toStringTag: string; }'.
generated/prisma/runtime/index-browser.js(5,18015): error TS7006: Parameter 'e' implicitly has an 'any' type.
generated/prisma/runtime/index-browser.js(5,18017): error TS7006: Parameter 'n' implicitly has an 'any' type.
generated/prisma/runtime/index-browser.js(5,18045): error TS2339: Property 'toPower' does not exist on type '{ toStringTag: string; }'.
generated/prisma/runtime/index-browser.js(5,18055): error TS2339: Property 'pow' does not exist on type '{ toStringTag: string; }'.
generated/prisma/runtime/index-browser.js(5,18068): error TS7006: Parameter 'e' implicitly has an 'any' type.
generated/prisma/runtime/index-browser.js(5,18085): error TS7034: Variable 'o' implicitly has type 'any' in some locations where its type cannot be determined.
generated/prisma/runtime/index-browser.js(5,18120): error TS2351: This expression is not constructable.
  Type 'Function' has no construct signatures.
generated/prisma/runtime/index-browser.js(5,18132): error TS2339: Property 'd' does not exist on type 'pow'.
generated/prisma/runtime/index-browser.js(5,18144): error TS2339: Property 'd' does not exist on type 'pow'.
generated/prisma/runtime/index-browser.js(5,18169): error TS2351: This expression is not constructable.
  Type 'Function' has no construct signatures.
generated/prisma/runtime/index-browser.js(5,18189): error TS2351: This expression is not constructable.
  Type 'Function' has no construct signatures.
generated/prisma/runtime/index-browser.js(5,18196): error TS2339: Property 'eq' does not exist on type 'pow'.
generated/prisma/runtime/index-browser.js(5,18218): error TS2339: Property 'precision' does not exist on type 'Function'.
generated/prisma/runtime/index-browser.js(5,18232): error TS2339: Property 'rounding' does not exist on type 'Function'.
generated/prisma/runtime/index-browser.js(5,18344): error TS2351: This expression is not constructable.
  Type 'Function' has no construct signatures.
generated/prisma/runtime/index-browser.js(5,18374): error TS7005: Variable 'o' implicitly has an 'any' type.
generated/prisma/runtime/index-browser.js(5,18408): error TS2351: This expression is not constructable.
  Type 'Function' has no construct signatures.
generated/prisma/runtime/index-browser.js(5,18441): error TS2339: Property 'e' does not exist on type 'pow'.
generated/prisma/runtime/index-browser.js(5,18449): error TS2339: Property 'd' does not exist on type 'pow'.
generated/prisma/runtime/index-browser.js(5,18460): error TS2339: Property 'd' does not exist on type 'pow'.
generated/prisma/runtime/index-browser.js(5,18539): error TS2345: Argument of type 'string' is not assignable to parameter of type 'number'.
generated/prisma/runtime/index-browser.js(5,18548): error TS2339: Property 'd' does not exist on type 'pow'.
generated/prisma/runtime/index-browser.js(5,18564): error TS2339: Property 'e' does not exist on type 'pow'.
generated/prisma/runtime/index-browser.js(5,18574): error TS2351: This expression is not constructable.
  Type 'Function' has no construct signatures.
generated/prisma/runtime/index-browser.js(5,18588): error TS2339: Property 'maxE' does not exist on type 'Function'.
generated/prisma/runtime/index-browser.js(5,18600): error TS2339: Property 'minE' does not exist on type 'Function'.
generated/prisma/runtime/index-browser.js(5,18611): error TS2351: This expression is not constructable.
  Type 'Function' has no construct signatures.
generated/prisma/runtime/index-browser.js(5,18632): error TS2339: Property 'rounding' does not exist on type 'Function'.
generated/prisma/runtime/index-browser.js(5,18839): error TS2339: Property 'rounding' does not exist on type 'Function'.
generated/prisma/runtime/index-browser.js(5,18863): error TS2339: Property 'toPrecision' does not exist on type '{ toStringTag: string; }'.
generated/prisma/runtime/index-browser.js(5,18884): error TS7006: Parameter 'e' implicitly has an 'any' type.
generated/prisma/runtime/index-browser.js(5,18886): error TS7006: Parameter 'n' implicitly has an 'any' type.
generated/prisma/runtime/index-browser.js(5,18944): error TS2339: Property 'e' does not exist on type '{ toStringTag: string; }'.
generated/prisma/runtime/index-browser.js(5,18949): error TS2339: Property 'toExpNeg' does not exist on type 'Function'.
generated/prisma/runtime/index-browser.js(5,18961): error TS2339: Property 'e' does not exist on type '{ toStringTag: string; }'.
generated/prisma/runtime/index-browser.js(5,18966): error TS2339: Property 'toExpPos' does not exist on type 'Function'.
generated/prisma/runtime/index-browser.js(5,19001): error TS2339: Property 'rounding' does not exist on type 'Function'.
generated/prisma/runtime/index-browser.js(5,19027): error TS2351: This expression is not constructable.
  Type 'Function' has no construct signatures.
generated/prisma/runtime/index-browser.js(5,19048): error TS2339: Property 'e' does not exist on type '{ toStringTag: string; }'.
generated/prisma/runtime/index-browser.js(5,19053): error TS2339: Property 'e' does not exist on type '{ toStringTag: string; }'.
generated/prisma/runtime/index-browser.js(5,19058): error TS2339: Property 'toExpNeg' does not exist on type 'Function'.
generated/prisma/runtime/index-browser.js(5,19073): error TS2339: Property 'isNeg' does not exist on type '{ toStringTag: string; }'.
generated/prisma/runtime/index-browser.js(5,19085): error TS2339: Property 'isZero' does not exist on type '{ toStringTag: string; }'.
generated/prisma/runtime/index-browser.js(5,19105): error TS2339: Property 'toSignificantDigits' does not exist on type '{ toStringTag: string; }'.
generated/prisma/runtime/index-browser.js(5,19127): error TS2339: Property 'toSD' does not exist on type '{ toStringTag: string; }'.
generated/prisma/runtime/index-browser.js(5,19141): error TS7006: Parameter 'e' implicitly has an 'any' type.
generated/prisma/runtime/index-browser.js(5,19143): error TS7006: Parameter 'n' implicitly has an 'any' type.
generated/prisma/runtime/index-browser.js(5,19196): error TS2339: Property 'precision' does not exist on type 'Function'.
generated/prisma/runtime/index-browser.js(5,19210): error TS2339: Property 'rounding' does not exist on type 'Function'.
generated/prisma/runtime/index-browser.js(5,19245): error TS2339: Property 'rounding' does not exist on type 'Function'.
generated/prisma/runtime/index-browser.js(5,19270): error TS2351: This expression is not constructable.
  Type 'Function' has no construct signatures.
generated/prisma/runtime/index-browser.js(5,19338): error TS2339: Property 'e' does not exist on type '{ toStringTag: string; }'.
generated/prisma/runtime/index-browser.js(5,19343): error TS2339: Property 'toExpNeg' does not exist on type 'Function'.
generated/prisma/runtime/index-browser.js(5,19355): error TS2339: Property 'e' does not exist on type '{ toStringTag: string; }'.
generated/prisma/runtime/index-browser.js(5,19360): error TS2339: Property 'toExpPos' does not exist on type 'Function'.
generated/prisma/runtime/index-browser.js(5,19379): error TS2339: Property 'isNeg' does not exist on type '{ toStringTag: string; }'.
generated/prisma/runtime/index-browser.js(5,19391): error TS2339: Property 'isZero' does not exist on type '{ toStringTag: string; }'.
generated/prisma/runtime/index-browser.js(5,19411): error TS2339: Property 'truncated' does not exist on type '{ toStringTag: string; }'.
generated/prisma/runtime/index-browser.js(5,19423): error TS2339: Property 'trunc' does not exist on type '{ toStringTag: string; }'.
generated/prisma/runtime/index-browser.js(5,19453): error TS2351: This expression is not constructable.
  Type 'Function' has no construct signatures.
generated/prisma/runtime/index-browser.js(5,19481): error TS2339: Property 'e' does not exist on type '{ toStringTag: string; }'.
generated/prisma/runtime/index-browser.js(5,19501): error TS2339: Property 'toJSON' does not exist on type '{ toStringTag: string; }'.
generated/prisma/runtime/index-browser.js(5,19554): error TS2339: Property 'e' does not exist on type '{ toStringTag: string; }'.
generated/prisma/runtime/index-browser.js(5,19559): error TS2339: Property 'toExpNeg' does not exist on type 'Function'.
generated/prisma/runtime/index-browser.js(5,19571): error TS2339: Property 'e' does not exist on type '{ toStringTag: string; }'.
generated/prisma/runtime/index-browser.js(5,19576): error TS2339: Property 'toExpPos' does not exist on type 'Function'.
generated/prisma/runtime/index-browser.js(5,19595): error TS2339: Property 'isNeg' does not exist on type '{ toStringTag: string; }'.
generated/prisma/runtime/index-browser.js(5,19623): error TS7006: Parameter 'e' implicitly has an 'any' type.
generated/prisma/runtime/index-browser.js(5,19838): error TS7006: Parameter 'e' implicitly has an 'any' type.
generated/prisma/runtime/index-browser.js(5,19840): error TS7006: Parameter 'n' implicitly has an 'any' type.
generated/prisma/runtime/index-browser.js(5,19842): error TS7006: Parameter 'i' implicitly has an 'any' type.
generated/prisma/runtime/index-browser.js(5,19894): error TS7006: Parameter 'e' implicitly has an 'any' type.
generated/prisma/runtime/index-browser.js(5,19896): error TS7006: Parameter 'n' implicitly has an 'any' type.
generated/prisma/runtime/index-browser.js(5,19898): error TS7006: Parameter 'i' implicitly has an 'any' type.
generated/prisma/runtime/index-browser.js(5,19900): error TS7006: Parameter 't' implicitly has an 'any' type.
generated/prisma/runtime/index-browser.js(5,20382): error TS7006: Parameter 'e' implicitly has an 'any' type.
generated/prisma/runtime/index-browser.js(5,20384): error TS7006: Parameter 'n' implicitly has an 'any' type.
generated/prisma/runtime/index-browser.js(5,20386): error TS7006: Parameter 'i' implicitly has an 'any' type.
generated/prisma/runtime/index-browser.js(5,20448): error TS2532: Object is possibly 'undefined'.
generated/prisma/runtime/index-browser.js(5,20460): error TS2532: Object is possibly 'undefined'.
generated/prisma/runtime/index-browser.js(5,20511): error TS2532: Object is possibly 'undefined'.
generated/prisma/runtime/index-browser.js(5,20550): error TS2532: Object is possibly 'undefined'.
generated/prisma/runtime/index-browser.js(5,20558): error TS2532: Object is possibly 'undefined'.
generated/prisma/runtime/index-browser.js(5,20567): error TS2532: Object is possibly 'undefined'.
generated/prisma/runtime/index-browser.js(5,20607): error TS7006: Parameter 'e' implicitly has an 'any' type.
generated/prisma/runtime/index-browser.js(5,20609): error TS7006: Parameter 'n' implicitly has an 'any' type.
generated/prisma/runtime/index-browser.js(5,20917): error TS7006: Parameter 't' implicitly has an 'any' type.
generated/prisma/runtime/index-browser.js(5,20919): error TS7006: Parameter 'r' implicitly has an 'any' type.
generated/prisma/runtime/index-browser.js(5,20921): error TS7006: Parameter 's' implicitly has an 'any' type.
generated/prisma/runtime/index-browser.js(5,21032): error TS7006: Parameter 't' implicitly has an 'any' type.
generated/prisma/runtime/index-browser.js(5,21034): error TS7006: Parameter 'r' implicitly has an 'any' type.
generated/prisma/runtime/index-browser.js(5,21036): error TS7006: Parameter 's' implicitly has an 'any' type.
generated/prisma/runtime/index-browser.js(5,21038): error TS7006: Parameter 'o' implicitly has an 'any' type.
generated/prisma/runtime/index-browser.js(5,21149): error TS7006: Parameter 't' implicitly has an 'any' type.
generated/prisma/runtime/index-browser.js(5,21151): error TS7006: Parameter 'r' implicitly has an 'any' type.
generated/prisma/runtime/index-browser.js(5,21153): error TS7006: Parameter 's' implicitly has an 'any' type.
generated/prisma/runtime/index-browser.js(5,21155): error TS7006: Parameter 'o' implicitly has an 'any' type.
generated/prisma/runtime/index-browser.js(5,21268): error TS7006: Parameter 't' implicitly has an 'any' type.
generated/prisma/runtime/index-browser.js(5,21270): error TS7006: Parameter 'r' implicitly has an 'any' type.
generated/prisma/runtime/index-browser.js(5,21272): error TS7006: Parameter 's' implicitly has an 'any' type.
generated/prisma/runtime/index-browser.js(5,21274): error TS7006: Parameter 'o' implicitly has an 'any' type.
generated/prisma/runtime/index-browser.js(5,21276): error TS7006: Parameter 'u' implicitly has an 'any' type.
generated/prisma/runtime/index-browser.js(5,21278): error TS7006: Parameter 'c' implicitly has an 'any' type.
generated/prisma/runtime/index-browser.js(5,21692): error TS2345: Argument of type '1' is not assignable to parameter of type 'never'.
generated/prisma/runtime/index-browser.js(5,21782): error TS2322: Type 'number' is not assignable to type 'never'.
generated/prisma/runtime/index-browser.js(5,22300): error TS2322: Type 'number' is not assignable to type 'never'.
generated/prisma/runtime/index-browser.js(5,22453): error TS18048: 'd' is possibly 'undefined'.
generated/prisma/runtime/index-browser.js(5,22459): error TS18048: 'd' is possibly 'undefined'.
generated/prisma/runtime/index-browser.js(5,22526): error TS7006: Parameter 'e' implicitly has an 'any' type.
generated/prisma/runtime/index-browser.js(5,22528): error TS7006: Parameter 'n' implicitly has an 'any' type.
generated/prisma/runtime/index-browser.js(5,22530): error TS7006: Parameter 'i' implicitly has an 'any' type.
generated/prisma/runtime/index-browser.js(5,22532): error TS7006: Parameter 't' implicitly has an 'any' type.
generated/prisma/runtime/index-browser.js(5,23509): error TS7006: Parameter 'e' implicitly has an 'any' type.
generated/prisma/runtime/index-browser.js(5,23511): error TS7006: Parameter 'n' implicitly has an 'any' type.
generated/prisma/runtime/index-browser.js(5,23513): error TS7006: Parameter 'i' implicitly has an 'any' type.
generated/prisma/runtime/index-browser.js(5,23895): error TS7006: Parameter 'e' implicitly has an 'any' type.
generated/prisma/runtime/index-browser.js(5,23897): error TS7006: Parameter 'n' implicitly has an 'any' type.
generated/prisma/runtime/index-browser.js(5,23957): error TS7006: Parameter 'e' implicitly has an 'any' type.
generated/prisma/runtime/index-browser.js(5,23959): error TS7006: Parameter 'n' implicitly has an 'any' type.
generated/prisma/runtime/index-browser.js(5,23961): error TS7006: Parameter 'i' implicitly has an 'any' type.
generated/prisma/runtime/index-browser.js(5,24050): error TS7006: Parameter 'e' implicitly has an 'any' type.
generated/prisma/runtime/index-browser.js(5,24052): error TS7006: Parameter 'n' implicitly has an 'any' type.
generated/prisma/runtime/index-browser.js(5,24054): error TS7006: Parameter 'i' implicitly has an 'any' type.
generated/prisma/runtime/index-browser.js(5,24120): error TS7006: Parameter 'e' implicitly has an 'any' type.
generated/prisma/runtime/index-browser.js(5,24231): error TS7006: Parameter 'e' implicitly has an 'any' type.
generated/prisma/runtime/index-browser.js(5,24280): error TS7006: Parameter 'e' implicitly has an 'any' type.
generated/prisma/runtime/index-browser.js(5,24282): error TS7006: Parameter 'n' implicitly has an 'any' type.
generated/prisma/runtime/index-browser.js(5,24284): error TS7006: Parameter 'i' implicitly has an 'any' type.
generated/prisma/runtime/index-browser.js(5,24286): error TS7006: Parameter 't' implicitly has an 'any' type.
generated/prisma/runtime/index-browser.js(5,24488): error TS7006: Parameter 'e' implicitly has an 'any' type.
generated/prisma/runtime/index-browser.js(5,24530): error TS7006: Parameter 'e' implicitly has an 'any' type.
generated/prisma/runtime/index-browser.js(5,24532): error TS7006: Parameter 'n' implicitly has an 'any' type.
generated/prisma/runtime/index-browser.js(5,24534): error TS7006: Parameter 'i' implicitly has an 'any' type.
generated/prisma/runtime/index-browser.js(5,24678): error TS7006: Parameter 'e' implicitly has an 'any' type.
generated/prisma/runtime/index-browser.js(5,24680): error TS7006: Parameter 'n' implicitly has an 'any' type.
generated/prisma/runtime/index-browser.js(5,25269): error TS7023: 'B' implicitly has return type 'any' because it does not have a return type annotation and is referenced directly or indirectly in one of its return expressions.
generated/prisma/runtime/index-browser.js(5,25271): error TS7006: Parameter 'e' implicitly has an 'any' type.
generated/prisma/runtime/index-browser.js(5,25273): error TS7006: Parameter 'n' implicitly has an 'any' type.
generated/prisma/runtime/index-browser.js(5,25549): error TS2365: Operator '<' cannot be applied to types 'string' and 'number'.
generated/prisma/runtime/index-browser.js(5,25554): error TS2367: This comparison appears to be unintentional because the types 'string' and 'number' have no overlap.
generated/prisma/runtime/index-browser.js(5,25560): error TS2367: This comparison appears to be unintentional because the types 'string' and 'number' have no overlap.
generated/prisma/runtime/index-browser.js(5,25566): error TS2365: Operator '>' cannot be applied to types 'string' and 'number'.
generated/prisma/runtime/index-browser.js(5,25627): error TS2365: Operator '>' cannot be applied to types 'string' and 'number'.
generated/prisma/runtime/index-browser.js(5,26224): error TS7006: Parameter 'e' implicitly has an 'any' type.
generated/prisma/runtime/index-browser.js(5,26264): error TS7006: Parameter 'e' implicitly has an 'any' type.
generated/prisma/runtime/index-browser.js(5,26266): error TS7006: Parameter 'n' implicitly has an 'any' type.
generated/prisma/runtime/index-browser.js(5,26825): error TS7006: Parameter 'e' implicitly has an 'any' type.
generated/prisma/runtime/index-browser.js(5,26827): error TS7006: Parameter 'n' implicitly has an 'any' type.
generated/prisma/runtime/index-browser.js(5,27479): error TS7006: Parameter 'e' implicitly has an 'any' type.
generated/prisma/runtime/index-browser.js(5,27481): error TS7006: Parameter 'n' implicitly has an 'any' type.
generated/prisma/runtime/index-browser.js(5,27739): error TS7006: Parameter 'e' implicitly has an 'any' type.
generated/prisma/runtime/index-browser.js(5,27741): error TS7006: Parameter 'n' implicitly has an 'any' type.
generated/prisma/runtime/index-browser.js(5,27743): error TS7006: Parameter 'i' implicitly has an 'any' type.
generated/prisma/runtime/index-browser.js(5,27745): error TS7006: Parameter 't' implicitly has an 'any' type.
generated/prisma/runtime/index-browser.js(5,27747): error TS7006: Parameter 'r' implicitly has an 'any' type.
generated/prisma/runtime/index-browser.js(5,28067): error TS7006: Parameter 'e' implicitly has an 'any' type.
generated/prisma/runtime/index-browser.js(5,28069): error TS7006: Parameter 'n' implicitly has an 'any' type.
generated/prisma/runtime/index-browser.js(5,28115): error TS7006: Parameter 'e' implicitly has an 'any' type.
generated/prisma/runtime/index-browser.js(5,28117): error TS7006: Parameter 'n' implicitly has an 'any' type.
generated/prisma/runtime/index-browser.js(5,28370): error TS7006: Parameter 'e' implicitly has an 'any' type.
generated/prisma/runtime/index-browser.js(5,28372): error TS7006: Parameter 'n' implicitly has an 'any' type.
generated/prisma/runtime/index-browser.js(5,28374): error TS7006: Parameter 'i' implicitly has an 'any' type.
generated/prisma/runtime/index-browser.js(5,28376): error TS7006: Parameter 't' implicitly has an 'any' type.
generated/prisma/runtime/index-browser.js(5,28832): error TS7005: Variable 'Le' implicitly has an 'any' type.
generated/prisma/runtime/index-browser.js(5,29244): error TS2345: Argument of type 'number | undefined' is not assignable to parameter of type 'number'.
  Type 'undefined' is not assignable to type 'number'.
generated/prisma/runtime/index-browser.js(5,29495): error TS7006: Parameter 'e' implicitly has an 'any' type.
generated/prisma/runtime/index-browser.js(5,29497): error TS7006: Parameter 'n' implicitly has an 'any' type.
generated/prisma/runtime/index-browser.js(5,29547): error TS7006: Parameter 'e' implicitly has an 'any' type.
generated/prisma/runtime/index-browser.js(5,29561): error TS2683: 'this' implicitly has type 'any' because it does not have a type annotation.
generated/prisma/runtime/index-browser.js(5,29587): error TS7006: Parameter 'e' implicitly has an 'any' type.
generated/prisma/runtime/index-browser.js(5,29601): error TS2683: 'this' implicitly has type 'any' because it does not have a type annotation.
generated/prisma/runtime/index-browser.js(5,29628): error TS7006: Parameter 'e' implicitly has an 'any' type.
generated/prisma/runtime/index-browser.js(5,29642): error TS2683: 'this' implicitly has type 'any' because it does not have a type annotation.
generated/prisma/runtime/index-browser.js(5,29670): error TS7006: Parameter 'e' implicitly has an 'any' type.
generated/prisma/runtime/index-browser.js(5,29672): error TS7006: Parameter 'n' implicitly has an 'any' type.
generated/prisma/runtime/index-browser.js(5,29686): error TS2683: 'this' implicitly has type 'any' because it does not have a type annotation.
generated/prisma/runtime/index-browser.js(5,29714): error TS7006: Parameter 'e' implicitly has an 'any' type.
generated/prisma/runtime/index-browser.js(5,29728): error TS2683: 'this' implicitly has type 'any' because it does not have a type annotation.
generated/prisma/runtime/index-browser.js(5,29755): error TS7006: Parameter 'e' implicitly has an 'any' type.
generated/prisma/runtime/index-browser.js(5,29769): error TS2683: 'this' implicitly has type 'any' because it does not have a type annotation.
generated/prisma/runtime/index-browser.js(5,29797): error TS7006: Parameter 'e' implicitly has an 'any' type.
generated/prisma/runtime/index-browser.js(5,29811): error TS2683: 'this' implicitly has type 'any' because it does not have a type annotation.
generated/prisma/runtime/index-browser.js(5,29838): error TS7006: Parameter 'e' implicitly has an 'any' type.
generated/prisma/runtime/index-browser.js(5,29852): error TS2683: 'this' implicitly has type 'any' because it does not have a type annotation.
generated/prisma/runtime/index-browser.js(5,29880): error TS7006: Parameter 'e' implicitly has an 'any' type.
generated/prisma/runtime/index-browser.js(5,29882): error TS7006: Parameter 'n' implicitly has an 'any' type.
generated/prisma/runtime/index-browser.js(5,29891): error TS2351: This expression is not constructable.
  Type 'bn' has no construct signatures.
generated/prisma/runtime/index-browser.js(5,29905): error TS2351: This expression is not constructable.
  Type 'bn' has no construct signatures.
generated/prisma/runtime/index-browser.js(5,29954): error TS18048: 't' is possibly 'undefined'.
generated/prisma/runtime/index-browser.js(5,29981): error TS2351: This expression is not constructable.
  Type 'bn' has no construct signatures.
generated/prisma/runtime/index-browser.js(5,30089): error TS2351: This expression is not constructable.
  Type 'bn' has no construct signatures.
generated/prisma/runtime/index-browser.js(5,30204): error TS2339: Property 'atan' does not exist on type 'bn'.
generated/prisma/runtime/index-browser.js(5,30305): error TS2339: Property 'atan' does not exist on type 'bn'.
generated/prisma/runtime/index-browser.js(5,30336): error TS7006: Parameter 'e' implicitly has an 'any' type.
generated/prisma/runtime/index-browser.js(5,30350): error TS2683: 'this' implicitly has type 'any' because it does not have a type annotation.
generated/prisma/runtime/index-browser.js(5,30377): error TS7006: Parameter 'e' implicitly has an 'any' type.
generated/prisma/runtime/index-browser.js(5,30395): error TS2683: 'this' implicitly has type 'any' because it does not have a type annotation.
generated/prisma/runtime/index-browser.js(5,30424): error TS7006: Parameter 'e' implicitly has an 'any' type.
generated/prisma/runtime/index-browser.js(5,30426): error TS7006: Parameter 'n' implicitly has an 'any' type.
generated/prisma/runtime/index-browser.js(5,30428): error TS7006: Parameter 'i' implicitly has an 'any' type.
generated/prisma/runtime/index-browser.js(5,30442): error TS2683: 'this' implicitly has type 'any' because it does not have a type annotation.
generated/prisma/runtime/index-browser.js(5,30473): error TS7006: Parameter 'e' implicitly has an 'any' type.
generated/prisma/runtime/index-browser.js(5,30709): error TS2538: Type 'undefined' cannot be used as an index type.
generated/prisma/runtime/index-browser.js(5,30715): error TS2538: Type 'undefined' cannot be used as an index type.
generated/prisma/runtime/index-browser.js(5,30724): error TS2538: Type 'undefined' cannot be used as an index type.
generated/prisma/runtime/index-browser.js(5,30753): error TS2532: Object is possibly 'undefined'.
generated/prisma/runtime/index-browser.js(5,30764): error TS2532: Object is possibly 'undefined'.
generated/prisma/runtime/index-browser.js(5,30776): error TS2538: Type 'undefined' cannot be used as an index type.
generated/prisma/runtime/index-browser.js(5,30828): error TS7053: Element implicitly has an 'any' type because expression of type 'string' can't be used to index type 'An'.
  No index signature with a parameter of type 'string' was found on type 'An'.
generated/prisma/runtime/index-browser.js(5,30836): error TS7053: Element implicitly has an 'any' type because expression of type 'string' can't be used to index type '{ precision: number; rounding: number; modulo: number; toExpNeg: number; toExpPos: number; minE: number; maxE: number; crypto: boolean; }'.
  No index signature with a parameter of type 'string' was found on type '{ precision: number; rounding: number; modulo: number; toExpNeg: number; toExpPos: number; minE: number; maxE: number; crypto: boolean; }'.
generated/prisma/runtime/index-browser.js(5,30929): error TS2774: This condition will always return true since this function is always defined. Did you mean to call it instead?
generated/prisma/runtime/index-browser.js(5,30960): error TS2339: Property 'randomBytes' does not exist on type 'Crypto'.
generated/prisma/runtime/index-browser.js(5,30973): error TS7053: Element implicitly has an 'any' type because expression of type 'string' can't be used to index type 'An'.
  No index signature with a parameter of type 'string' was found on type 'An'.
generated/prisma/runtime/index-browser.js(5,31010): error TS7053: Element implicitly has an 'any' type because expression of type 'string' can't be used to index type 'An'.
  No index signature with a parameter of type 'string' was found on type 'An'.
generated/prisma/runtime/index-browser.js(5,31074): error TS7006: Parameter 'e' implicitly has an 'any' type.
generated/prisma/runtime/index-browser.js(5,31088): error TS2683: 'this' implicitly has type 'any' because it does not have a type annotation.
generated/prisma/runtime/index-browser.js(5,31114): error TS7006: Parameter 'e' implicitly has an 'any' type.
generated/prisma/runtime/index-browser.js(5,31128): error TS2683: 'this' implicitly has type 'any' because it does not have a type annotation.
generated/prisma/runtime/index-browser.js(5,31155): error TS7006: Parameter 'e' implicitly has an 'any' type.
generated/prisma/runtime/index-browser.js(5,31179): error TS7006: Parameter 's' implicitly has an 'any' type.
generated/prisma/runtime/index-browser.js(5,31284): error TS2551: Property 'maxE' does not exist on type 'typeof r'. Did you mean 'max'?
generated/prisma/runtime/index-browser.js(5,31292): error TS2339: Property 'e' does not exist on type 'this & { toStringTag: string; }'.
generated/prisma/runtime/index-browser.js(5,31300): error TS2339: Property 'd' does not exist on type 'this & { toStringTag: string; }'.
generated/prisma/runtime/index-browser.js(5,31314): error TS2551: Property 'minE' does not exist on type 'typeof r'. Did you mean 'min'?
generated/prisma/runtime/index-browser.js(5,31322): error TS2339: Property 'e' does not exist on type 'this & { toStringTag: string; }'.
generated/prisma/runtime/index-browser.js(5,31328): error TS2339: Property 'd' does not exist on type 'this & { toStringTag: string; }'.
generated/prisma/runtime/index-browser.js(5,31338): error TS2339: Property 'e' does not exist on type 'this & { toStringTag: string; }'.
generated/prisma/runtime/index-browser.js(5,31346): error TS2339: Property 'd' does not exist on type 'this & { toStringTag: string; }'.
generated/prisma/runtime/index-browser.js(5,31364): error TS2339: Property 'e' does not exist on type 'this & { toStringTag: string; }'.
generated/prisma/runtime/index-browser.js(5,31372): error TS2339: Property 'd' does not exist on type 'this & { toStringTag: string; }'.
generated/prisma/runtime/index-browser.js(5,31457): error TS2339: Property 'e' does not exist on type 'this & { toStringTag: string; }'.
generated/prisma/runtime/index-browser.js(5,31463): error TS2339: Property 'd' does not exist on type 'this & { toStringTag: string; }'.
generated/prisma/runtime/index-browser.js(5,31553): error TS2551: Property 'maxE' does not exist on type 'typeof r'. Did you mean 'max'?
generated/prisma/runtime/index-browser.js(5,31561): error TS2339: Property 'e' does not exist on type 'this & { toStringTag: string; }'.
generated/prisma/runtime/index-browser.js(5,31569): error TS2339: Property 'd' does not exist on type 'this & { toStringTag: string; }'.
generated/prisma/runtime/index-browser.js(5,31581): error TS2551: Property 'minE' does not exist on type 'typeof r'. Did you mean 'min'?
generated/prisma/runtime/index-browser.js(5,31589): error TS2339: Property 'e' does not exist on type 'this & { toStringTag: string; }'.
generated/prisma/runtime/index-browser.js(5,31595): error TS2339: Property 'd' does not exist on type 'this & { toStringTag: string; }'.
generated/prisma/runtime/index-browser.js(5,31605): error TS2339: Property 'e' does not exist on type 'this & { toStringTag: string; }'.
generated/prisma/runtime/index-browser.js(5,31611): error TS2339: Property 'd' does not exist on type 'this & { toStringTag: string; }'.
generated/prisma/runtime/index-browser.js(5,31621): error TS2339: Property 'e' does not exist on type 'this & { toStringTag: string; }'.
generated/prisma/runtime/index-browser.js(5,31627): error TS2339: Property 'd' does not exist on type 'this & { toStringTag: string; }'.
generated/prisma/runtime/index-browser.js(5,31668): error TS2339: Property 'e' does not exist on type 'this & { toStringTag: string; }'.
generated/prisma/runtime/index-browser.js(5,31676): error TS2339: Property 'd' does not exist on type 'this & { toStringTag: string; }'.
generated/prisma/runtime/index-browser.js(5,32701): error TS2538: Type 'undefined' cannot be used as an index type.
generated/prisma/runtime/index-browser.js(5,32704): error TS2683: 'this' implicitly has type 'any' because it does not have a type annotation.
generated/prisma/runtime/index-browser.js(5,32709): error TS2538: Type 'undefined' cannot be used as an index type.
generated/prisma/runtime/index-browser.js(5,32746): error TS7006: Parameter 'e' implicitly has an 'any' type.
generated/prisma/runtime/index-browser.js(5,32748): error TS7006: Parameter 'n' implicitly has an 'any' type.
generated/prisma/runtime/index-browser.js(5,32762): error TS2683: 'this' implicitly has type 'any' because it does not have a type annotation.
generated/prisma/runtime/index-browser.js(5,32789): error TS7006: Parameter 'e' implicitly has an 'any' type.
generated/prisma/runtime/index-browser.js(5,32803): error TS2683: 'this' implicitly has type 'any' because it does not have a type annotation.
generated/prisma/runtime/index-browser.js(5,32829): error TS7006: Parameter 'e' implicitly has an 'any' type.
generated/prisma/runtime/index-browser.js(5,32847): error TS2683: 'this' implicitly has type 'any' because it does not have a type annotation.
generated/prisma/runtime/index-browser.js(5,32892): error TS2683: 'this' implicitly has type 'any' because it does not have a type annotation.
generated/prisma/runtime/index-browser.js(5,32942): error TS2683: 'this' implicitly has type 'any' because it does not have a type annotation.
generated/prisma/runtime/index-browser.js(5,33023): error TS2683: 'this' implicitly has type 'any' because it does not have a type annotation.
generated/prisma/runtime/index-browser.js(5,33070): error TS7006: Parameter 'e' implicitly has an 'any' type.
generated/prisma/runtime/index-browser.js(5,33134): error TS7006: Parameter 'e' implicitly has an 'any' type.
generated/prisma/runtime/index-browser.js(5,33148): error TS2683: 'this' implicitly has type 'any' because it does not have a type annotation.
generated/prisma/runtime/index-browser.js(5,33173): error TS7006: Parameter 'e' implicitly has an 'any' type.
generated/prisma/runtime/index-browser.js(5,33175): error TS7006: Parameter 'n' implicitly has an 'any' type.
generated/prisma/runtime/index-browser.js(5,33189): error TS2683: 'this' implicitly has type 'any' because it does not have a type annotation.
generated/prisma/runtime/index-browser.js(5,33216): error TS7006: Parameter 'e' implicitly has an 'any' type.
generated/prisma/runtime/index-browser.js(5,33230): error TS2683: 'this' implicitly has type 'any' because it does not have a type annotation.
generated/prisma/runtime/index-browser.js(5,33257): error TS7006: Parameter 'e' implicitly has an 'any' type.
generated/prisma/runtime/index-browser.js(5,33271): error TS2683: 'this' implicitly has type 'any' because it does not have a type annotation.
generated/prisma/runtime/index-browser.js(5,33311): error TS2683: 'this' implicitly has type 'any' because it does not have a type annotation.
generated/prisma/runtime/index-browser.js(5,33354): error TS2683: 'this' implicitly has type 'any' because it does not have a type annotation.
generated/prisma/runtime/index-browser.js(5,33384): error TS7006: Parameter 'e' implicitly has an 'any' type.
generated/prisma/runtime/index-browser.js(5,33386): error TS7006: Parameter 'n' implicitly has an 'any' type.
generated/prisma/runtime/index-browser.js(5,33400): error TS2683: 'this' implicitly has type 'any' because it does not have a type annotation.
generated/prisma/runtime/index-browser.js(5,33427): error TS7006: Parameter 'e' implicitly has an 'any' type.
generated/prisma/runtime/index-browser.js(5,33429): error TS7006: Parameter 'n' implicitly has an 'any' type.
generated/prisma/runtime/index-browser.js(5,33443): error TS2683: 'this' implicitly has type 'any' because it does not have a type annotation.
generated/prisma/runtime/index-browser.js(5,33470): error TS7006: Parameter 'e' implicitly has an 'any' type.
generated/prisma/runtime/index-browser.js(5,33472): error TS7006: Parameter 'n' implicitly has an 'any' type.
generated/prisma/runtime/index-browser.js(5,33486): error TS2683: 'this' implicitly has type 'any' because it does not have a type annotation.
generated/prisma/runtime/index-browser.js(5,33513): error TS7006: Parameter 'e' implicitly has an 'any' type.
generated/prisma/runtime/index-browser.js(5,33538): error TS2683: 'this' implicitly has type 'any' because it does not have a type annotation.
generated/prisma/runtime/index-browser.js(5,33567): error TS2683: 'this' implicitly has type 'any' because it does not have a type annotation.
generated/prisma/runtime/index-browser.js(5,33608): error TS2683: 'this' implicitly has type 'any' because it does not have a type annotation.
generated/prisma/runtime/index-browser.js(5,33707): error TS18048: 'r' is possibly 'undefined'.
generated/prisma/runtime/index-browser.js(5,33716): error TS2322: Type 'number | undefined' is not assignable to type 'number'.
  Type 'undefined' is not assignable to type 'number'.
generated/prisma/runtime/index-browser.js(5,33774): error TS18048: 'r' is possibly 'undefined'.
generated/prisma/runtime/index-browser.js(5,33795): error TS2339: Property 'randomBytes' does not exist on type 'Crypto'.
generated/prisma/runtime/index-browser.js(5,33821): error TS2339: Property 'randomBytes' does not exist on type 'Crypto'.
generated/prisma/runtime/index-browser.js(5,33911): error TS2339: Property 'randomBytes' does not exist on type 'Crypto'.
generated/prisma/runtime/index-browser.js(5,34170): error TS18048: 'r' is possibly 'undefined'.
generated/prisma/runtime/index-browser.js(5,34176): error TS18048: 'r' is possibly 'undefined'.
generated/prisma/runtime/index-browser.js(5,34233): error TS7006: Parameter 'e' implicitly has an 'any' type.
generated/prisma/runtime/index-browser.js(5,34251): error TS2683: 'this' implicitly has type 'any' because it does not have a type annotation.
generated/prisma/runtime/index-browser.js(5,34265): error TS2683: 'this' implicitly has type 'any' because it does not have a type annotation.
generated/prisma/runtime/index-browser.js(5,34292): error TS7006: Parameter 'e' implicitly has an 'any' type.
generated/prisma/runtime/index-browser.js(5,34308): error TS2683: 'this' implicitly has type 'any' because it does not have a type annotation.
generated/prisma/runtime/index-browser.js(5,34358): error TS7006: Parameter 'e' implicitly has an 'any' type.
generated/prisma/runtime/index-browser.js(5,34372): error TS2683: 'this' implicitly has type 'any' because it does not have a type annotation.
generated/prisma/runtime/index-browser.js(5,34398): error TS7006: Parameter 'e' implicitly has an 'any' type.
generated/prisma/runtime/index-browser.js(5,34412): error TS2683: 'this' implicitly has type 'any' because it does not have a type annotation.
generated/prisma/runtime/index-browser.js(5,34439): error TS7006: Parameter 'e' implicitly has an 'any' type.
generated/prisma/runtime/index-browser.js(5,34453): error TS2683: 'this' implicitly has type 'any' because it does not have a type annotation.
generated/prisma/runtime/index-browser.js(5,34480): error TS7006: Parameter 'e' implicitly has an 'any' type.
generated/prisma/runtime/index-browser.js(5,34482): error TS7006: Parameter 'n' implicitly has an 'any' type.
generated/prisma/runtime/index-browser.js(5,34496): error TS2683: 'this' implicitly has type 'any' because it does not have a type annotation.
generated/prisma/runtime/index-browser.js(5,34551): error TS2683: 'this' implicitly has type 'any' because it does not have a type annotation.
generated/prisma/runtime/index-browser.js(5,34621): error TS2683: 'this' implicitly has type 'any' because it does not have a type annotation.
generated/prisma/runtime/index-browser.js(5,34636): error TS2683: 'this' implicitly has type 'any' because it does not have a type annotation.
generated/prisma/runtime/index-browser.js(5,34663): error TS7006: Parameter 'e' implicitly has an 'any' type.
generated/prisma/runtime/index-browser.js(5,34677): error TS2683: 'this' implicitly has type 'any' because it does not have a type annotation.
generated/prisma/runtime/index-browser.js(5,34703): error TS7006: Parameter 'e' implicitly has an 'any' type.
generated/prisma/runtime/index-browser.js(5,34717): error TS2683: 'this' implicitly has type 'any' because it does not have a type annotation.
generated/prisma/runtime/index-browser.js(5,34744): error TS7006: Parameter 'e' implicitly has an 'any' type.
generated/prisma/runtime/index-browser.js(5,34762): error TS2683: 'this' implicitly has type 'any' because it does not have a type annotation.
generated/prisma/runtime/index-browser.js(5,34779): error TS7053: Element implicitly has an 'any' type because expression of type 'symbol' can't be used to index type '{ toStringTag: string; }'.
generated/prisma/runtime/index-browser.js(5,34834): error TS7053: Element implicitly has an 'any' type because expression of type 'unique symbol' can't be used to index type '{ toStringTag: string; }'.
  Property '[SymbolConstructor.toStringTag]' does not exist on type '{ toStringTag: string; }'.
generated/prisma/runtime/index-browser.js(5,34893): error TS2322: Type 'r' is not assignable to type 'string'.
generated/prisma/runtime/index-browser.js(5,34906): error TS2322: Type 'r' is not assignable to type 'string'.
generated/prisma/runtime/index-browser.js(5,34948): error TS2303: Circular definition of import alias 'Decimal'.
generated/prisma/runtime/index-browser.js(5,34948): error TS18004: No value exists in scope for the shorthand property 'Decimal'. Either declare one or provide an initializer.
generated/prisma/runtime/index-browser.js(5,34956): error TS2303: Circular definition of import alias 'Public'.
generated/prisma/runtime/index-browser.js(5,34956): error TS18004: No value exists in scope for the shorthand property 'Public'. Either declare one or provide an initializer.
generated/prisma/runtime/index-browser.js(5,34963): error TS2303: Circular definition of import alias 'getRuntime'.
generated/prisma/runtime/index-browser.js(5,34963): error TS18004: No value exists in scope for the shorthand property 'getRuntime'. Either declare one or provide an initializer.
generated/prisma/runtime/index-browser.js(5,34974): error TS2303: Circular definition of import alias 'makeStrictEnum'.
generated/prisma/runtime/index-browser.js(5,34974): error TS18004: No value exists in scope for the shorthand property 'makeStrictEnum'. Either declare one or provide an initializer.
generated/prisma/runtime/index-browser.js(5,34989): error TS2303: Circular definition of import alias 'objectEnumValues'.
generated/prisma/runtime/index-browser.js(5,34989): error TS18004: No value exists in scope for the shorthand property 'objectEnumValues'. Either declare one or provide an initializer.
generated/prisma/runtime/library.js(5,209): error TS7006: Parameter 'e' implicitly has an 'any' type.
generated/prisma/runtime/library.js(5,211): error TS7006: Parameter 'r' implicitly has an 'any' type.
generated/prisma/runtime/library.js(5,245): error TS7006: Parameter 'e' implicitly has an 'any' type.
generated/prisma/runtime/library.js(5,247): error TS7006: Parameter 'r' implicitly has an 'any' type.
generated/prisma/runtime/library.js(5,304): error TS7006: Parameter 'e' implicitly has an 'any' type.
generated/prisma/runtime/library.js(5,306): error TS7006: Parameter 'r' implicitly has an 'any' type.
generated/prisma/runtime/library.js(5,364): error TS7006: Parameter 'e' implicitly has an 'any' type.
generated/prisma/runtime/library.js(5,366): error TS7006: Parameter 'r' implicitly has an 'any' type.
generated/prisma/runtime/library.js(5,368): error TS7006: Parameter 't' implicitly has an 'any' type.
generated/prisma/runtime/library.js(5,370): error TS7006: Parameter 'n' implicitly has an 'any' type.
generated/prisma/runtime/library.js(5,541): error TS7006: Parameter 'e' implicitly has an 'any' type.
generated/prisma/runtime/library.js(5,543): error TS7006: Parameter 'r' implicitly has an 'any' type.
generated/prisma/runtime/library.js(5,545): error TS7006: Parameter 't' implicitly has an 'any' type.
generated/prisma/runtime/library.js(5,646): error TS7006: Parameter 'e' implicitly has an 'any' type.
generated/prisma/runtime/library.js(5,697): error TS7006: Parameter '_g' implicitly has an 'any' type.
generated/prisma/runtime/library.js(5,700): error TS7006: Parameter 'is' implicitly has an 'any' type.
generated/prisma/runtime/library.js(5,731): error TS7006: Parameter 'e' implicitly has an 'any' type.
generated/prisma/runtime/library.js(5,878): error TS7006: Parameter 'Ng' implicitly has an 'any' type.
generated/prisma/runtime/library.js(5,881): error TS7006: Parameter 'ss' implicitly has an 'any' type.
generated/prisma/runtime/library.js(5,973): error TS7034: Variable 'Qe' implicitly has type 'any' in some locations where its type cannot be determined.
generated/prisma/runtime/library.js(5,1205): error TS18048: 'G.FORCE_COLOR' is possibly 'undefined'.
generated/prisma/runtime/library.js(5,1250): error TS2345: Argument of type 'string | undefined' is not assignable to parameter of type 'string'.
  Type 'undefined' is not assignable to type 'string'.
generated/prisma/runtime/library.js(5,1284): error TS7006: Parameter 'e' implicitly has an 'any' type.
generated/prisma/runtime/library.js(5,1361): error TS7006: Parameter 'e' implicitly has an 'any' type.
generated/prisma/runtime/library.js(5,1363): error TS7006: Parameter 'r' implicitly has an 'any' type.
generated/prisma/runtime/library.js(5,1369): error TS7005: Variable 'Qe' implicitly has an 'any' type.
generated/prisma/runtime/library.js(5,1492): error TS7005: Variable 'Qe' implicitly has an 'any' type.
generated/prisma/runtime/library.js(5,1519): error TS7005: Variable 'Qe' implicitly has an 'any' type.
generated/prisma/runtime/library.js(5,1890): error TS2345: Argument of type 'string | undefined' is not assignable to parameter of type 'string'.
  Type 'undefined' is not assignable to type 'string'.
generated/prisma/runtime/library.js(5,1990): error TS2345: Argument of type 'string | undefined' is not assignable to parameter of type 'string'.
  Type 'undefined' is not assignable to type 'string'.
generated/prisma/runtime/library.js(5,2151): error TS2345: Argument of type 'string | undefined' is not assignable to parameter of type 'string'.
  Type 'undefined' is not assignable to type 'string'.
generated/prisma/runtime/library.js(5,2228): error TS2345: Argument of type 'string | undefined' is not assignable to parameter of type 'string'.
  Type 'undefined' is not assignable to type 'string'.
generated/prisma/runtime/library.js(5,2269): error TS7006: Parameter 'e' implicitly has an 'any' type.
generated/prisma/runtime/library.js(5,2413): error TS7006: Parameter 'Lg' implicitly has an 'any' type.
generated/prisma/runtime/library.js(5,2416): error TS7006: Parameter 'us' implicitly has an 'any' type.
generated/prisma/runtime/library.js(5,2467): error TS7006: Parameter 'e' implicitly has an 'any' type.
generated/prisma/runtime/library.js(5,2561): error TS2345: Argument of type 'string | undefined' is not assignable to parameter of type 'string'.
  Type 'undefined' is not assignable to type 'string'.
generated/prisma/runtime/library.js(5,2585): error TS2345: Argument of type 'string | undefined' is not assignable to parameter of type 'string'.
  Type 'undefined' is not assignable to type 'string'.
generated/prisma/runtime/library.js(5,2624): error TS7006: Parameter 't' implicitly has an 'any' type.
generated/prisma/runtime/library.js(5,2696): error TS7006: Parameter 'e' implicitly has an 'any' type.
generated/prisma/runtime/library.js(5,3583): error TS7006: Parameter 'Kg' implicitly has an 'any' type.
generated/prisma/runtime/library.js(5,3586): error TS7006: Parameter 'qc' implicitly has an 'any' type.
generated/prisma/runtime/library.js(5,5928): error TS7006: Parameter 'gh' implicitly has an 'any' type.
generated/prisma/runtime/library.js(5,5931): error TS7006: Parameter 'Qc' implicitly has an 'any' type.
generated/prisma/runtime/library.js(5,6450): error TS7006: Parameter 'nn' implicitly has an 'any' type.
generated/prisma/runtime/library.js(5,6601): error TS7006: Parameter 'Ih' implicitly has an 'any' type.
generated/prisma/runtime/library.js(5,6604): error TS7006: Parameter 'gs' implicitly has an 'any' type.
generated/prisma/runtime/library.js(5,6634): error TS7006: Parameter 'e' implicitly has an 'any' type.
generated/prisma/runtime/library.js(5,6690): error TS7006: Parameter 't' implicitly has an 'any' type.
generated/prisma/runtime/library.js(5,6692): error TS7006: Parameter 'n' implicitly has an 'any' type.
generated/prisma/runtime/library.js(5,6738): error TS7006: Parameter 'kh' implicitly has an 'any' type.
generated/prisma/runtime/library.js(5,6741): error TS7006: Parameter 'Es' implicitly has an 'any' type.
generated/prisma/runtime/library.js(5,6772): error TS7006: Parameter 'e' implicitly has an 'any' type.
generated/prisma/runtime/library.js(5,6778): error TS7006: Parameter 't' implicitly has an 'any' type.
generated/prisma/runtime/library.js(5,7276): error TS7006: Parameter 'jh' implicitly has an 'any' type.
generated/prisma/runtime/library.js(5,7279): error TS7006: Parameter 'tp' implicitly has an 'any' type.
generated/prisma/runtime/library.js(5,8599): error TS7006: Parameter 'Bh' implicitly has an 'any' type.
generated/prisma/runtime/library.js(5,8602): error TS7006: Parameter '_e' implicitly has an 'any' type.
generated/prisma/runtime/library.js(5,8899): error TS7006: Parameter 'e' implicitly has an 'any' type.
generated/prisma/runtime/library.js(7,32): error TS2538: Type 'undefined' cannot be used as an index type.
generated/prisma/runtime/library.js(7,58): error TS7006: Parameter 'e' implicitly has an 'any' type.
generated/prisma/runtime/library.js(7,195): error TS2339: Property 'code' does not exist on type 'Error'.
generated/prisma/runtime/library.js(7,400): error TS7006: Parameter 'e' implicitly has an 'any' type.
generated/prisma/runtime/library.js(7,456): error TS7006: Parameter 'e' implicitly has an 'any' type.
generated/prisma/runtime/library.js(7,513): error TS7006: Parameter 'e' implicitly has an 'any' type.
generated/prisma/runtime/library.js(7,669): error TS7006: Parameter 'e' implicitly has an 'any' type.
generated/prisma/runtime/library.js(7,671): error TS7006: Parameter 'r' implicitly has an 'any' type.
generated/prisma/runtime/library.js(7,709): error TS18046: 'a' is of type 'unknown'.
generated/prisma/runtime/library.js(7,903): error TS2339: Property 'code' does not exist on type 'Error'.
generated/prisma/runtime/library.js(7,1027): error TS2339: Property 'code' does not exist on type 'Error'.
generated/prisma/runtime/library.js(7,1174): error TS2339: Property 'code' does not exist on type 'Error'.
generated/prisma/runtime/library.js(7,1376): error TS2339: Property 'code' does not exist on type 'Error'.
generated/prisma/runtime/library.js(7,1453): error TS7006: Parameter 'e' implicitly has an 'any' type.
generated/prisma/runtime/library.js(7,1747): error TS7006: Parameter 'e' implicitly has an 'any' type.
generated/prisma/runtime/library.js(7,1815): error TS7006: Parameter 'e' implicitly has an 'any' type.
generated/prisma/runtime/library.js(7,2003): error TS7006: Parameter 'e' implicitly has an 'any' type.
generated/prisma/runtime/library.js(7,2329): error TS2769: No overload matches this call.
  Overload 1 of 3, '(path: PathOrFileDescriptor, options?: { encoding?: null | undefined; flag?: string | undefined; } | null | undefined): NonSharedBuffer', gave the following error.
    Type 'string' is not assignable to type 'null | undefined'.
  Overload 2 of 3, '(path: PathOrFileDescriptor, options: BufferEncoding | { encoding: BufferEncoding; flag?: string | undefined; }): string', gave the following error.
    Type 'string' is not assignable to type 'BufferEncoding'.
  Overload 3 of 3, '(path: PathOrFileDescriptor, options?: BufferEncoding | (ObjectEncodingOptions & { flag?: string | undefined; }) | null | undefined): string | NonSharedBuffer', gave the following error.
    Type 'string' is not assignable to type 'BufferEncoding | null | undefined'.
generated/prisma/runtime/library.js(7,2399): error TS18046: 'u' is of type 'unknown'.
generated/prisma/runtime/library.js(7,2543): error TS7006: Parameter 'e' implicitly has an 'any' type.
generated/prisma/runtime/library.js(7,2762): error TS7006: Parameter 'e' implicitly has an 'any' type.
generated/prisma/runtime/library.js(7,2764): error TS7006: Parameter 'r' implicitly has an 'any' type.
generated/prisma/runtime/library.js(7,3031): error TS18046: 's' is of type 'unknown'.
generated/prisma/runtime/library.js(7,3066): error TS18046: 's' is of type 'unknown'.
generated/prisma/runtime/library.js(7,3225): error TS2339: Property 'code' does not exist on type 'Error'.
generated/prisma/runtime/library.js(7,3339): error TS2339: Property 'code' does not exist on type 'Error'.
generated/prisma/runtime/library.js(7,3392): error TS7006: Parameter 'e' implicitly has an 'any' type.
generated/prisma/runtime/library.js(7,3394): error TS7006: Parameter 'r' implicitly has an 'any' type.
generated/prisma/runtime/library.js(7,3416): error TS2339: Property 'debug' does not exist on type '{}'.
generated/prisma/runtime/library.js(7,3433): error TS2339: Property 'override' does not exist on type '{}'.
generated/prisma/runtime/library.js(7,3572): error TS2339: Property 'code' does not exist on type 'Error'.
generated/prisma/runtime/library.js(7,4163): error TS7006: Parameter 'Kh' implicitly has an 'any' type.
generated/prisma/runtime/library.js(7,4166): error TS7006: Parameter 'cn' implicitly has an 'any' type.
generated/prisma/runtime/library.js(7,4216): error TS2339: Property 'repoUrl' does not exist on type '{}'.
generated/prisma/runtime/library.js(7,4228): error TS2339: Property 'repoUrl' does not exist on type '{}'.
generated/prisma/runtime/library.js(7,4246): error TS2339: Property 'user' does not exist on type '{}'.
generated/prisma/runtime/library.js(7,4254): error TS2339: Property 'repo' does not exist on type '{}'.
generated/prisma/runtime/library.js(7,4285): error TS2339: Property 'user' does not exist on type '{}'.
generated/prisma/runtime/library.js(7,4295): error TS2339: Property 'repo' does not exist on type '{}'.
generated/prisma/runtime/library.js(7,4540): error TS7053: Element implicitly has an 'any' type because expression of type 'string' can't be used to index type '{}'.
  No index signature with a parameter of type 'string' was found on type '{}'.
generated/prisma/runtime/library.js(7,4779): error TS7006: Parameter 'vb' implicitly has an 'any' type.
generated/prisma/runtime/library.js(7,4782): error TS7006: Parameter 'ea' implicitly has an 'any' type.
generated/prisma/runtime/library.js(7,4834): error TS7006: Parameter 'r' implicitly has an 'any' type.
generated/prisma/runtime/library.js(7,4836): error TS7006: Parameter 't' implicitly has an 'any' type.
generated/prisma/runtime/library.js(7,4838): error TS7006: Parameter 'n' implicitly has an 'any' type.
generated/prisma/runtime/library.js(7,4840): error TS7006: Parameter 'i' implicitly has an 'any' type.
generated/prisma/runtime/library.js(7,4842): error TS7006: Parameter 'o' implicitly has an 'any' type.
generated/prisma/runtime/library.js(7,4901): error TS7006: Parameter 'r' implicitly has an 'any' type.
generated/prisma/runtime/library.js(7,4903): error TS7006: Parameter 't' implicitly has an 'any' type.
generated/prisma/runtime/library.js(7,6431): error TS7006: Parameter 'e' implicitly has an 'any' type.
generated/prisma/runtime/library.js(7,6464): error TS7006: Parameter 'r' implicitly has an 'any' type.
generated/prisma/runtime/library.js(7,6493): error TS7006: Parameter 'e' implicitly has an 'any' type.
generated/prisma/runtime/library.js(7,6553): error TS7019: Rest parameter 'e' implicitly has an 'any[]' type.
generated/prisma/runtime/library.js(7,6566): error TS7006: Parameter 'r' implicitly has an 'any' type.
generated/prisma/runtime/library.js(7,7201): error TS7006: Parameter 'e' implicitly has an 'any' type.
generated/prisma/runtime/library.js(7,7203): error TS7006: Parameter 'r' implicitly has an 'any' type.
generated/prisma/runtime/library.js(7,7290): error TS7006: Parameter 'o' implicitly has an 'any' type.
generated/prisma/runtime/library.js(7,7735): error TS7034: Variable 'Yr' implicitly has type 'any[]' in some locations where its type cannot be determined.
generated/prisma/runtime/library.js(7,7808): error TS7017: Element implicitly has an 'any' type because type 'typeof globalThis' has no index signature.
generated/prisma/runtime/library.js(7,7819): error TS2339: Property 'DEBUG' does not exist on type '{}'.
generated/prisma/runtime/library.js(7,7840): error TS7017: Element implicitly has an 'any' type because type 'typeof globalThis' has no index signature.
generated/prisma/runtime/library.js(7,7858): error TS2339: Property 'DEBUG_COLORS' does not exist on type '{}'.
generated/prisma/runtime/library.js(7,7874): error TS2339: Property 'DEBUG_COLORS' does not exist on type '{}'.
generated/prisma/runtime/library.js(7,7914): error TS7006: Parameter 'e' implicitly has an 'any' type.
generated/prisma/runtime/library.js(7,7949): error TS7017: Element implicitly has an 'any' type because type 'typeof globalThis' has no index signature.
generated/prisma/runtime/library.js(7,7986): error TS7017: Element implicitly has an 'any' type because type 'typeof globalThis' has no index signature.
generated/prisma/runtime/library.js(7,8010): error TS7017: Element implicitly has an 'any' type because type 'typeof globalThis' has no index signature.
generated/prisma/runtime/library.js(7,8030): error TS7006: Parameter 'e' implicitly has an 'any' type.
generated/prisma/runtime/library.js(7,8050): error TS7017: Element implicitly has an 'any' type because type 'typeof globalThis' has no index signature.
generated/prisma/runtime/library.js(7,8071): error TS7006: Parameter 'i' implicitly has an 'any' type.
generated/prisma/runtime/library.js(7,8123): error TS7006: Parameter 'i' implicitly has an 'any' type.
generated/prisma/runtime/library.js(7,8203): error TS7006: Parameter 'i' implicitly has an 'any' type.
generated/prisma/runtime/library.js(7,8302): error TS7019: Rest parameter 'e' implicitly has an 'any[]' type.
generated/prisma/runtime/library.js(7,8400): error TS7006: Parameter 'e' implicitly has an 'any' type.
generated/prisma/runtime/library.js(7,8498): error TS7019: Rest parameter 'n' implicitly has an 'any[]' type.
generated/prisma/runtime/library.js(7,8598): error TS7005: Variable 'Yr' implicitly has an 'any[]' type.
generated/prisma/runtime/library.js(7,8719): error TS7017: Element implicitly has an 'any' type because type 'typeof globalThis' has no index signature.
generated/prisma/runtime/library.js(7,8737): error TS2538: Type 'undefined' cannot be used as an index type.
generated/prisma/runtime/library.js(7,8754): error TS2538: Type 'undefined' cannot be used as an index type.
generated/prisma/runtime/library.js(7,8806): error TS7053: Element implicitly has an 'any' type because expression of type 'string | symbol' can't be used to index type '{ color: string | undefined; enabled: any; namespace: any; log: (...e: any[]) => void; extend: () => void; }'.
  No index signature with a parameter of type 'string' was found on type '{ color: string | undefined; enabled: any; namespace: any; log: (...e: any[]) => void; extend: () => void; }'.
generated/prisma/runtime/library.js(7,8824): error TS7053: Element implicitly has an 'any' type because expression of type 'string | symbol' can't be used to index type '{ color: string | undefined; enabled: any; namespace: any; log: (...e: any[]) => void; extend: () => void; }'.
  No index signature with a parameter of type 'string' was found on type '{ color: string | undefined; enabled: any; namespace: any; log: (...e: any[]) => void; extend: () => void; }'.
generated/prisma/runtime/library.js(7,8864): error TS7053: Element implicitly has an 'any' type because expression of type 'string | symbol' can't be used to index type '{ enable(e: any): void; disable(): any; enabled(e: any): any; log: (...e: any[]) => void; formatters: {}; }'.
  No index signature with a parameter of type 'string' was found on type '{ enable(e: any): void; disable(): any; enabled(e: any): any; log: (...e: any[]) => void; formatters: {}; }'.
generated/prisma/runtime/library.js(7,8883): error TS7053: Element implicitly has an 'any' type because expression of type 'string | symbol' can't be used to index type '{ enable(e: any): void; disable(): any; enabled(e: any): any; log: (...e: any[]) => void; formatters: {}; }'.
  No index signature with a parameter of type 'string' was found on type '{ enable(e: any): void; disable(): any; enabled(e: any): any; log: (...e: any[]) => void; formatters: {}; }'.
generated/prisma/runtime/library.js(7,8905): error TS7006: Parameter 'e' implicitly has an 'any' type.
generated/prisma/runtime/library.js(7,9119): error TS7005: Variable 'Yr' implicitly has an 'any[]' type.
generated/prisma/runtime/library.js(7,9152): error TS7006: Parameter 'i' implicitly has an 'any' type.
generated/prisma/runtime/library.js(8,1155): error TS7006: Parameter 'e' implicitly has an 'any' type.
generated/prisma/runtime/library.js(8,1157): error TS7006: Parameter 'r' implicitly has an 'any' type.
generated/prisma/runtime/library.js(8,1586): error TS7006: Parameter 'e' implicitly has an 'any' type.
generated/prisma/runtime/library.js(8,1618): error TS7006: Parameter 'e' implicitly has an 'any' type.
generated/prisma/runtime/library.js(8,1632): error TS7023: 'Ee' implicitly has return type 'any' because it does not have a return type annotation and is referenced directly or indirectly in one of its return expressions.
generated/prisma/runtime/library.js(8,1636): error TS7006: Parameter 'e' implicitly has an 'any' type.
generated/prisma/runtime/library.js(8,1638): error TS7006: Parameter 'r' implicitly has an 'any' type.
generated/prisma/runtime/library.js(8,1640): error TS7006: Parameter 't' implicitly has an 'any' type.
generated/prisma/runtime/library.js(8,2532): error TS7006: Parameter 'e' implicitly has an 'any' type.
generated/prisma/runtime/library.js(8,2694): error TS7006: Parameter 'e' implicitly has an 'any' type.
generated/prisma/runtime/library.js(8,2696): error TS7006: Parameter 'r' implicitly has an 'any' type.
generated/prisma/runtime/library.js(8,2710): error TS7006: Parameter 't' implicitly has an 'any' type.
generated/prisma/runtime/library.js(8,2712): error TS7006: Parameter 'n' implicitly has an 'any' type.
generated/prisma/runtime/library.js(8,2747): error TS7006: Parameter 'e' implicitly has an 'any' type.
generated/prisma/runtime/library.js(8,2797): error TS7006: Parameter 'r' implicitly has an 'any' type.
generated/prisma/runtime/library.js(8,2810): error TS7006: Parameter 'r' implicitly has an 'any' type.
generated/prisma/runtime/library.js(8,2828): error TS7006: Parameter 'r' implicitly has an 'any' type.
generated/prisma/runtime/library.js(8,2870): error TS7006: Parameter 'e' implicitly has an 'any' type.
generated/prisma/runtime/library.js(8,2901): error TS7006: Parameter 'r' implicitly has an 'any' type.
generated/prisma/runtime/library.js(8,2917): error TS7006: Parameter 'i' implicitly has an 'any' type.
generated/prisma/runtime/library.js(8,2919): error TS7006: Parameter 'o' implicitly has an 'any' type.
generated/prisma/runtime/library.js(8,2924): error TS7053: Element implicitly has an 'any' type because expression of type 'any' can't be used to index type '{}'.
generated/prisma/runtime/library.js(8,2965): error TS7006: Parameter 'i' implicitly has an 'any' type.
generated/prisma/runtime/library.js(8,3107): error TS7019: Rest parameter 'e' implicitly has an 'any[]' type.
generated/prisma/runtime/library.js(8,3141): error TS7006: Parameter 'r' implicitly has an 'any' type.
generated/prisma/runtime/library.js(8,3157): error TS7006: Parameter 'i' implicitly has an 'any' type.
generated/prisma/runtime/library.js(8,3159): error TS7006: Parameter 'o' implicitly has an 'any' type.
generated/prisma/runtime/library.js(8,3164): error TS7053: Element implicitly has an 'any' type because expression of type 'any' can't be used to index type '{}'.
generated/prisma/runtime/library.js(8,3288): error TS7019: Rest parameter 'e' implicitly has an 'any[]' type.
generated/prisma/runtime/library.js(8,3322): error TS7006: Parameter 'r' implicitly has an 'any' type.
generated/prisma/runtime/library.js(8,3338): error TS7006: Parameter 'i' implicitly has an 'any' type.
generated/prisma/runtime/library.js(8,3340): error TS7006: Parameter 'o' implicitly has an 'any' type.
generated/prisma/runtime/library.js(8,3345): error TS7053: Element implicitly has an 'any' type because expression of type 'any' can't be used to index type '{}'.
generated/prisma/runtime/library.js(8,3377): error TS7006: Parameter 'i' implicitly has an 'any' type.
generated/prisma/runtime/library.js(8,3500): error TS7006: Parameter 'e' implicitly has an 'any' type.
generated/prisma/runtime/library.js(8,3527): error TS7006: Parameter 'r' implicitly has an 'any' type.
generated/prisma/runtime/library.js(8,3564): error TS7019: Rest parameter 'e' implicitly has an 'any[]' type.
generated/prisma/runtime/library.js(8,3692): error TS7006: Parameter 'n' implicitly has an 'any' type.
generated/prisma/runtime/library.js(8,3749): error TS7006: Parameter 'o' implicitly has an 'any' type.
generated/prisma/runtime/library.js(8,3751): error TS7006: Parameter 's' implicitly has an 'any' type.
generated/prisma/runtime/library.js(8,3853): error TS7006: Parameter 'e' implicitly has an 'any' type.
generated/prisma/runtime/library.js(8,3894): error TS7006: Parameter 'e' implicitly has an 'any' type.
generated/prisma/runtime/library.js(8,3935): error TS7006: Parameter 'e' implicitly has an 'any' type.
generated/prisma/runtime/library.js(8,3985): error TS7006: Parameter 'e' implicitly has an 'any' type.
generated/prisma/runtime/library.js(8,4007): error TS7006: Parameter 'e' implicitly has an 'any' type.
generated/prisma/runtime/library.js(8,4042): error TS7006: Parameter 'r' implicitly has an 'any' type.
generated/prisma/runtime/library.js(8,4067): error TS7006: Parameter 'n' implicitly has an 'any' type.
generated/prisma/runtime/library.js(8,4090): error TS7005: Variable 't' implicitly has an 'any' type.
generated/prisma/runtime/library.js(8,4101): error TS7034: Variable 't' implicitly has type 'any' in some locations where its type cannot be determined.
generated/prisma/runtime/library.js(8,4113): error TS7006: Parameter 'r' implicitly has an 'any' type.
generated/prisma/runtime/library.js(8,4138): error TS7006: Parameter 'n' implicitly has an 'any' type.
generated/prisma/runtime/library.js(8,4159): error TS7005: Variable 't' implicitly has an 'any' type.
generated/prisma/runtime/library.js(8,4170): error TS7034: Variable 't' implicitly has type 'any' in some locations where its type cannot be determined.
generated/prisma/runtime/library.js(8,4183): error TS7006: Parameter 'r' implicitly has an 'any' type.
generated/prisma/runtime/library.js(8,4199): error TS7006: Parameter 'n' implicitly has an 'any' type.
generated/prisma/runtime/library.js(8,4235): error TS7006: Parameter 'r' implicitly has an 'any' type.
generated/prisma/runtime/library.js(8,4251): error TS7006: Parameter 'n' implicitly has an 'any' type.
generated/prisma/runtime/library.js(8,4291): error TS7006: Parameter 'r' implicitly has an 'any' type.
generated/prisma/runtime/library.js(8,4307): error TS7006: Parameter 'n' implicitly has an 'any' type.
generated/prisma/runtime/library.js(8,4345): error TS7006: Parameter 'r' implicitly has an 'any' type.
generated/prisma/runtime/library.js(8,4370): error TS7006: Parameter 'n' implicitly has an 'any' type.
generated/prisma/runtime/library.js(8,4391): error TS7005: Variable 't' implicitly has an 'any' type.
generated/prisma/runtime/library.js(8,4402): error TS7034: Variable 't' implicitly has type 'any' in some locations where its type cannot be determined.
generated/prisma/runtime/library.js(8,4411): error TS7006: Parameter 'r' implicitly has an 'any' type.
generated/prisma/runtime/library.js(8,4436): error TS7006: Parameter 'n' implicitly has an 'any' type.
generated/prisma/runtime/library.js(8,4456): error TS7005: Variable 't' implicitly has an 'any' type.
generated/prisma/runtime/library.js(8,4467): error TS7034: Variable 't' implicitly has type 'any' in some locations where its type cannot be determined.
generated/prisma/runtime/library.js(8,4488): error TS7006: Parameter 'e' implicitly has an 'any' type.
generated/prisma/runtime/library.js(8,4521): error TS7006: Parameter 'r' implicitly has an 'any' type.
generated/prisma/runtime/library.js(8,4523): error TS7006: Parameter 't' implicitly has an 'any' type.
generated/prisma/runtime/library.js(8,4544): error TS7006: Parameter 'o' implicitly has an 'any' type.
generated/prisma/runtime/library.js(8,4577): error TS7006: Parameter 'r' implicitly has an 'any' type.
generated/prisma/runtime/library.js(8,4593): error TS7006: Parameter 'n' implicitly has an 'any' type.
generated/prisma/runtime/library.js(8,4617): error TS7006: Parameter 'r' implicitly has an 'any' type.
generated/prisma/runtime/library.js(8,4633): error TS7006: Parameter 'n' implicitly has an 'any' type.
generated/prisma/runtime/library.js(8,4658): error TS7006: Parameter 'r' implicitly has an 'any' type.
generated/prisma/runtime/library.js(8,4674): error TS7006: Parameter 'n' implicitly has an 'any' type.
generated/prisma/runtime/library.js(8,4700): error TS7006: Parameter 'r' implicitly has an 'any' type.
generated/prisma/runtime/library.js(8,4716): error TS7006: Parameter 'n' implicitly has an 'any' type.
generated/prisma/runtime/library.js(8,4755): error TS7006: Parameter 'r' implicitly has an 'any' type.
generated/prisma/runtime/library.js(8,4808): error TS7006: Parameter 'r' implicitly has an 'any' type.
generated/prisma/runtime/library.js(8,4862): error TS7006: Parameter 'r' implicitly has an 'any' type.
generated/prisma/runtime/library.js(8,4901): error TS7006: Parameter 'r' implicitly has an 'any' type.
generated/prisma/runtime/library.js(8,4936): error TS7006: Parameter 'e' implicitly has an 'any' type.
generated/prisma/runtime/library.js(8,4969): error TS7006: Parameter 'r' implicitly has an 'any' type.
generated/prisma/runtime/library.js(8,4971): error TS7006: Parameter 't' implicitly has an 'any' type.
generated/prisma/runtime/library.js(8,4992): error TS7006: Parameter 'o' implicitly has an 'any' type.
generated/prisma/runtime/library.js(8,5025): error TS7006: Parameter 'r' implicitly has an 'any' type.
generated/prisma/runtime/library.js(8,5041): error TS7006: Parameter 'n' implicitly has an 'any' type.
generated/prisma/runtime/library.js(8,5065): error TS7006: Parameter 'r' implicitly has an 'any' type.
generated/prisma/runtime/library.js(8,5081): error TS7006: Parameter 'n' implicitly has an 'any' type.
generated/prisma/runtime/library.js(8,5106): error TS7006: Parameter 'r' implicitly has an 'any' type.
generated/prisma/runtime/library.js(8,5122): error TS7006: Parameter 'n' implicitly has an 'any' type.
generated/prisma/runtime/library.js(8,5148): error TS7006: Parameter 'r' implicitly has an 'any' type.
generated/prisma/runtime/library.js(8,5164): error TS7006: Parameter 'n' implicitly has an 'any' type.
generated/prisma/runtime/library.js(8,5208): error TS7006: Parameter 'r' implicitly has an 'any' type.
generated/prisma/runtime/library.js(8,5247): error TS7006: Parameter 'r' implicitly has an 'any' type.
generated/prisma/runtime/library.js(8,5296): error TS7006: Parameter 'e' implicitly has an 'any' type.
generated/prisma/runtime/library.js(8,5346): error TS7006: Parameter 'e' implicitly has an 'any' type.
generated/prisma/runtime/library.js(8,5395): error TS7006: Parameter 'e' implicitly has an 'any' type.
generated/prisma/runtime/library.js(8,5433): error TS7006: Parameter 'e' implicitly has an 'any' type.
generated/prisma/runtime/library.js(8,5493): error TS7006: Parameter 'r' implicitly has an 'any' type.
generated/prisma/runtime/library.js(8,5673): error TS7006: Parameter 'e' implicitly has an 'any' type.
generated/prisma/runtime/library.js(8,5723): error TS7006: Parameter 'r' implicitly has an 'any' type.
generated/prisma/runtime/library.js(8,5725): error TS7006: Parameter 't' implicitly has an 'any' type.
generated/prisma/runtime/library.js(8,5795): error TS7019: Rest parameter 'r' implicitly has an 'any[]' type.
generated/prisma/runtime/library.js(8,5973): error TS7006: Parameter 'u' implicitly has an 'any' type.
generated/prisma/runtime/library.js(8,5975): error TS7006: Parameter 'c' implicitly has an 'any' type.
generated/prisma/runtime/library.js(8,5985): error TS7053: Element implicitly has an 'any' type because expression of type 'any' can't be used to index type '{}'.
generated/prisma/runtime/library.js(8,6078): error TS7053: Element implicitly has an 'any' type because expression of type 'string' can't be used to index type '{}'.
  No index signature with a parameter of type 'string' was found on type '{}'.
generated/prisma/runtime/library.js(8,6142): error TS7006: Parameter 'r' implicitly has an 'any' type.
generated/prisma/runtime/library.js(8,6144): error TS7006: Parameter 't' implicitly has an 'any' type.
generated/prisma/runtime/library.js(8,6287): error TS7006: Parameter 'r' implicitly has an 'any' type.
generated/prisma/runtime/library.js(8,6612): error TS7006: Parameter 'e' implicitly has an 'any' type.
generated/prisma/runtime/library.js(8,6614): error TS7019: Rest parameter 'r' implicitly has an 'any[]' type.
generated/prisma/runtime/library.js(8,7230): error TS7006: Parameter 'e' implicitly has an 'any' type.
generated/prisma/runtime/library.js(8,7430): error TS7031: Binding element 'l' implicitly has an 'any' type.
generated/prisma/runtime/library.js(8,7518): error TS7031: Binding element 'l' implicitly has an 'any' type.
generated/prisma/runtime/library.js(8,7609): error TS7031: Binding element 'l' implicitly has an 'any' type.
generated/prisma/runtime/library.js(8,7716): error TS7031: Binding element 'l' implicitly has an 'any' type.
generated/prisma/runtime/library.js(8,7837): error TS7031: Binding element 'l' implicitly has an 'any' type.
generated/prisma/runtime/library.js(8,7918): error TS7031: Binding element 'l' implicitly has an 'any' type.
generated/prisma/runtime/library.js(8,7971): error TS7031: Binding element 'l' implicitly has an 'any' type.
generated/prisma/runtime/library.js(8,8056): error TS7031: Binding element 'l' implicitly has an 'any' type.
generated/prisma/runtime/library.js(8,8097): error TS7031: Binding element 'l' implicitly has an 'any' type.
generated/prisma/runtime/library.js(8,8180): error TS7031: Binding element 'l' implicitly has an 'any' type.
generated/prisma/runtime/library.js(8,8273): error TS7031: Binding element 'l' implicitly has an 'any' type.
generated/prisma/runtime/library.js(8,8355): error TS7031: Binding element 'l' implicitly has an 'any' type.
generated/prisma/runtime/library.js(9,237): error TS7006: Parameter 'e' implicitly has an 'any' type.
generated/prisma/runtime/library.js(9,332): error TS7006: Parameter 'e' implicitly has an 'any' type.
generated/prisma/runtime/library.js(9,438): error TS7006: Parameter 'e' implicitly has an 'any' type.
generated/prisma/runtime/library.js(9,561): error TS7006: Parameter 'e' implicitly has an 'any' type.
generated/prisma/runtime/library.js(9,726): error TS7031: Binding element 'r' implicitly has an 'any' type.
generated/prisma/runtime/library.js(9,980): error TS7031: Binding element 'r' implicitly has an 'any' type.
generated/prisma/runtime/library.js(9,987): error TS7031: Binding element 't' implicitly has an 'any' type.
generated/prisma/runtime/library.js(9,1003): error TS7031: Binding element 'n' implicitly has an 'any' type.
generated/prisma/runtime/library.js(9,1103): error TS7006: Parameter 'e' implicitly has an 'any' type.
generated/prisma/runtime/library.js(9,1995): error TS7006: Parameter 'e' implicitly has an 'any' type.
generated/prisma/runtime/library.js(9,2065): error TS7006: Parameter 'e' implicitly has an 'any' type.
generated/prisma/runtime/library.js(9,2113): error TS7006: Parameter 't' implicitly has an 'any' type.
generated/prisma/runtime/library.js(9,2186): error TS18046: 'r' is of type 'unknown'.
generated/prisma/runtime/library.js(9,2244): error TS2339: Property 'binaryTarget' does not exist on type '{ memoized: boolean; }'.
generated/prisma/runtime/library.js(9,2292): error TS7006: Parameter 'e' implicitly has an 'any' type.
generated/prisma/runtime/library.js(9,2560): error TS7006: Parameter 'e' implicitly has an 'any' type.
generated/prisma/runtime/library.js(10,850): error TS7006: Parameter 'e' implicitly has an 'any' type.
generated/prisma/runtime/library.js(10,900): error TS7006: Parameter 'e' implicitly has an 'any' type.
generated/prisma/runtime/library.js(10,1145): error TS7006: Parameter 'e' implicitly has an 'any' type.
generated/prisma/runtime/library.js(10,1980): error TS7017: Element implicitly has an 'any' type because type 'typeof globalThis' has no index signature.
generated/prisma/runtime/library.js(10,2129): error TS2304: Cannot find name 'WorkerGlobalScope'.
generated/prisma/runtime/library.js(10,2174): error TS2304: Cannot find name 'WorkerGlobalScope'.
generated/prisma/runtime/library.js(10,2202): error TS2304: Cannot find name 'DedicatedWorkerGlobalScope'.
generated/prisma/runtime/library.js(10,2256): error TS2304: Cannot find name 'DedicatedWorkerGlobalScope'.
generated/prisma/runtime/library.js(10,2293): error TS2304: Cannot find name 'SharedWorkerGlobalScope'.
generated/prisma/runtime/library.js(10,2344): error TS2304: Cannot find name 'SharedWorkerGlobalScope'.
generated/prisma/runtime/library.js(10,2378): error TS2304: Cannot find name 'ServiceWorkerGlobalScope'.
generated/prisma/runtime/library.js(10,2430): error TS2304: Cannot find name 'ServiceWorkerGlobalScope'.
generated/prisma/runtime/library.js(10,2480): error TS2551: Property 'userAgentData' does not exist on type 'Navigator'. Did you mean 'userAgent'?
generated/prisma/runtime/library.js(10,3498): error TS7006: Parameter 'e' implicitly has an 'any' type.
generated/prisma/runtime/library.js(10,3500): error TS7006: Parameter 'r' implicitly has an 'any' type.
generated/prisma/runtime/library.js(10,3643): error TS7006: Parameter 'e' implicitly has an 'any' type.
generated/prisma/runtime/library.js(10,3645): error TS7006: Parameter 'r' implicitly has an 'any' type.
generated/prisma/runtime/library.js(10,3987): error TS7006: Parameter 'e' implicitly has an 'any' type.
generated/prisma/runtime/library.js(10,4227): error TS7006: Parameter 'e' implicitly has an 'any' type.
generated/prisma/runtime/library.js(10,4229): error TS7006: Parameter 'r' implicitly has an 'any' type.
generated/prisma/runtime/library.js(10,4284): error TS7006: Parameter 'e' implicitly has an 'any' type.
generated/prisma/runtime/library.js(10,4335): error TS2339: Property 'width' does not exist on type '{}'.
generated/prisma/runtime/library.js(10,4358): error TS2339: Property 'width' does not exist on type '{}'.
generated/prisma/runtime/library.js(10,4369): error TS2339: Property 'height' does not exist on type '{}'.
generated/prisma/runtime/library.js(10,4394): error TS2339: Property 'height' does not exist on type '{}'.
generated/prisma/runtime/library.js(10,4406): error TS2339: Property 'preserveAspectRatio' does not exist on type '{}'.
generated/prisma/runtime/library.js(10,4569): error TS7006: Parameter 'e' implicitly has an 'any' type.
generated/prisma/runtime/library.js(10,4600): error TS2339: Property 'x' does not exist on type '{}'.
generated/prisma/runtime/library.js(10,4615): error TS2339: Property 'y' does not exist on type '{}'.
generated/prisma/runtime/library.js(10,4647): error TS2339: Property 'length' does not exist on type '{}'.
generated/prisma/runtime/library.js(10,4783): error TS2339: Property 'isHidden' does not exist on type '{}'.
generated/prisma/runtime/library.js(10,4834): error TS2339: Property 'length' does not exist on type '{}'.
generated/prisma/runtime/library.js(10,4854): error TS2339: Property 'length' does not exist on type '{}'.
generated/prisma/runtime/library.js(10,4863): error TS2339: Property 'x' does not exist on type '{}'.
generated/prisma/runtime/library.js(10,4867): error TS2339: Property 'y' does not exist on type '{}'.
generated/prisma/runtime/library.js(10,4873): error TS2339: Property 'length' does not exist on type '{}'.
generated/prisma/runtime/library.js(10,4935): error TS7006: Parameter 'e' implicitly has an 'any' type.
generated/prisma/runtime/library.js(10,4937): error TS7006: Parameter 'r' implicitly has an 'any' type.
generated/prisma/runtime/library.js(10,4992): error TS2339: Property 'link' does not exist on type '{}'.
generated/prisma/runtime/library.js(10,5004): error TS2339: Property 'fallback' does not exist on type '{}'.
generated/prisma/runtime/library.js(10,5029): error TS2339: Property 'fallback' does not exist on type '{}'.
generated/prisma/runtime/library.js(10,5052): error TS2339: Property 'fallback' does not exist on type '{}'.
generated/prisma/runtime/library.js(10,5136): error TS7006: Parameter 'e' implicitly has an 'any' type.
generated/prisma/runtime/library.js(10,5138): error TS7006: Parameter 'r' implicitly has an 'any' type.
generated/prisma/runtime/library.js(10,5230): error TS7006: Parameter 'e' implicitly has an 'any' type.
generated/prisma/runtime/library.js(10,5248): error TS2353: Object literal may only specify known properties, and 'fallback' does not exist in type '{ target?: string | undefined; }'.
generated/prisma/runtime/library.js(10,5299): error TS7006: Parameter 'e' implicitly has an 'any' type.
generated/prisma/runtime/library.js(10,5637): error TS7006: Parameter 'e' implicitly has an 'any' type.
generated/prisma/runtime/library.js(10,5715): error TS7006: Parameter 'e' implicitly has an 'any' type.
generated/prisma/runtime/library.js(10,5743): error TS7006: Parameter 'r' implicitly has an 'any' type.
generated/prisma/runtime/library.js(10,5771): error TS7006: Parameter 'r' implicitly has an 'any' type.
generated/prisma/runtime/library.js(10,5800): error TS7006: Parameter 'e' implicitly has an 'any' type.
generated/prisma/runtime/library.js(10,5911): error TS7008: Member 'registeredErrors' implicitly has an 'any[]' type.
generated/prisma/runtime/library.js(10,5944): error TS7006: Parameter 'r' implicitly has an 'any' type.
generated/prisma/runtime/library.js(10,5996): error TS7006: Parameter 'r' implicitly has an 'any' type.
generated/prisma/runtime/library.js(10,6105): error TS7006: Parameter 'e' implicitly has an 'any' type.
generated/prisma/runtime/library.js(10,6359): error TS7019: Rest parameter 'n' implicitly has an 'any[]' type.
generated/prisma/runtime/library.js(10,6417): error TS7006: Parameter 'o' implicitly has an 'any' type.
generated/prisma/runtime/library.js(10,6461): error TS2339: Property 'getConnectionInfo' does not exist on type '{ adapterName: any; errorRegistry: Pi; queryRaw: (...t: any[]) => Promise<{ ok: boolean; value: any; map(r: any): ...; flatMap(r: any): any; } | { ok: boolean; error: any; map(): ...; flatMap(): ...; }>; ... 4 more ...; startTransaction: (...n: any[]) => Promise<...>; }'.
generated/prisma/runtime/library.js(10,6521): error TS7006: Parameter 'e' implicitly has an 'any' type.
generated/prisma/runtime/library.js(10,6523): error TS7006: Parameter 'r' implicitly has an 'any' type.
generated/prisma/runtime/library.js(10,6743): error TS7006: Parameter 'e' implicitly has an 'any' type.
generated/prisma/runtime/library.js(10,6745): error TS7006: Parameter 'r' implicitly has an 'any' type.
generated/prisma/runtime/library.js(10,6761): error TS7019: Rest parameter 't' implicitly has an 'any[]' type.
generated/prisma/runtime/library.js(10,6852): error TS18046: 'n' is of type 'unknown'.
generated/prisma/runtime/library.js(10,6938): error TS7006: Parameter 'e' implicitly has an 'any' type.
generated/prisma/runtime/library.js(10,6940): error TS7006: Parameter 'r' implicitly has an 'any' type.
generated/prisma/runtime/library.js(10,6950): error TS7019: Rest parameter 't' implicitly has an 'any[]' type.
generated/prisma/runtime/library.js(10,7034): error TS18046: 'n' is of type 'unknown'.
generated/prisma/runtime/library.js(10,8978): error TS7006: Parameter 'e' implicitly has an 'any' type.
generated/prisma/runtime/library.js(10,9236): error TS7006: Parameter 'e' implicitly has an 'any' type.
generated/prisma/runtime/library.js(10,9251): error TS7006: Parameter 'a' implicitly has an 'any' type.
generated/prisma/runtime/library.js(10,9645): error TS7031: Binding element 'a' implicitly has an 'any' type.
generated/prisma/runtime/library.js(10,9741): error TS7031: Binding element 'a' implicitly has an 'any' type.
generated/prisma/runtime/library.js(10,9845): error TS7031: Binding element 'a' implicitly has an 'any' type.
generated/prisma/runtime/library.js(10,10028): error TS7031: Binding element 'a' implicitly has an 'any' type.
generated/prisma/runtime/library.js(10,10248): error TS7031: Binding element 'a' implicitly has an 'any' type.
generated/prisma/runtime/library.js(13,53): error TS7006: Parameter 'e' implicitly has an 'any' type.
generated/prisma/runtime/library.js(13,209): error TS7006: Parameter 'e' implicitly has an 'any' type.
generated/prisma/runtime/library.js(13,271): error TS7006: Parameter 'e' implicitly has an 'any' type.
generated/prisma/runtime/library.js(13,420): error TS7006: Parameter 'e' implicitly has an 'any' type.
generated/prisma/runtime/library.js(13,473): error TS7006: Parameter 'r' implicitly has an 'any' type.
generated/prisma/runtime/library.js(15,18): error TS7006: Parameter 'e' implicitly has an 'any' type.
generated/prisma/runtime/library.js(15,55): error TS7006: Parameter 'n' implicitly has an 'any' type.
generated/prisma/runtime/library.js(15,116): error TS7006: Parameter 'n' implicitly has an 'any' type.
generated/prisma/runtime/library.js(15,181): error TS7006: Parameter 'e' implicitly has an 'any' type.
generated/prisma/runtime/library.js(16,16): error TS7006: Parameter 'e' implicitly has an 'any' type.
generated/prisma/runtime/library.js(16,418): error TS7019: Rest parameter 'e' implicitly has an 'any[]' type.
generated/prisma/runtime/library.js(16,454): error TS7006: Parameter 'e' implicitly has an 'any' type.
generated/prisma/runtime/library.js(16,456): error TS7019: Rest parameter 'r' implicitly has an 'any[]' type.
generated/prisma/runtime/library.js(16,522): error TS7006: Parameter 'e' implicitly has an 'any' type.
generated/prisma/runtime/library.js(16,524): error TS7019: Rest parameter 'r' implicitly has an 'any[]' type.
generated/prisma/runtime/library.js(16,579): error TS7006: Parameter 'e' implicitly has an 'any' type.
generated/prisma/runtime/library.js(16,581): error TS7019: Rest parameter 'r' implicitly has an 'any[]' type.
generated/prisma/runtime/library.js(16,638): error TS7006: Parameter 'e' implicitly has an 'any' type.
generated/prisma/runtime/library.js(16,640): error TS7019: Rest parameter 'r' implicitly has an 'any[]' type.
generated/prisma/runtime/library.js(16,695): error TS7006: Parameter 'e' implicitly has an 'any' type.
generated/prisma/runtime/library.js(16,697): error TS7006: Parameter 'r' implicitly has an 'any' type.
generated/prisma/runtime/library.js(16,858): error TS7006: Parameter 'e' implicitly has an 'any' type.
generated/prisma/runtime/library.js(16,860): error TS7006: Parameter 'r' implicitly has an 'any' type.
generated/prisma/runtime/library.js(16,1204): error TS7006: Parameter 'e' implicitly has an 'any' type.
generated/prisma/runtime/library.js(16,1362): error TS7006: Parameter 'e' implicitly has an 'any' type.
generated/prisma/runtime/library.js(16,1546): error TS7006: Parameter 'e' implicitly has an 'any' type.
generated/prisma/runtime/library.js(16,1591): error TS7006: Parameter 'n' implicitly has an 'any' type.
generated/prisma/runtime/library.js(16,1650): error TS7006: Parameter 'o' implicitly has an 'any' type.
generated/prisma/runtime/library.js(16,1652): error TS7006: Parameter 's' implicitly has an 'any' type.
generated/prisma/runtime/library.js(16,1802): error TS18048: 'l' is possibly 'undefined'.
generated/prisma/runtime/library.js(16,1843): error TS2345: Argument of type 'string | undefined' is not assignable to parameter of type 'PropertyKey'.
  Type 'undefined' is not assignable to type 'PropertyKey'.
generated/prisma/runtime/library.js(16,1848): error TS2538: Type 'undefined' cannot be used as an index type.
generated/prisma/runtime/library.js(16,1860): error TS2538: Type 'undefined' cannot be used as an index type.
generated/prisma/runtime/library.js(16,1964): error TS7053: Element implicitly has an 'any' type because expression of type 'string' can't be used to index type '{}'.
  No index signature with a parameter of type 'string' was found on type '{}'.
generated/prisma/runtime/library.js(16,2020): error TS7053: Element implicitly has an 'any' type because expression of type 'string' can't be used to index type '{}'.
  No index signature with a parameter of type 'string' was found on type '{}'.
generated/prisma/runtime/library.js(16,2102): error TS7031: Binding element 'e' implicitly has an 'any' type.
generated/prisma/runtime/library.js(16,2118): error TS7031: Binding element 'r' implicitly has an 'any' type.
generated/prisma/runtime/library.js(17,80): error TS7006: Parameter 'e' implicitly has an 'any' type.
generated/prisma/runtime/library.js(17,82): error TS7006: Parameter 'r' implicitly has an 'any' type.
generated/prisma/runtime/library.js(17,84): error TS7006: Parameter 't' implicitly has an 'any' type.
generated/prisma/runtime/library.js(25,67): error TS7006: Parameter 'e' implicitly has an 'any' type.
generated/prisma/runtime/library.js(25,404): error TS7006: Parameter 'e' implicitly has an 'any' type.
generated/prisma/runtime/library.js(25,406): error TS7006: Parameter 'r' implicitly has an 'any' type.
generated/prisma/runtime/library.js(25,480): error TS7006: Parameter 'e' implicitly has an 'any' type.
generated/prisma/runtime/library.js(25,533): error TS7006: Parameter 'e' implicitly has an 'any' type.
generated/prisma/runtime/library.js(25,535): error TS7006: Parameter 'r' implicitly has an 'any' type.
generated/prisma/runtime/library.js(25,599): error TS7006: Parameter 'e' implicitly has an 'any' type.
generated/prisma/runtime/library.js(25,601): error TS7006: Parameter 'r' implicitly has an 'any' type.
generated/prisma/runtime/library.js(25,641): error TS7053: Element implicitly has an 'any' type because expression of type 'string' can't be used to index type '{}'.
  No index signature with a parameter of type 'string' was found on type '{}'.
generated/prisma/runtime/library.js(25,677): error TS7006: Parameter 'e' implicitly has an 'any' type.
generated/prisma/runtime/library.js(25,679): error TS7006: Parameter 'r' implicitly has an 'any' type.
generated/prisma/runtime/library.js(25,785): error TS7006: Parameter 'e' implicitly has an 'any' type.
generated/prisma/runtime/library.js(25,787): error TS7006: Parameter 'r' implicitly has an 'any' type.
generated/prisma/runtime/library.js(25,867): error TS7006: Parameter 'e' implicitly has an 'any' type.
generated/prisma/runtime/library.js(25,869): error TS7006: Parameter 'r' implicitly has an 'any' type.
generated/prisma/runtime/library.js(25,871): error TS7019: Rest parameter 't' implicitly has an 'any[]' type.
generated/prisma/runtime/library.js(25,966): error TS7008: Member 'retryable' implicitly has an 'any' type.
generated/prisma/runtime/library.js(25,988): error TS7006: Parameter 'r' implicitly has an 'any' type.
generated/prisma/runtime/library.js(25,990): error TS7006: Parameter 't' implicitly has an 'any' type.
generated/prisma/runtime/library.js(25,992): error TS7006: Parameter 'n' implicitly has an 'any' type.
generated/prisma/runtime/library.js(25,1270): error TS7008: Member 'batchRequestIdx' implicitly has an 'any' type.
generated/prisma/runtime/library.js(25,1298): error TS7006: Parameter 'r' implicitly has an 'any' type.
generated/prisma/runtime/library.js(25,1306): error TS7031: Binding element 't' implicitly has an 'any' type.
generated/prisma/runtime/library.js(25,1322): error TS7031: Binding element 'n' implicitly has an 'any' type.
generated/prisma/runtime/library.js(25,1329): error TS7031: Binding element 'i' implicitly has an 'any' type.
generated/prisma/runtime/library.js(25,1347): error TS7031: Binding element 'o' implicitly has an 'any' type.
generated/prisma/runtime/library.js(25,1685): error TS7006: Parameter 'r' implicitly has an 'any' type.
generated/prisma/runtime/library.js(25,1687): error TS7006: Parameter 't' implicitly has an 'any' type.
generated/prisma/runtime/library.js(25,1897): error TS7008: Member 'batchRequestIdx' implicitly has an 'any' type.
generated/prisma/runtime/library.js(25,1925): error TS7006: Parameter 'r' implicitly has an 'any' type.
generated/prisma/runtime/library.js(25,1942): error TS7031: Binding element 't' implicitly has an 'any' type.
generated/prisma/runtime/library.js(25,1960): error TS7031: Binding element 'n' implicitly has an 'any' type.
generated/prisma/runtime/library.js(25,2314): error TS7006: Parameter 'r' implicitly has an 'any' type.
generated/prisma/runtime/library.js(25,2331): error TS7031: Binding element 't' implicitly has an 'any' type.
generated/prisma/runtime/library.js(25,2494): error TS7006: Parameter 'r' implicitly has an 'any' type.
generated/prisma/runtime/library.js(25,2532): error TS7006: Parameter 'r' implicitly has an 'any' type.
generated/prisma/runtime/library.js(25,2534): error TS7006: Parameter 't' implicitly has an 'any' type.
generated/prisma/runtime/library.js(25,2576): error TS7006: Parameter 'r' implicitly has an 'any' type.
generated/prisma/runtime/library.js(25,2578): error TS7006: Parameter 't' implicitly has an 'any' type.
generated/prisma/runtime/library.js(25,2671): error TS7006: Parameter 'e' implicitly has an 'any' type.
generated/prisma/runtime/library.js(25,2739): error TS7006: Parameter 'e' implicitly has an 'any' type.
generated/prisma/runtime/library.js(25,2741): error TS7006: Parameter 'r' implicitly has an 'any' type.
generated/prisma/runtime/library.js(25,2780): error TS7053: Element implicitly has an 'any' type because expression of type 'any' can't be used to index type '{}'.
generated/prisma/runtime/library.js(25,2808): error TS7006: Parameter 'e' implicitly has an 'any' type.
generated/prisma/runtime/library.js(25,2815): error TS7034: Variable 'r' implicitly has type 'any' in some locations where its type cannot be determined.
generated/prisma/runtime/library.js(25,2837): error TS7005: Variable 'r' implicitly has an 'any' type.
generated/prisma/runtime/library.js(25,2878): error TS7006: Parameter 'e' implicitly has an 'any' type.
generated/prisma/runtime/library.js(25,2957): error TS7006: Parameter 'e' implicitly has an 'any' type.
generated/prisma/runtime/library.js(25,2994): error TS7053: Element implicitly has an 'any' type because expression of type 'any' can't be used to index type '{}'.
generated/prisma/runtime/library.js(25,3022): error TS7006: Parameter 'e' implicitly has an 'any' type.
generated/prisma/runtime/library.js(25,3115): error TS7006: Parameter 'e' implicitly has an 'any' type.
generated/prisma/runtime/library.js(25,5349): error TS7034: Variable '$s' implicitly has type 'any' in some locations where its type cannot be determined.
generated/prisma/runtime/library.js(25,5352): error TS7034: Variable 'Ne' implicitly has type 'any' in some locations where its type cannot be determined.
generated/prisma/runtime/library.js(25,5795): error TS2339: Property 'absoluteValue' does not exist on type '{ toStringTag: string; }'.
generated/prisma/runtime/library.js(25,5811): error TS2339: Property 'abs' does not exist on type '{ toStringTag: string; }'.
generated/prisma/runtime/library.js(25,5836): error TS2351: This expression is not constructable.
  Type 'Function' has no construct signatures.
generated/prisma/runtime/library.js(25,5889): error TS2339: Property 'ceil' does not exist on type '{ toStringTag: string; }'.
generated/prisma/runtime/library.js(25,5918): error TS2351: This expression is not constructable.
  Type 'Function' has no construct signatures.
generated/prisma/runtime/library.js(25,5946): error TS2339: Property 'e' does not exist on type '{ toStringTag: string; }'.
generated/prisma/runtime/library.js(25,5956): error TS2339: Property 'clampedTo' does not exist on type '{ toStringTag: string; }'.
generated/prisma/runtime/library.js(25,5968): error TS2339: Property 'clamp' does not exist on type '{ toStringTag: string; }'.
generated/prisma/runtime/library.js(25,5983): error TS7006: Parameter 'e' implicitly has an 'any' type.
generated/prisma/runtime/library.js(25,5985): error TS7006: Parameter 'r' implicitly has an 'any' type.
generated/prisma/runtime/library.js(25,6026): error TS2351: This expression is not constructable.
  Type 'Function' has no construct signatures.
generated/prisma/runtime/library.js(25,6037): error TS2351: This expression is not constructable.
  Type 'Function' has no construct signatures.
generated/prisma/runtime/library.js(25,6064): error TS2351: This expression is not constructable.
  Type 'Function' has no construct signatures.
generated/prisma/runtime/library.js(25,6111): error TS2339: Property 'cmp' does not exist on type '{ toStringTag: string; }'.
generated/prisma/runtime/library.js(25,6126): error TS2339: Property 'cmp' does not exist on type '{ toStringTag: string; }'.
generated/prisma/runtime/library.js(25,6141): error TS2351: This expression is not constructable.
  Type 'Function' has no construct signatures.
generated/prisma/runtime/library.js(25,6149): error TS2339: Property 'comparedTo' does not exist on type '{ toStringTag: string; }'.
generated/prisma/runtime/library.js(25,6162): error TS2339: Property 'cmp' does not exist on type '{ toStringTag: string; }'.
generated/prisma/runtime/library.js(25,6175): error TS7006: Parameter 'e' implicitly has an 'any' type.
generated/prisma/runtime/library.js(25,6201): error TS2339: Property 'd' does not exist on type '{ toStringTag: string; }'.
generated/prisma/runtime/library.js(25,6212): error TS2351: This expression is not constructable.
  Type 'Function' has no construct signatures.
generated/prisma/runtime/library.js(25,6236): error TS2339: Property 's' does not exist on type '{ toStringTag: string; }'.
generated/prisma/runtime/library.js(25,6287): error TS2447: The '^' operator is not allowed for boolean types. Consider using '!==' instead.
generated/prisma/runtime/library.js(25,6362): error TS2339: Property 'e' does not exist on type '{ toStringTag: string; }'.
generated/prisma/runtime/library.js(25,6377): error TS2447: The '^' operator is not allowed for boolean types. Consider using '!==' instead.
generated/prisma/runtime/library.js(25,6379): error TS2339: Property 'e' does not exist on type '{ toStringTag: string; }'.
generated/prisma/runtime/library.js(25,6464): error TS2447: The '^' operator is not allowed for boolean types. Consider using '!==' instead.
generated/prisma/runtime/library.js(25,6498): error TS2447: The '^' operator is not allowed for boolean types. Consider using '!==' instead.
generated/prisma/runtime/library.js(25,6514): error TS2339: Property 'cosine' does not exist on type '{ toStringTag: string; }'.
generated/prisma/runtime/library.js(25,6523): error TS2339: Property 'cos' does not exist on type '{ toStringTag: string; }'.
generated/prisma/runtime/library.js(25,6578): error TS2339: Property 'd' does not exist on type '{ toStringTag: string; }'.
generated/prisma/runtime/library.js(25,6582): error TS2339: Property 'd' does not exist on type '{ toStringTag: string; }'.
generated/prisma/runtime/library.js(25,6592): error TS2339: Property 'precision' does not exist on type 'Function'.
generated/prisma/runtime/library.js(25,6606): error TS2339: Property 'rounding' does not exist on type 'Function'.
generated/prisma/runtime/library.js(25,6617): error TS2339: Property 'precision' does not exist on type 'Function'.
generated/prisma/runtime/library.js(25,6640): error TS2339: Property 'e' does not exist on type '{ toStringTag: string; }'.
generated/prisma/runtime/library.js(25,6644): error TS2339: Property 'sd' does not exist on type '{ toStringTag: string; }'.
generated/prisma/runtime/library.js(25,6654): error TS2339: Property 'rounding' does not exist on type 'Function'.
generated/prisma/runtime/library.js(25,6683): error TS2339: Property 'precision' does not exist on type 'Function'.
generated/prisma/runtime/library.js(25,6697): error TS2339: Property 'rounding' does not exist on type 'Function'.
generated/prisma/runtime/library.js(25,6710): error TS7005: Variable 'Ne' implicitly has an 'any' type.
generated/prisma/runtime/library.js(25,6717): error TS7005: Variable 'Ne' implicitly has an 'any' type.
generated/prisma/runtime/library.js(25,6725): error TS2339: Property 'neg' does not exist on type '{ toStringTag: string; }'.
generated/prisma/runtime/library.js(25,6746): error TS2351: This expression is not constructable.
  Type 'Function' has no construct signatures.
generated/prisma/runtime/library.js(25,6755): error TS2351: This expression is not constructable.
  Type 'Function' has no construct signatures.
generated/prisma/runtime/library.js(25,6765): error TS2339: Property 'cubeRoot' does not exist on type '{ toStringTag: string; }'.
generated/prisma/runtime/library.js(25,6776): error TS2339: Property 'cbrt' does not exist on type '{ toStringTag: string; }'.
generated/prisma/runtime/library.js(25,6845): error TS2339: Property 'isFinite' does not exist on type '{ toStringTag: string; }'.
generated/prisma/runtime/library.js(25,6859): error TS2339: Property 'isZero' does not exist on type '{ toStringTag: string; }'.
generated/prisma/runtime/library.js(25,6879): error TS2351: This expression is not constructable.
  Type 'Function' has no construct signatures.
generated/prisma/runtime/library.js(25,6897): error TS2339: Property 's' does not exist on type '{ toStringTag: string; }'.
generated/prisma/runtime/library.js(25,6903): error TS2339: Property 's' does not exist on type '{ toStringTag: string; }'.
generated/prisma/runtime/library.js(25,6905): error TS2363: The right-hand side of an arithmetic operation must be of type 'any', 'number', 'bigint' or an enum type.
generated/prisma/runtime/library.js(25,6940): error TS2339: Property 'd' does not exist on type '{ toStringTag: string; }'.
generated/prisma/runtime/library.js(25,6947): error TS2339: Property 'e' does not exist on type '{ toStringTag: string; }'.
generated/prisma/runtime/library.js(25,7001): error TS2345: Argument of type 'string' is not assignable to parameter of type 'number'.
generated/prisma/runtime/library.js(25,7021): error TS2363: The right-hand side of an arithmetic operation must be of type 'any', 'number', 'bigint' or an enum type.
generated/prisma/runtime/library.js(25,7115): error TS2351: This expression is not constructable.
  Type 'Function' has no construct signatures.
generated/prisma/runtime/library.js(25,7126): error TS2339: Property 's' does not exist on type '{ toStringTag: string; }'.
generated/prisma/runtime/library.js(25,7135): error TS2351: This expression is not constructable.
  Type 'Function' has no construct signatures.
generated/prisma/runtime/library.js(25,7158): error TS2339: Property 'precision' does not exist on type 'Function'.
generated/prisma/runtime/library.js(25,7522): error TS2339: Property 'rounding' does not exist on type 'Function'.
generated/prisma/runtime/library.js(25,7537): error TS2339: Property 'decimalPlaces' does not exist on type '{ toStringTag: string; }'.
generated/prisma/runtime/library.js(25,7553): error TS2339: Property 'dp' does not exist on type '{ toStringTag: string; }'.
generated/prisma/runtime/library.js(25,7580): error TS2339: Property 'd' does not exist on type '{ toStringTag: string; }'.
generated/prisma/runtime/library.js(25,7622): error TS2339: Property 'e' does not exist on type '{ toStringTag: string; }'.
generated/prisma/runtime/library.js(25,7685): error TS2339: Property 'dividedBy' does not exist on type '{ toStringTag: string; }'.
generated/prisma/runtime/library.js(25,7697): error TS2339: Property 'div' does not exist on type '{ toStringTag: string; }'.
generated/prisma/runtime/library.js(25,7710): error TS7006: Parameter 'e' implicitly has an 'any' type.
generated/prisma/runtime/library.js(25,7731): error TS2351: This expression is not constructable.
  Type 'Function' has no construct signatures.
generated/prisma/runtime/library.js(25,7755): error TS2339: Property 'dividedToIntegerBy' does not exist on type '{ toStringTag: string; }'.
generated/prisma/runtime/library.js(25,7776): error TS2339: Property 'divToInt' does not exist on type '{ toStringTag: string; }'.
generated/prisma/runtime/library.js(25,7794): error TS7006: Parameter 'e' implicitly has an 'any' type.
generated/prisma/runtime/library.js(25,7841): error TS2351: This expression is not constructable.
  Type 'Function' has no construct signatures.
generated/prisma/runtime/library.js(25,7855): error TS2339: Property 'precision' does not exist on type 'Function'.
generated/prisma/runtime/library.js(25,7867): error TS2339: Property 'rounding' does not exist on type 'Function'.
generated/prisma/runtime/library.js(25,7880): error TS2339: Property 'equals' does not exist on type '{ toStringTag: string; }'.
generated/prisma/runtime/library.js(25,7889): error TS2339: Property 'eq' does not exist on type '{ toStringTag: string; }'.
generated/prisma/runtime/library.js(25,7901): error TS7006: Parameter 'e' implicitly has an 'any' type.
generated/prisma/runtime/library.js(25,7916): error TS2339: Property 'cmp' does not exist on type '{ toStringTag: string; }'.
generated/prisma/runtime/library.js(25,7930): error TS2339: Property 'floor' does not exist on type '{ toStringTag: string; }'.
generated/prisma/runtime/library.js(25,7960): error TS2351: This expression is not constructable.
  Type 'Function' has no construct signatures.
generated/prisma/runtime/library.js(25,7988): error TS2339: Property 'e' does not exist on type '{ toStringTag: string; }'.
generated/prisma/runtime/library.js(25,7998): error TS2339: Property 'greaterThan' does not exist on type '{ toStringTag: string; }'.
generated/prisma/runtime/library.js(25,8012): error TS2339: Property 'gt' does not exist on type '{ toStringTag: string; }'.
generated/prisma/runtime/library.js(25,8024): error TS7006: Parameter 'e' implicitly has an 'any' type.
generated/prisma/runtime/library.js(25,8039): error TS2339: Property 'cmp' does not exist on type '{ toStringTag: string; }'.
generated/prisma/runtime/library.js(25,8051): error TS2339: Property 'greaterThanOrEqualTo' does not exist on type '{ toStringTag: string; }'.
generated/prisma/runtime/library.js(25,8074): error TS2339: Property 'gte' does not exist on type '{ toStringTag: string; }'.
generated/prisma/runtime/library.js(25,8087): error TS7006: Parameter 'e' implicitly has an 'any' type.
generated/prisma/runtime/library.js(25,8101): error TS2339: Property 'cmp' does not exist on type '{ toStringTag: string; }'.
generated/prisma/runtime/library.js(25,8130): error TS2339: Property 'hyperbolicCosine' does not exist on type '{ toStringTag: string; }'.
generated/prisma/runtime/library.js(25,8149): error TS2339: Property 'cosh' does not exist on type '{ toStringTag: string; }'.
generated/prisma/runtime/library.js(25,8208): error TS2351: This expression is not constructable.
  Type 'Function' has no construct signatures.
generated/prisma/runtime/library.js(25,8219): error TS2339: Property 'isFinite' does not exist on type '{ toStringTag: string; }'.
generated/prisma/runtime/library.js(25,8241): error TS2351: This expression is not constructable.
  Type 'Function' has no construct signatures.
generated/prisma/runtime/library.js(25,8245): error TS2339: Property 's' does not exist on type '{ toStringTag: string; }'.
generated/prisma/runtime/library.js(25,8261): error TS2339: Property 'isZero' does not exist on type '{ toStringTag: string; }'.
generated/prisma/runtime/library.js(25,8283): error TS2339: Property 'precision' does not exist on type 'Function'.
generated/prisma/runtime/library.js(25,8297): error TS2339: Property 'rounding' does not exist on type 'Function'.
generated/prisma/runtime/library.js(25,8308): error TS2339: Property 'precision' does not exist on type 'Function'.
generated/prisma/runtime/library.js(25,8331): error TS2339: Property 'e' does not exist on type '{ toStringTag: string; }'.
generated/prisma/runtime/library.js(25,8335): error TS2339: Property 'sd' does not exist on type '{ toStringTag: string; }'.
generated/prisma/runtime/library.js(25,8345): error TS2339: Property 'rounding' does not exist on type 'Function'.
generated/prisma/runtime/library.js(25,8360): error TS2339: Property 'd' does not exist on type '{ toStringTag: string; }'.
generated/prisma/runtime/library.js(25,8469): error TS2339: Property 'times' does not exist on type '{ toStringTag: string; }'.
generated/prisma/runtime/library.js(25,8482): error TS2351: This expression is not constructable.
  Type 'Function' has no construct signatures.
generated/prisma/runtime/library.js(25,8511): error TS2351: This expression is not constructable.
  Type 'Function' has no construct signatures.
generated/prisma/runtime/library.js(25,8525): error TS2339: Property 'times' does not exist on type '{ toStringTag: string; }'.
generated/prisma/runtime/library.js(25,8587): error TS2339: Property 'precision' does not exist on type 'Function'.
generated/prisma/runtime/library.js(25,8601): error TS2339: Property 'rounding' does not exist on type 'Function'.
generated/prisma/runtime/library.js(25,8619): error TS2339: Property 'hyperbolicSine' does not exist on type '{ toStringTag: string; }'.
generated/prisma/runtime/library.js(25,8636): error TS2339: Property 'sinh' does not exist on type '{ toStringTag: string; }'.
generated/prisma/runtime/library.js(25,8693): error TS2339: Property 'isFinite' does not exist on type '{ toStringTag: string; }'.
generated/prisma/runtime/library.js(25,8707): error TS2339: Property 'isZero' does not exist on type '{ toStringTag: string; }'.
generated/prisma/runtime/library.js(25,8727): error TS2351: This expression is not constructable.
  Type 'Function' has no construct signatures.
generated/prisma/runtime/library.js(25,8739): error TS2339: Property 'precision' does not exist on type 'Function'.
generated/prisma/runtime/library.js(25,8753): error TS2339: Property 'rounding' does not exist on type 'Function'.
generated/prisma/runtime/library.js(25,8764): error TS2339: Property 'precision' does not exist on type 'Function'.
generated/prisma/runtime/library.js(25,8787): error TS2339: Property 'e' does not exist on type '{ toStringTag: string; }'.
generated/prisma/runtime/library.js(25,8791): error TS2339: Property 'sd' does not exist on type '{ toStringTag: string; }'.
generated/prisma/runtime/library.js(25,8801): error TS2339: Property 'rounding' does not exist on type 'Function'.
generated/prisma/runtime/library.js(25,8816): error TS2339: Property 'd' does not exist on type '{ toStringTag: string; }'.
generated/prisma/runtime/library.js(25,8888): error TS2339: Property 'times' does not exist on type '{ toStringTag: string; }'.
generated/prisma/runtime/library.js(25,8938): error TS2351: This expression is not constructable.
  Type 'Function' has no construct signatures.
generated/prisma/runtime/library.js(25,8949): error TS2351: This expression is not constructable.
  Type 'Function' has no construct signatures.
generated/prisma/runtime/library.js(25,8961): error TS2351: This expression is not constructable.
  Type 'Function' has no construct signatures.
generated/prisma/runtime/library.js(25,8976): error TS2339: Property 'times' does not exist on type '{ toStringTag: string; }'.
generated/prisma/runtime/library.js(25,8989): error TS2339: Property 'times' does not exist on type '{ toStringTag: string; }'.
generated/prisma/runtime/library.js(25,9041): error TS2339: Property 'precision' does not exist on type 'Function'.
generated/prisma/runtime/library.js(25,9055): error TS2339: Property 'rounding' does not exist on type 'Function'.
generated/prisma/runtime/library.js(25,9081): error TS2339: Property 'hyperbolicTangent' does not exist on type '{ toStringTag: string; }'.
generated/prisma/runtime/library.js(25,9101): error TS2339: Property 'tanh' does not exist on type '{ toStringTag: string; }'.
generated/prisma/runtime/library.js(25,9157): error TS2339: Property 'isFinite' does not exist on type '{ toStringTag: string; }'.
generated/prisma/runtime/library.js(25,9170): error TS2339: Property 'isZero' does not exist on type '{ toStringTag: string; }'.
generated/prisma/runtime/library.js(25,9183): error TS2351: This expression is not constructable.
  Type 'Function' has no construct signatures.
generated/prisma/runtime/library.js(25,9193): error TS2339: Property 'precision' does not exist on type 'Function'.
generated/prisma/runtime/library.js(25,9207): error TS2339: Property 'rounding' does not exist on type 'Function'.
generated/prisma/runtime/library.js(25,9218): error TS2339: Property 'precision' does not exist on type 'Function'.
generated/prisma/runtime/library.js(25,9234): error TS2339: Property 'rounding' does not exist on type 'Function'.
generated/prisma/runtime/library.js(25,9249): error TS2339: Property 'sinh' does not exist on type '{ toStringTag: string; }'.
generated/prisma/runtime/library.js(25,9258): error TS2339: Property 'cosh' does not exist on type '{ toStringTag: string; }'.
generated/prisma/runtime/library.js(25,9267): error TS2339: Property 'precision' does not exist on type 'Function'.
generated/prisma/runtime/library.js(25,9281): error TS2339: Property 'rounding' does not exist on type 'Function'.
generated/prisma/runtime/library.js(25,9298): error TS2351: This expression is not constructable.
  Type 'Function' has no construct signatures.
generated/prisma/runtime/library.js(25,9302): error TS2339: Property 's' does not exist on type '{ toStringTag: string; }'.
generated/prisma/runtime/library.js(25,9308): error TS2339: Property 'inverseCosine' does not exist on type '{ toStringTag: string; }'.
generated/prisma/runtime/library.js(25,9324): error TS2339: Property 'acos' does not exist on type '{ toStringTag: string; }'.
generated/prisma/runtime/library.js(25,9371): error TS2339: Property 'abs' does not exist on type '{ toStringTag: string; }'.
generated/prisma/runtime/library.js(25,9388): error TS2339: Property 'precision' does not exist on type 'Function'.
generated/prisma/runtime/library.js(25,9402): error TS2339: Property 'rounding' does not exist on type 'Function'.
generated/prisma/runtime/library.js(25,9433): error TS2339: Property 'isNeg' does not exist on type '{ toStringTag: string; }'.
generated/prisma/runtime/library.js(25,9455): error TS2351: This expression is not constructable.
  Type 'Function' has no construct signatures.
generated/prisma/runtime/library.js(25,9464): error TS2351: This expression is not constructable.
  Type 'Function' has no construct signatures.
generated/prisma/runtime/library.js(25,9473): error TS2339: Property 'isZero' does not exist on type '{ toStringTag: string; }'.
generated/prisma/runtime/library.js(25,9507): error TS2339: Property 'precision' does not exist on type 'Function'.
generated/prisma/runtime/library.js(25,9523): error TS2339: Property 'rounding' does not exist on type 'Function'.
generated/prisma/runtime/library.js(25,9540): error TS2351: This expression is not constructable.
  Type 'Function' has no construct signatures.
generated/prisma/runtime/library.js(25,9560): error TS2339: Property 'plus' does not exist on type '{ toStringTag: string; }'.
generated/prisma/runtime/library.js(25,9585): error TS2339: Property 'precision' does not exist on type 'Function'.
generated/prisma/runtime/library.js(25,9599): error TS2339: Property 'rounding' does not exist on type 'Function'.
generated/prisma/runtime/library.js(25,9612): error TS2339: Property 'times' does not exist on type '{ toStringTag: string; }'.
generated/prisma/runtime/library.js(25,9625): error TS2339: Property 'inverseHyperbolicCosine' does not exist on type '{ toStringTag: string; }'.
generated/prisma/runtime/library.js(25,9651): error TS2339: Property 'acosh' does not exist on type '{ toStringTag: string; }'.
generated/prisma/runtime/library.js(25,9708): error TS2339: Property 'lte' does not exist on type '{ toStringTag: string; }'.
generated/prisma/runtime/library.js(25,9719): error TS2351: This expression is not constructable.
  Type 'Function' has no construct signatures.
generated/prisma/runtime/library.js(25,9723): error TS2339: Property 'eq' does not exist on type '{ toStringTag: string; }'.
generated/prisma/runtime/library.js(25,9738): error TS2339: Property 'isFinite' does not exist on type '{ toStringTag: string; }'.
generated/prisma/runtime/library.js(25,9754): error TS2339: Property 'precision' does not exist on type 'Function'.
generated/prisma/runtime/library.js(25,9768): error TS2339: Property 'rounding' does not exist on type 'Function'.
generated/prisma/runtime/library.js(25,9779): error TS2339: Property 'precision' does not exist on type 'Function'.
generated/prisma/runtime/library.js(25,9811): error TS2339: Property 'e' does not exist on type '{ toStringTag: string; }'.
generated/prisma/runtime/library.js(25,9816): error TS2339: Property 'sd' does not exist on type '{ toStringTag: string; }'.
generated/prisma/runtime/library.js(25,9826): error TS2339: Property 'rounding' does not exist on type 'Function'.
generated/prisma/runtime/library.js(25,9846): error TS2339: Property 'times' does not exist on type '{ toStringTag: string; }'.
generated/prisma/runtime/library.js(25,9886): error TS2339: Property 'precision' does not exist on type 'Function'.
generated/prisma/runtime/library.js(25,9900): error TS2339: Property 'rounding' does not exist on type 'Function'.
generated/prisma/runtime/library.js(25,9913): error TS2339: Property 'ln' does not exist on type '{ toStringTag: string; }'.
generated/prisma/runtime/library.js(25,9923): error TS2351: This expression is not constructable.
  Type 'Function' has no construct signatures.
generated/prisma/runtime/library.js(25,9931): error TS2339: Property 'inverseHyperbolicSine' does not exist on type '{ toStringTag: string; }'.
generated/prisma/runtime/library.js(25,9955): error TS2339: Property 'asinh' does not exist on type '{ toStringTag: string; }'.
generated/prisma/runtime/library.js(25,10012): error TS2339: Property 'isFinite' does not exist on type '{ toStringTag: string; }'.
generated/prisma/runtime/library.js(25,10026): error TS2339: Property 'isZero' does not exist on type '{ toStringTag: string; }'.
generated/prisma/runtime/library.js(25,10039): error TS2351: This expression is not constructable.
  Type 'Function' has no construct signatures.
generated/prisma/runtime/library.js(25,10049): error TS2339: Property 'precision' does not exist on type 'Function'.
generated/prisma/runtime/library.js(25,10063): error TS2339: Property 'rounding' does not exist on type 'Function'.
generated/prisma/runtime/library.js(25,10074): error TS2339: Property 'precision' does not exist on type 'Function'.
generated/prisma/runtime/library.js(25,10108): error TS2339: Property 'e' does not exist on type '{ toStringTag: string; }'.
generated/prisma/runtime/library.js(25,10113): error TS2339: Property 'sd' does not exist on type '{ toStringTag: string; }'.
generated/prisma/runtime/library.js(25,10123): error TS2339: Property 'rounding' does not exist on type 'Function'.
generated/prisma/runtime/library.js(25,10143): error TS2339: Property 'times' does not exist on type '{ toStringTag: string; }'.
generated/prisma/runtime/library.js(25,10182): error TS2339: Property 'precision' does not exist on type 'Function'.
generated/prisma/runtime/library.js(25,10196): error TS2339: Property 'rounding' does not exist on type 'Function'.
generated/prisma/runtime/library.js(25,10209): error TS2339: Property 'ln' does not exist on type '{ toStringTag: string; }'.
generated/prisma/runtime/library.js(25,10218): error TS2339: Property 'inverseHyperbolicTangent' does not exist on type '{ toStringTag: string; }'.
generated/prisma/runtime/library.js(25,10245): error TS2339: Property 'atanh' does not exist on type '{ toStringTag: string; }'.
generated/prisma/runtime/library.js(25,10306): error TS2339: Property 'isFinite' does not exist on type '{ toStringTag: string; }'.
generated/prisma/runtime/library.js(25,10319): error TS2339: Property 'e' does not exist on type '{ toStringTag: string; }'.
generated/prisma/runtime/library.js(25,10328): error TS2351: This expression is not constructable.
  Type 'Function' has no construct signatures.
generated/prisma/runtime/library.js(25,10332): error TS2339: Property 'abs' does not exist on type '{ toStringTag: string; }'.
generated/prisma/runtime/library.js(25,10346): error TS2339: Property 's' does not exist on type '{ toStringTag: string; }'.
generated/prisma/runtime/library.js(25,10352): error TS2339: Property 'isZero' does not exist on type '{ toStringTag: string; }'.
generated/prisma/runtime/library.js(25,10373): error TS2339: Property 'precision' does not exist on type 'Function'.
generated/prisma/runtime/library.js(25,10387): error TS2339: Property 'rounding' does not exist on type 'Function'.
generated/prisma/runtime/library.js(25,10400): error TS2339: Property 'sd' does not exist on type '{ toStringTag: string; }'.
generated/prisma/runtime/library.js(25,10424): error TS2339: Property 'e' does not exist on type '{ toStringTag: string; }'.
generated/prisma/runtime/library.js(25,10434): error TS2351: This expression is not constructable.
  Type 'Function' has no construct signatures.
generated/prisma/runtime/library.js(25,10450): error TS2339: Property 'precision' does not exist on type 'Function'.
generated/prisma/runtime/library.js(25,10466): error TS2339: Property 'e' does not exist on type '{ toStringTag: string; }'.
generated/prisma/runtime/library.js(25,10474): error TS2339: Property 'plus' does not exist on type '{ toStringTag: string; }'.
generated/prisma/runtime/library.js(25,10486): error TS2351: This expression is not constructable.
  Type 'Function' has no construct signatures.
generated/prisma/runtime/library.js(25,10509): error TS2339: Property 'precision' does not exist on type 'Function'.
generated/prisma/runtime/library.js(25,10525): error TS2339: Property 'rounding' does not exist on type 'Function'.
generated/prisma/runtime/library.js(25,10540): error TS2339: Property 'ln' does not exist on type '{ toStringTag: string; }'.
generated/prisma/runtime/library.js(25,10547): error TS2339: Property 'precision' does not exist on type 'Function'.
generated/prisma/runtime/library.js(25,10561): error TS2339: Property 'rounding' does not exist on type 'Function'.
generated/prisma/runtime/library.js(25,10574): error TS2339: Property 'times' does not exist on type '{ toStringTag: string; }'.
generated/prisma/runtime/library.js(25,10590): error TS2351: This expression is not constructable.
  Type 'Function' has no construct signatures.
generated/prisma/runtime/library.js(25,10600): error TS2339: Property 'inverseSine' does not exist on type '{ toStringTag: string; }'.
generated/prisma/runtime/library.js(25,10614): error TS2339: Property 'asin' does not exist on type '{ toStringTag: string; }'.
generated/prisma/runtime/library.js(25,10674): error TS2339: Property 'isZero' does not exist on type '{ toStringTag: string; }'.
generated/prisma/runtime/library.js(25,10687): error TS2351: This expression is not constructable.
  Type 'Function' has no construct signatures.
generated/prisma/runtime/library.js(25,10697): error TS2339: Property 'abs' does not exist on type '{ toStringTag: string; }'.
generated/prisma/runtime/library.js(25,10714): error TS2339: Property 'precision' does not exist on type 'Function'.
generated/prisma/runtime/library.js(25,10728): error TS2339: Property 'rounding' does not exist on type 'Function'.
generated/prisma/runtime/library.js(25,10781): error TS2339: Property 's' does not exist on type '{ toStringTag: string; }'.
generated/prisma/runtime/library.js(25,10790): error TS2351: This expression is not constructable.
  Type 'Function' has no construct signatures.
generated/prisma/runtime/library.js(25,10800): error TS2339: Property 'precision' does not exist on type 'Function'.
generated/prisma/runtime/library.js(25,10816): error TS2339: Property 'rounding' does not exist on type 'Function'.
generated/prisma/runtime/library.js(25,10831): error TS2339: Property 'div' does not exist on type '{ toStringTag: string; }'.
generated/prisma/runtime/library.js(25,10839): error TS2351: This expression is not constructable.
  Type 'Function' has no construct signatures.
generated/prisma/runtime/library.js(25,10852): error TS2339: Property 'times' does not exist on type '{ toStringTag: string; }'.
generated/prisma/runtime/library.js(25,10887): error TS2339: Property 'precision' does not exist on type 'Function'.
generated/prisma/runtime/library.js(25,10901): error TS2339: Property 'rounding' does not exist on type 'Function'.
generated/prisma/runtime/library.js(25,10914): error TS2339: Property 'times' does not exist on type '{ toStringTag: string; }'.
generated/prisma/runtime/library.js(25,10928): error TS2339: Property 'inverseTangent' does not exist on type '{ toStringTag: string; }'.
generated/prisma/runtime/library.js(25,10945): error TS2339: Property 'atan' does not exist on type '{ toStringTag: string; }'.
generated/prisma/runtime/library.js(25,11010): error TS2339: Property 'precision' does not exist on type 'Function'.
generated/prisma/runtime/library.js(25,11024): error TS2339: Property 'rounding' does not exist on type 'Function'.
generated/prisma/runtime/library.js(25,11038): error TS2339: Property 'isFinite' does not exist on type '{ toStringTag: string; }'.
generated/prisma/runtime/library.js(25,11055): error TS2339: Property 'isZero' does not exist on type '{ toStringTag: string; }'.
generated/prisma/runtime/library.js(25,11075): error TS2351: This expression is not constructable.
  Type 'Function' has no construct signatures.
generated/prisma/runtime/library.js(25,11085): error TS2339: Property 'abs' does not exist on type '{ toStringTag: string; }'.
generated/prisma/runtime/library.js(25,11144): error TS2339: Property 's' does not exist on type '{ toStringTag: string; }'.
generated/prisma/runtime/library.js(25,11159): error TS2339: Property 's' does not exist on type '{ toStringTag: string; }'.
generated/prisma/runtime/library.js(25,11172): error TS2351: This expression is not constructable.
  Type 'Function' has no construct signatures.
generated/prisma/runtime/library.js(25,11227): error TS2339: Property 's' does not exist on type '{ toStringTag: string; }'.
generated/prisma/runtime/library.js(25,11237): error TS2339: Property 'precision' does not exist on type 'Function'.
generated/prisma/runtime/library.js(25,11256): error TS2339: Property 'rounding' does not exist on type 'Function'.
generated/prisma/runtime/library.js(25,11304): error TS2339: Property 'div' does not exist on type '{ toStringTag: string; }'.
generated/prisma/runtime/library.js(25,11310): error TS2339: Property 'times' does not exist on type '{ toStringTag: string; }'.
generated/prisma/runtime/library.js(25,11377): error TS2339: Property 'times' does not exist on type '{ toStringTag: string; }'.
generated/prisma/runtime/library.js(25,11392): error TS2351: This expression is not constructable.
  Type 'Function' has no construct signatures.
generated/prisma/runtime/library.js(25,11416): error TS2339: Property 'times' does not exist on type '{ toStringTag: string; }'.
generated/prisma/runtime/library.js(25,11571): error TS2339: Property 'precision' does not exist on type 'Function'.
generated/prisma/runtime/library.js(25,11585): error TS2339: Property 'rounding' does not exist on type 'Function'.
generated/prisma/runtime/library.js(25,11603): error TS2339: Property 'isFinite' does not exist on type '{ toStringTag: string; }'.
generated/prisma/runtime/library.js(25,11636): error TS2339: Property 'd' does not exist on type '{ toStringTag: string; }'.
generated/prisma/runtime/library.js(25,11641): error TS2339: Property 'isInteger' does not exist on type '{ toStringTag: string; }'.
generated/prisma/runtime/library.js(25,11653): error TS2339: Property 'isInt' does not exist on type '{ toStringTag: string; }'.
generated/prisma/runtime/library.js(25,11683): error TS2339: Property 'd' does not exist on type '{ toStringTag: string; }'.
generated/prisma/runtime/library.js(25,11693): error TS2339: Property 'e' does not exist on type '{ toStringTag: string; }'.
generated/prisma/runtime/library.js(25,11703): error TS2339: Property 'd' does not exist on type '{ toStringTag: string; }'.
generated/prisma/runtime/library.js(25,11717): error TS2339: Property 'isNaN' does not exist on type '{ toStringTag: string; }'.
generated/prisma/runtime/library.js(25,11746): error TS2339: Property 's' does not exist on type '{ toStringTag: string; }'.
generated/prisma/runtime/library.js(25,11751): error TS2339: Property 'isNegative' does not exist on type '{ toStringTag: string; }'.
generated/prisma/runtime/library.js(25,11764): error TS2339: Property 'isNeg' does not exist on type '{ toStringTag: string; }'.
generated/prisma/runtime/library.js(25,11793): error TS2339: Property 's' does not exist on type '{ toStringTag: string; }'.
generated/prisma/runtime/library.js(25,11800): error TS2339: Property 'isPositive' does not exist on type '{ toStringTag: string; }'.
generated/prisma/runtime/library.js(25,11813): error TS2339: Property 'isPos' does not exist on type '{ toStringTag: string; }'.
generated/prisma/runtime/library.js(25,11842): error TS2339: Property 's' does not exist on type '{ toStringTag: string; }'.
generated/prisma/runtime/library.js(25,11849): error TS2339: Property 'isZero' does not exist on type '{ toStringTag: string; }'.
generated/prisma/runtime/library.js(25,11880): error TS2339: Property 'd' does not exist on type '{ toStringTag: string; }'.
generated/prisma/runtime/library.js(25,11888): error TS2339: Property 'd' does not exist on type '{ toStringTag: string; }'.
generated/prisma/runtime/library.js(25,11900): error TS2339: Property 'lessThan' does not exist on type '{ toStringTag: string; }'.
generated/prisma/runtime/library.js(25,11911): error TS2339: Property 'lt' does not exist on type '{ toStringTag: string; }'.
generated/prisma/runtime/library.js(25,11923): error TS7006: Parameter 'e' implicitly has an 'any' type.
generated/prisma/runtime/library.js(25,11938): error TS2339: Property 'cmp' does not exist on type '{ toStringTag: string; }'.
generated/prisma/runtime/library.js(25,11950): error TS2339: Property 'lessThanOrEqualTo' does not exist on type '{ toStringTag: string; }'.
generated/prisma/runtime/library.js(25,11970): error TS2339: Property 'lte' does not exist on type '{ toStringTag: string; }'.
generated/prisma/runtime/library.js(25,11983): error TS7006: Parameter 'e' implicitly has an 'any' type.
generated/prisma/runtime/library.js(25,11998): error TS2339: Property 'cmp' does not exist on type '{ toStringTag: string; }'.
generated/prisma/runtime/library.js(25,12010): error TS2339: Property 'logarithm' does not exist on type '{ toStringTag: string; }'.
generated/prisma/runtime/library.js(25,12022): error TS2339: Property 'log' does not exist on type '{ toStringTag: string; }'.
generated/prisma/runtime/library.js(25,12035): error TS7006: Parameter 'e' implicitly has an 'any' type.
generated/prisma/runtime/library.js(25,12085): error TS2339: Property 'precision' does not exist on type 'Function'.
generated/prisma/runtime/library.js(25,12099): error TS2339: Property 'rounding' does not exist on type 'Function'.
generated/prisma/runtime/library.js(25,12129): error TS2351: This expression is not constructable.
  Type 'Function' has no construct signatures.
generated/prisma/runtime/library.js(25,12154): error TS2351: This expression is not constructable.
  Type 'Function' has no construct signatures.
generated/prisma/runtime/library.js(25,12202): error TS2351: This expression is not constructable.
  Type 'Function' has no construct signatures.
generated/prisma/runtime/library.js(25,12227): error TS2339: Property 'd' does not exist on type '{ toStringTag: string; }'.
generated/prisma/runtime/library.js(25,12231): error TS2339: Property 's' does not exist on type '{ toStringTag: string; }'.
generated/prisma/runtime/library.js(25,12249): error TS2339: Property 'eq' does not exist on type '{ toStringTag: string; }'.
generated/prisma/runtime/library.js(25,12266): error TS2351: This expression is not constructable.
  Type 'Function' has no construct signatures.
generated/prisma/runtime/library.js(25,12284): error TS2339: Property 's' does not exist on type '{ toStringTag: string; }'.
generated/prisma/runtime/library.js(25,12603): error TS2339: Property 'minus' does not exist on type '{ toStringTag: string; }'.
generated/prisma/runtime/library.js(25,12611): error TS2339: Property 'sub' does not exist on type '{ toStringTag: string; }'.
generated/prisma/runtime/library.js(25,12624): error TS7006: Parameter 'e' implicitly has an 'any' type.
generated/prisma/runtime/library.js(25,12687): error TS2351: This expression is not constructable.
  Type 'Function' has no construct signatures.
generated/prisma/runtime/library.js(25,12695): error TS2339: Property 'd' does not exist on type '{ toStringTag: string; }'.
generated/prisma/runtime/library.js(25,12712): error TS2339: Property 's' does not exist on type '{ toStringTag: string; }'.
generated/prisma/runtime/library.js(25,12726): error TS2351: This expression is not constructable.
  Type 'Function' has no construct signatures.
generated/prisma/runtime/library.js(25,12735): error TS2339: Property 'd' does not exist on type '{ toStringTag: string; }'.
generated/prisma/runtime/library.js(25,12752): error TS2351: This expression is not constructable.
  Type 'Function' has no construct signatures.
generated/prisma/runtime/library.js(25,12761): error TS2339: Property 's' does not exist on type '{ toStringTag: string; }'.
generated/prisma/runtime/library.js(25,12783): error TS2339: Property 's' does not exist on type '{ toStringTag: string; }'.
generated/prisma/runtime/library.js(25,12808): error TS2339: Property 'plus' does not exist on type '{ toStringTag: string; }'.
generated/prisma/runtime/library.js(25,12823): error TS2339: Property 'd' does not exist on type '{ toStringTag: string; }'.
generated/prisma/runtime/library.js(25,12835): error TS2339: Property 'precision' does not exist on type 'Function'.
generated/prisma/runtime/library.js(25,12849): error TS2339: Property 'rounding' does not exist on type 'Function'.
generated/prisma/runtime/library.js(25,12908): error TS2351: This expression is not constructable.
  Type 'Function' has no construct signatures.
generated/prisma/runtime/library.js(25,12929): error TS2351: This expression is not constructable.
  Type 'Function' has no construct signatures.
generated/prisma/runtime/library.js(25,12983): error TS2339: Property 'e' does not exist on type '{ toStringTag: string; }'.
generated/prisma/runtime/library.js(25,13525): error TS2351: This expression is not constructable.
  Type 'Function' has no construct signatures.
generated/prisma/runtime/library.js(25,13542): error TS2339: Property 'modulo' does not exist on type '{ toStringTag: string; }'.
generated/prisma/runtime/library.js(25,13551): error TS2339: Property 'mod' does not exist on type '{ toStringTag: string; }'.
generated/prisma/runtime/library.js(25,13564): error TS7006: Parameter 'e' implicitly has an 'any' type.
generated/prisma/runtime/library.js(25,13609): error TS2351: This expression is not constructable.
  Type 'Function' has no construct signatures.
generated/prisma/runtime/library.js(25,13617): error TS2339: Property 'd' does not exist on type '{ toStringTag: string; }'.
generated/prisma/runtime/library.js(25,13643): error TS2351: This expression is not constructable.
  Type 'Function' has no construct signatures.
generated/prisma/runtime/library.js(25,13658): error TS2339: Property 'd' does not exist on type '{ toStringTag: string; }'.
generated/prisma/runtime/library.js(25,13664): error TS2339: Property 'd' does not exist on type '{ toStringTag: string; }'.
generated/prisma/runtime/library.js(25,13675): error TS2351: This expression is not constructable.
  Type 'Function' has no construct signatures.
generated/prisma/runtime/library.js(25,13682): error TS2339: Property 'precision' does not exist on type 'Function'.
generated/prisma/runtime/library.js(25,13694): error TS2339: Property 'rounding' does not exist on type 'Function'.
generated/prisma/runtime/library.js(25,13712): error TS2339: Property 'modulo' does not exist on type 'Function'.
generated/prisma/runtime/library.js(25,13766): error TS2339: Property 'modulo' does not exist on type 'Function'.
generated/prisma/runtime/library.js(25,13796): error TS2339: Property 'minus' does not exist on type '{ toStringTag: string; }'.
generated/prisma/runtime/library.js(25,13809): error TS2339: Property 'naturalExponential' does not exist on type '{ toStringTag: string; }'.
generated/prisma/runtime/library.js(25,13830): error TS2339: Property 'exp' does not exist on type '{ toStringTag: string; }'.
generated/prisma/runtime/library.js(25,13864): error TS2339: Property 'naturalLogarithm' does not exist on type '{ toStringTag: string; }'.
generated/prisma/runtime/library.js(25,13883): error TS2339: Property 'ln' does not exist on type '{ toStringTag: string; }'.
generated/prisma/runtime/library.js(25,13916): error TS2339: Property 'negated' does not exist on type '{ toStringTag: string; }'.
generated/prisma/runtime/library.js(25,13926): error TS2339: Property 'neg' does not exist on type '{ toStringTag: string; }'.
generated/prisma/runtime/library.js(25,13951): error TS2351: This expression is not constructable.
  Type 'Function' has no construct signatures.
generated/prisma/runtime/library.js(25,13998): error TS2339: Property 'plus' does not exist on type '{ toStringTag: string; }'.
generated/prisma/runtime/library.js(25,14005): error TS2339: Property 'add' does not exist on type '{ toStringTag: string; }'.
generated/prisma/runtime/library.js(25,14018): error TS7006: Parameter 'e' implicitly has an 'any' type.
generated/prisma/runtime/library.js(25,14077): error TS2351: This expression is not constructable.
  Type 'Function' has no construct signatures.
generated/prisma/runtime/library.js(25,14085): error TS2339: Property 'd' does not exist on type '{ toStringTag: string; }'.
generated/prisma/runtime/library.js(25,14102): error TS2339: Property 's' does not exist on type '{ toStringTag: string; }'.
generated/prisma/runtime/library.js(25,14116): error TS2351: This expression is not constructable.
  Type 'Function' has no construct signatures.
generated/prisma/runtime/library.js(25,14125): error TS2339: Property 'd' does not exist on type '{ toStringTag: string; }'.
generated/prisma/runtime/library.js(25,14135): error TS2351: This expression is not constructable.
  Type 'Function' has no construct signatures.
generated/prisma/runtime/library.js(25,14144): error TS2339: Property 's' does not exist on type '{ toStringTag: string; }'.
generated/prisma/runtime/library.js(25,14167): error TS2339: Property 's' does not exist on type '{ toStringTag: string; }'.
generated/prisma/runtime/library.js(25,14192): error TS2339: Property 'minus' does not exist on type '{ toStringTag: string; }'.
generated/prisma/runtime/library.js(25,14208): error TS2339: Property 'd' does not exist on type '{ toStringTag: string; }'.
generated/prisma/runtime/library.js(25,14220): error TS2339: Property 'precision' does not exist on type 'Function'.
generated/prisma/runtime/library.js(25,14234): error TS2339: Property 'rounding' does not exist on type 'Function'.
generated/prisma/runtime/library.js(25,14276): error TS2351: This expression is not constructable.
  Type 'Function' has no construct signatures.
generated/prisma/runtime/library.js(25,14304): error TS2339: Property 'e' does not exist on type '{ toStringTag: string; }'.
generated/prisma/runtime/library.js(25,14676): error TS2339: Property 'precision' does not exist on type '{ toStringTag: string; }'.
generated/prisma/runtime/library.js(25,14688): error TS2339: Property 'sd' does not exist on type '{ toStringTag: string; }'.
generated/prisma/runtime/library.js(25,14700): error TS7006: Parameter 'e' implicitly has an 'any' type.
generated/prisma/runtime/library.js(25,14780): error TS2339: Property 'd' does not exist on type '{ toStringTag: string; }'.
generated/prisma/runtime/library.js(25,14790): error TS2339: Property 'd' does not exist on type '{ toStringTag: string; }'.
generated/prisma/runtime/library.js(25,14798): error TS2339: Property 'e' does not exist on type '{ toStringTag: string; }'.
generated/prisma/runtime/library.js(25,14810): error TS2339: Property 'e' does not exist on type '{ toStringTag: string; }'.
generated/prisma/runtime/library.js(25,14827): error TS2339: Property 'round' does not exist on type '{ toStringTag: string; }'.
generated/prisma/runtime/library.js(25,14884): error TS2351: This expression is not constructable.
  Type 'Function' has no construct signatures.
generated/prisma/runtime/library.js(25,14891): error TS2339: Property 'e' does not exist on type '{ toStringTag: string; }'.
generated/prisma/runtime/library.js(25,14897): error TS2339: Property 'rounding' does not exist on type 'Function'.
generated/prisma/runtime/library.js(25,14910): error TS2339: Property 'sine' does not exist on type '{ toStringTag: string; }'.
generated/prisma/runtime/library.js(25,14917): error TS2339: Property 'sin' does not exist on type '{ toStringTag: string; }'.
generated/prisma/runtime/library.js(25,14972): error TS2339: Property 'isFinite' does not exist on type '{ toStringTag: string; }'.
generated/prisma/runtime/library.js(25,14985): error TS2339: Property 'isZero' does not exist on type '{ toStringTag: string; }'.
generated/prisma/runtime/library.js(25,14998): error TS2351: This expression is not constructable.
  Type 'Function' has no construct signatures.
generated/prisma/runtime/library.js(25,15008): error TS2339: Property 'precision' does not exist on type 'Function'.
generated/prisma/runtime/library.js(25,15022): error TS2339: Property 'rounding' does not exist on type 'Function'.
generated/prisma/runtime/library.js(25,15033): error TS2339: Property 'precision' does not exist on type 'Function'.
generated/prisma/runtime/library.js(25,15056): error TS2339: Property 'e' does not exist on type '{ toStringTag: string; }'.
generated/prisma/runtime/library.js(25,15060): error TS2339: Property 'sd' does not exist on type '{ toStringTag: string; }'.
generated/prisma/runtime/library.js(25,15070): error TS2339: Property 'rounding' does not exist on type 'Function'.
generated/prisma/runtime/library.js(25,15099): error TS2339: Property 'precision' does not exist on type 'Function'.
generated/prisma/runtime/library.js(25,15113): error TS2339: Property 'rounding' does not exist on type 'Function'.
generated/prisma/runtime/library.js(25,15126): error TS7005: Variable 'Ne' implicitly has an 'any' type.
generated/prisma/runtime/library.js(25,15133): error TS2339: Property 'neg' does not exist on type '{ toStringTag: string; }'.
generated/prisma/runtime/library.js(25,15154): error TS2351: This expression is not constructable.
  Type 'Function' has no construct signatures.
generated/prisma/runtime/library.js(25,15164): error TS2339: Property 'squareRoot' does not exist on type '{ toStringTag: string; }'.
generated/prisma/runtime/library.js(25,15177): error TS2339: Property 'sqrt' does not exist on type '{ toStringTag: string; }'.
generated/prisma/runtime/library.js(25,15220): error TS2339: Property 'd' does not exist on type '{ toStringTag: string; }'.
generated/prisma/runtime/library.js(25,15226): error TS2339: Property 'e' does not exist on type '{ toStringTag: string; }'.
generated/prisma/runtime/library.js(25,15232): error TS2339: Property 's' does not exist on type '{ toStringTag: string; }'.
generated/prisma/runtime/library.js(25,15281): error TS2351: This expression is not constructable.
  Type 'Function' has no construct signatures.
generated/prisma/runtime/library.js(25,15402): error TS2345: Argument of type 'string' is not assignable to parameter of type 'number'.
generated/prisma/runtime/library.js(25,15418): error TS2363: The right-hand side of an arithmetic operation must be of type 'any', 'number', 'bigint' or an enum type.
generated/prisma/runtime/library.js(25,15505): error TS2351: This expression is not constructable.
  Type 'Function' has no construct signatures.
generated/prisma/runtime/library.js(25,15517): error TS2351: This expression is not constructable.
  Type 'Function' has no construct signatures.
generated/prisma/runtime/library.js(25,15540): error TS2339: Property 'precision' does not exist on type 'Function'.
generated/prisma/runtime/library.js(25,15845): error TS2339: Property 'rounding' does not exist on type 'Function'.
generated/prisma/runtime/library.js(25,15860): error TS2339: Property 'tangent' does not exist on type '{ toStringTag: string; }'.
generated/prisma/runtime/library.js(25,15870): error TS2339: Property 'tan' does not exist on type '{ toStringTag: string; }'.
generated/prisma/runtime/library.js(25,15925): error TS2339: Property 'isFinite' does not exist on type 'tan'.
generated/prisma/runtime/library.js(25,15938): error TS2339: Property 'isZero' does not exist on type 'tan'.
generated/prisma/runtime/library.js(25,15951): error TS2351: This expression is not constructable.
  Type 'Function' has no construct signatures.
generated/prisma/runtime/library.js(25,15961): error TS2339: Property 'precision' does not exist on type 'Function'.
generated/prisma/runtime/library.js(25,15975): error TS2339: Property 'rounding' does not exist on type 'Function'.
generated/prisma/runtime/library.js(25,15986): error TS2339: Property 'precision' does not exist on type 'Function'.
generated/prisma/runtime/library.js(25,16003): error TS2339: Property 'rounding' does not exist on type 'Function'.
generated/prisma/runtime/library.js(25,16018): error TS2339: Property 'sin' does not exist on type 'tan'.
generated/prisma/runtime/library.js(25,16040): error TS2351: This expression is not constructable.
  Type 'Function' has no construct signatures.
generated/prisma/runtime/library.js(25,16053): error TS2339: Property 'times' does not exist on type 'tan'.
generated/prisma/runtime/library.js(25,16080): error TS2339: Property 'precision' does not exist on type 'Function'.
generated/prisma/runtime/library.js(25,16094): error TS2339: Property 'rounding' does not exist on type 'Function'.
generated/prisma/runtime/library.js(25,16107): error TS7005: Variable 'Ne' implicitly has an 'any' type.
generated/prisma/runtime/library.js(25,16114): error TS7005: Variable 'Ne' implicitly has an 'any' type.
generated/prisma/runtime/library.js(25,16122): error TS2339: Property 'neg' does not exist on type 'tan'.
generated/prisma/runtime/library.js(25,16143): error TS2351: This expression is not constructable.
  Type 'Function' has no construct signatures.
generated/prisma/runtime/library.js(25,16153): error TS2339: Property 'times' does not exist on type '{ toStringTag: string; }'.
generated/prisma/runtime/library.js(25,16161): error TS2339: Property 'mul' does not exist on type '{ toStringTag: string; }'.
generated/prisma/runtime/library.js(25,16174): error TS7006: Parameter 'e' implicitly has an 'any' type.
generated/prisma/runtime/library.js(25,16226): error TS2339: Property 'd' does not exist on type '{ toStringTag: string; }'.
generated/prisma/runtime/library.js(25,16237): error TS2351: This expression is not constructable.
  Type 'Function' has no construct signatures.
generated/prisma/runtime/library.js(25,16255): error TS2339: Property 's' does not exist on type '{ toStringTag: string; }'.
generated/prisma/runtime/library.js(25,16289): error TS2351: This expression is not constructable.
  Type 'Function' has no construct signatures.
generated/prisma/runtime/library.js(25,16358): error TS2339: Property 'e' does not exist on type '{ toStringTag: string; }'.
generated/prisma/runtime/library.js(25,16493): error TS2532: Object is possibly 'undefined'.
generated/prisma/runtime/library.js(25,16543): error TS2532: Object is possibly 'undefined'.
generated/prisma/runtime/library.js(25,16627): error TS2339: Property 'precision' does not exist on type 'Function'.
generated/prisma/runtime/library.js(25,16639): error TS2339: Property 'rounding' does not exist on type 'Function'.
generated/prisma/runtime/library.js(25,16654): error TS2339: Property 'toBinary' does not exist on type '{ toStringTag: string; }'.
generated/prisma/runtime/library.js(25,16672): error TS7006: Parameter 'e' implicitly has an 'any' type.
generated/prisma/runtime/library.js(25,16674): error TS7006: Parameter 'r' implicitly has an 'any' type.
generated/prisma/runtime/library.js(25,16702): error TS2339: Property 'toDecimalPlaces' does not exist on type '{ toStringTag: string; }'.
generated/prisma/runtime/library.js(25,16720): error TS2339: Property 'toDP' does not exist on type '{ toStringTag: string; }'.
generated/prisma/runtime/library.js(25,16734): error TS7006: Parameter 'e' implicitly has an 'any' type.
generated/prisma/runtime/library.js(25,16736): error TS7006: Parameter 'r' implicitly has an 'any' type.
generated/prisma/runtime/library.js(25,16779): error TS2351: This expression is not constructable.
  Type 'Function' has no construct signatures.
generated/prisma/runtime/library.js(25,16824): error TS2339: Property 'rounding' does not exist on type 'Function'.
generated/prisma/runtime/library.js(25,16851): error TS2339: Property 'e' does not exist on type '{ toStringTag: string; }'.
generated/prisma/runtime/library.js(25,16862): error TS2339: Property 'toExponential' does not exist on type '{ toStringTag: string; }'.
generated/prisma/runtime/library.js(25,16885): error TS7006: Parameter 'e' implicitly has an 'any' type.
generated/prisma/runtime/library.js(25,16887): error TS7006: Parameter 'r' implicitly has an 'any' type.
generated/prisma/runtime/library.js(25,16975): error TS2339: Property 'rounding' does not exist on type 'Function'.
generated/prisma/runtime/library.js(25,17002): error TS2351: This expression is not constructable.
  Type 'Function' has no construct signatures.
generated/prisma/runtime/library.js(25,17032): error TS2339: Property 'isNeg' does not exist on type '{ toStringTag: string; }'.
generated/prisma/runtime/library.js(25,17044): error TS2339: Property 'isZero' does not exist on type '{ toStringTag: string; }'.
generated/prisma/runtime/library.js(25,17064): error TS2339: Property 'toFixed' does not exist on type '{ toStringTag: string; }'.
generated/prisma/runtime/library.js(25,17081): error TS7006: Parameter 'e' implicitly has an 'any' type.
generated/prisma/runtime/library.js(25,17083): error TS7006: Parameter 'r' implicitly has an 'any' type.
generated/prisma/runtime/library.js(25,17170): error TS2339: Property 'rounding' does not exist on type 'Function'.
generated/prisma/runtime/library.js(25,17197): error TS2351: This expression is not constructable.
  Type 'Function' has no construct signatures.
generated/prisma/runtime/library.js(25,17206): error TS2339: Property 'e' does not exist on type '{ toStringTag: string; }'.
generated/prisma/runtime/library.js(25,17235): error TS2339: Property 'isNeg' does not exist on type '{ toStringTag: string; }'.
generated/prisma/runtime/library.js(25,17247): error TS2339: Property 'isZero' does not exist on type '{ toStringTag: string; }'.
generated/prisma/runtime/library.js(25,17267): error TS2339: Property 'toFraction' does not exist on type '{ toStringTag: string; }'.
generated/prisma/runtime/library.js(25,17287): error TS7006: Parameter 'e' implicitly has an 'any' type.
generated/prisma/runtime/library.js(25,17329): error TS2339: Property 'd' does not exist on type '{ toStringTag: string; }'.
generated/prisma/runtime/library.js(25,17364): error TS2351: This expression is not constructable.
  Type 'Function' has no construct signatures.
generated/prisma/runtime/library.js(25,17380): error TS2351: This expression is not constructable.
  Type 'Function' has no construct signatures.
generated/prisma/runtime/library.js(25,17393): error TS2351: This expression is not constructable.
  Type 'Function' has no construct signatures.
generated/prisma/runtime/library.js(25,17404): error TS2351: This expression is not constructable.
  Type 'Function' has no construct signatures.
generated/prisma/runtime/library.js(25,17423): error TS2339: Property 'e' does not exist on type '{ toStringTag: string; }'.
generated/prisma/runtime/library.js(25,17488): error TS2351: This expression is not constructable.
  Type 'Function' has no construct signatures.
generated/prisma/runtime/library.js(25,17566): error TS2351: This expression is not constructable.
  Type 'Function' has no construct signatures.
generated/prisma/runtime/library.js(25,17578): error TS2339: Property 'precision' does not exist on type 'Function'.
generated/prisma/runtime/library.js(25,17590): error TS2339: Property 'precision' does not exist on type 'Function'.
generated/prisma/runtime/library.js(25,17814): error TS2339: Property 's' does not exist on type '{ toStringTag: string; }'.
generated/prisma/runtime/library.js(25,17891): error TS2339: Property 'precision' does not exist on type 'Function'.
generated/prisma/runtime/library.js(25,17913): error TS2339: Property 'toHexadecimal' does not exist on type '{ toStringTag: string; }'.
generated/prisma/runtime/library.js(25,17929): error TS2339: Property 'toHex' does not exist on type '{ toStringTag: string; }'.
generated/prisma/runtime/library.js(25,17944): error TS7006: Parameter 'e' implicitly has an 'any' type.
generated/prisma/runtime/library.js(25,17946): error TS7006: Parameter 'r' implicitly has an 'any' type.
generated/prisma/runtime/library.js(25,17975): error TS2339: Property 'toNearest' does not exist on type '{ toStringTag: string; }'.
generated/prisma/runtime/library.js(25,17994): error TS7006: Parameter 'e' implicitly has an 'any' type.
generated/prisma/runtime/library.js(25,17996): error TS7006: Parameter 'r' implicitly has an 'any' type.
generated/prisma/runtime/library.js(25,18035): error TS2351: This expression is not constructable.
  Type 'Function' has no construct signatures.
generated/prisma/runtime/library.js(25,18055): error TS2339: Property 'd' does not exist on type '{ toStringTag: string; }'.
generated/prisma/runtime/library.js(25,18072): error TS2351: This expression is not constructable.
  Type 'Function' has no construct signatures.
generated/prisma/runtime/library.js(25,18081): error TS2339: Property 'rounding' does not exist on type 'Function'.
generated/prisma/runtime/library.js(25,18104): error TS2351: This expression is not constructable.
  Type 'Function' has no construct signatures.
generated/prisma/runtime/library.js(25,18124): error TS2339: Property 'rounding' does not exist on type 'Function'.
generated/prisma/runtime/library.js(25,18146): error TS2339: Property 'd' does not exist on type '{ toStringTag: string; }'.
generated/prisma/runtime/library.js(25,18190): error TS2339: Property 's' does not exist on type '{ toStringTag: string; }'.
generated/prisma/runtime/library.js(25,18257): error TS2339: Property 's' does not exist on type '{ toStringTag: string; }'.
generated/prisma/runtime/library.js(25,18269): error TS2339: Property 'toNumber' does not exist on type '{ toStringTag: string; }'.
generated/prisma/runtime/library.js(25,18304): error TS2339: Property 'toOctal' does not exist on type '{ toStringTag: string; }'.
generated/prisma/runtime/library.js(25,18321): error TS7006: Parameter 'e' implicitly has an 'any' type.
generated/prisma/runtime/library.js(25,18323): error TS7006: Parameter 'r' implicitly has an 'any' type.
generated/prisma/runtime/library.js(25,18351): error TS2339: Property 'toPower' does not exist on type '{ toStringTag: string; }'.
generated/prisma/runtime/library.js(25,18361): error TS2339: Property 'pow' does not exist on type '{ toStringTag: string; }'.
generated/prisma/runtime/library.js(25,18374): error TS7006: Parameter 'e' implicitly has an 'any' type.
generated/prisma/runtime/library.js(25,18391): error TS7034: Variable 's' implicitly has type 'any' in some locations where its type cannot be determined.
generated/prisma/runtime/library.js(25,18426): error TS2351: This expression is not constructable.
  Type 'Function' has no construct signatures.
generated/prisma/runtime/library.js(25,18438): error TS2339: Property 'd' does not exist on type 'pow'.
generated/prisma/runtime/library.js(25,18450): error TS2339: Property 'd' does not exist on type 'pow'.
generated/prisma/runtime/library.js(25,18475): error TS2351: This expression is not constructable.
  Type 'Function' has no construct signatures.
generated/prisma/runtime/library.js(25,18495): error TS2351: This expression is not constructable.
  Type 'Function' has no construct signatures.
generated/prisma/runtime/library.js(25,18502): error TS2339: Property 'eq' does not exist on type 'pow'.
generated/prisma/runtime/library.js(25,18524): error TS2339: Property 'precision' does not exist on type 'Function'.
generated/prisma/runtime/library.js(25,18538): error TS2339: Property 'rounding' does not exist on type 'Function'.
generated/prisma/runtime/library.js(25,18650): error TS2351: This expression is not constructable.
  Type 'Function' has no construct signatures.
generated/prisma/runtime/library.js(25,18680): error TS7005: Variable 's' implicitly has an 'any' type.
generated/prisma/runtime/library.js(25,18714): error TS2351: This expression is not constructable.
  Type 'Function' has no construct signatures.
generated/prisma/runtime/library.js(25,18747): error TS2339: Property 'e' does not exist on type 'pow'.
generated/prisma/runtime/library.js(25,18755): error TS2339: Property 'd' does not exist on type 'pow'.
generated/prisma/runtime/library.js(25,18766): error TS2339: Property 'd' does not exist on type 'pow'.
generated/prisma/runtime/library.js(25,18845): error TS2345: Argument of type 'string' is not assignable to parameter of type 'number'.
generated/prisma/runtime/library.js(25,18854): error TS2339: Property 'd' does not exist on type 'pow'.
generated/prisma/runtime/library.js(25,18870): error TS2339: Property 'e' does not exist on type 'pow'.
generated/prisma/runtime/library.js(25,18880): error TS2351: This expression is not constructable.
  Type 'Function' has no construct signatures.
generated/prisma/runtime/library.js(25,18894): error TS2339: Property 'maxE' does not exist on type 'Function'.
generated/prisma/runtime/library.js(25,18906): error TS2339: Property 'minE' does not exist on type 'Function'.
generated/prisma/runtime/library.js(25,18917): error TS2351: This expression is not constructable.
  Type 'Function' has no construct signatures.
generated/prisma/runtime/library.js(25,18938): error TS2339: Property 'rounding' does not exist on type 'Function'.
generated/prisma/runtime/library.js(25,19148): error TS2339: Property 'rounding' does not exist on type 'Function'.
generated/prisma/runtime/library.js(25,19172): error TS2339: Property 'toPrecision' does not exist on type '{ toStringTag: string; }'.
generated/prisma/runtime/library.js(25,19193): error TS7006: Parameter 'e' implicitly has an 'any' type.
generated/prisma/runtime/library.js(25,19195): error TS7006: Parameter 'r' implicitly has an 'any' type.
generated/prisma/runtime/library.js(25,19254): error TS2339: Property 'e' does not exist on type '{ toStringTag: string; }'.
generated/prisma/runtime/library.js(25,19259): error TS2339: Property 'toExpNeg' does not exist on type 'Function'.
generated/prisma/runtime/library.js(25,19271): error TS2339: Property 'e' does not exist on type '{ toStringTag: string; }'.
generated/prisma/runtime/library.js(25,19276): error TS2339: Property 'toExpPos' does not exist on type 'Function'.
generated/prisma/runtime/library.js(25,19313): error TS2339: Property 'rounding' does not exist on type 'Function'.
generated/prisma/runtime/library.js(25,19340): error TS2351: This expression is not constructable.
  Type 'Function' has no construct signatures.
generated/prisma/runtime/library.js(25,19362): error TS2339: Property 'e' does not exist on type '{ toStringTag: string; }'.
generated/prisma/runtime/library.js(25,19367): error TS2339: Property 'e' does not exist on type '{ toStringTag: string; }'.
generated/prisma/runtime/library.js(25,19372): error TS2339: Property 'toExpNeg' does not exist on type 'Function'.
generated/prisma/runtime/library.js(25,19387): error TS2339: Property 'isNeg' does not exist on type '{ toStringTag: string; }'.
generated/prisma/runtime/library.js(25,19399): error TS2339: Property 'isZero' does not exist on type '{ toStringTag: string; }'.
generated/prisma/runtime/library.js(25,19419): error TS2339: Property 'toSignificantDigits' does not exist on type '{ toStringTag: string; }'.
generated/prisma/runtime/library.js(25,19441): error TS2339: Property 'toSD' does not exist on type '{ toStringTag: string; }'.
generated/prisma/runtime/library.js(25,19455): error TS7006: Parameter 'e' implicitly has an 'any' type.
generated/prisma/runtime/library.js(25,19457): error TS7006: Parameter 'r' implicitly has an 'any' type.
generated/prisma/runtime/library.js(25,19510): error TS2339: Property 'precision' does not exist on type 'Function'.
generated/prisma/runtime/library.js(25,19524): error TS2339: Property 'rounding' does not exist on type 'Function'.
generated/prisma/runtime/library.js(25,19561): error TS2339: Property 'rounding' does not exist on type 'Function'.
generated/prisma/runtime/library.js(25,19587): error TS2351: This expression is not constructable.
  Type 'Function' has no construct signatures.
generated/prisma/runtime/library.js(25,19656): error TS2339: Property 'e' does not exist on type '{ toStringTag: string; }'.
generated/prisma/runtime/library.js(25,19661): error TS2339: Property 'toExpNeg' does not exist on type 'Function'.
generated/prisma/runtime/library.js(25,19673): error TS2339: Property 'e' does not exist on type '{ toStringTag: string; }'.
generated/prisma/runtime/library.js(25,19678): error TS2339: Property 'toExpPos' does not exist on type 'Function'.
generated/prisma/runtime/library.js(25,19697): error TS2339: Property 'isNeg' does not exist on type '{ toStringTag: string; }'.
generated/prisma/runtime/library.js(25,19709): error TS2339: Property 'isZero' does not exist on type '{ toStringTag: string; }'.
generated/prisma/runtime/library.js(25,19729): error TS2339: Property 'truncated' does not exist on type '{ toStringTag: string; }'.
generated/prisma/runtime/library.js(25,19741): error TS2339: Property 'trunc' does not exist on type '{ toStringTag: string; }'.
generated/prisma/runtime/library.js(25,19771): error TS2351: This expression is not constructable.
  Type 'Function' has no construct signatures.
generated/prisma/runtime/library.js(25,19799): error TS2339: Property 'e' does not exist on type '{ toStringTag: string; }'.
generated/prisma/runtime/library.js(25,19819): error TS2339: Property 'toJSON' does not exist on type '{ toStringTag: string; }'.
generated/prisma/runtime/library.js(25,19873): error TS2339: Property 'e' does not exist on type '{ toStringTag: string; }'.
generated/prisma/runtime/library.js(25,19878): error TS2339: Property 'toExpNeg' does not exist on type 'Function'.
generated/prisma/runtime/library.js(25,19890): error TS2339: Property 'e' does not exist on type '{ toStringTag: string; }'.
generated/prisma/runtime/library.js(25,19895): error TS2339: Property 'toExpPos' does not exist on type 'Function'.
generated/prisma/runtime/library.js(25,19914): error TS2339: Property 'isNeg' does not exist on type '{ toStringTag: string; }'.
generated/prisma/runtime/library.js(25,19942): error TS7006: Parameter 'e' implicitly has an 'any' type.
generated/prisma/runtime/library.js(25,20160): error TS7006: Parameter 'e' implicitly has an 'any' type.
generated/prisma/runtime/library.js(25,20162): error TS7006: Parameter 'r' implicitly has an 'any' type.
generated/prisma/runtime/library.js(25,20164): error TS7006: Parameter 't' implicitly has an 'any' type.
generated/prisma/runtime/library.js(25,20218): error TS7006: Parameter 'e' implicitly has an 'any' type.
generated/prisma/runtime/library.js(25,20220): error TS7006: Parameter 'r' implicitly has an 'any' type.
generated/prisma/runtime/library.js(25,20222): error TS7006: Parameter 't' implicitly has an 'any' type.
generated/prisma/runtime/library.js(25,20224): error TS7006: Parameter 'n' implicitly has an 'any' type.
generated/prisma/runtime/library.js(25,20706): error TS7006: Parameter 'e' implicitly has an 'any' type.
generated/prisma/runtime/library.js(25,20708): error TS7006: Parameter 'r' implicitly has an 'any' type.
generated/prisma/runtime/library.js(25,20710): error TS7006: Parameter 't' implicitly has an 'any' type.
generated/prisma/runtime/library.js(25,20772): error TS2532: Object is possibly 'undefined'.
generated/prisma/runtime/library.js(25,20784): error TS2532: Object is possibly 'undefined'.
generated/prisma/runtime/library.js(25,20835): error TS2532: Object is possibly 'undefined'.
generated/prisma/runtime/library.js(25,20874): error TS2532: Object is possibly 'undefined'.
generated/prisma/runtime/library.js(25,20882): error TS2532: Object is possibly 'undefined'.
generated/prisma/runtime/library.js(25,20891): error TS2532: Object is possibly 'undefined'.
generated/prisma/runtime/library.js(25,20931): error TS7006: Parameter 'e' implicitly has an 'any' type.
generated/prisma/runtime/library.js(25,20933): error TS7006: Parameter 'r' implicitly has an 'any' type.
generated/prisma/runtime/library.js(25,21242): error TS7006: Parameter 'n' implicitly has an 'any' type.
generated/prisma/runtime/library.js(25,21244): error TS7006: Parameter 'i' implicitly has an 'any' type.
generated/prisma/runtime/library.js(25,21246): error TS7006: Parameter 'o' implicitly has an 'any' type.
generated/prisma/runtime/library.js(25,21357): error TS7006: Parameter 'n' implicitly has an 'any' type.
generated/prisma/runtime/library.js(25,21359): error TS7006: Parameter 'i' implicitly has an 'any' type.
generated/prisma/runtime/library.js(25,21361): error TS7006: Parameter 'o' implicitly has an 'any' type.
generated/prisma/runtime/library.js(25,21363): error TS7006: Parameter 's' implicitly has an 'any' type.
generated/prisma/runtime/library.js(25,21474): error TS7006: Parameter 'n' implicitly has an 'any' type.
generated/prisma/runtime/library.js(25,21476): error TS7006: Parameter 'i' implicitly has an 'any' type.
generated/prisma/runtime/library.js(25,21478): error TS7006: Parameter 'o' implicitly has an 'any' type.
generated/prisma/runtime/library.js(25,21480): error TS7006: Parameter 's' implicitly has an 'any' type.
generated/prisma/runtime/library.js(25,21593): error TS7006: Parameter 'n' implicitly has an 'any' type.
generated/prisma/runtime/library.js(25,21595): error TS7006: Parameter 'i' implicitly has an 'any' type.
generated/prisma/runtime/library.js(25,21597): error TS7006: Parameter 'o' implicitly has an 'any' type.
generated/prisma/runtime/library.js(25,21599): error TS7006: Parameter 's' implicitly has an 'any' type.
generated/prisma/runtime/library.js(25,21601): error TS7006: Parameter 'a' implicitly has an 'any' type.
generated/prisma/runtime/library.js(25,21603): error TS7006: Parameter 'l' implicitly has an 'any' type.
generated/prisma/runtime/library.js(25,22027): error TS2345: Argument of type '1' is not assignable to parameter of type 'never'.
generated/prisma/runtime/library.js(25,22122): error TS2322: Type 'number' is not assignable to type 'never'.
generated/prisma/runtime/library.js(25,22650): error TS2322: Type 'number' is not assignable to type 'never'.
generated/prisma/runtime/library.js(25,22805): error TS18048: 'd' is possibly 'undefined'.
generated/prisma/runtime/library.js(25,22811): error TS18048: 'd' is possibly 'undefined'.
generated/prisma/runtime/library.js(25,22878): error TS7006: Parameter 'e' implicitly has an 'any' type.
generated/prisma/runtime/library.js(25,22880): error TS7006: Parameter 'r' implicitly has an 'any' type.
generated/prisma/runtime/library.js(25,22882): error TS7006: Parameter 't' implicitly has an 'any' type.
generated/prisma/runtime/library.js(25,22884): error TS7006: Parameter 'n' implicitly has an 'any' type.
generated/prisma/runtime/library.js(25,23864): error TS7006: Parameter 'e' implicitly has an 'any' type.
generated/prisma/runtime/library.js(25,23866): error TS7006: Parameter 'r' implicitly has an 'any' type.
generated/prisma/runtime/library.js(25,23868): error TS7006: Parameter 't' implicitly has an 'any' type.
generated/prisma/runtime/library.js(25,24256): error TS7006: Parameter 'e' implicitly has an 'any' type.
generated/prisma/runtime/library.js(25,24258): error TS7006: Parameter 'r' implicitly has an 'any' type.
generated/prisma/runtime/library.js(25,24318): error TS7006: Parameter 'e' implicitly has an 'any' type.
generated/prisma/runtime/library.js(25,24320): error TS7006: Parameter 'r' implicitly has an 'any' type.
generated/prisma/runtime/library.js(25,24322): error TS7006: Parameter 't' implicitly has an 'any' type.
generated/prisma/runtime/library.js(25,24412): error TS7006: Parameter 'e' implicitly has an 'any' type.
generated/prisma/runtime/library.js(25,24414): error TS7006: Parameter 'r' implicitly has an 'any' type.
generated/prisma/runtime/library.js(25,24416): error TS7006: Parameter 't' implicitly has an 'any' type.
generated/prisma/runtime/library.js(25,24482): error TS7006: Parameter 'e' implicitly has an 'any' type.
generated/prisma/runtime/library.js(25,24594): error TS7006: Parameter 'e' implicitly has an 'any' type.
generated/prisma/runtime/library.js(25,24643): error TS7006: Parameter 'e' implicitly has an 'any' type.
generated/prisma/runtime/library.js(25,24645): error TS7006: Parameter 'r' implicitly has an 'any' type.
generated/prisma/runtime/library.js(25,24647): error TS7006: Parameter 't' implicitly has an 'any' type.
generated/prisma/runtime/library.js(25,24649): error TS7006: Parameter 'n' implicitly has an 'any' type.
generated/prisma/runtime/library.js(25,24851): error TS7006: Parameter 'e' implicitly has an 'any' type.
generated/prisma/runtime/library.js(25,24893): error TS7006: Parameter 'e' implicitly has an 'any' type.
generated/prisma/runtime/library.js(25,24895): error TS7006: Parameter 'r' implicitly has an 'any' type.
generated/prisma/runtime/library.js(25,24897): error TS7006: Parameter 't' implicitly has an 'any' type.
generated/prisma/runtime/library.js(25,25041): error TS7006: Parameter 'e' implicitly has an 'any' type.
generated/prisma/runtime/library.js(25,25043): error TS7006: Parameter 'r' implicitly has an 'any' type.
generated/prisma/runtime/library.js(25,25633): error TS7023: 'Ke' implicitly has return type 'any' because it does not have a return type annotation and is referenced directly or indirectly in one of its return expressions.
generated/prisma/runtime/library.js(25,25636): error TS7006: Parameter 'e' implicitly has an 'any' type.
generated/prisma/runtime/library.js(25,25638): error TS7006: Parameter 'r' implicitly has an 'any' type.
generated/prisma/runtime/library.js(25,25914): error TS2365: Operator '<' cannot be applied to types 'string' and 'number'.
generated/prisma/runtime/library.js(25,25919): error TS2367: This comparison appears to be unintentional because the types 'string' and 'number' have no overlap.
generated/prisma/runtime/library.js(25,25925): error TS2367: This comparison appears to be unintentional because the types 'string' and 'number' have no overlap.
generated/prisma/runtime/library.js(25,25931): error TS2365: Operator '>' cannot be applied to types 'string' and 'number'.
generated/prisma/runtime/library.js(25,25992): error TS2365: Operator '>' cannot be applied to types 'string' and 'number'.
generated/prisma/runtime/library.js(25,26591): error TS7006: Parameter 'e' implicitly has an 'any' type.
generated/prisma/runtime/library.js(25,26631): error TS7006: Parameter 'e' implicitly has an 'any' type.
generated/prisma/runtime/library.js(25,26633): error TS7006: Parameter 'r' implicitly has an 'any' type.
generated/prisma/runtime/library.js(25,27192): error TS7006: Parameter 'e' implicitly has an 'any' type.
generated/prisma/runtime/library.js(25,27194): error TS7006: Parameter 'r' implicitly has an 'any' type.
generated/prisma/runtime/library.js(25,27849): error TS7006: Parameter 'e' implicitly has an 'any' type.
generated/prisma/runtime/library.js(25,27851): error TS7006: Parameter 'r' implicitly has an 'any' type.
generated/prisma/runtime/library.js(25,28112): error TS7006: Parameter 'e' implicitly has an 'any' type.
generated/prisma/runtime/library.js(25,28114): error TS7006: Parameter 'r' implicitly has an 'any' type.
generated/prisma/runtime/library.js(25,28116): error TS7006: Parameter 't' implicitly has an 'any' type.
generated/prisma/runtime/library.js(25,28118): error TS7006: Parameter 'n' implicitly has an 'any' type.
generated/prisma/runtime/library.js(25,28120): error TS7006: Parameter 'i' implicitly has an 'any' type.
generated/prisma/runtime/library.js(25,28440): error TS7006: Parameter 'e' implicitly has an 'any' type.
generated/prisma/runtime/library.js(25,28442): error TS7006: Parameter 'r' implicitly has an 'any' type.
generated/prisma/runtime/library.js(25,28488): error TS7006: Parameter 'e' implicitly has an 'any' type.
generated/prisma/runtime/library.js(25,28490): error TS7006: Parameter 'r' implicitly has an 'any' type.
generated/prisma/runtime/library.js(25,28748): error TS7006: Parameter 'e' implicitly has an 'any' type.
generated/prisma/runtime/library.js(25,28750): error TS7006: Parameter 'r' implicitly has an 'any' type.
generated/prisma/runtime/library.js(25,28752): error TS7006: Parameter 't' implicitly has an 'any' type.
generated/prisma/runtime/library.js(25,28754): error TS7006: Parameter 'n' implicitly has an 'any' type.
generated/prisma/runtime/library.js(25,29215): error TS7005: Variable '$s' implicitly has an 'any' type.
generated/prisma/runtime/library.js(25,29627): error TS2345: Argument of type 'number | undefined' is not assignable to parameter of type 'number'.
  Type 'undefined' is not assignable to type 'number'.
generated/prisma/runtime/library.js(25,29878): error TS7006: Parameter 'e' implicitly has an 'any' type.
generated/prisma/runtime/library.js(25,29880): error TS7006: Parameter 'r' implicitly has an 'any' type.
generated/prisma/runtime/library.js(25,29930): error TS7006: Parameter 'e' implicitly has an 'any' type.
generated/prisma/runtime/library.js(25,29944): error TS2683: 'this' implicitly has type 'any' because it does not have a type annotation.
generated/prisma/runtime/library.js(25,29970): error TS7006: Parameter 'e' implicitly has an 'any' type.
generated/prisma/runtime/library.js(25,29984): error TS2683: 'this' implicitly has type 'any' because it does not have a type annotation.
generated/prisma/runtime/library.js(25,30011): error TS7006: Parameter 'e' implicitly has an 'any' type.
generated/prisma/runtime/library.js(25,30025): error TS2683: 'this' implicitly has type 'any' because it does not have a type annotation.
generated/prisma/runtime/library.js(25,30053): error TS7006: Parameter 'e' implicitly has an 'any' type.
generated/prisma/runtime/library.js(25,30055): error TS7006: Parameter 'r' implicitly has an 'any' type.
generated/prisma/runtime/library.js(25,30069): error TS2683: 'this' implicitly has type 'any' because it does not have a type annotation.
generated/prisma/runtime/library.js(25,30097): error TS7006: Parameter 'e' implicitly has an 'any' type.
generated/prisma/runtime/library.js(25,30111): error TS2683: 'this' implicitly has type 'any' because it does not have a type annotation.
generated/prisma/runtime/library.js(25,30138): error TS7006: Parameter 'e' implicitly has an 'any' type.
generated/prisma/runtime/library.js(25,30152): error TS2683: 'this' implicitly has type 'any' because it does not have a type annotation.
generated/prisma/runtime/library.js(25,30180): error TS7006: Parameter 'e' implicitly has an 'any' type.
generated/prisma/runtime/library.js(25,30194): error TS2683: 'this' implicitly has type 'any' because it does not have a type annotation.
generated/prisma/runtime/library.js(25,30221): error TS7006: Parameter 'e' implicitly has an 'any' type.
generated/prisma/runtime/library.js(25,30235): error TS2683: 'this' implicitly has type 'any' because it does not have a type annotation.
generated/prisma/runtime/library.js(25,30263): error TS7006: Parameter 'e' implicitly has an 'any' type.
generated/prisma/runtime/library.js(25,30265): error TS7006: Parameter 'r' implicitly has an 'any' type.
generated/prisma/runtime/library.js(25,30274): error TS2351: This expression is not constructable.
  Type 'Np' has no construct signatures.
generated/prisma/runtime/library.js(25,30288): error TS2351: This expression is not constructable.
  Type 'Np' has no construct signatures.
generated/prisma/runtime/library.js(25,30337): error TS18048: 'n' is possibly 'undefined'.
generated/prisma/runtime/library.js(25,30364): error TS2351: This expression is not constructable.
  Type 'Np' has no construct signatures.
generated/prisma/runtime/library.js(25,30474): error TS2351: This expression is not constructable.
  Type 'Np' has no construct signatures.
generated/prisma/runtime/library.js(25,30590): error TS2339: Property 'atan' does not exist on type 'Np'.
generated/prisma/runtime/library.js(25,30692): error TS2339: Property 'atan' does not exist on type 'Np'.
generated/prisma/runtime/library.js(25,30723): error TS7006: Parameter 'e' implicitly has an 'any' type.
generated/prisma/runtime/library.js(25,30737): error TS2683: 'this' implicitly has type 'any' because it does not have a type annotation.
generated/prisma/runtime/library.js(25,30764): error TS7006: Parameter 'e' implicitly has an 'any' type.
generated/prisma/runtime/library.js(25,30782): error TS2683: 'this' implicitly has type 'any' because it does not have a type annotation.
generated/prisma/runtime/library.js(25,30811): error TS7006: Parameter 'e' implicitly has an 'any' type.
generated/prisma/runtime/library.js(25,30813): error TS7006: Parameter 'r' implicitly has an 'any' type.
generated/prisma/runtime/library.js(25,30815): error TS7006: Parameter 't' implicitly has an 'any' type.
generated/prisma/runtime/library.js(25,30829): error TS2683: 'this' implicitly has type 'any' because it does not have a type annotation.
generated/prisma/runtime/library.js(25,30860): error TS7006: Parameter 'e' implicitly has an 'any' type.
generated/prisma/runtime/library.js(25,31101): error TS2538: Type 'undefined' cannot be used as an index type.
generated/prisma/runtime/library.js(25,31107): error TS2538: Type 'undefined' cannot be used as an index type.
generated/prisma/runtime/library.js(25,31116): error TS2538: Type 'undefined' cannot be used as an index type.
generated/prisma/runtime/library.js(25,31145): error TS2532: Object is possibly 'undefined'.
generated/prisma/runtime/library.js(25,31156): error TS2532: Object is possibly 'undefined'.
generated/prisma/runtime/library.js(25,31168): error TS2538: Type 'undefined' cannot be used as an index type.
generated/prisma/runtime/library.js(25,31221): error TS7053: Element implicitly has an 'any' type because expression of type 'string' can't be used to index type '$p'.
  No index signature with a parameter of type 'string' was found on type '$p'.
generated/prisma/runtime/library.js(25,31229): error TS7053: Element implicitly has an 'any' type because expression of type 'string' can't be used to index type '{ precision: number; rounding: number; modulo: number; toExpNeg: number; toExpPos: number; minE: number; maxE: number; crypto: boolean; }'.
  No index signature with a parameter of type 'string' was found on type '{ precision: number; rounding: number; modulo: number; toExpNeg: number; toExpPos: number; minE: number; maxE: number; crypto: boolean; }'.
generated/prisma/runtime/library.js(25,31322): error TS2774: This condition will always return true since this function is always defined. Did you mean to call it instead?
generated/prisma/runtime/library.js(25,31353): error TS2339: Property 'randomBytes' does not exist on type 'Crypto'.
generated/prisma/runtime/library.js(25,31366): error TS7053: Element implicitly has an 'any' type because expression of type 'string' can't be used to index type '$p'.
  No index signature with a parameter of type 'string' was found on type '$p'.
generated/prisma/runtime/library.js(25,31403): error TS7053: Element implicitly has an 'any' type because expression of type 'string' can't be used to index type '$p'.
  No index signature with a parameter of type 'string' was found on type '$p'.
generated/prisma/runtime/library.js(25,31468): error TS7006: Parameter 'e' implicitly has an 'any' type.
generated/prisma/runtime/library.js(25,31482): error TS2683: 'this' implicitly has type 'any' because it does not have a type annotation.
generated/prisma/runtime/library.js(25,31508): error TS7006: Parameter 'e' implicitly has an 'any' type.
generated/prisma/runtime/library.js(25,31522): error TS2683: 'this' implicitly has type 'any' because it does not have a type annotation.
generated/prisma/runtime/library.js(25,31549): error TS7006: Parameter 'e' implicitly has an 'any' type.
generated/prisma/runtime/library.js(25,31573): error TS7006: Parameter 'o' implicitly has an 'any' type.
generated/prisma/runtime/library.js(25,31678): error TS2551: Property 'maxE' does not exist on type 'typeof i'. Did you mean 'max'?
generated/prisma/runtime/library.js(25,31686): error TS2339: Property 'e' does not exist on type 'this & { toStringTag: string; }'.
generated/prisma/runtime/library.js(25,31694): error TS2339: Property 'd' does not exist on type 'this & { toStringTag: string; }'.
generated/prisma/runtime/library.js(25,31708): error TS2551: Property 'minE' does not exist on type 'typeof i'. Did you mean 'min'?
generated/prisma/runtime/library.js(25,31716): error TS2339: Property 'e' does not exist on type 'this & { toStringTag: string; }'.
generated/prisma/runtime/library.js(25,31722): error TS2339: Property 'd' does not exist on type 'this & { toStringTag: string; }'.
generated/prisma/runtime/library.js(25,31732): error TS2339: Property 'e' does not exist on type 'this & { toStringTag: string; }'.
generated/prisma/runtime/library.js(25,31740): error TS2339: Property 'd' does not exist on type 'this & { toStringTag: string; }'.
generated/prisma/runtime/library.js(25,31758): error TS2339: Property 'e' does not exist on type 'this & { toStringTag: string; }'.
generated/prisma/runtime/library.js(25,31766): error TS2339: Property 'd' does not exist on type 'this & { toStringTag: string; }'.
generated/prisma/runtime/library.js(25,31851): error TS2339: Property 'e' does not exist on type 'this & { toStringTag: string; }'.
generated/prisma/runtime/library.js(25,31857): error TS2339: Property 'd' does not exist on type 'this & { toStringTag: string; }'.
generated/prisma/runtime/library.js(25,31947): error TS2551: Property 'maxE' does not exist on type 'typeof i'. Did you mean 'max'?
generated/prisma/runtime/library.js(25,31955): error TS2339: Property 'e' does not exist on type 'this & { toStringTag: string; }'.
generated/prisma/runtime/library.js(25,31963): error TS2339: Property 'd' does not exist on type 'this & { toStringTag: string; }'.
generated/prisma/runtime/library.js(25,31975): error TS2551: Property 'minE' does not exist on type 'typeof i'. Did you mean 'min'?
generated/prisma/runtime/library.js(25,31983): error TS2339: Property 'e' does not exist on type 'this & { toStringTag: string; }'.
generated/prisma/runtime/library.js(25,31989): error TS2339: Property 'd' does not exist on type 'this & { toStringTag: string; }'.
generated/prisma/runtime/library.js(25,31999): error TS2339: Property 'e' does not exist on type 'this & { toStringTag: string; }'.
generated/prisma/runtime/library.js(25,32005): error TS2339: Property 'd' does not exist on type 'this & { toStringTag: string; }'.
generated/prisma/runtime/library.js(25,32015): error TS2339: Property 'e' does not exist on type 'this & { toStringTag: string; }'.
generated/prisma/runtime/library.js(25,32021): error TS2339: Property 'd' does not exist on type 'this & { toStringTag: string; }'.
generated/prisma/runtime/library.js(25,32062): error TS2339: Property 'e' does not exist on type 'this & { toStringTag: string; }'.
generated/prisma/runtime/library.js(25,32070): error TS2339: Property 'd' does not exist on type 'this & { toStringTag: string; }'.
generated/prisma/runtime/library.js(25,33096): error TS2538: Type 'undefined' cannot be used as an index type.
generated/prisma/runtime/library.js(25,33099): error TS2683: 'this' implicitly has type 'any' because it does not have a type annotation.
generated/prisma/runtime/library.js(25,33104): error TS2538: Type 'undefined' cannot be used as an index type.
generated/prisma/runtime/library.js(25,33141): error TS7006: Parameter 'e' implicitly has an 'any' type.
generated/prisma/runtime/library.js(25,33143): error TS7006: Parameter 'r' implicitly has an 'any' type.
generated/prisma/runtime/library.js(25,33157): error TS2683: 'this' implicitly has type 'any' because it does not have a type annotation.
generated/prisma/runtime/library.js(25,33184): error TS7006: Parameter 'e' implicitly has an 'any' type.
generated/prisma/runtime/library.js(25,33198): error TS2683: 'this' implicitly has type 'any' because it does not have a type annotation.
generated/prisma/runtime/library.js(25,33224): error TS7006: Parameter 'e' implicitly has an 'any' type.
generated/prisma/runtime/library.js(25,33242): error TS2683: 'this' implicitly has type 'any' because it does not have a type annotation.
generated/prisma/runtime/library.js(25,33287): error TS2683: 'this' implicitly has type 'any' because it does not have a type annotation.
generated/prisma/runtime/library.js(25,33337): error TS2683: 'this' implicitly has type 'any' because it does not have a type annotation.
generated/prisma/runtime/library.js(25,33418): error TS2683: 'this' implicitly has type 'any' because it does not have a type annotation.
generated/prisma/runtime/library.js(25,33465): error TS7006: Parameter 'e' implicitly has an 'any' type.
generated/prisma/runtime/library.js(25,33530): error TS7006: Parameter 'e' implicitly has an 'any' type.
generated/prisma/runtime/library.js(25,33544): error TS2683: 'this' implicitly has type 'any' because it does not have a type annotation.
generated/prisma/runtime/library.js(25,33569): error TS7006: Parameter 'e' implicitly has an 'any' type.
generated/prisma/runtime/library.js(25,33571): error TS7006: Parameter 'r' implicitly has an 'any' type.
generated/prisma/runtime/library.js(25,33585): error TS2683: 'this' implicitly has type 'any' because it does not have a type annotation.
generated/prisma/runtime/library.js(25,33612): error TS7006: Parameter 'e' implicitly has an 'any' type.
generated/prisma/runtime/library.js(25,33626): error TS2683: 'this' implicitly has type 'any' because it does not have a type annotation.
generated/prisma/runtime/library.js(25,33653): error TS7006: Parameter 'e' implicitly has an 'any' type.
generated/prisma/runtime/library.js(25,33667): error TS2683: 'this' implicitly has type 'any' because it does not have a type annotation.
generated/prisma/runtime/library.js(25,33707): error TS2683: 'this' implicitly has type 'any' because it does not have a type annotation.
generated/prisma/runtime/library.js(25,33750): error TS2683: 'this' implicitly has type 'any' because it does not have a type annotation.
generated/prisma/runtime/library.js(25,33780): error TS7006: Parameter 'e' implicitly has an 'any' type.
generated/prisma/runtime/library.js(25,33782): error TS7006: Parameter 'r' implicitly has an 'any' type.
generated/prisma/runtime/library.js(25,33796): error TS2683: 'this' implicitly has type 'any' because it does not have a type annotation.
generated/prisma/runtime/library.js(25,33823): error TS7006: Parameter 'e' implicitly has an 'any' type.
generated/prisma/runtime/library.js(25,33825): error TS7006: Parameter 'r' implicitly has an 'any' type.
generated/prisma/runtime/library.js(25,33839): error TS2683: 'this' implicitly has type 'any' because it does not have a type annotation.
generated/prisma/runtime/library.js(25,33866): error TS7006: Parameter 'e' implicitly has an 'any' type.
generated/prisma/runtime/library.js(25,33868): error TS7006: Parameter 'r' implicitly has an 'any' type.
generated/prisma/runtime/library.js(25,33882): error TS2683: 'this' implicitly has type 'any' because it does not have a type annotation.
generated/prisma/runtime/library.js(25,33909): error TS7006: Parameter 'e' implicitly has an 'any' type.
generated/prisma/runtime/library.js(25,33934): error TS2683: 'this' implicitly has type 'any' because it does not have a type annotation.
generated/prisma/runtime/library.js(25,33963): error TS2683: 'this' implicitly has type 'any' because it does not have a type annotation.
generated/prisma/runtime/library.js(25,34006): error TS2683: 'this' implicitly has type 'any' because it does not have a type annotation.
generated/prisma/runtime/library.js(25,34105): error TS18048: 'i' is possibly 'undefined'.
generated/prisma/runtime/library.js(25,34114): error TS2322: Type 'number | undefined' is not assignable to type 'number'.
  Type 'undefined' is not assignable to type 'number'.
generated/prisma/runtime/library.js(25,34172): error TS18048: 'i' is possibly 'undefined'.
generated/prisma/runtime/library.js(25,34193): error TS2339: Property 'randomBytes' does not exist on type 'Crypto'.
generated/prisma/runtime/library.js(25,34219): error TS2339: Property 'randomBytes' does not exist on type 'Crypto'.
generated/prisma/runtime/library.js(25,34309): error TS2339: Property 'randomBytes' does not exist on type 'Crypto'.
generated/prisma/runtime/library.js(25,34568): error TS18048: 'i' is possibly 'undefined'.
generated/prisma/runtime/library.js(25,34574): error TS18048: 'i' is possibly 'undefined'.
generated/prisma/runtime/library.js(25,34631): error TS7006: Parameter 'e' implicitly has an 'any' type.
generated/prisma/runtime/library.js(25,34649): error TS2683: 'this' implicitly has type 'any' because it does not have a type annotation.
generated/prisma/runtime/library.js(25,34663): error TS2683: 'this' implicitly has type 'any' because it does not have a type annotation.
generated/prisma/runtime/library.js(25,34690): error TS7006: Parameter 'e' implicitly has an 'any' type.
generated/prisma/runtime/library.js(25,34706): error TS2683: 'this' implicitly has type 'any' because it does not have a type annotation.
generated/prisma/runtime/library.js(25,34756): error TS7006: Parameter 'e' implicitly has an 'any' type.
generated/prisma/runtime/library.js(25,34770): error TS2683: 'this' implicitly has type 'any' because it does not have a type annotation.
generated/prisma/runtime/library.js(25,34796): error TS7006: Parameter 'e' implicitly has an 'any' type.
generated/prisma/runtime/library.js(25,34810): error TS2683: 'this' implicitly has type 'any' because it does not have a type annotation.
generated/prisma/runtime/library.js(25,34837): error TS7006: Parameter 'e' implicitly has an 'any' type.
generated/prisma/runtime/library.js(25,34851): error TS2683: 'this' implicitly has type 'any' because it does not have a type annotation.
generated/prisma/runtime/library.js(25,34878): error TS7006: Parameter 'e' implicitly has an 'any' type.
generated/prisma/runtime/library.js(25,34880): error TS7006: Parameter 'r' implicitly has an 'any' type.
generated/prisma/runtime/library.js(25,34894): error TS2683: 'this' implicitly has type 'any' because it does not have a type annotation.
generated/prisma/runtime/library.js(25,34949): error TS2683: 'this' implicitly has type 'any' because it does not have a type annotation.
generated/prisma/runtime/library.js(25,35019): error TS2683: 'this' implicitly has type 'any' because it does not have a type annotation.
generated/prisma/runtime/library.js(25,35034): error TS2683: 'this' implicitly has type 'any' because it does not have a type annotation.
generated/prisma/runtime/library.js(25,35061): error TS7006: Parameter 'e' implicitly has an 'any' type.
generated/prisma/runtime/library.js(25,35075): error TS2683: 'this' implicitly has type 'any' because it does not have a type annotation.
generated/prisma/runtime/library.js(25,35101): error TS7006: Parameter 'e' implicitly has an 'any' type.
generated/prisma/runtime/library.js(25,35115): error TS2683: 'this' implicitly has type 'any' because it does not have a type annotation.
generated/prisma/runtime/library.js(25,35142): error TS7006: Parameter 'e' implicitly has an 'any' type.
generated/prisma/runtime/library.js(25,35160): error TS2683: 'this' implicitly has type 'any' because it does not have a type annotation.
generated/prisma/runtime/library.js(25,35177): error TS7053: Element implicitly has an 'any' type because expression of type 'symbol' can't be used to index type '{ toStringTag: string; }'.
generated/prisma/runtime/library.js(25,35232): error TS7053: Element implicitly has an 'any' type because expression of type 'unique symbol' can't be used to index type '{ toStringTag: string; }'.
  Property '[SymbolConstructor.toStringTag]' does not exist on type '{ toStringTag: string; }'.
generated/prisma/runtime/library.js(25,35292): error TS2322: Type 'i' is not assignable to type 'string'.
generated/prisma/runtime/library.js(25,35306): error TS2322: Type 'i' is not assignable to type 'string'.
generated/prisma/runtime/library.js(25,35342): error TS7006: Parameter 'e' implicitly has an 'any' type.
generated/prisma/runtime/library.js(25,35577): error TS7006: Parameter 'e' implicitly has an 'any' type.
generated/prisma/runtime/library.js(25,35619): error TS7006: Parameter 'r' implicitly has an 'any' type.
generated/prisma/runtime/library.js(25,35635): error TS7022: 'Rr' implicitly has type 'any' because it does not have a type annotation and is referenced directly or indirectly in its own initializer.
generated/prisma/runtime/library.js(25,36232): error TS7006: Parameter 'e' implicitly has an 'any' type.
generated/prisma/runtime/library.js(25,36293): error TS7006: Parameter 'e' implicitly has an 'any' type.
generated/prisma/runtime/library.js(25,36312): error TS7006: Parameter 'e' implicitly has an 'any' type.
generated/prisma/runtime/library.js(25,36364): error TS7006: Parameter 'e' implicitly has an 'any' type.
generated/prisma/runtime/library.js(25,36393): error TS2339: Property 'Prism' does not exist on type '{}'.
generated/prisma/runtime/library.js(25,36403): error TS2339: Property 'Prism' does not exist on type '{}'.
generated/prisma/runtime/library.js(25,36447): error TS2339: Property 'Prism' does not exist on type '{}'.
generated/prisma/runtime/library.js(25,36457): error TS2339: Property 'Prism' does not exist on type '{}'.
generated/prisma/runtime/library.js(25,36497): error TS7023: 'encode' implicitly has return type 'any' because it does not have a return type annotation and is referenced directly or indirectly in one of its return expressions.
generated/prisma/runtime/library.js(25,36513): error TS7006: Parameter 'e' implicitly has an 'any' type.
generated/prisma/runtime/library.js(25,36732): error TS7006: Parameter 'e' implicitly has an 'any' type.
generated/prisma/runtime/library.js(25,36804): error TS7006: Parameter 'e' implicitly has an 'any' type.
generated/prisma/runtime/library.js(25,36892): error TS7006: Parameter 'r' implicitly has an 'any' type.
generated/prisma/runtime/library.js(25,36894): error TS7006: Parameter 't' implicitly has an 'any' type.
generated/prisma/runtime/library.js(25,36901): error TS7034: Variable 'n' implicitly has type 'any[]' in some locations where its type cannot be determined.
generated/prisma/runtime/library.js(25,37040): error TS7053: Element implicitly has an 'any' type because expression of type 'string' can't be used to index type '{}'.
  No index signature with a parameter of type 'string' was found on type '{}'.
generated/prisma/runtime/library.js(25,37123): error TS7005: Variable 'n' implicitly has an 'any[]' type.
generated/prisma/runtime/library.js(25,37144): error TS7006: Parameter 's' implicitly has an 'any' type.
generated/prisma/runtime/library.js(25,37146): error TS7006: Parameter 'a' implicitly has an 'any' type.
generated/prisma/runtime/library.js(25,37163): error TS7005: Variable 'n' implicitly has an 'any[]' type.
generated/prisma/runtime/library.js(25,37213): error TS7006: Parameter 'e' implicitly has an 'any' type.
generated/prisma/runtime/library.js(25,37215): error TS7006: Parameter 'r' implicitly has an 'any' type.
generated/prisma/runtime/library.js(25,37237): error TS7053: Element implicitly has an 'any' type because expression of type 'any' can't be used to index type '{ extend: (e: any, r: any) => any; insertBefore: (e: any, r: any, t: any, n: any) => {}; DFS: (r: any, t: any, n: any, i: any) => void; }'.
generated/prisma/runtime/library.js(25,37310): error TS7006: Parameter 'e' implicitly has an 'any' type.
generated/prisma/runtime/library.js(25,37312): error TS7006: Parameter 'r' implicitly has an 'any' type.
generated/prisma/runtime/library.js(25,37314): error TS7006: Parameter 't' implicitly has an 'any' type.
generated/prisma/runtime/library.js(25,37316): error TS7006: Parameter 'n' implicitly has an 'any' type.
generated/prisma/runtime/library.js(25,37436): error TS7053: Element implicitly has an 'any' type because expression of type 'string' can't be used to index type '{}'.
  No index signature with a parameter of type 'string' was found on type '{}'.
generated/prisma/runtime/library.js(25,37469): error TS7053: Element implicitly has an 'any' type because expression of type 'string' can't be used to index type '{}'.
  No index signature with a parameter of type 'string' was found on type '{}'.
generated/prisma/runtime/library.js(25,37542): error TS7006: Parameter 'a' implicitly has an 'any' type.
generated/prisma/runtime/library.js(25,37544): error TS7006: Parameter 'l' implicitly has an 'any' type.
generated/prisma/runtime/library.js(25,37561): error TS7053: Element implicitly has an 'any' type because expression of type 'any' can't be used to index type '(Anonymous function)'.
generated/prisma/runtime/library.js(25,37592): error TS7006: Parameter 'r' implicitly has an 'any' type.
generated/prisma/runtime/library.js(25,37594): error TS7006: Parameter 't' implicitly has an 'any' type.
generated/prisma/runtime/library.js(25,37596): error TS7006: Parameter 'n' implicitly has an 'any' type.
generated/prisma/runtime/library.js(25,37598): error TS7006: Parameter 'i' implicitly has an 'any' type.
generated/prisma/runtime/library.js(25,37847): error TS7006: Parameter 'e' implicitly has an 'any' type.
generated/prisma/runtime/library.js(25,37849): error TS7006: Parameter 'r' implicitly has an 'any' type.
generated/prisma/runtime/library.js(25,37851): error TS7006: Parameter 't' implicitly has an 'any' type.
generated/prisma/runtime/library.js(25,37932): error TS2339: Property 'tokens' does not exist on type '{ code: any; grammar: any; language: any; }'.
generated/prisma/runtime/library.js(25,38029): error TS2339: Property 'tokens' does not exist on type '{ code: any; grammar: any; language: any; }'.
generated/prisma/runtime/library.js(25,38072): error TS7006: Parameter 'e' implicitly has an 'any' type.
generated/prisma/runtime/library.js(25,38074): error TS7006: Parameter 'r' implicitly has an 'any' type.
generated/prisma/runtime/library.js(25,38076): error TS7006: Parameter 't' implicitly has an 'any' type.
generated/prisma/runtime/library.js(25,38078): error TS7006: Parameter 'n' implicitly has an 'any' type.
generated/prisma/runtime/library.js(25,38080): error TS7006: Parameter 'i' implicitly has an 'any' type.
generated/prisma/runtime/library.js(25,38082): error TS7006: Parameter 'o' implicitly has an 'any' type.
generated/prisma/runtime/library.js(25,38084): error TS7006: Parameter 's' implicitly has an 'any' type.
generated/prisma/runtime/library.js(25,39152): error TS2345: Argument of type 'any[]' is not assignable to parameter of type '[start: number, deleteCount: number, ...items: any[]]'.
  Source provides no match for required element at position 0 in target.
generated/prisma/runtime/library.js(25,39223): error TS7006: Parameter 'e' implicitly has an 'any' type.
generated/prisma/runtime/library.js(25,39225): error TS7006: Parameter 'r' implicitly has an 'any' type.
generated/prisma/runtime/library.js(25,39358): error TS7006: Parameter 'e' implicitly has an 'any' type.
generated/prisma/runtime/library.js(25,39360): error TS7006: Parameter 'r' implicitly has an 'any' type.
generated/prisma/runtime/library.js(25,39381): error TS7053: Element implicitly has an 'any' type because expression of type 'any' can't be used to index type '{}'.
generated/prisma/runtime/library.js(25,39386): error TS7053: Element implicitly has an 'any' type because expression of type 'any' can't be used to index type '{}'.
generated/prisma/runtime/library.js(25,39395): error TS7053: Element implicitly has an 'any' type because expression of type 'any' can't be used to index type '{}'.
generated/prisma/runtime/library.js(25,39422): error TS7006: Parameter 'e' implicitly has an 'any' type.
generated/prisma/runtime/library.js(25,39424): error TS7006: Parameter 'r' implicitly has an 'any' type.
generated/prisma/runtime/library.js(25,39433): error TS7053: Element implicitly has an 'any' type because expression of type 'any' can't be used to index type '{}'.
generated/prisma/runtime/library.js(25,39521): error TS2339: Property 'clike' does not exist on type '{ extend: (e: any, r: any) => any; insertBefore: (e: any, r: any, t: any, n: any) => {}; DFS: (r: any, t: any, n: any, i: any) => void; }'.
generated/prisma/runtime/library.js(25,40226): error TS2339: Property 'javascript' does not exist on type '{ extend: (e: any, r: any) => any; insertBefore: (e: any, r: any, t: any, n: any) => {}; DFS: (r: any, t: any, n: any, i: any) => void; }'.
generated/prisma/runtime/library.js(25,40291): error TS2339: Property 'clike' does not exist on type '{ extend: (e: any, r: any) => any; insertBefore: (e: any, r: any, t: any, n: any) => {}; DFS: (r: any, t: any, n: any, i: any) => void; }'.
generated/prisma/runtime/library.js(25,41325): error TS2339: Property 'javascript' does not exist on type '{ extend: (e: any, r: any) => any; insertBefore: (e: any, r: any, t: any, n: any) => {}; DFS: (r: any, t: any, n: any, i: any) => void; }'.
generated/prisma/runtime/library.js(25,42006): error TS2339: Property 'javascript' does not exist on type '{ extend: (e: any, r: any) => any; insertBefore: (e: any, r: any, t: any, n: any) => {}; DFS: (r: any, t: any, n: any, i: any) => void; }'.
generated/prisma/runtime/library.js(25,42094): error TS2339: Property 'javascript' does not exist on type '{ extend: (e: any, r: any) => any; insertBefore: (e: any, r: any, t: any, n: any) => {}; DFS: (r: any, t: any, n: any, i: any) => void; }'.
generated/prisma/runtime/library.js(25,42200): error TS2339: Property 'javascript' does not exist on type '{ extend: (e: any, r: any) => any; insertBefore: (e: any, r: any, t: any, n: any) => {}; DFS: (r: any, t: any, n: any, i: any) => void; }'.
generated/prisma/runtime/library.js(25,42707): error TS2339: Property 'javascript' does not exist on type '{ extend: (e: any, r: any) => any; insertBefore: (e: any, r: any, t: any, n: any) => {}; DFS: (r: any, t: any, n: any, i: any) => void; }'.
generated/prisma/runtime/library.js(25,42771): error TS2339: Property 'markup' does not exist on type '{ extend: (e: any, r: any) => any; insertBefore: (e: any, r: any, t: any, n: any) => {}; DFS: (r: any, t: any, n: any, i: any) => void; }'.
generated/prisma/runtime/library.js(25,42791): error TS2339: Property 'markup' does not exist on type '{ extend: (e: any, r: any) => any; insertBefore: (e: any, r: any, t: any, n: any) => {}; DFS: (r: any, t: any, n: any, i: any) => void; }'.
generated/prisma/runtime/library.js(25,42848): error TS2339: Property 'js' does not exist on type '{ extend: (e: any, r: any) => any; insertBefore: (e: any, r: any, t: any, n: any) => {}; DFS: (r: any, t: any, n: any, i: any) => void; }'.
generated/prisma/runtime/library.js(25,42863): error TS2339: Property 'javascript' does not exist on type '{ extend: (e: any, r: any) => any; insertBefore: (e: any, r: any, t: any, n: any) => {}; DFS: (r: any, t: any, n: any, i: any) => void; }'.
generated/prisma/runtime/library.js(25,42886): error TS2339: Property 'typescript' does not exist on type '{ extend: (e: any, r: any) => any; insertBefore: (e: any, r: any, t: any, n: any) => {}; DFS: (r: any, t: any, n: any, i: any) => void; }'.
generated/prisma/runtime/library.js(25,43443): error TS2339: Property 'ts' does not exist on type '{ extend: (e: any, r: any) => any; insertBefore: (e: any, r: any, t: any, n: any) => {}; DFS: (r: any, t: any, n: any, i: any) => void; }'.
generated/prisma/runtime/library.js(25,43458): error TS2339: Property 'typescript' does not exist on type '{ extend: (e: any, r: any) => any; insertBefore: (e: any, r: any, t: any, n: any) => {}; DFS: (r: any, t: any, n: any, i: any) => void; }'.
generated/prisma/runtime/library.js(25,43481): error TS7006: Parameter 'e' implicitly has an 'any' type.
generated/prisma/runtime/library.js(25,43483): error TS7006: Parameter 'r' implicitly has an 'any' type.
generated/prisma/runtime/library.js(25,43485): error TS7006: Parameter 't' implicitly has an 'any' type.
generated/prisma/runtime/library.js(25,43487): error TS7006: Parameter 'n' implicitly has an 'any' type.
generated/prisma/runtime/library.js(25,43489): error TS7006: Parameter 'i' implicitly has an 'any' type.
generated/prisma/runtime/library.js(25,43580): error TS7023: 'stringify' implicitly has return type 'any' because it does not have a return type annotation and is referenced directly or indirectly in one of its return expressions.
generated/prisma/runtime/library.js(25,43599): error TS7006: Parameter 'e' implicitly has an 'any' type.
generated/prisma/runtime/library.js(25,43601): error TS7006: Parameter 'r' implicitly has an 'any' type.
generated/prisma/runtime/library.js(25,43655): error TS7024: Function implicitly has return type 'any' because it does not have a return type annotation and is referenced directly or indirectly in one of its return expressions.
generated/prisma/runtime/library.js(25,43738): error TS7006: Parameter 'e' implicitly has an 'any' type.
generated/prisma/runtime/library.js(25,43748): error TS7053: Element implicitly has an 'any' type because expression of type 'any' can't be used to index type '{ keyword: (o: any) => any; entity: (o: any) => any; value: (e: any) => any; punctuation: (o: any) => any; directive: (o: any) => any; function: (o: any) => any; variable: (e: any) => any; string: (e: any) => any; boolean: (o: any) => any; number: (o: any) => any; comment: (o: any) => any; }'.
generated/prisma/runtime/library.js(25,43770): error TS7006: Parameter 'e' implicitly has an 'any' type.
generated/prisma/runtime/library.js(25,43797): error TS2339: Property 'javascript' does not exist on type '{ extend: (e: any, r: any) => any; insertBefore: (e: any, r: any, t: any, n: any) => {}; DFS: (r: any, t: any, n: any, i: any) => void; }'.
generated/prisma/runtime/library.js(25,43821): error TS7006: Parameter 'e' implicitly has an 'any' type.
generated/prisma/runtime/library.js(25,43823): error TS7006: Parameter 'r' implicitly has an 'any' type.
generated/prisma/runtime/library.js(25,43894): error TS7006: Parameter 'e' implicitly has an 'any' type.
generated/prisma/runtime/library.js(25,43959): error TS7006: Parameter 'r' implicitly has an 'any' type.
generated/prisma/runtime/library.js(25,44070): error TS7006: Parameter 'r' implicitly has an 'any' type.
generated/prisma/runtime/library.js(25,44126): error TS7006: Parameter 'r' implicitly has an 'any' type.
generated/prisma/runtime/library.js(25,44128): error TS7006: Parameter 't' implicitly has an 'any' type.
generated/prisma/runtime/library.js(25,44246): error TS7006: Parameter 'r' implicitly has an 'any' type.
generated/prisma/runtime/library.js(25,44248): error TS7006: Parameter 't' implicitly has an 'any' type.
generated/prisma/runtime/library.js(25,44437): error TS7006: Parameter 'r' implicitly has an 'any' type.
generated/prisma/runtime/library.js(25,44490): error TS7006: Parameter 't' implicitly has an 'any' type.
generated/prisma/runtime/library.js(25,44492): error TS7006: Parameter 'n' implicitly has an 'any' type.
generated/prisma/runtime/library.js(25,44533): error TS7006: Parameter 'r' implicitly has an 'any' type.
generated/prisma/runtime/library.js(25,44594): error TS7006: Parameter 'r' implicitly has an 'any' type.
generated/prisma/runtime/library.js(25,44596): error TS7006: Parameter 't' implicitly has an 'any' type.
generated/prisma/runtime/library.js(25,44621): error TS7006: Parameter 'n' implicitly has an 'any' type.
generated/prisma/runtime/library.js(25,44623): error TS7006: Parameter 'i' implicitly has an 'any' type.
generated/prisma/runtime/library.js(25,44661): error TS7006: Parameter 'r' implicitly has an 'any' type.
generated/prisma/runtime/library.js(25,44663): error TS7006: Parameter 't' implicitly has an 'any' type.
generated/prisma/runtime/library.js(29,71): error TS7006: Parameter 'e' implicitly has an 'any' type.
generated/prisma/runtime/library.js(29,97): error TS7006: Parameter 'e' implicitly has an 'any' type.
generated/prisma/runtime/library.js(29,107): error TS7006: Parameter 'e' implicitly has an 'any' type.
generated/prisma/runtime/library.js(29,116): error TS7006: Parameter 'e' implicitly has an 'any' type.
generated/prisma/runtime/library.js(29,126): error TS7006: Parameter 'e' implicitly has an 'any' type.
generated/prisma/runtime/library.js(29,141): error TS7006: Parameter 'e' implicitly has an 'any' type.
generated/prisma/runtime/library.js(29,162): error TS7006: Parameter 'e' implicitly has an 'any' type.
generated/prisma/runtime/library.js(29,189): error TS7031: Binding element 'e' implicitly has an 'any' type.
generated/prisma/runtime/library.js(29,206): error TS7031: Binding element 'r' implicitly has an 'any' type.
generated/prisma/runtime/library.js(29,216): error TS7031: Binding element 't' implicitly has an 'any' type.
generated/prisma/runtime/library.js(29,232): error TS7031: Binding element 'n' implicitly has an 'any' type.
generated/prisma/runtime/library.js(29,335): error TS7031: Binding element 'e' implicitly has an 'any' type.
generated/prisma/runtime/library.js(29,345): error TS7031: Binding element 'r' implicitly has an 'any' type.
generated/prisma/runtime/library.js(29,362): error TS7031: Binding element 't' implicitly has an 'any' type.
generated/prisma/runtime/library.js(29,372): error TS7031: Binding element 'n' implicitly has an 'any' type.
generated/prisma/runtime/library.js(29,388): error TS7031: Binding element 'i' implicitly has an 'any' type.
generated/prisma/runtime/library.js(29,391): error TS7006: Parameter 'o' implicitly has an 'any' type.
generated/prisma/runtime/library.js(29,777): error TS2339: Property 'location' does not exist on type '{ functionName: string; message: any; isPanic: any; callArguments: any; }'.
generated/prisma/runtime/library.js(29,819): error TS7006: Parameter 'h' implicitly has an 'any' type.
generated/prisma/runtime/library.js(29,891): error TS18048: 'u' is possibly 'undefined'.
generated/prisma/runtime/library.js(29,921): error TS2339: Property 'contextLines' does not exist on type '{ functionName: string; message: any; isPanic: any; callArguments: any; }'.
generated/prisma/runtime/library.js(29,934): error TS18048: 'u' is possibly 'undefined'.
generated/prisma/runtime/library.js(29,946): error TS7006: Parameter 'h' implicitly has an 'any' type.
generated/prisma/runtime/library.js(29,948): error TS7006: Parameter 'g' implicitly has an 'any' type.
generated/prisma/runtime/library.js(29,998): error TS7006: Parameter 'h' implicitly has an 'any' type.
generated/prisma/runtime/library.js(29,1152): error TS7006: Parameter 'e' implicitly has an 'any' type.
generated/prisma/runtime/library.js(29,1365): error TS7006: Parameter 'e' implicitly has an 'any' type.
generated/prisma/runtime/library.js(29,1473): error TS7031: Binding element 'e' implicitly has an 'any' type.
generated/prisma/runtime/library.js(29,1484): error TS7031: Binding element 'r' implicitly has an 'any' type.
generated/prisma/runtime/library.js(29,1494): error TS7031: Binding element 't' implicitly has an 'any' type.
generated/prisma/runtime/library.js(29,1504): error TS7031: Binding element 'n' implicitly has an 'any' type.
generated/prisma/runtime/library.js(29,1519): error TS7031: Binding element 'i' implicitly has an 'any' type.
generated/prisma/runtime/library.js(29,1535): error TS7031: Binding element 'o' implicitly has an 'any' type.
generated/prisma/runtime/library.js(29,1538): error TS7006: Parameter 's' implicitly has an 'any' type.
generated/prisma/runtime/library.js(30,16): error TS7006: Parameter 'e' implicitly has an 'any' type.
generated/prisma/runtime/library.js(30,159): error TS7006: Parameter 'e' implicitly has an 'any' type.
generated/prisma/runtime/library.js(30,209): error TS2345: Argument of type '{ functionName: string; message: any; isPanic: any; callArguments: any; }' is not assignable to parameter of type '{ functionName: any; location: any; message: any; isPanic: any; contextLines: any; callArguments: any; }'.
  Type '{ functionName: string; message: any; isPanic: any; callArguments: any; }' is missing the following properties from type '{ functionName: any; location: any; message: any; isPanic: any; contextLines: any; callArguments: any; }': location, contextLines
generated/prisma/runtime/library.js(30,241): error TS7006: Parameter 'e' implicitly has an 'any' type.
generated/prisma/runtime/library.js(30,243): error TS7006: Parameter 'r' implicitly has an 'any' type.
generated/prisma/runtime/library.js(30,245): error TS7006: Parameter 't' implicitly has an 'any' type.
generated/prisma/runtime/library.js(30,339): error TS7006: Parameter 'e' implicitly has an 'any' type.
generated/prisma/runtime/library.js(30,366): error TS7006: Parameter 'r' implicitly has an 'any' type.
generated/prisma/runtime/library.js(30,409): error TS7006: Parameter 'e' implicitly has an 'any' type.
generated/prisma/runtime/library.js(30,730): error TS7006: Parameter 'e' implicitly has an 'any' type.
generated/prisma/runtime/library.js(30,732): error TS7006: Parameter 'r' implicitly has an 'any' type.
generated/prisma/runtime/library.js(30,779): error TS7006: Parameter 'e' implicitly has an 'any' type.
generated/prisma/runtime/library.js(30,795): error TS7006: Parameter 'r' implicitly has an 'any' type.
generated/prisma/runtime/library.js(30,797): error TS7006: Parameter 't' implicitly has an 'any' type.
generated/prisma/runtime/library.js(30,865): error TS7006: Parameter 'e' implicitly has an 'any' type.
generated/prisma/runtime/library.js(30,1015): error TS7006: Parameter 'e' implicitly has an 'any' type.
generated/prisma/runtime/library.js(30,1209): error TS7006: Parameter 'r' implicitly has an 'any' type.
generated/prisma/runtime/library.js(30,1211): error TS7006: Parameter 't' implicitly has an 'any' type.
generated/prisma/runtime/library.js(30,1305): error TS7006: Parameter 'r' implicitly has an 'any' type.
generated/prisma/runtime/library.js(30,1565): error TS7006: Parameter 't' implicitly has an 'any' type.
generated/prisma/runtime/library.js(30,1604): error TS7008: Member 'lines' implicitly has an 'any[]' type.
generated/prisma/runtime/library.js(30,1644): error TS7008: Member 'marginSymbol' implicitly has an 'any' type.
generated/prisma/runtime/library.js(30,1657): error TS7008: Member 'afterNextNewLineCallback' implicitly has an 'any' type.
generated/prisma/runtime/library.js(30,1688): error TS7006: Parameter 'r' implicitly has an 'any' type.
generated/prisma/runtime/library.js(30,1768): error TS7006: Parameter 'r' implicitly has an 'any' type.
generated/prisma/runtime/library.js(30,1770): error TS7006: Parameter 't' implicitly has an 'any' type.
generated/prisma/runtime/library.js(30,1775): error TS7006: Parameter 'i' implicitly has an 'any' type.
generated/prisma/runtime/library.js(30,1777): error TS7006: Parameter 'o' implicitly has an 'any' type.
generated/prisma/runtime/library.js(30,1893): error TS7006: Parameter 'r' implicitly has an 'any' type.
generated/prisma/runtime/library.js(30,2128): error TS7006: Parameter 'r' implicitly has an 'any' type.
generated/prisma/runtime/library.js(30,2198): error TS7006: Parameter 'r' implicitly has an 'any' type.
generated/prisma/runtime/library.js(30,2369): error TS7006: Parameter 'r' implicitly has an 'any' type.
generated/prisma/runtime/library.js(31,246): error TS7006: Parameter 'r' implicitly has an 'any' type.
generated/prisma/runtime/library.js(31,268): error TS7006: Parameter 'r' implicitly has an 'any' type.
generated/prisma/runtime/library.js(31,339): error TS7006: Parameter 'e' implicitly has an 'any' type.
generated/prisma/runtime/library.js(31,447): error TS7006: Parameter 'e' implicitly has an 'any' type.
generated/prisma/runtime/library.js(31,494): error TS7006: Parameter 'r' implicitly has an 'any' type.
generated/prisma/runtime/library.js(31,535): error TS7006: Parameter 'r' implicitly has an 'any' type.
generated/prisma/runtime/library.js(31,594): error TS7006: Parameter 'r' implicitly has an 'any' type.
generated/prisma/runtime/library.js(31,628): error TS7006: Parameter 'r' implicitly has an 'any' type.
generated/prisma/runtime/library.js(31,917): error TS7008: Member 'items' implicitly has an 'any[]' type.
generated/prisma/runtime/library.js(31,934): error TS7006: Parameter 'r' implicitly has an 'any' type.
generated/prisma/runtime/library.js(31,985): error TS7006: Parameter 'r' implicitly has an 'any' type.
generated/prisma/runtime/library.js(31,1120): error TS7006: Parameter 'r' implicitly has an 'any' type.
generated/prisma/runtime/library.js(31,1209): error TS7006: Parameter 'r' implicitly has an 'any' type.
generated/prisma/runtime/library.js(31,1317): error TS7006: Parameter 'r' implicitly has an 'any' type.
generated/prisma/runtime/library.js(31,1571): error TS7008: Member 'suggestions' implicitly has an 'any[]' type.
generated/prisma/runtime/library.js(31,1595): error TS7006: Parameter 'r' implicitly has an 'any' type.
generated/prisma/runtime/library.js(31,1598): error TS7053: Element implicitly has an 'any' type because expression of type 'any' can't be used to index type '{}'.
generated/prisma/runtime/library.js(31,1634): error TS7006: Parameter 'r' implicitly has an 'any' type.
generated/prisma/runtime/library.js(31,1671): error TS7006: Parameter 'r' implicitly has an 'any' type.
generated/prisma/runtime/library.js(31,1681): error TS7053: Element implicitly has an 'any' type because expression of type 'any' can't be used to index type '{}'.
generated/prisma/runtime/library.js(31,1709): error TS7006: Parameter 'r' implicitly has an 'any' type.
generated/prisma/runtime/library.js(31,1930): error TS7006: Parameter 'r' implicitly has an 'any' type.
generated/prisma/runtime/library.js(31,1995): error TS7006: Parameter 'r' implicitly has an 'any' type.
generated/prisma/runtime/library.js(31,2068): error TS7006: Parameter 'r' implicitly has an 'any' type.
generated/prisma/runtime/library.js(31,2078): error TS7053: Element implicitly has an 'any' type because expression of type 'any' can't be used to index type '{}'.
generated/prisma/runtime/library.js(31,2191): error TS7006: Parameter 'r' implicitly has an 'any' type.
generated/prisma/runtime/library.js(31,2250): error TS7006: Parameter 'r' implicitly has an 'any' type.
generated/prisma/runtime/library.js(31,2389): error TS7006: Parameter 'r' implicitly has an 'any' type.
generated/prisma/runtime/library.js(31,2789): error TS7006: Parameter 'r' implicitly has an 'any' type.
generated/prisma/runtime/library.js(31,2967): error TS7006: Parameter 'r' implicitly has an 'any' type.
generated/prisma/runtime/library.js(31,3137): error TS7006: Parameter 'r' implicitly has an 'any' type.
generated/prisma/runtime/library.js(31,3248): error TS7006: Parameter 'r' implicitly has an 'any' type.
generated/prisma/runtime/library.js(31,3250): error TS7006: Parameter 't' implicitly has an 'any' type.
generated/prisma/runtime/library.js(31,3502): error TS7006: Parameter 't' implicitly has an 'any' type.
generated/prisma/runtime/library.js(31,3571): error TS7006: Parameter 't' implicitly has an 'any' type.
generated/prisma/runtime/library.js(31,3696): error TS7008: Member 'fields' implicitly has an 'any[]' type.
generated/prisma/runtime/library.js(31,3715): error TS7006: Parameter 'r' implicitly has an 'any' type.
generated/prisma/runtime/library.js(31,3717): error TS7006: Parameter 't' implicitly has an 'any' type.
generated/prisma/runtime/library.js(31,3751): error TS7006: Parameter 'n' implicitly has an 'any' type.
generated/prisma/runtime/library.js(31,3859): error TS7006: Parameter 'r' implicitly has an 'any' type.
generated/prisma/runtime/library.js(31,4024): error TS7006: Parameter 'e' implicitly has an 'any' type.
generated/prisma/runtime/library.js(31,4026): error TS7006: Parameter 'r' implicitly has an 'any' type.
generated/prisma/runtime/library.js(31,4028): error TS7006: Parameter 't' implicitly has an 'any' type.
generated/prisma/runtime/library.js(31,4650): error TS7006: Parameter 'e' implicitly has an 'any' type.
generated/prisma/runtime/library.js(31,4652): error TS7006: Parameter 'r' implicitly has an 'any' type.
generated/prisma/runtime/library.js(31,4831): error TS7006: Parameter 'n' implicitly has an 'any' type.
generated/prisma/runtime/library.js(31,4996): error TS7006: Parameter 'e' implicitly has an 'any' type.
generated/prisma/runtime/library.js(31,4998): error TS7006: Parameter 'r' implicitly has an 'any' type.
generated/prisma/runtime/library.js(31,5224): error TS7006: Parameter 's' implicitly has an 'any' type.
generated/prisma/runtime/library.js(32,89): error TS7006: Parameter 'e' implicitly has an 'any' type.
generated/prisma/runtime/library.js(32,91): error TS7006: Parameter 'r' implicitly has an 'any' type.
generated/prisma/runtime/library.js(32,93): error TS7006: Parameter 't' implicitly has an 'any' type.
generated/prisma/runtime/library.js(32,422): error TS7006: Parameter 'e' implicitly has an 'any' type.
generated/prisma/runtime/library.js(32,424): error TS7006: Parameter 'r' implicitly has an 'any' type.
generated/prisma/runtime/library.js(32,426): error TS7006: Parameter 't' implicitly has an 'any' type.
generated/prisma/runtime/library.js(32,540): error TS7006: Parameter 'n' implicitly has an 'any' type.
generated/prisma/runtime/library.js(32,703): error TS7006: Parameter 'e' implicitly has an 'any' type.
generated/prisma/runtime/library.js(32,705): error TS7006: Parameter 'r' implicitly has an 'any' type.
generated/prisma/runtime/library.js(32,858): error TS7006: Parameter 'o' implicitly has an 'any' type.
generated/prisma/runtime/library.js(32,1078): error TS7006: Parameter 'e' implicitly has an 'any' type.
generated/prisma/runtime/library.js(32,1080): error TS7006: Parameter 'r' implicitly has an 'any' type.
generated/prisma/runtime/library.js(32,1460): error TS7006: Parameter 'i' implicitly has an 'any' type.
generated/prisma/runtime/library.js(32,1634): error TS7006: Parameter 'e' implicitly has an 'any' type.
generated/prisma/runtime/library.js(32,1636): error TS7006: Parameter 'r' implicitly has an 'any' type.
generated/prisma/runtime/library.js(32,1886): error TS7006: Parameter 'n' implicitly has an 'any' type.
generated/prisma/runtime/library.js(32,2124): error TS7006: Parameter 'e' implicitly has an 'any' type.
generated/prisma/runtime/library.js(32,2126): error TS7006: Parameter 'r' implicitly has an 'any' type.
generated/prisma/runtime/library.js(32,2229): error TS7006: Parameter 'n' implicitly has an 'any' type.
generated/prisma/runtime/library.js(32,2329): error TS7006: Parameter 'e' implicitly has an 'any' type.
generated/prisma/runtime/library.js(32,2331): error TS7006: Parameter 'r' implicitly has an 'any' type.
generated/prisma/runtime/library.js(32,2496): error TS7006: Parameter 'i' implicitly has an 'any' type.
generated/prisma/runtime/library.js(32,2522): error TS7006: Parameter 'o' implicitly has an 'any' type.
generated/prisma/runtime/library.js(32,2547): error TS7006: Parameter 'e' implicitly has an 'any' type.
generated/prisma/runtime/library.js(32,2549): error TS7006: Parameter 'r' implicitly has an 'any' type.
generated/prisma/runtime/library.js(32,2780): error TS7006: Parameter 'o' implicitly has an 'any' type.
generated/prisma/runtime/library.js(32,2813): error TS7006: Parameter 's' implicitly has an 'any' type.
generated/prisma/runtime/library.js(32,2838): error TS7006: Parameter 'e' implicitly has an 'any' type.
generated/prisma/runtime/library.js(32,2840): error TS7006: Parameter 'r' implicitly has an 'any' type.
generated/prisma/runtime/library.js(32,2842): error TS7006: Parameter 't' implicitly has an 'any' type.
generated/prisma/runtime/library.js(32,3001): error TS7006: Parameter 'e' implicitly has an 'any' type.
generated/prisma/runtime/library.js(32,3003): error TS7006: Parameter 'r' implicitly has an 'any' type.
generated/prisma/runtime/library.js(32,3010): error TS7034: Variable 't' implicitly has type 'any' in some locations where its type cannot be determined.
generated/prisma/runtime/library.js(32,3030): error TS7006: Parameter 'l' implicitly has an 'any' type.
generated/prisma/runtime/library.js(32,3033): error TS7005: Variable 't' implicitly has an 'any' type.
generated/prisma/runtime/library.js(32,3789): error TS7006: Parameter 'u' implicitly has an 'any' type.
generated/prisma/runtime/library.js(32,3894): error TS7023: 'ca' implicitly has return type 'any' because it does not have a return type annotation and is referenced directly or indirectly in one of its return expressions.
generated/prisma/runtime/library.js(32,3897): error TS7006: Parameter 'e' implicitly has an 'any' type.
generated/prisma/runtime/library.js(32,3967): error TS7006: Parameter 'e' implicitly has an 'any' type.
generated/prisma/runtime/library.js(32,3969): error TS7006: Parameter 'r' implicitly has an 'any' type.
generated/prisma/runtime/library.js(32,4134): error TS7006: Parameter 'i' implicitly has an 'any' type.
generated/prisma/runtime/library.js(32,4177): error TS7006: Parameter 's' implicitly has an 'any' type.
generated/prisma/runtime/library.js(32,4316): error TS7006: Parameter 'e' implicitly has an 'any' type.
generated/prisma/runtime/library.js(32,4318): error TS7006: Parameter 'r' implicitly has an 'any' type.
generated/prisma/runtime/library.js(32,4483): error TS7006: Parameter 'i' implicitly has an 'any' type.
generated/prisma/runtime/library.js(32,4678): error TS7006: Parameter 'a' implicitly has an 'any' type.
generated/prisma/runtime/library.js(32,4752): error TS7006: Parameter 'e' implicitly has an 'any' type.
generated/prisma/runtime/library.js(32,4754): error TS7006: Parameter 'r' implicitly has an 'any' type.
generated/prisma/runtime/library.js(32,4847): error TS7034: Variable 'i' implicitly has type 'any' in some locations where its type cannot be determined.
generated/prisma/runtime/library.js(32,4961): error TS7006: Parameter 'o' implicitly has an 'any' type.
generated/prisma/runtime/library.js(32,5002): error TS7005: Variable 'i' implicitly has an 'any' type.
generated/prisma/runtime/library.js(32,5114): error TS7006: Parameter 'e' implicitly has an 'any' type.
generated/prisma/runtime/library.js(32,5116): error TS7006: Parameter 'r' implicitly has an 'any' type.
generated/prisma/runtime/library.js(32,5332): error TS7006: Parameter 'i' implicitly has an 'any' type.
generated/prisma/runtime/library.js(32,5563): error TS7006: Parameter 's' implicitly has an 'any' type.
generated/prisma/runtime/library.js(32,5763): error TS7006: Parameter 'e' implicitly has an 'any' type.
generated/prisma/runtime/library.js(32,5765): error TS7006: Parameter 'r' implicitly has an 'any' type.
generated/prisma/runtime/library.js(32,5882): error TS7034: Variable 'i' implicitly has type 'any[]' in some locations where its type cannot be determined.
generated/prisma/runtime/library.js(32,6015): error TS7006: Parameter 'o' implicitly has an 'any' type.
generated/prisma/runtime/library.js(32,6401): error TS7005: Variable 'i' implicitly has an 'any[]' type.
generated/prisma/runtime/library.js(32,6554): error TS7006: Parameter 'e' implicitly has an 'any' type.
generated/prisma/runtime/library.js(32,6556): error TS7006: Parameter 'r' implicitly has an 'any' type.
generated/prisma/runtime/library.js(32,6652): error TS7006: Parameter 'e' implicitly has an 'any' type.
generated/prisma/runtime/library.js(32,6654): error TS7006: Parameter 'r' implicitly has an 'any' type.
generated/prisma/runtime/library.js(32,6765): error TS7006: Parameter 'e' implicitly has an 'any' type.
generated/prisma/runtime/library.js(32,6767): error TS7006: Parameter 'r' implicitly has an 'any' type.
generated/prisma/runtime/library.js(32,6879): error TS7006: Parameter 'e' implicitly has an 'any' type.
generated/prisma/runtime/library.js(32,6881): error TS7006: Parameter 'r' implicitly has an 'any' type.
generated/prisma/runtime/library.js(32,6987): error TS7006: Parameter 'e' implicitly has an 'any' type.
generated/prisma/runtime/library.js(32,6989): error TS7006: Parameter 'r' implicitly has an 'any' type.
generated/prisma/runtime/library.js(32,7507): error TS7006: Parameter 'e' implicitly has an 'any' type.
generated/prisma/runtime/library.js(32,7509): error TS7006: Parameter 'r' implicitly has an 'any' type.
generated/prisma/runtime/library.js(32,7643): error TS7006: Parameter 'e' implicitly has an 'any' type.
generated/prisma/runtime/library.js(32,7747): error TS7031: Binding element 'e' implicitly has an 'any' type.
generated/prisma/runtime/library.js(32,7757): error TS7031: Binding element 'r' implicitly has an 'any' type.
generated/prisma/runtime/library.js(32,7854): error TS7006: Parameter 'e' implicitly has an 'any' type.
generated/prisma/runtime/library.js(32,7856): error TS7006: Parameter 'r' implicitly has an 'any' type.
generated/prisma/runtime/library.js(32,7965): error TS7006: Parameter 'e' implicitly has an 'any' type.
generated/prisma/runtime/library.js(32,7967): error TS7006: Parameter 'r' implicitly has an 'any' type.
generated/prisma/runtime/library.js(32,8117): error TS7006: Parameter 'r' implicitly has an 'any' type.
generated/prisma/runtime/library.js(32,8119): error TS7006: Parameter 't' implicitly has an 'any' type.
generated/prisma/runtime/library.js(32,8121): error TS7006: Parameter 'n' implicitly has an 'any' type.
generated/prisma/runtime/library.js(32,8123): error TS7006: Parameter 'i' implicitly has an 'any' type.
generated/prisma/runtime/library.js(32,8125): error TS7006: Parameter 'o' implicitly has an 'any' type.
generated/prisma/runtime/library.js(32,8354): error TS7006: Parameter 'e' implicitly has an 'any' type.
generated/prisma/runtime/library.js(32,8432): error TS7006: Parameter 'r' implicitly has an 'any' type.
generated/prisma/runtime/library.js(32,8514): error TS2339: Property '_getNamespace' does not exist on type 'Me'.
generated/prisma/runtime/library.js(32,8703): error TS7008: Member '#e' implicitly has an 'any' type.
generated/prisma/runtime/library.js(32,8747): error TS7008: Member '#e' implicitly has an 'any' type.
generated/prisma/runtime/library.js(32,8793): error TS7008: Member '#e' implicitly has an 'any' type.
generated/prisma/runtime/library.js(32,8947): error TS7006: Parameter 'e' implicitly has an 'any' type.
generated/prisma/runtime/library.js(32,8949): error TS7006: Parameter 'r' implicitly has an 'any' type.
generated/prisma/runtime/library.js(32,9043): error TS7006: Parameter 'r' implicitly has an 'any' type.
generated/prisma/runtime/library.js(32,9045): error TS7006: Parameter 't' implicitly has an 'any' type.
generated/prisma/runtime/library.js(32,9199): error TS7006: Parameter 'r' implicitly has an 'any' type.
generated/prisma/runtime/library.js(32,9350): error TS7008: Member 'errorMessages' implicitly has an 'any[]' type.
generated/prisma/runtime/library.js(32,9379): error TS7006: Parameter 'r' implicitly has an 'any' type.
generated/prisma/runtime/library.js(32,9405): error TS7006: Parameter 'r' implicitly has an 'any' type.
generated/prisma/runtime/library.js(32,9448): error TS7006: Parameter 'r' implicitly has an 'any' type.
generated/prisma/runtime/library.js(32,9496): error TS7006: Parameter 'r' implicitly has an 'any' type.
generated/prisma/runtime/library.js(33,18): error TS7006: Parameter 'e' implicitly has an 'any' type.
generated/prisma/runtime/library.js(33,54): error TS7006: Parameter 'e' implicitly has an 'any' type.
generated/prisma/runtime/library.js(33,161): error TS7006: Parameter 'e' implicitly has an 'any' type.
generated/prisma/runtime/library.js(33,910): error TS7006: Parameter 'e' implicitly has an 'any' type.
generated/prisma/runtime/library.js(33,979): error TS7006: Parameter 'e' implicitly has an 'any' type.
generated/prisma/runtime/library.js(33,981): error TS7006: Parameter 'r' implicitly has an 'any' type.
generated/prisma/runtime/library.js(33,1120): error TS7031: Binding element 'e' implicitly has an 'any' type.
generated/prisma/runtime/library.js(33,1129): error TS7031: Binding element 'r' implicitly has an 'any' type.
generated/prisma/runtime/library.js(33,1143): error TS7031: Binding element 't' implicitly has an 'any' type.
generated/prisma/runtime/library.js(33,1154): error TS7031: Binding element 'n' implicitly has an 'any' type.
generated/prisma/runtime/library.js(33,1171): error TS7031: Binding element 'i' implicitly has an 'any' type.
generated/prisma/runtime/library.js(33,1187): error TS7031: Binding element 'o' implicitly has an 'any' type.
generated/prisma/runtime/library.js(33,1200): error TS7031: Binding element 's' implicitly has an 'any' type.
generated/prisma/runtime/library.js(33,1402): error TS7006: Parameter 'e' implicitly has an 'any' type.
generated/prisma/runtime/library.js(33,1427): error TS7006: Parameter 'r' implicitly has an 'any' type.
generated/prisma/runtime/library.js(33,1459): error TS7006: Parameter 'e' implicitly has an 'any' type.
generated/prisma/runtime/library.js(33,1461): error TS7006: Parameter 'r' implicitly has an 'any' type.
generated/prisma/runtime/library.js(33,1463): error TS7006: Parameter 't' implicitly has an 'any' type.
generated/prisma/runtime/library.js(33,1620): error TS7006: Parameter 'e' implicitly has an 'any' type.
generated/prisma/runtime/library.js(33,1639): error TS7006: Parameter 'n' implicitly has an 'any' type.
generated/prisma/runtime/library.js(33,1641): error TS7006: Parameter 'i' implicitly has an 'any' type.
generated/prisma/runtime/library.js(33,1712): error TS7006: Parameter 'o' implicitly has an 'any' type.
generated/prisma/runtime/library.js(33,1741): error TS7006: Parameter 'n' implicitly has an 'any' type.
generated/prisma/runtime/library.js(33,1790): error TS7006: Parameter 'e' implicitly has an 'any' type.
generated/prisma/runtime/library.js(33,1792): error TS7006: Parameter 'r' implicitly has an 'any' type.
generated/prisma/runtime/library.js(33,1794): error TS7006: Parameter 't' implicitly has an 'any' type.
generated/prisma/runtime/library.js(33,1819): error TS7031: Binding element 'n' implicitly has an 'any' type.
generated/prisma/runtime/library.js(33,1829): error TS7031: Binding element 'i' implicitly has an 'any' type.
generated/prisma/runtime/library.js(33,1832): error TS7006: Parameter 'o' implicitly has an 'any' type.
generated/prisma/runtime/library.js(33,1923): error TS7006: Parameter 'e' implicitly has an 'any' type.
generated/prisma/runtime/library.js(33,1925): error TS7006: Parameter 'r' implicitly has an 'any' type.
generated/prisma/runtime/library.js(33,1927): error TS7006: Parameter 't' implicitly has an 'any' type.
generated/prisma/runtime/library.js(33,1961): error TS7006: Parameter 'i' implicitly has an 'any' type.
generated/prisma/runtime/library.js(33,1997): error TS7006: Parameter 'e' implicitly has an 'any' type.
generated/prisma/runtime/library.js(33,1999): error TS7006: Parameter 'r' implicitly has an 'any' type.
generated/prisma/runtime/library.js(33,2123): error TS7006: Parameter 'e' implicitly has an 'any' type.
generated/prisma/runtime/library.js(33,2125): error TS7006: Parameter 'r' implicitly has an 'any' type.
generated/prisma/runtime/library.js(33,2267): error TS7006: Parameter 'r' implicitly has an 'any' type.
generated/prisma/runtime/library.js(33,2269): error TS7006: Parameter 't' implicitly has an 'any' type.
generated/prisma/runtime/library.js(33,2707): error TS7006: Parameter 'r' implicitly has an 'any' type.
generated/prisma/runtime/library.js(33,2903): error TS7006: Parameter 'r' implicitly has an 'any' type.
generated/prisma/runtime/library.js(33,3229): error TS7006: Parameter 'r' implicitly has an 'any' type.
generated/prisma/runtime/library.js(33,3231): error TS7006: Parameter 't' implicitly has an 'any' type.
generated/prisma/runtime/library.js(33,3885): error TS7006: Parameter 'r' implicitly has an 'any' type.
generated/prisma/runtime/library.js(33,3942): error TS7006: Parameter 'r' implicitly has an 'any' type.
generated/prisma/runtime/library.js(33,4012): error TS7006: Parameter 'r' implicitly has an 'any' type.
generated/prisma/runtime/library.js(33,4070): error TS7006: Parameter 'r' implicitly has an 'any' type.
generated/prisma/runtime/library.js(33,4205): error TS7006: Parameter 'r' implicitly has an 'any' type.
generated/prisma/runtime/library.js(33,4272): error TS7006: Parameter 'r' implicitly has an 'any' type.
generated/prisma/runtime/library.js(33,4274): error TS7006: Parameter 't' implicitly has an 'any' type.
generated/prisma/runtime/library.js(33,4430): error TS7006: Parameter 'r' implicitly has an 'any' type.
generated/prisma/runtime/library.js(33,4459): error TS7006: Parameter 'e' implicitly has an 'any' type.
generated/prisma/runtime/library.js(33,4497): error TS7006: Parameter 'e' implicitly has an 'any' type.
generated/prisma/runtime/library.js(33,4554): error TS7006: Parameter 'r' implicitly has an 'any' type.
generated/prisma/runtime/library.js(33,4644): error TS7006: Parameter 'r' implicitly has an 'any' type.
generated/prisma/runtime/library.js(33,4698): error TS7006: Parameter 'e' implicitly has an 'any' type.
generated/prisma/runtime/library.js(33,5357): error TS7031: Binding element 'e' implicitly has an 'any' type.
generated/prisma/runtime/library.js(33,5366): error TS7031: Binding element 'r' implicitly has an 'any' type.
generated/prisma/runtime/library.js(33,5373): error TS7031: Binding element 't' implicitly has an 'any' type.
generated/prisma/runtime/library.js(33,5392): error TS7031: Binding element 'n' implicitly has an 'any' type.
generated/prisma/runtime/library.js(33,5427): error TS7031: Binding element 'o' implicitly has an 'any' type.
generated/prisma/runtime/library.js(33,5442): error TS7031: Binding element 's' implicitly has an 'any' type.
generated/prisma/runtime/library.js(33,5456): error TS7031: Binding element 'a' implicitly has an 'any' type.
generated/prisma/runtime/library.js(33,5472): error TS7031: Binding element 'l' implicitly has an 'any' type.
generated/prisma/runtime/library.js(33,5490): error TS7031: Binding element 'u' implicitly has an 'any' type.
generated/prisma/runtime/library.js(33,5503): error TS7031: Binding element 'c' implicitly has an 'any' type.
generated/prisma/runtime/library.js(33,5735): error TS7053: Element implicitly has an 'any' type because expression of type 'any' can't be used to index type '{ findUnique: string; findUniqueOrThrow: string; findFirst: string; findFirstOrThrow: string; findMany: string; count: string; create: string; createMany: string; createManyAndReturn: string; ... 12 more ...; aggregateRaw: string; }'.
generated/prisma/runtime/library.js(33,5769): error TS2339: Property 'select' does not exist on type '{}'.
generated/prisma/runtime/library.js(33,5778): error TS2339: Property 'include' does not exist on type '{}'.
generated/prisma/runtime/library.js(33,5797): error TS7006: Parameter 'n' implicitly has an 'any' type.
generated/prisma/runtime/library.js(33,5808): error TS2339: Property 'omit' does not exist on type '{}'.
generated/prisma/runtime/library.js(33,5829): error TS2339: Property 'omit' does not exist on type '{}'.
generated/prisma/runtime/library.js(33,5888): error TS7006: Parameter 'e' implicitly has an 'any' type.
generated/prisma/runtime/library.js(33,5890): error TS7006: Parameter 'r' implicitly has an 'any' type.
generated/prisma/runtime/library.js(33,5892): error TS7006: Parameter 't' implicitly has an 'any' type.
generated/prisma/runtime/library.js(33,5894): error TS7006: Parameter 'n' implicitly has an 'any' type.
generated/prisma/runtime/library.js(33,6208): error TS7006: Parameter 'e' implicitly has an 'any' type.
generated/prisma/runtime/library.js(33,6210): error TS7006: Parameter 'r' implicitly has an 'any' type.
generated/prisma/runtime/library.js(33,6212): error TS7006: Parameter 't' implicitly has an 'any' type.
generated/prisma/runtime/library.js(33,6334): error TS7006: Parameter 'e' implicitly has an 'any' type.
generated/prisma/runtime/library.js(33,6336): error TS7006: Parameter 'r' implicitly has an 'any' type.
generated/prisma/runtime/library.js(33,6338): error TS7006: Parameter 't' implicitly has an 'any' type.
generated/prisma/runtime/library.js(33,6735): error TS7006: Parameter 'e' implicitly has an 'any' type.
generated/prisma/runtime/library.js(33,6737): error TS7006: Parameter 'r' implicitly has an 'any' type.
generated/prisma/runtime/library.js(33,6739): error TS7006: Parameter 't' implicitly has an 'any' type.
generated/prisma/runtime/library.js(33,6943): error TS7006: Parameter 'e' implicitly has an 'any' type.
generated/prisma/runtime/library.js(33,6945): error TS7006: Parameter 'r' implicitly has an 'any' type.
generated/prisma/runtime/library.js(33,7145): error TS7053: Element implicitly has an 'any' type because expression of type 'string' can't be used to index type '{}'.
  No index signature with a parameter of type 'string' was found on type '{}'.
generated/prisma/runtime/library.js(33,7192): error TS7053: Element implicitly has an 'any' type because expression of type 'string' can't be used to index type '{}'.
  No index signature with a parameter of type 'string' was found on type '{}'.
generated/prisma/runtime/library.js(33,7206): error TS7053: Element implicitly has an 'any' type because expression of type 'string' can't be used to index type '{}'.
  No index signature with a parameter of type 'string' was found on type '{}'.
generated/prisma/runtime/library.js(33,7223): error TS7053: Element implicitly has an 'any' type because expression of type 'string' can't be used to index type '{}'.
  No index signature with a parameter of type 'string' was found on type '{}'.
generated/prisma/runtime/library.js(33,7255): error TS7023: 'Sa' implicitly has return type 'any' because it does not have a return type annotation and is referenced directly or indirectly in one of its return expressions.
generated/prisma/runtime/library.js(33,7258): error TS7006: Parameter 'e' implicitly has an 'any' type.
generated/prisma/runtime/library.js(33,7260): error TS7006: Parameter 'r' implicitly has an 'any' type.
generated/prisma/runtime/library.js(33,8106): error TS7053: Element implicitly has an 'any' type because expression of type 'string' can't be used to index type '{ DbNull: gt; JsonNull: ht; AnyNull: yt; }'.
  No index signature with a parameter of type 'string' was found on type '{ DbNull: gt; JsonNull: ht; AnyNull: yt; }'.
generated/prisma/runtime/library.js(33,8617): error TS7006: Parameter 'e' implicitly has an 'any' type.
generated/prisma/runtime/library.js(33,8619): error TS7006: Parameter 'r' implicitly has an 'any' type.
generated/prisma/runtime/library.js(33,8736): error TS7053: Element implicitly has an 'any' type because expression of type 'string' can't be used to index type '{}'.
  No index signature with a parameter of type 'string' was found on type '{}'.
generated/prisma/runtime/library.js(33,9005): error TS7023: 'nm' implicitly has return type 'any' because it does not have a return type annotation and is referenced directly or indirectly in one of its return expressions.
generated/prisma/runtime/library.js(33,9008): error TS7006: Parameter 'e' implicitly has an 'any' type.
generated/prisma/runtime/library.js(33,9010): error TS7006: Parameter 'r' implicitly has an 'any' type.
generated/prisma/runtime/library.js(33,9475): error TS7006: Parameter 'e' implicitly has an 'any' type.
generated/prisma/runtime/library.js(33,9558): error TS7006: Parameter 'e' implicitly has an 'any' type.
generated/prisma/runtime/library.js(33,9638): error TS7006: Parameter 'e' implicitly has an 'any' type.
generated/prisma/runtime/library.js(33,9640): error TS7006: Parameter 'r' implicitly has an 'any' type.
generated/prisma/runtime/library.js(33,9838): error TS7006: Parameter 'r' implicitly has an 'any' type.
generated/prisma/runtime/library.js(33,10048): error TS7006: Parameter 'r' implicitly has an 'any' type.
generated/prisma/runtime/library.js(33,10611): error TS7006: Parameter 'r' implicitly has an 'any' type.
generated/prisma/runtime/library.js(33,10815): error TS7006: Parameter 'r' implicitly has an 'any' type.
generated/prisma/runtime/library.js(33,10994): error TS7006: Parameter 'r' implicitly has an 'any' type.
generated/prisma/runtime/library.js(33,11034): error TS7006: Parameter 't' implicitly has an 'any' type.
generated/prisma/runtime/library.js(33,11063): error TS7006: Parameter 'r' implicitly has an 'any' type.
generated/prisma/runtime/library.js(33,11860): error TS7006: Parameter 'r' implicitly has an 'any' type.
generated/prisma/runtime/library.js(33,11956): error TS7006: Parameter 'e' implicitly has an 'any' type.
generated/prisma/runtime/library.js(33,12146): error TS7006: Parameter 'r' implicitly has an 'any' type.
generated/prisma/runtime/library.js(33,12175): error TS7006: Parameter 'r' implicitly has an 'any' type.
generated/prisma/runtime/library.js(33,12264): error TS7006: Parameter 'r' implicitly has an 'any' type.
generated/prisma/runtime/library.js(33,12356): error TS7006: Parameter 'e' implicitly has an 'any' type.
generated/prisma/runtime/library.js(33,12358): error TS7006: Parameter 'r' implicitly has an 'any' type.
generated/prisma/runtime/library.js(33,12443): error TS7006: Parameter 'e' implicitly has an 'any' type.
generated/prisma/runtime/library.js(33,12534): error TS7006: Parameter 'e' implicitly has an 'any' type.
generated/prisma/runtime/library.js(33,12654): error TS7006: Parameter 'r' implicitly has an 'any' type.
generated/prisma/runtime/library.js(33,12656): error TS7006: Parameter 't' implicitly has an 'any' type.
generated/prisma/runtime/library.js(33,12819): error TS7006: Parameter 'e' implicitly has an 'any' type.
generated/prisma/runtime/library.js(33,12829): error TS7019: Rest parameter 'r' implicitly has an 'any[]' type.
generated/prisma/runtime/library.js(33,12860): error TS7006: Parameter 'e' implicitly has an 'any' type.
generated/prisma/runtime/library.js(33,13045): error TS7006: Parameter 'r' implicitly has an 'any' type.
generated/prisma/runtime/library.js(33,13047): error TS7006: Parameter 't' implicitly has an 'any' type.
generated/prisma/runtime/library.js(33,13229): error TS7006: Parameter 's' implicitly has an 'any' type.
generated/prisma/runtime/library.js(33,13231): error TS7006: Parameter 'a' implicitly has an 'any' type.
generated/prisma/runtime/library.js(33,14033): error TS7006: Parameter 'e' implicitly has an 'any' type.
generated/prisma/runtime/library.js(33,14247): error TS7006: Parameter 'e' implicitly has an 'any' type.
generated/prisma/runtime/library.js(33,14298): error TS7006: Parameter 'e' implicitly has an 'any' type.
generated/prisma/runtime/library.js(33,14300): error TS7019: Rest parameter 'r' implicitly has an 'any[]' type.
generated/prisma/runtime/library.js(33,14337): error TS7006: Parameter 'e' implicitly has an 'any' type.
generated/prisma/runtime/library.js(33,14397): error TS7006: Parameter 'r' implicitly has an 'any' type.
generated/prisma/runtime/library.js(33,14426): error TS7006: Parameter 'e' implicitly has an 'any' type.
generated/prisma/runtime/library.js(33,14428): error TS7006: Parameter 'r' implicitly has an 'any' type.
generated/prisma/runtime/library.js(33,14503): error TS7006: Parameter 'e' implicitly has an 'any' type.
generated/prisma/runtime/library.js(33,14573): error TS7006: Parameter 't' implicitly has an 'any' type.
generated/prisma/runtime/library.js(33,14649): error TS7006: Parameter 't' implicitly has an 'any' type.
generated/prisma/runtime/library.js(33,14753): error TS7006: Parameter 'e' implicitly has an 'any' type.
generated/prisma/runtime/library.js(33,14853): error TS7006: Parameter 't' implicitly has an 'any' type.
generated/prisma/runtime/library.js(33,14855): error TS7006: Parameter 'n' implicitly has an 'any' type.
generated/prisma/runtime/library.js(33,14873): error TS7006: Parameter 't' implicitly has an 'any' type.
generated/prisma/runtime/library.js(33,14875): error TS7006: Parameter 'n' implicitly has an 'any' type.
generated/prisma/runtime/library.js(33,14877): error TS7006: Parameter 'i' implicitly has an 'any' type.
generated/prisma/runtime/library.js(33,14990): error TS7006: Parameter 'e' implicitly has an 'any' type.
generated/prisma/runtime/library.js(33,14992): error TS7006: Parameter 'r' implicitly has an 'any' type.
generated/prisma/runtime/library.js(33,15799): error TS7006: Parameter 'e' implicitly has an 'any' type.
generated/prisma/runtime/library.js(33,15897): error TS7006: Parameter 'e' implicitly has an 'any' type.
generated/prisma/runtime/library.js(33,15899): error TS7006: Parameter 'r' implicitly has an 'any' type.
generated/prisma/runtime/library.js(33,15918): error TS7006: Parameter 't' implicitly has an 'any' type.
generated/prisma/runtime/library.js(33,15957): error TS7006: Parameter 'e' implicitly has an 'any' type.
generated/prisma/runtime/library.js(33,16037): error TS7006: Parameter 'e' implicitly has an 'any' type.
generated/prisma/runtime/library.js(33,16039): error TS7006: Parameter 'r' implicitly has an 'any' type.
generated/prisma/runtime/library.js(33,16149): error TS7006: Parameter 'e' implicitly has an 'any' type.
generated/prisma/runtime/library.js(33,16270): error TS7031: Binding element 'e' implicitly has an 'any' type.
generated/prisma/runtime/library.js(33,16290): error TS7031: Binding element 'r' implicitly has an 'any' type.
generated/prisma/runtime/library.js(33,16293): error TS7006: Parameter 't' implicitly has an 'any' type.
generated/prisma/runtime/library.js(33,16295): error TS7006: Parameter 'n' implicitly has an 'any' type.
generated/prisma/runtime/library.js(33,16492): error TS7006: Parameter 'e' implicitly has an 'any' type.
generated/prisma/runtime/library.js(33,16494): error TS7006: Parameter 'r' implicitly has an 'any' type.
generated/prisma/runtime/library.js(34,150): error TS7006: Parameter 'e' implicitly has an 'any' type.
generated/prisma/runtime/library.js(35,29): error TS7006: Parameter 't' implicitly has an 'any' type.
generated/prisma/runtime/library.js(35,31): error TS7006: Parameter 'n' implicitly has an 'any' type.
generated/prisma/runtime/library.js(35,299): error TS7006: Parameter 'e' implicitly has an 'any' type.
generated/prisma/runtime/library.js(35,419): error TS2345: Argument of type 'string | undefined' is not assignable to parameter of type 'string'.
  Type 'undefined' is not assignable to type 'string'.
generated/prisma/runtime/library.js(35,445): error TS2322: Type 'string | undefined' is not assignable to type 'string'.
  Type 'undefined' is not assignable to type 'string'.
generated/prisma/runtime/library.js(35,455): error TS2322: Type 'string | undefined' is not assignable to type 'string'.
  Type 'undefined' is not assignable to type 'string'.
generated/prisma/runtime/library.js(35,465): error TS2322: Type 'string | undefined' is not assignable to type 'string'.
  Type 'undefined' is not assignable to type 'string'.
generated/prisma/runtime/library.js(35,722): error TS7006: Parameter 'e' implicitly has an 'any' type.
generated/prisma/runtime/library.js(35,807): error TS2532: Object is possibly 'undefined'.
generated/prisma/runtime/library.js(35,1045): error TS7006: Parameter 'e' implicitly has an 'any' type.
generated/prisma/runtime/library.js(35,1132): error TS2345: Argument of type 'string | undefined' is not assignable to parameter of type 'string'.
  Type 'undefined' is not assignable to type 'string'.
generated/prisma/runtime/library.js(35,1158): error TS2322: Type 'string | undefined' is not assignable to type 'string'.
  Type 'undefined' is not assignable to type 'string'.
generated/prisma/runtime/library.js(35,1168): error TS2322: Type 'string | undefined' is not assignable to type 'string'.
  Type 'undefined' is not assignable to type 'string'.
generated/prisma/runtime/library.js(35,1178): error TS2322: Type 'null' is not assignable to type 'string'.
generated/prisma/runtime/library.js(35,1387): error TS7006: Parameter 'e' implicitly has an 'any' type.
generated/prisma/runtime/library.js(35,1472): error TS2532: Object is possibly 'undefined'.
generated/prisma/runtime/library.js(35,1621): error TS7006: Parameter 'e' implicitly has an 'any' type.
generated/prisma/runtime/library.js(35,1706): error TS2532: Object is possibly 'undefined'.
generated/prisma/runtime/library.js(35,1906): error TS7006: Parameter 'i' implicitly has an 'any' type.
generated/prisma/runtime/library.js(35,2453): error TS7006: Parameter 'e' implicitly has an 'any' type.
generated/prisma/runtime/library.js(35,2484): error TS2304: Cannot find name '$EnabledCallSite'.
generated/prisma/runtime/library.js(35,2532): error TS2304: Cannot find name '$EnabledCallSite'.
generated/prisma/runtime/library.js(35,2688): error TS7053: Element implicitly has an 'any' type because expression of type 'string' can't be used to index type '{ _avg: boolean; _count: boolean; _sum: boolean; _min: boolean; _max: boolean; }'.
  No index signature with a parameter of type 'string' was found on type '{ _avg: boolean; _count: boolean; _sum: boolean; _min: boolean; _max: boolean; }'.
generated/prisma/runtime/library.js(35,2703): error TS7053: Element implicitly has an 'any' type because expression of type 'string' can't be used to index type '{}'.
  No index signature with a parameter of type 'string' was found on type '{}'.
generated/prisma/runtime/library.js(35,2726): error TS7053: Element implicitly has an 'any' type because expression of type 'string' can't be used to index type '{ select: {}; }'.
  No index signature with a parameter of type 'string' was found on type '{ select: {}; }'.
generated/prisma/runtime/library.js(35,2783): error TS2339: Property '_count' does not exist on type '{}'.
generated/prisma/runtime/library.js(35,2822): error TS2339: Property '_count' does not exist on type '{}'.
generated/prisma/runtime/library.js(35,2858): error TS7006: Parameter 'r' implicitly has an 'any' type.
generated/prisma/runtime/library.js(35,2871): error TS2339: Property '_count' does not exist on type '{}'.
generated/prisma/runtime/library.js(35,2930): error TS7006: Parameter 'e' implicitly has an 'any' type.
generated/prisma/runtime/library.js(35,2932): error TS7006: Parameter 'r' implicitly has an 'any' type.
generated/prisma/runtime/library.js(35,3028): error TS2339: Property 'select' does not exist on type '{}'.
generated/prisma/runtime/library.js(35,3153): error TS2339: Property 'select' does not exist on type '{}'.
generated/prisma/runtime/library.js(35,3170): error TS7006: Parameter 'r' implicitly has an 'any' type.
generated/prisma/runtime/library.js(35,3189): error TS7006: Parameter 'r' implicitly has an 'any' type.
generated/prisma/runtime/library.js(35,3225): error TS7006: Parameter 'e' implicitly has an 'any' type.
generated/prisma/runtime/library.js(35,3227): error TS7006: Parameter 'r' implicitly has an 'any' type.
generated/prisma/runtime/library.js(35,3338): error TS2339: Property 'by' does not exist on type '{ select: {}; }'.
generated/prisma/runtime/library.js(35,3357): error TS2339: Property 'by' does not exist on type '{ select: {}; }'.
generated/prisma/runtime/library.js(35,3381): error TS7053: Element implicitly has an 'any' type because expression of type 'string' can't be used to index type '{}'.
  No index signature with a parameter of type 'string' was found on type '{}'.
generated/prisma/runtime/library.js(35,3411): error TS2339: Property 'by' does not exist on type '{ select: {}; }'.
generated/prisma/runtime/library.js(35,3426): error TS7053: Element implicitly has an 'any' type because expression of type 'any' can't be used to index type '{}'.
generated/prisma/runtime/library.js(35,3437): error TS2339: Property 'by' does not exist on type '{ select: {}; }'.
generated/prisma/runtime/library.js(35,3479): error TS7006: Parameter 'r' implicitly has an 'any' type.
generated/prisma/runtime/library.js(35,3493): error TS2339: Property '_count' does not exist on type '{}'.
generated/prisma/runtime/library.js(35,3522): error TS7006: Parameter 't' implicitly has an 'any' type.
generated/prisma/runtime/library.js(35,3566): error TS7006: Parameter 'e' implicitly has an 'any' type.
generated/prisma/runtime/library.js(35,3568): error TS7006: Parameter 'r' implicitly has an 'any' type.
generated/prisma/runtime/library.js(35,3644): error TS7006: Parameter 'e' implicitly has an 'any' type.
generated/prisma/runtime/library.js(35,3646): error TS7006: Parameter 'r' implicitly has an 'any' type.
generated/prisma/runtime/library.js(35,3648): error TS7006: Parameter 't' implicitly has an 'any' type.
generated/prisma/runtime/library.js(35,3677): error TS7006: Parameter 'n' implicitly has an 'any' type.
generated/prisma/runtime/library.js(35,3710): error TS7006: Parameter 'n' implicitly has an 'any' type.
generated/prisma/runtime/library.js(35,3745): error TS7006: Parameter 'n' implicitly has an 'any' type.
generated/prisma/runtime/library.js(35,3768): error TS7006: Parameter 'e' implicitly has an 'any' type.
generated/prisma/runtime/library.js(35,3770): error TS7006: Parameter 'r' implicitly has an 'any' type.
generated/prisma/runtime/library.js(35,3795): error TS7006: Parameter 'i' implicitly has an 'any' type.
generated/prisma/runtime/library.js(35,3908): error TS7053: Element implicitly has an 'any' type because expression of type 'string' can't be used to index type '{}'.
  No index signature with a parameter of type 'string' was found on type '{}'.
generated/prisma/runtime/library.js(35,4001): error TS7006: Parameter 'e' implicitly has an 'any' type.
generated/prisma/runtime/library.js(35,4040): error TS7006: Parameter 'e' implicitly has an 'any' type.
generated/prisma/runtime/library.js(35,4042): error TS7006: Parameter 'r' implicitly has an 'any' type.
generated/prisma/runtime/library.js(35,4060): error TS7006: Parameter 't' implicitly has an 'any' type.
generated/prisma/runtime/library.js(35,4062): error TS7006: Parameter 'n' implicitly has an 'any' type.
generated/prisma/runtime/library.js(35,4081): error TS7006: Parameter 'e' implicitly has an 'any' type.
generated/prisma/runtime/library.js(35,4083): error TS7006: Parameter 'r' implicitly has an 'any' type.
generated/prisma/runtime/library.js(35,4085): error TS7006: Parameter 't' implicitly has an 'any' type.
generated/prisma/runtime/library.js(35,4108): error TS7006: Parameter 'n' implicitly has an 'any' type.
generated/prisma/runtime/library.js(35,4110): error TS7006: Parameter 'i' implicitly has an 'any' type.
generated/prisma/runtime/library.js(35,4112): error TS7006: Parameter 'o' implicitly has an 'any' type.
generated/prisma/runtime/library.js(35,4114): error TS7006: Parameter 's' implicitly has an 'any' type.
generated/prisma/runtime/library.js(35,4178): error TS7006: Parameter 'e' implicitly has an 'any' type.
generated/prisma/runtime/library.js(35,4180): error TS7006: Parameter 'r' implicitly has an 'any' type.
generated/prisma/runtime/library.js(35,4246): error TS7006: Parameter 'e' implicitly has an 'any' type.
generated/prisma/runtime/library.js(35,4248): error TS7006: Parameter 'r' implicitly has an 'any' type.
generated/prisma/runtime/library.js(35,4250): error TS7006: Parameter 't' implicitly has an 'any' type.
generated/prisma/runtime/library.js(35,4303): error TS7006: Parameter 'e' implicitly has an 'any' type.
generated/prisma/runtime/library.js(35,4305): error TS7006: Parameter 'r' implicitly has an 'any' type.
generated/prisma/runtime/library.js(35,4307): error TS7006: Parameter 't' implicitly has an 'any' type.
generated/prisma/runtime/library.js(35,4309): error TS7006: Parameter 'n' implicitly has an 'any' type.
generated/prisma/runtime/library.js(35,4311): error TS7006: Parameter 'i' implicitly has an 'any' type.
generated/prisma/runtime/library.js(35,4313): error TS7006: Parameter 'o' implicitly has an 'any' type.
generated/prisma/runtime/library.js(35,4367): error TS7006: Parameter 'l' implicitly has an 'any' type.
generated/prisma/runtime/library.js(35,4369): error TS7006: Parameter 'u' implicitly has an 'any' type.
generated/prisma/runtime/library.js(35,4404): error TS7006: Parameter 'l' implicitly has an 'any' type.
generated/prisma/runtime/library.js(35,4672): error TS7006: Parameter 'e' implicitly has an 'any' type.
generated/prisma/runtime/library.js(35,4674): error TS7006: Parameter 'r' implicitly has an 'any' type.
generated/prisma/runtime/library.js(35,4728): error TS7006: Parameter 't' implicitly has an 'any' type.
generated/prisma/runtime/library.js(35,4754): error TS7006: Parameter 't' implicitly has an 'any' type.
generated/prisma/runtime/library.js(35,4921): error TS7006: Parameter 'e' implicitly has an 'any' type.
generated/prisma/runtime/library.js(35,4923): error TS7006: Parameter 'r' implicitly has an 'any' type.
generated/prisma/runtime/library.js(35,5099): error TS7006: Parameter 'e' implicitly has an 'any' type.
generated/prisma/runtime/library.js(35,5101): error TS7006: Parameter 'r' implicitly has an 'any' type.
generated/prisma/runtime/library.js(35,5194): error TS7006: Parameter 'i' implicitly has an 'any' type.
generated/prisma/runtime/library.js(35,5207): error TS7006: Parameter 'a' implicitly has an 'any' type.
generated/prisma/runtime/library.js(35,5210): error TS7006: Parameter 'l' implicitly has an 'any' type.
generated/prisma/runtime/library.js(35,5269): error TS7006: Parameter 'c' implicitly has an 'any' type.
generated/prisma/runtime/library.js(35,5509): error TS7006: Parameter 'e' implicitly has an 'any' type.
generated/prisma/runtime/library.js(35,5546): error TS7006: Parameter 'e' implicitly has an 'any' type.
generated/prisma/runtime/library.js(35,5548): error TS7006: Parameter 'r' implicitly has an 'any' type.
generated/prisma/runtime/library.js(35,5644): error TS7006: Parameter 'e' implicitly has an 'any' type.
generated/prisma/runtime/library.js(35,5669): error TS7006: Parameter 'r' implicitly has an 'any' type.
generated/prisma/runtime/library.js(35,5717): error TS7006: Parameter 'e' implicitly has an 'any' type.
generated/prisma/runtime/library.js(35,5873): error TS7006: Parameter 'e' implicitly has an 'any' type.
generated/prisma/runtime/library.js(35,6013): error TS7006: Parameter 'n' implicitly has an 'any' type.
generated/prisma/runtime/library.js(35,6042): error TS7006: Parameter 'e' implicitly has an 'any' type.
generated/prisma/runtime/library.js(35,6179): error TS7006: Parameter 'i' implicitly has an 'any' type.
generated/prisma/runtime/library.js(35,6331): error TS7006: Parameter 'i' implicitly has an 'any' type.
generated/prisma/runtime/library.js(35,6389): error TS7006: Parameter 'e' implicitly has an 'any' type.
generated/prisma/runtime/library.js(35,6425): error TS7006: Parameter 'e' implicitly has an 'any' type.
generated/prisma/runtime/library.js(35,6461): error TS2683: 'this' implicitly has type 'any' because it does not have a type annotation.
generated/prisma/runtime/library.js(35,6534): error TS2683: 'this' implicitly has type 'any' because it does not have a type annotation.
generated/prisma/runtime/library.js(35,6569): error TS2683: 'this' implicitly has type 'any' because it does not have a type annotation.
generated/prisma/runtime/library.js(35,6635): error TS2683: 'this' implicitly has type 'any' because it does not have a type annotation.
generated/prisma/runtime/library.js(35,6676): error TS2683: 'this' implicitly has type 'any' because it does not have a type annotation.
generated/prisma/runtime/library.js(35,6726): error TS2683: 'this' implicitly has type 'any' because it does not have a type annotation.
generated/prisma/runtime/library.js(35,6802): error TS7031: Binding element 'e' implicitly has an 'any' type.
generated/prisma/runtime/library.js(35,6814): error TS7031: Binding element 'r' implicitly has an 'any' type.
generated/prisma/runtime/library.js(35,6823): error TS7031: Binding element 't' implicitly has an 'any' type.
generated/prisma/runtime/library.js(35,6830): error TS7031: Binding element 'n' implicitly has an 'any' type.
generated/prisma/runtime/library.js(35,6843): error TS7031: Binding element 'i' implicitly has an 'any' type.
generated/prisma/runtime/library.js(35,6898): error TS7034: Variable 's' implicitly has type 'any[]' in some locations where its type cannot be determined.
generated/prisma/runtime/library.js(35,6988): error TS7006: Parameter 'c' implicitly has an 'any' type.
generated/prisma/runtime/library.js(35,7078): error TS7006: Parameter 'c' implicitly has an 'any' type.
generated/prisma/runtime/library.js(35,7146): error TS7005: Variable 's' implicitly has an 'any[]' type.
generated/prisma/runtime/library.js(35,7213): error TS7006: Parameter 'e' implicitly has an 'any' type.
generated/prisma/runtime/library.js(35,7215): error TS7006: Parameter 'r' implicitly has an 'any' type.
generated/prisma/runtime/library.js(35,7233): error TS7006: Parameter 't' implicitly has an 'any' type.
generated/prisma/runtime/library.js(35,7257): error TS7006: Parameter 'e' implicitly has an 'any' type.
generated/prisma/runtime/library.js(35,7259): error TS7006: Parameter 'r' implicitly has an 'any' type.
generated/prisma/runtime/library.js(35,7322): error TS7031: Binding element 'e' implicitly has an 'any' type.
generated/prisma/runtime/library.js(35,7331): error TS7031: Binding element 'r' implicitly has an 'any' type.
generated/prisma/runtime/library.js(35,7338): error TS7031: Binding element 't' implicitly has an 'any' type.
generated/prisma/runtime/library.js(35,7357): error TS7031: Binding element 'n' implicitly has an 'any' type.
generated/prisma/runtime/library.js(35,7369): error TS7031: Binding element 'i' implicitly has an 'any' type.
generated/prisma/runtime/library.js(35,7753): error TS7031: Binding element 'e' implicitly has an 'any' type.
generated/prisma/runtime/library.js(35,7762): error TS7031: Binding element 'r' implicitly has an 'any' type.
generated/prisma/runtime/library.js(35,7780): error TS7031: Binding element 't' implicitly has an 'any' type.
generated/prisma/runtime/library.js(35,7799): error TS7031: Binding element 'n' implicitly has an 'any' type.
generated/prisma/runtime/library.js(35,7809): error TS7031: Binding element 'i' implicitly has an 'any' type.
generated/prisma/runtime/library.js(35,7911): error TS7006: Parameter 'c' implicitly has an 'any' type.
generated/prisma/runtime/library.js(35,8104): error TS7031: Binding element 'e' implicitly has an 'any' type.
generated/prisma/runtime/library.js(35,8116): error TS7031: Binding element 'r' implicitly has an 'any' type.
generated/prisma/runtime/library.js(35,8123): error TS7031: Binding element 't' implicitly has an 'any' type.
generated/prisma/runtime/library.js(35,8136): error TS7031: Binding element 'n' implicitly has an 'any' type.
generated/prisma/runtime/library.js(35,8155): error TS7031: Binding element 'i' implicitly has an 'any' type.
generated/prisma/runtime/library.js(35,8168): error TS7031: Binding element 'o' implicitly has an 'any' type.
generated/prisma/runtime/library.js(35,8300): error TS7006: Parameter 'a' implicitly has an 'any' type.
generated/prisma/runtime/library.js(35,8302): error TS7006: Parameter 'l' implicitly has an 'any' type.
generated/prisma/runtime/library.js(35,8304): error TS7006: Parameter 'u' implicitly has an 'any' type.
generated/prisma/runtime/library.js(35,8514): error TS7006: Parameter 'e' implicitly has an 'any' type.
generated/prisma/runtime/library.js(35,8679): error TS7053: Element implicitly has an 'any' type because expression of type 'string' can't be used to index type '{}'.
  No index signature with a parameter of type 'string' was found on type '{}'.
generated/prisma/runtime/library.js(35,8714): error TS7006: Parameter 'e' implicitly has an 'any' type.
generated/prisma/runtime/library.js(35,8763): error TS7006: Parameter 'e' implicitly has an 'any' type.
generated/prisma/runtime/library.js(35,8808): error TS7006: Parameter 'e' implicitly has an 'any' type.
generated/prisma/runtime/library.js(35,8974): error TS2339: Property 'slice' does not exist on type 'ArrayBufferView<ArrayBufferLike>'.
generated/prisma/runtime/library.js(35,9213): error TS7053: Element implicitly has an 'any' type because expression of type 'string' can't be used to index type '{}'.
  No index signature with a parameter of type 'string' was found on type '{}'.
generated/prisma/runtime/library.js(35,9270): error TS7006: Parameter 'e' implicitly has an 'any' type.
generated/prisma/runtime/library.js(35,9272): error TS7006: Parameter 'r' implicitly has an 'any' type.
generated/prisma/runtime/library.js(35,9274): error TS7006: Parameter 't' implicitly has an 'any' type.
generated/prisma/runtime/library.js(35,9311): error TS7006: Parameter 'i' implicitly has an 'any' type.
generated/prisma/runtime/library.js(35,9598): error TS7006: Parameter 's' implicitly has an 'any' type.
generated/prisma/runtime/library.js(35,9714): error TS7006: Parameter 'e' implicitly has an 'any' type.
generated/prisma/runtime/library.js(35,9716): error TS7006: Parameter 'r' implicitly has an 'any' type.
generated/prisma/runtime/library.js(35,9911): error TS7006: Parameter 'e' implicitly has an 'any' type.
generated/prisma/runtime/library.js(35,9921): error TS7006: Parameter 'r' implicitly has an 'any' type.
generated/prisma/runtime/library.js(35,10036): error TS7006: Parameter 'e' implicitly has an 'any' type.
generated/prisma/runtime/library.js(35,10038): error TS7006: Parameter 'r' implicitly has an 'any' type.
generated/prisma/runtime/library.js(35,10040): error TS7006: Parameter 't' implicitly has an 'any' type.
generated/prisma/runtime/library.js(35,10042): error TS7006: Parameter 'n' implicitly has an 'any' type.
generated/prisma/runtime/library.js(35,10172): error TS7006: Parameter 's' implicitly has an 'any' type.
generated/prisma/runtime/library.js(35,10334): error TS7006: Parameter 's' implicitly has an 'any' type.
generated/prisma/runtime/library.js(35,10432): error TS7006: Parameter 'e' implicitly has an 'any' type.
generated/prisma/runtime/library.js(35,10467): error TS7006: Parameter 't' implicitly has an 'any' type.
generated/prisma/runtime/library.js(35,10573): error TS7031: Binding element 'e' implicitly has an 'any' type.
generated/prisma/runtime/library.js(35,10582): error TS7031: Binding element 'r' implicitly has an 'any' type.
generated/prisma/runtime/library.js(35,10598): error TS7031: Binding element 't' implicitly has an 'any' type.
generated/prisma/runtime/library.js(35,10610): error TS7031: Binding element 'n' implicitly has an 'any' type.
generated/prisma/runtime/library.js(37,32): error TS7053: Element implicitly has an 'any' type because expression of type 'any' can't be used to index type '{ Vercel: string; "Netlify CI": string; }'.
generated/prisma/runtime/library.js(37,93): error TS7006: Parameter 'e' implicitly has an 'any' type.
generated/prisma/runtime/library.js(37,95): error TS7006: Parameter 'r' implicitly has an 'any' type.
generated/prisma/runtime/library.js(37,256): error TS7006: Parameter 'e' implicitly has an 'any' type.
generated/prisma/runtime/library.js(39,23): error TS7006: Parameter 'e' implicitly has an 'any' type.
generated/prisma/runtime/library.js(39,177): error TS7006: Parameter 'e' implicitly has an 'any' type.
generated/prisma/runtime/library.js(39,297): error TS7006: Parameter 'e' implicitly has an 'any' type.
generated/prisma/runtime/library.js(41,18): error TS7006: Parameter 'e' implicitly has an 'any' type.
generated/prisma/runtime/library.js(46,23): error TS7006: Parameter 'e' implicitly has an 'any' type.
generated/prisma/runtime/library.js(47,80): error TS7006: Parameter 'e' implicitly has an 'any' type.
generated/prisma/runtime/library.js(49,123): error TS7006: Parameter 'e' implicitly has an 'any' type.
generated/prisma/runtime/library.js(56,23): error TS7006: Parameter 'e' implicitly has an 'any' type.
generated/prisma/runtime/library.js(56,89): error TS7006: Parameter 'i' implicitly has an 'any' type.
generated/prisma/runtime/library.js(61,23): error TS7006: Parameter 'e' implicitly has an 'any' type.
generated/prisma/runtime/library.js(68,132): error TS7006: Parameter 'e' implicitly has an 'any' type.
generated/prisma/runtime/library.js(68,134): error TS7006: Parameter 'r' implicitly has an 'any' type.
generated/prisma/runtime/library.js(68,143): error TS7053: Element implicitly has an 'any' type because expression of type 'any' can't be used to index type '{ binary: string | undefined; library: string | undefined; }'.
generated/prisma/runtime/library.js(68,477): error TS7006: Parameter 'd' implicitly has an 'any' type.
generated/prisma/runtime/library.js(68,500): error TS7006: Parameter 'd' implicitly has an 'any' type.
generated/prisma/runtime/library.js(68,848): error TS7006: Parameter 'e' implicitly has an 'any' type.
generated/prisma/runtime/library.js(68,850): error TS7006: Parameter 'r' implicitly has an 'any' type.
generated/prisma/runtime/library.js(68,1291): error TS7006: Parameter 'e' implicitly has an 'any' type.
generated/prisma/runtime/library.js(68,1293): error TS7006: Parameter 'r' implicitly has an 'any' type.
generated/prisma/runtime/library.js(68,1386): error TS7006: Parameter 'e' implicitly has an 'any' type.
generated/prisma/runtime/library.js(68,1467): error TS7006: Parameter 'r' implicitly has an 'any' type.
generated/prisma/runtime/library.js(68,1497): error TS7006: Parameter 'e' implicitly has an 'any' type.
generated/prisma/runtime/library.js(69,8): error TS7006: Parameter 'r' implicitly has an 'any' type.
generated/prisma/runtime/library.js(70,38): error TS7031: Binding element 'e' implicitly has an 'any' type.
generated/prisma/runtime/library.js(70,105): error TS7031: Binding element 'i' implicitly has an 'any' type.
generated/prisma/runtime/library.js(70,194): error TS7031: Binding element 'e' implicitly has an 'any' type.
generated/prisma/runtime/library.js(70,209): error TS7031: Binding element 'r' implicitly has an 'any' type.
generated/prisma/runtime/library.js(70,217): error TS7031: Binding element 't' implicitly has an 'any' type.
generated/prisma/runtime/library.js(70,231): error TS7031: Binding element 'n' implicitly has an 'any' type.
generated/prisma/runtime/library.js(70,247): error TS7031: Binding element 'i' implicitly has an 'any' type.
generated/prisma/runtime/library.js(70,258): error TS7031: Binding element 'o' implicitly has an 'any' type.
generated/prisma/runtime/library.js(70,266): error TS7031: Binding element 's' implicitly has an 'any' type.
generated/prisma/runtime/library.js(114,15): error TS7006: Parameter 'e' implicitly has an 'any' type.
generated/prisma/runtime/library.js(114,17): error TS7006: Parameter 'r' implicitly has an 'any' type.
generated/prisma/runtime/library.js(114,51): error TS7006: Parameter 'e' implicitly has an 'any' type.
generated/prisma/runtime/library.js(114,128): error TS7006: Parameter 'e' implicitly has an 'any' type.
generated/prisma/runtime/library.js(114,130): error TS7006: Parameter 'r' implicitly has an 'any' type.
generated/prisma/runtime/library.js(114,170): error TS7053: Element implicitly has an 'any' type because expression of type 'string' can't be used to index type '{}'.
  No index signature with a parameter of type 'string' was found on type '{}'.
generated/prisma/runtime/library.js(114,203): error TS7023: 'Vr' implicitly has return type 'any' because it does not have a return type annotation and is referenced directly or indirectly in one of its return expressions.
generated/prisma/runtime/library.js(114,206): error TS7006: Parameter 'e' implicitly has an 'any' type.
generated/prisma/runtime/library.js(114,369): error TS7031: Binding element 'e' implicitly has an 'any' type.
generated/prisma/runtime/library.js(114,377): error TS7031: Binding element 'r' implicitly has an 'any' type.
generated/prisma/runtime/library.js(114,752): error TS7017: Element implicitly has an 'any' type because type 'typeof globalThis' has no index signature.
generated/prisma/runtime/library.js(114,813): error TS7017: Element implicitly has an 'any' type because type 'typeof globalThis' has no index signature.
generated/prisma/runtime/library.js(114,843): error TS7017: Element implicitly has an 'any' type because type 'typeof globalThis' has no index signature.
generated/prisma/runtime/library.js(114,886): error TS7017: Element implicitly has an 'any' type because type 'typeof globalThis' has no index signature.
generated/prisma/runtime/library.js(114,1086): error TS2349: This expression is not callable.
  Not all constituents of type 'string | (() => boolean)' are callable.
    Type 'string' has no call signatures.
generated/prisma/runtime/library.js(114,1086): error TS2722: Cannot invoke an object which is possibly 'undefined'.
generated/prisma/runtime/library.js(114,1456): error TS7053: Element implicitly has an 'any' type because expression of type 'string | (() => boolean)' can't be used to index type '{ node: string; workerd: string; deno: string; netlify: string; "edge-light": string; }'.
  No index signature with a parameter of type 'string' was found on type '{ node: string; workerd: string; deno: string; netlify: string; "edge-light": string; }'.
generated/prisma/runtime/library.js(114,1459): error TS2538: Type '() => boolean' cannot be used as an index type.
generated/prisma/runtime/library.js(114,1523): error TS2345: Argument of type 'string | (() => boolean)' is not assignable to parameter of type 'string'.
  Type '() => boolean' is not assignable to type 'string'.
generated/prisma/runtime/library.js(114,1558): error TS7031: Binding element 'e' implicitly has an 'any' type.
generated/prisma/runtime/library.js(114,1580): error TS7031: Binding element 'r' implicitly has an 'any' type.
generated/prisma/runtime/library.js(114,1586): error TS7031: Binding element 't' implicitly has an 'any' type.
generated/prisma/runtime/library.js(114,1602): error TS7031: Binding element 'n' implicitly has an 'any' type.
generated/prisma/runtime/library.js(114,1636): error TS2538: Type 'undefined' cannot be used as an index type.
generated/prisma/runtime/library.js(114,1648): error TS2538: Type 'undefined' cannot be used as an index type.
generated/prisma/runtime/library.js(114,2007): error TS7006: Parameter 'r' implicitly has an 'any' type.
generated/prisma/runtime/library.js(114,2009): error TS7006: Parameter 't' implicitly has an 'any' type.
generated/prisma/runtime/library.js(114,2168): error TS7006: Parameter 'r' implicitly has an 'any' type.
generated/prisma/runtime/library.js(114,2170): error TS7006: Parameter 't' implicitly has an 'any' type.
generated/prisma/runtime/library.js(114,2232): error TS7006: Parameter 'e' implicitly has an 'any' type.
generated/prisma/runtime/library.js(114,2234): error TS7006: Parameter 'r' implicitly has an 'any' type.
generated/prisma/runtime/library.js(114,2343): error TS7006: Parameter 'r' implicitly has an 'any' type.
generated/prisma/runtime/library.js(114,2345): error TS7006: Parameter 't' implicitly has an 'any' type.
generated/prisma/runtime/library.js(114,2410): error TS7006: Parameter 'e' implicitly has an 'any' type.
generated/prisma/runtime/library.js(114,3397): error TS7031: Binding element 'r' implicitly has an 'any' type.
generated/prisma/runtime/library.js(114,3413): error TS7031: Binding element 't' implicitly has an 'any' type.
generated/prisma/runtime/library.js(114,3424): error TS7031: Binding element 'n' implicitly has an 'any' type.
generated/prisma/runtime/library.js(114,3437): error TS7031: Binding element 'i' implicitly has an 'any' type.
generated/prisma/runtime/library.js(114,3450): error TS7031: Binding element 'o' implicitly has an 'any' type.
generated/prisma/runtime/library.js(114,3548): error TS2339: Property 'traceparent' does not exist on type '{}'.
generated/prisma/runtime/library.js(114,3562): error TS2339: Property 'transactionId' does not exist on type '{}'.
generated/prisma/runtime/library.js(114,3803): error TS2339: Property 'traceparent' does not exist on type '{ Accept: string; Authorization: string; "Content-Type": string; "Prisma-Engine-Hash": any; "Prisma-Engine-Version": any; }'.
generated/prisma/runtime/library.js(114,3859): error TS7053: Element implicitly has an 'any' type because expression of type '"X-Transaction-Id"' can't be used to index type '{ Accept: string; Authorization: string; "Content-Type": string; "Prisma-Engine-Hash": any; "Prisma-Engine-Version": any; }'.
  Property 'X-Transaction-Id' does not exist on type '{ Accept: string; Authorization: string; "Content-Type": string; "Prisma-Engine-Hash": any; "Prisma-Engine-Version": any; }'.
generated/prisma/runtime/library.js(114,3920): error TS7053: Element implicitly has an 'any' type because expression of type '"X-Capture-Telemetry"' can't be used to index type '{ Accept: string; Authorization: string; "Content-Type": string; "Prisma-Engine-Hash": any; "Prisma-Engine-Version": any; }'.
  Property 'X-Capture-Telemetry' does not exist on type '{ Accept: string; Authorization: string; "Content-Type": string; "Prisma-Engine-Hash": any; "Prisma-Engine-Version": any; }'.
generated/prisma/runtime/library.js(114,4118): error TS7006: Parameter 'e' implicitly has an 'any' type.
generated/prisma/runtime/library.js(114,4158): error TS7006: Parameter 'e' implicitly has an 'any' type.
generated/prisma/runtime/library.js(114,4257): error TS7006: Parameter 'r' implicitly has an 'any' type.
generated/prisma/runtime/library.js(114,4412): error TS7006: Parameter 'r' implicitly has an 'any' type.
generated/prisma/runtime/library.js(114,4414): error TS7006: Parameter 't' implicitly has an 'any' type.
generated/prisma/runtime/library.js(114,4511): error TS7006: Parameter 'r' implicitly has an 'any' type.
generated/prisma/runtime/library.js(114,4513): error TS7006: Parameter 't' implicitly has an 'any' type.
generated/prisma/runtime/library.js(114,4755): error TS7006: Parameter 'r' implicitly has an 'any' type.
generated/prisma/runtime/library.js(114,4959): error TS7006: Parameter 'r' implicitly has an 'any' type.
generated/prisma/runtime/library.js(114,4961): error TS7006: Parameter 't' implicitly has an 'any' type.
generated/prisma/runtime/library.js(114,4963): error TS7006: Parameter 'n' implicitly has an 'any' type.
generated/prisma/runtime/library.js(114,5114): error TS7006: Parameter 'r' implicitly has an 'any' type.
generated/prisma/runtime/library.js(114,5116): error TS7006: Parameter 't' implicitly has an 'any' type.
generated/prisma/runtime/library.js(114,5301): error TS7006: Parameter 'r' implicitly has an 'any' type.
generated/prisma/runtime/library.js(114,5303): error TS7006: Parameter 't' implicitly has an 'any' type.
generated/prisma/runtime/library.js(114,5305): error TS7006: Parameter 'n' implicitly has an 'any' type.
generated/prisma/runtime/library.js(114,5452): error TS7006: Parameter 'r' implicitly has an 'any' type.
generated/prisma/runtime/library.js(114,5643): error TS7006: Parameter 'r' implicitly has an 'any' type.
generated/prisma/runtime/library.js(114,5816): error TS7006: Parameter 'r' implicitly has an 'any' type.
generated/prisma/runtime/library.js(114,5990): error TS7006: Parameter 'r' implicitly has an 'any' type.
generated/prisma/runtime/library.js(114,6153): error TS7006: Parameter 'r' implicitly has an 'any' type.
generated/prisma/runtime/library.js(114,6300): error TS7006: Parameter 'r' implicitly has an 'any' type.
generated/prisma/runtime/library.js(114,6302): error TS7006: Parameter 't' implicitly has an 'any' type.
generated/prisma/runtime/library.js(114,6304): error TS7006: Parameter 'n' implicitly has an 'any' type.
generated/prisma/runtime/library.js(114,6483): error TS7006: Parameter 'r' implicitly has an 'any' type.
generated/prisma/runtime/library.js(114,6649): error TS7006: Parameter 'r' implicitly has an 'any' type.
generated/prisma/runtime/library.js(114,6721): error TS7006: Parameter 'e' implicitly has an 'any' type.
generated/prisma/runtime/library.js(114,7483): error TS7006: Parameter 'e' implicitly has an 'any' type.
generated/prisma/runtime/library.js(114,7485): error TS7006: Parameter 'r' implicitly has an 'any' type.
generated/prisma/runtime/library.js(114,7610): error TS2345: Argument of type '{ code: any; clientVersion: any; }' is not assignable to parameter of type '{ code: any; clientVersion: any; meta: any; batchRequestIdx: any; }'.
  Type '{ code: any; clientVersion: any; }' is missing the following properties from type '{ code: any; clientVersion: any; meta: any; batchRequestIdx: any; }': meta, batchRequestIdx
generated/prisma/runtime/library.js(114,8678): error TS7053: Element implicitly has an 'any' type because expression of type 'any' can't be used to index type '{ IDParseError: string; NoQueryEngineFoundError: string; TransactionStartError: string; }'.
generated/prisma/runtime/library.js(114,9097): error TS7006: Parameter 'e' implicitly has an 'any' type.
generated/prisma/runtime/library.js(114,9099): error TS7006: Parameter 'r' implicitly has an 'any' type.
generated/prisma/runtime/library.js(114,9174): error TS7006: Parameter 'e' implicitly has an 'any' type.
generated/prisma/runtime/library.js(114,9382): error TS7006: Parameter 'e' implicitly has an 'any' type.
generated/prisma/runtime/library.js(114,9485): error TS2532: Object is possibly 'undefined'.
generated/prisma/runtime/library.js(114,9494): error TS2532: Object is possibly 'undefined'.
generated/prisma/runtime/library.js(114,9504): error TS2532: Object is possibly 'undefined'.
generated/prisma/runtime/library.js(114,9571): error TS2532: Object is possibly 'undefined'.
generated/prisma/runtime/library.js(114,9577): error TS2532: Object is possibly 'undefined'.
generated/prisma/runtime/library.js(114,9618): error TS18048: 'c' is possibly 'undefined'.
generated/prisma/runtime/library.js(114,9631): error TS18048: 'c' is possibly 'undefined'.
generated/prisma/runtime/library.js(114,9642): error TS2532: Object is possibly 'undefined'.
generated/prisma/runtime/library.js(114,9648): error TS2532: Object is possibly 'undefined'.
generated/prisma/runtime/library.js(114,9669): error TS2532: Object is possibly 'undefined'.
generated/prisma/runtime/library.js(114,9677): error TS2532: Object is possibly 'undefined'.
generated/prisma/runtime/library.js(114,9729): error TS2532: Object is possibly 'undefined'.
generated/prisma/runtime/library.js(114,9735): error TS2532: Object is possibly 'undefined'.
generated/prisma/runtime/library.js(114,9766): error TS7006: Parameter 'e' implicitly has an 'any' type.
generated/prisma/runtime/library.js(114,9808): error TS7006: Parameter 't' implicitly has an 'any' type.
generated/prisma/runtime/library.js(114,10341): error TS7006: Parameter 'r' implicitly has an 'any' type.
generated/prisma/runtime/library.js(114,10343): error TS7006: Parameter 't' implicitly has an 'any' type.
generated/prisma/runtime/library.js(115,57): error TS7006: Parameter 'e' implicitly has an 'any' type.
generated/prisma/runtime/library.js(115,59): error TS7006: Parameter 'r' implicitly has an 'any' type.
generated/prisma/runtime/library.js(115,63): error TS7006: Parameter 'n' implicitly has an 'any' type.
generated/prisma/runtime/library.js(115,147): error TS18046: 's' is of type 'unknown'.
generated/prisma/runtime/library.js(115,312): error TS7006: Parameter 'e' implicitly has an 'any' type.
generated/prisma/runtime/library.js(115,314): error TS7006: Parameter 'r' implicitly has an 'any' type.
generated/prisma/runtime/library.js(115,449): error TS7017: Element implicitly has an 'any' type because type 'typeof globalThis' has no index signature.
generated/prisma/runtime/library.js(115,560): error TS7017: Element implicitly has an 'any' type because type 'typeof globalThis' has no index signature.
generated/prisma/runtime/library.js(115,806): error TS18048: 's' is possibly 'undefined'.
generated/prisma/runtime/library.js(115,1354): error TS7006: Parameter 'e' implicitly has an 'any' type.
generated/prisma/runtime/library.js(115,1356): error TS7006: Parameter 'r' implicitly has an 'any' type.
generated/prisma/runtime/library.js(115,1416): error TS7006: Parameter 'e' implicitly has an 'any' type.
generated/prisma/runtime/library.js(115,1670): error TS7008: Member 'remoteClientVersion' implicitly has an 'any' type.
generated/prisma/runtime/library.js(115,1690): error TS7008: Member 'host' implicitly has an 'any' type.
generated/prisma/runtime/library.js(115,1695): error TS7008: Member 'headerBuilder' implicitly has an 'any' type.
generated/prisma/runtime/library.js(115,1709): error TS7008: Member 'startPromise' implicitly has an 'any' type.
generated/prisma/runtime/library.js(115,1722): error TS7008: Member 'protocol' implicitly has an 'any' type.
generated/prisma/runtime/library.js(115,1743): error TS7006: Parameter 'r' implicitly has an 'any' type.
generated/prisma/runtime/library.js(115,2636): error TS7006: Parameter 'r' implicitly has an 'any' type.
generated/prisma/runtime/library.js(115,2671): error TS7006: Parameter 't' implicitly has an 'any' type.
generated/prisma/runtime/library.js(115,3291): error TS7006: Parameter 'r' implicitly has an 'any' type.
generated/prisma/runtime/library.js(115,4012): error TS7006: Parameter 'r' implicitly has an 'any' type.
generated/prisma/runtime/library.js(115,4027): error TS7031: Binding element 't' implicitly has an 'any' type.
generated/prisma/runtime/library.js(115,4052): error TS7031: Binding element 'n' implicitly has an 'any' type.
generated/prisma/runtime/library.js(115,4075): error TS7031: Binding element 'i' implicitly has an 'any' type.
generated/prisma/runtime/library.js(115,4198): error TS7006: Parameter 'r' implicitly has an 'any' type.
generated/prisma/runtime/library.js(115,4213): error TS7031: Binding element 't' implicitly has an 'any' type.
generated/prisma/runtime/library.js(115,4227): error TS7031: Binding element 'n' implicitly has an 'any' type.
generated/prisma/runtime/library.js(115,4250): error TS7031: Binding element 'i' implicitly has an 'any' type.
generated/prisma/runtime/library.js(115,4414): error TS7006: Parameter 'l' implicitly has an 'any' type.
generated/prisma/runtime/library.js(115,4568): error TS7031: Binding element 'r' implicitly has an 'any' type.
generated/prisma/runtime/library.js(115,4582): error TS7031: Binding element 't' implicitly has an 'any' type.
generated/prisma/runtime/library.js(115,4605): error TS7031: Binding element 'n' implicitly has an 'any' type.
generated/prisma/runtime/library.js(115,4630): error TS7031: Binding element 'i' implicitly has an 'any' type.
generated/prisma/runtime/library.js(115,4709): error TS7031: Binding element 'o' implicitly has an 'any' type.
generated/prisma/runtime/library.js(115,5263): error TS7006: Parameter 'r' implicitly has an 'any' type.
generated/prisma/runtime/library.js(115,5265): error TS7006: Parameter 't' implicitly has an 'any' type.
generated/prisma/runtime/library.js(115,5267): error TS7006: Parameter 'n' implicitly has an 'any' type.
generated/prisma/runtime/library.js(115,5378): error TS7053: Element implicitly has an 'any' type because expression of type 'any' can't be used to index type '{ start: string; commit: string; rollback: string; }'.
generated/prisma/runtime/library.js(115,5425): error TS7031: Binding element 'o' implicitly has an 'any' type.
generated/prisma/runtime/library.js(115,6533): error TS7006: Parameter 'r' implicitly has an 'any' type.
generated/prisma/runtime/library.js(115,6560): error TS7006: Parameter 'i' implicitly has an 'any' type.
generated/prisma/runtime/library.js(115,7075): error TS7006: Parameter 'r' implicitly has an 'any' type.
generated/prisma/runtime/library.js(115,7228): error TS7006: Parameter 'r' implicitly has an 'any' type.
generated/prisma/runtime/library.js(115,7337): error TS2345: Argument of type '{ clientVersion: any; }' is not assignable to parameter of type '{ clientVersion: any; batchRequestIdx: any; }'.
  Property 'batchRequestIdx' is missing in type '{ clientVersion: any; }' but required in type '{ clientVersion: any; batchRequestIdx: any; }'.
generated/prisma/runtime/library.js(115,7462): error TS7006: Parameter 'e' implicitly has an 'any' type.
generated/prisma/runtime/library.js(115,7640): error TS7053: Element implicitly has an 'any' type because expression of type 'symbol' can't be used to index type 'typeof globalThis'.
generated/prisma/runtime/library.js(115,7657): error TS7053: Element implicitly has an 'any' type because expression of type 'symbol' can't be used to index type 'typeof globalThis'.
generated/prisma/runtime/library.js(115,7667): error TS7053: Element implicitly has an 'any' type because expression of type 'symbol' can't be used to index type 'typeof globalThis'.
generated/prisma/runtime/library.js(115,7685): error TS7006: Parameter 'e' implicitly has an 'any' type.
generated/prisma/runtime/library.js(115,7976): error TS7006: Parameter 'e' implicitly has an 'any' type.
generated/prisma/runtime/library.js(115,8189): error TS7034: Variable 'xo' implicitly has type 'any' in some locations where its type cannot be determined.
generated/prisma/runtime/library.js(115,8214): error TS7006: Parameter 'e' implicitly has an 'any' type.
generated/prisma/runtime/library.js(115,8459): error TS7005: Variable 'xo' implicitly has an 'any' type.
generated/prisma/runtime/library.js(115,8782): error TS2349: This expression is not callable.
  No constituent of type 'ExportValue' is callable.
generated/prisma/runtime/library.js(115,8782): error TS2722: Cannot invoke an object which is possibly 'undefined'.
generated/prisma/runtime/library.js(115,8782): error TS18048: 'u' is possibly 'undefined'.
generated/prisma/runtime/library.js(115,8817): error TS7005: Variable 'xo' implicitly has an 'any' type.
generated/prisma/runtime/library.js(115,9040): error TS7006: Parameter 'e' implicitly has an 'any' type.
generated/prisma/runtime/library.js(115,9097): error TS7006: Parameter 'e' implicitly has an 'any' type.
generated/prisma/runtime/library.js(115,9296): error TS7008: Member 'engine' implicitly has an 'any' type.
generated/prisma/runtime/library.js(115,9303): error TS7022: 'libraryInstantiationPromise' implicitly has type 'any' because it does not have a type annotation and is referenced directly or indirectly in its own initializer.
generated/prisma/runtime/library.js(115,9331): error TS7008: Member 'libraryStartingPromise' implicitly has an 'any' type.
generated/prisma/runtime/library.js(115,9354): error TS7008: Member 'libraryStoppingPromise' implicitly has an 'any' type.
generated/prisma/runtime/library.js(115,9392): error TS7008: Member 'executingQueryPromise' implicitly has an 'any' type.
generated/prisma/runtime/library.js(115,9421): error TS7008: Member 'QueryEngineConstructor' implicitly has an 'any' type.
generated/prisma/runtime/library.js(115,9458): error TS7008: Member 'library' implicitly has an 'any' type.
generated/prisma/runtime/library.js(115,9477): error TS7008: Member 'libQueryEnginePath' implicitly has an 'any' type.
generated/prisma/runtime/library.js(115,9496): error TS7008: Member 'binaryTarget' implicitly has an 'any' type.
generated/prisma/runtime/library.js(115,9559): error TS7008: Member 'lastQuery' implicitly has an 'any' type.
generated/prisma/runtime/library.js(115,9569): error TS7008: Member 'loggerRustPanic' implicitly has an 'any' type.
generated/prisma/runtime/library.js(115,9599): error TS7008: Member 'adapterPromise' implicitly has an 'any' type.
generated/prisma/runtime/library.js(115,9614): error TS7008: Member 'versionInfo' implicitly has an 'any' type.
generated/prisma/runtime/library.js(115,9638): error TS7006: Parameter 'r' implicitly has an 'any' type.
generated/prisma/runtime/library.js(115,9640): error TS7006: Parameter 't' implicitly has an 'any' type.
generated/prisma/runtime/library.js(115,10027): error TS2538: Type 'undefined' cannot be used as an index type.
generated/prisma/runtime/library.js(115,10164): error TS7006: Parameter 'r' implicitly has an 'any' type.
generated/prisma/runtime/library.js(115,10687): error TS7006: Parameter 'r' implicitly has an 'any' type.
generated/prisma/runtime/library.js(115,10703): error TS7019: Rest parameter 't' implicitly has an 'any[]' type.
generated/prisma/runtime/library.js(115,11041): error TS7006: Parameter 'r' implicitly has an 'any' type.
generated/prisma/runtime/library.js(115,11043): error TS7006: Parameter 't' implicitly has an 'any' type.
generated/prisma/runtime/library.js(115,11045): error TS7006: Parameter 'n' implicitly has an 'any' type.
generated/prisma/runtime/library.js(115,11537): error TS2345: Argument of type '{ code: any; clientVersion: any; meta: any; }' is not assignable to parameter of type '{ code: any; clientVersion: any; meta: any; batchRequestIdx: any; }'.
  Property 'batchRequestIdx' is missing in type '{ code: any; clientVersion: any; meta: any; }' but required in type '{ code: any; clientVersion: any; meta: any; batchRequestIdx: any; }'.
generated/prisma/runtime/library.js(115,11667): error TS2345: Argument of type '{ clientVersion: any; }' is not assignable to parameter of type '{ clientVersion: any; batchRequestIdx: any; }'.
  Property 'batchRequestIdx' is missing in type '{ clientVersion: any; }' but required in type '{ clientVersion: any; batchRequestIdx: any; }'.
generated/prisma/runtime/library.js(115,11725): error TS7023: 'instantiateLibrary' implicitly has return type 'any' because it does not have a return type annotation and is referenced directly or indirectly in one of its return expressions.
generated/prisma/runtime/library.js(116,137): error TS7006: Parameter 'r' implicitly has an 'any' type.
generated/prisma/runtime/library.js(116,195): error TS2345: Argument of type '{ clientVersion: any; }' is not assignable to parameter of type '{ clientVersion: any; batchRequestIdx: any; }'.
  Property 'batchRequestIdx' is missing in type '{ clientVersion: any; }' but required in type '{ clientVersion: any; batchRequestIdx: any; }'.
generated/prisma/runtime/library.js(116,325): error TS2345: Argument of type '{ clientVersion: any; }' is not assignable to parameter of type '{ clientVersion: any; batchRequestIdx: any; }'.
  Property 'batchRequestIdx' is missing in type '{ clientVersion: any; }' but required in type '{ clientVersion: any; batchRequestIdx: any; }'.
generated/prisma/runtime/library.js(116,1060): error TS7006: Parameter 'n' implicitly has an 'any' type.
generated/prisma/runtime/library.js(116,1129): error TS18046: 't' is of type 'unknown'.
generated/prisma/runtime/library.js(116,1232): error TS7006: Parameter 'r' implicitly has an 'any' type.
generated/prisma/runtime/library.js(116,1693): error TS7006: Parameter 'r' implicitly has an 'any' type.
generated/prisma/runtime/library.js(116,1755): error TS7006: Parameter 'r' implicitly has an 'any' type.
generated/prisma/runtime/library.js(116,2732): error TS18046: 't' is of type 'unknown'.
generated/prisma/runtime/library.js(116,3953): error TS7006: Parameter 'r' implicitly has an 'any' type.
generated/prisma/runtime/library.js(116,4005): error TS7006: Parameter 'r' implicitly has an 'any' type.
generated/prisma/runtime/library.js(116,4020): error TS7031: Binding element 't' implicitly has an 'any' type.
generated/prisma/runtime/library.js(116,4045): error TS7031: Binding element 'n' implicitly has an 'any' type.
generated/prisma/runtime/library.js(116,4488): error TS2345: Argument of type '{ clientVersion: any; }' is not assignable to parameter of type '{ clientVersion: any; batchRequestIdx: any; }'.
  Property 'batchRequestIdx' is missing in type '{ clientVersion: any; }' but required in type '{ clientVersion: any; batchRequestIdx: any; }'.
generated/prisma/runtime/library.js(116,4635): error TS18046: 's' is of type 'unknown'.
generated/prisma/runtime/library.js(116,4662): error TS18046: 's' is of type 'unknown'.
generated/prisma/runtime/library.js(116,4715): error TS18046: 's' is of type 'unknown'.
generated/prisma/runtime/library.js(116,4782): error TS18046: 's' is of type 'unknown'.
generated/prisma/runtime/library.js(117,17): error TS2345: Argument of type '{ clientVersion: any; }' is not assignable to parameter of type '{ clientVersion: any; batchRequestIdx: any; }'.
  Property 'batchRequestIdx' is missing in type '{ clientVersion: any; }' but required in type '{ clientVersion: any; batchRequestIdx: any; }'.
generated/prisma/runtime/library.js(117,80): error TS7006: Parameter 'r' implicitly has an 'any' type.
generated/prisma/runtime/library.js(117,95): error TS7031: Binding element 't' implicitly has an 'any' type.
generated/prisma/runtime/library.js(117,109): error TS7031: Binding element 'n' implicitly has an 'any' type.
generated/prisma/runtime/library.js(117,519): error TS2345: Argument of type '{ clientVersion: any; }' is not assignable to parameter of type '{ clientVersion: any; batchRequestIdx: any; }'.
  Property 'batchRequestIdx' is missing in type '{ clientVersion: any; }' but required in type '{ clientVersion: any; batchRequestIdx: any; }'.
generated/prisma/runtime/library.js(117,828): error TS7006: Parameter 'r' implicitly has an 'any' type.
generated/prisma/runtime/library.js(117,830): error TS7006: Parameter 't' implicitly has an 'any' type.
generated/prisma/runtime/library.js(117,1101): error TS7006: Parameter 'r' implicitly has an 'any' type.
generated/prisma/runtime/library.js(117,1103): error TS7006: Parameter 't' implicitly has an 'any' type.
generated/prisma/runtime/library.js(117,1333): error TS7006: Parameter 'r' implicitly has an 'any' type.
generated/prisma/runtime/library.js(117,1481): error TS7006: Parameter 'e' implicitly has an 'any' type.
generated/prisma/runtime/library.js(117,1555): error TS7006: Parameter 'e' implicitly has an 'any' type.
generated/prisma/runtime/library.js(117,1557): error TS7006: Parameter 'r' implicitly has an 'any' type.
generated/prisma/runtime/library.js(117,1570): error TS2345: Argument of type '{ binaryTarget: any; title: any; version: any; engineVersion: any; database: any; query: any; }' is not assignable to parameter of type '{ version: any; binaryTarget: any; title: any; description: any; engineVersion: any; database: any; query: any; }'.
  Property 'description' is missing in type '{ binaryTarget: any; title: any; version: any; engineVersion: any; database: any; query: any; }' but required in type '{ version: any; binaryTarget: any; title: any; description: any; engineVersion: any; database: any; query: any; }'.
generated/prisma/runtime/library.js(117,1744): error TS7031: Binding element 'e' implicitly has an 'any' type.
generated/prisma/runtime/library.js(117,1754): error TS7031: Binding element 'r' implicitly has an 'any' type.
generated/prisma/runtime/library.js(117,1767): error TS7031: Binding element 't' implicitly has an 'any' type.
generated/prisma/runtime/library.js(117,1785): error TS7031: Binding element 'n' implicitly has an 'any' type.
generated/prisma/runtime/library.js(117,1793): error TS7034: Variable 'i' implicitly has type 'any[]' in some locations where its type cannot be determined.
generated/prisma/runtime/library.js(117,1798): error TS7034: Variable 'o' implicitly has type 'any[]' in some locations where its type cannot be determined.
generated/prisma/runtime/library.js(117,1805): error TS7006: Parameter 'g' implicitly has an 'any' type.
generated/prisma/runtime/library.js(117,1845): error TS7006: Parameter 'g' implicitly has an 'any' type.
generated/prisma/runtime/library.js(118,1045): error TS7006: Parameter 'g' implicitly has an 'any' type.
generated/prisma/runtime/library.js(118,1075): error TS7005: Variable 'o' implicitly has an 'any[]' type.
generated/prisma/runtime/library.js(118,1107): error TS7005: Variable 'i' implicitly has an 'any[]' type.
generated/prisma/runtime/library.js(118,1116): error TS7005: Variable 'o' implicitly has an 'any[]' type.
generated/prisma/runtime/library.js(118,1159): error TS7005: Variable 'i' implicitly has an 'any[]' type.
generated/prisma/runtime/library.js(118,1203): error TS7006: Parameter 'r' implicitly has an 'any' type.
generated/prisma/runtime/library.js(118,1526): error TS18048: 'o.errors' is possibly 'undefined'.
generated/prisma/runtime/library.js(118,1796): error TS7031: Binding element 'e' implicitly has an 'any' type.
generated/prisma/runtime/library.js(118,1837): error TS7006: Parameter 'e' implicitly has an 'any' type.
generated/prisma/runtime/library.js(118,1861): error TS7006: Parameter 'e' implicitly has an 'any' type.
generated/prisma/runtime/library.js(118,1882): error TS7006: Parameter 'r' implicitly has an 'any' type.
generated/prisma/runtime/library.js(118,1884): error TS7006: Parameter 't' implicitly has an 'any' type.
generated/prisma/runtime/library.js(118,1886): error TS7006: Parameter 'n' implicitly has an 'any' type.
generated/prisma/runtime/library.js(118,1920): error TS7006: Parameter 'e' implicitly has an 'any' type.
generated/prisma/runtime/library.js(118,1986): error TS7006: Parameter 'e' implicitly has an 'any' type.
generated/prisma/runtime/library.js(118,1988): error TS7006: Parameter 'r' implicitly has an 'any' type.
generated/prisma/runtime/library.js(118,2019): error TS7006: Parameter 't' implicitly has an 'any' type.
generated/prisma/runtime/library.js(118,2041): error TS7023: 'Ul' implicitly has return type 'any' because it does not have a return type annotation and is referenced directly or indirectly in one of its return expressions.
generated/prisma/runtime/library.js(118,2044): error TS7006: Parameter 'e' implicitly has an 'any' type.
generated/prisma/runtime/library.js(118,2046): error TS7006: Parameter 'r' implicitly has an 'any' type.
generated/prisma/runtime/library.js(118,2082): error TS7024: Function implicitly has return type 'any' because it does not have a return type annotation and is referenced directly or indirectly in one of its return expressions.
generated/prisma/runtime/library.js(118,2689): error TS7006: Parameter 'e' implicitly has an 'any' type.
generated/prisma/runtime/library.js(118,2883): error TS7023: 'Gl' implicitly has return type 'any' because it does not have a return type annotation and is referenced directly or indirectly in one of its return expressions.
generated/prisma/runtime/library.js(118,2886): error TS7006: Parameter 'e' implicitly has an 'any' type.
generated/prisma/runtime/library.js(118,3053): error TS7053: Element implicitly has an 'any' type because expression of type 'string' can't be used to index type '{}'.
  No index signature with a parameter of type 'string' was found on type '{}'.
generated/prisma/runtime/library.js(118,3085): error TS7023: 'Bl' implicitly has return type 'any' because it does not have a return type annotation and is referenced directly or indirectly in one of its return expressions.
generated/prisma/runtime/library.js(118,3088): error TS7006: Parameter 'e' implicitly has an 'any' type.
generated/prisma/runtime/library.js(118,3194): error TS7006: Parameter 'e' implicitly has an 'any' type.
generated/prisma/runtime/library.js(118,3196): error TS7006: Parameter 'r' implicitly has an 'any' type.
generated/prisma/runtime/library.js(118,3198): error TS7006: Parameter 't' implicitly has an 'any' type.
generated/prisma/runtime/library.js(118,3200): error TS7006: Parameter 'n' implicitly has an 'any' type.
generated/prisma/runtime/library.js(125,26): error TS7031: Binding element 'e' implicitly has an 'any' type.
generated/prisma/runtime/library.js(125,43): error TS7031: Binding element 'r' implicitly has an 'any' type.
generated/prisma/runtime/library.js(125,48): error TS7006: Parameter 't' implicitly has an 'any' type.
generated/prisma/runtime/library.js(125,729): error TS7006: Parameter 'e' implicitly has an 'any' type.
generated/prisma/runtime/library.js(125,791): error TS7006: Parameter 'e' implicitly has an 'any' type.
generated/prisma/runtime/library.js(125,861): error TS7006: Parameter 'e' implicitly has an 'any' type.
generated/prisma/runtime/library.js(125,903): error TS7006: Parameter 'e' implicitly has an 'any' type.
generated/prisma/runtime/library.js(125,932): error TS7006: Parameter 'e' implicitly has an 'any' type.
generated/prisma/runtime/library.js(125,951): error TS7006: Parameter 't' implicitly has an 'any' type.
generated/prisma/runtime/library.js(125,953): error TS7006: Parameter 'n' implicitly has an 'any' type.
generated/prisma/runtime/library.js(125,1102): error TS7006: Parameter 's' implicitly has an 'any' type.
generated/prisma/runtime/library.js(125,1104): error TS7006: Parameter 'a' implicitly has an 'any' type.
generated/prisma/runtime/library.js(125,1135): error TS7006: Parameter 's' implicitly has an 'any' type.
generated/prisma/runtime/library.js(125,1167): error TS7006: Parameter 's' implicitly has an 'any' type.
generated/prisma/runtime/library.js(125,1212): error TS7006: Parameter 's' implicitly has an 'any' type.
generated/prisma/runtime/library.js(125,1332): error TS7006: Parameter 'e' implicitly has an 'any' type.
generated/prisma/runtime/library.js(125,1537): error TS7006: Parameter 'e' implicitly has an 'any' type.
generated/prisma/runtime/library.js(125,1539): error TS7006: Parameter 'r' implicitly has an 'any' type.
generated/prisma/runtime/library.js(125,1640): error TS7006: Parameter 'r' implicitly has an 'any' type.
generated/prisma/runtime/library.js(125,1718): error TS7006: Parameter 'r' implicitly has an 'any' type.
generated/prisma/runtime/library.js(125,1871): error TS7006: Parameter 'r' implicitly has an 'any' type.
generated/prisma/runtime/library.js(125,1873): error TS7006: Parameter 't' implicitly has an 'any' type.
generated/prisma/runtime/library.js(125,1964): error TS7053: Element implicitly has an 'any' type because expression of type '`V${any}_PRISMA_INSTRUMENTATION`' can't be used to index type 'typeof globalThis'.
generated/prisma/runtime/library.js(125,2021): error TS7017: Element implicitly has an 'any' type because type 'typeof globalThis' has no index signature.
generated/prisma/runtime/library.js(125,2118): error TS7006: Parameter 'e' implicitly has an 'any' type.
generated/prisma/runtime/library.js(125,2134): error TS7034: Variable 't' implicitly has type 'any' in some locations where its type cannot be determined.
generated/prisma/runtime/library.js(125,2170): error TS7006: Parameter 'i' implicitly has an 'any' type.
generated/prisma/runtime/library.js(125,2188): error TS7005: Variable 't' implicitly has an 'any' type.
generated/prisma/runtime/library.js(125,2216): error TS7006: Parameter 'e' implicitly has an 'any' type.
generated/prisma/runtime/library.js(125,2257): error TS7006: Parameter 'r' implicitly has an 'any' type.
generated/prisma/runtime/library.js(125,2259): error TS7006: Parameter 't' implicitly has an 'any' type.
generated/prisma/runtime/library.js(125,2378): error TS7006: Parameter 'e' implicitly has an 'any' type.
generated/prisma/runtime/library.js(125,2435): error TS7006: Parameter 'e' implicitly has an 'any' type.
generated/prisma/runtime/library.js(125,2652): error TS7023: 'Co' implicitly has return type 'any' because it does not have a return type annotation and is referenced directly or indirectly in one of its return expressions.
generated/prisma/runtime/library.js(125,2655): error TS7006: Parameter 'e' implicitly has an 'any' type.
generated/prisma/runtime/library.js(125,2694): error TS7024: Function implicitly has return type 'any' because it does not have a return type annotation and is referenced directly or indirectly in one of its return expressions.
generated/prisma/runtime/library.js(125,3115): error TS7006: Parameter 'e' implicitly has an 'any' type.
generated/prisma/runtime/library.js(125,3125): error TS7053: Element implicitly has an 'any' type because expression of type 'any' can't be used to index type '{ aggregate: boolean; aggregateRaw: boolean; createMany: boolean; createManyAndReturn: boolean; createOne: boolean; deleteMany: boolean; deleteOne: boolean; executeRaw: boolean; findFirst: boolean; ... 11 more ...; upsertOne: boolean; }'.
generated/prisma/runtime/library.js(125,3156): error TS7006: Parameter 'r' implicitly has an 'any' type.
generated/prisma/runtime/library.js(125,3220): error TS7006: Parameter 'r' implicitly has an 'any' type.
generated/prisma/runtime/library.js(125,3263): error TS7053: Element implicitly has an 'any' type because expression of type 'any' can't be used to index type '{}'.
generated/prisma/runtime/library.js(125,3281): error TS7053: Element implicitly has an 'any' type because expression of type 'any' can't be used to index type '{}'.
generated/prisma/runtime/library.js(125,3425): error TS7053: Element implicitly has an 'any' type because expression of type 'any' can't be used to index type '{}'.
generated/prisma/runtime/library.js(125,3561): error TS7053: Element implicitly has an 'any' type because expression of type 'string' can't be used to index type '{}'.
  No index signature with a parameter of type 'string' was found on type '{}'.
generated/prisma/runtime/library.js(125,3584): error TS7053: Element implicitly has an 'any' type because expression of type 'string' can't be used to index type '{}'.
  No index signature with a parameter of type 'string' was found on type '{}'.
generated/prisma/runtime/library.js(125,3658): error TS7006: Parameter 'n' implicitly has an 'any' type.
generated/prisma/runtime/library.js(125,3720): error TS7006: Parameter 'n' implicitly has an 'any' type.
generated/prisma/runtime/library.js(125,3750): error TS7006: Parameter 'n' implicitly has an 'any' type.
generated/prisma/runtime/library.js(125,3752): error TS7006: Parameter 'i' implicitly has an 'any' type.
generated/prisma/runtime/library.js(125,3833): error TS7006: Parameter 'n' implicitly has an 'any' type.
generated/prisma/runtime/library.js(125,3853): error TS7006: Parameter 'n' implicitly has an 'any' type.
generated/prisma/runtime/library.js(125,4024): error TS7006: Parameter 'n' implicitly has an 'any' type.
generated/prisma/runtime/library.js(125,4133): error TS7006: Parameter 'e' implicitly has an 'any' type.
generated/prisma/runtime/library.js(125,4135): error TS7006: Parameter 'r' implicitly has an 'any' type.
generated/prisma/runtime/library.js(125,4460): error TS7006: Parameter 't' implicitly has an 'any' type.
generated/prisma/runtime/library.js(125,4510): error TS7006: Parameter 't' implicitly has an 'any' type.
generated/prisma/runtime/library.js(125,4561): error TS7006: Parameter 't' implicitly has an 'any' type.
generated/prisma/runtime/library.js(125,4615): error TS7006: Parameter 't' implicitly has an 'any' type.
generated/prisma/runtime/library.js(125,4666): error TS7006: Parameter 't' implicitly has an 'any' type.
generated/prisma/runtime/library.js(125,4713): error TS7006: Parameter 't' implicitly has an 'any' type.
generated/prisma/runtime/library.js(125,4760): error TS7006: Parameter 'e' implicitly has an 'any' type.
generated/prisma/runtime/library.js(125,4865): error TS7053: Element implicitly has an 'any' type because expression of type 'any' can't be used to index type '{}'.
generated/prisma/runtime/library.js(125,4932): error TS7006: Parameter 'e' implicitly has an 'any' type.
generated/prisma/runtime/library.js(125,4979): error TS7053: Element implicitly has an 'any' type because expression of type 'any' can't be used to index type '{}'.
generated/prisma/runtime/library.js(125,5101): error TS7006: Parameter 'r' implicitly has an 'any' type.
generated/prisma/runtime/library.js(125,5103): error TS7006: Parameter 't' implicitly has an 'any' type.
generated/prisma/runtime/library.js(125,5193): error TS7031: Binding element 'n' implicitly has an 'any' type.
generated/prisma/runtime/library.js(125,5216): error TS7031: Binding element 'i' implicitly has an 'any' type.
generated/prisma/runtime/library.js(125,5270): error TS7006: Parameter 'p' implicitly has an 'any' type.
generated/prisma/runtime/library.js(125,5346): error TS7006: Parameter 'p' implicitly has an 'any' type.
generated/prisma/runtime/library.js(125,5505): error TS7006: Parameter 'p' implicitly has an 'any' type.
generated/prisma/runtime/library.js(125,5507): error TS7006: Parameter 'd' implicitly has an 'any' type.
generated/prisma/runtime/library.js(125,5630): error TS7006: Parameter 'n' implicitly has an 'any' type.
generated/prisma/runtime/library.js(125,5955): error TS7006: Parameter 'n' implicitly has an 'any' type.
generated/prisma/runtime/library.js(125,6041): error TS7006: Parameter 'n' implicitly has an 'any' type.
generated/prisma/runtime/library.js(125,6043): error TS7006: Parameter 'i' implicitly has an 'any' type.
generated/prisma/runtime/library.js(125,6173): error TS7006: Parameter 'r' implicitly has an 'any' type.
generated/prisma/runtime/library.js(125,6451): error TS7031: Binding element 'r' implicitly has an 'any' type.
generated/prisma/runtime/library.js(125,6462): error TS7031: Binding element 't' implicitly has an 'any' type.
generated/prisma/runtime/library.js(125,6465): error TS7006: Parameter 'n' implicitly has an 'any' type.
generated/prisma/runtime/library.js(125,6581): error TS7006: Parameter 'r' implicitly has an 'any' type.
generated/prisma/runtime/library.js(125,6685): error TS18046: 't' is of type 'unknown'.
generated/prisma/runtime/library.js(125,6767): error TS7031: Binding element 'r' implicitly has an 'any' type.
generated/prisma/runtime/library.js(125,6782): error TS7031: Binding element 't' implicitly has an 'any' type.
generated/prisma/runtime/library.js(125,6793): error TS7031: Binding element 'n' implicitly has an 'any' type.
generated/prisma/runtime/library.js(125,6807): error TS7031: Binding element 'i' implicitly has an 'any' type.
generated/prisma/runtime/library.js(125,6814): error TS7031: Binding element 'o' implicitly has an 'any' type.
generated/prisma/runtime/library.js(125,6826): error TS7031: Binding element 's' implicitly has an 'any' type.
generated/prisma/runtime/library.js(125,6839): error TS7031: Binding element 'a' implicitly has an 'any' type.
generated/prisma/runtime/library.js(125,7733): error TS7006: Parameter 'r' implicitly has an 'any' type.
generated/prisma/runtime/library.js(125,7820): error TS7006: Parameter 'r' implicitly has an 'any' type.
generated/prisma/runtime/library.js(125,7822): error TS7006: Parameter 't' implicitly has an 'any' type.
generated/prisma/runtime/library.js(125,7824): error TS7006: Parameter 'n' implicitly has an 'any' type.
generated/prisma/runtime/library.js(125,7924): error TS7006: Parameter 'u' implicitly has an 'any' type.
generated/prisma/runtime/library.js(125,8074): error TS7006: Parameter 'e' implicitly has an 'any' type.
generated/prisma/runtime/library.js(125,8263): error TS7006: Parameter 'e' implicitly has an 'any' type.
generated/prisma/runtime/library.js(125,8312): error TS7006: Parameter 'e' implicitly has an 'any' type.
generated/prisma/runtime/library.js(125,8314): error TS7006: Parameter 'r' implicitly has an 'any' type.
generated/prisma/runtime/library.js(125,8390): error TS7006: Parameter 'e' implicitly has an 'any' type.
generated/prisma/runtime/library.js(125,8447): error TS7006: Parameter 'e' implicitly has an 'any' type.
generated/prisma/runtime/library.js(125,8678): error TS7006: Parameter 'r' implicitly has an 'any' type.
generated/prisma/runtime/library.js(126,423): error TS7006: Parameter 'e' implicitly has an 'any' type.
generated/prisma/runtime/library.js(126,442): error TS7031: Binding element 'r' implicitly has an 'any' type.
generated/prisma/runtime/library.js(129,71): error TS7006: Parameter 'e' implicitly has an 'any' type.
generated/prisma/runtime/library.js(129,73): error TS7006: Parameter 'r' implicitly has an 'any' type.
generated/prisma/runtime/library.js(129,519): error TS7006: Parameter 'e' implicitly has an 'any' type.
generated/prisma/runtime/library.js(130,46): error TS7006: Parameter 'e' implicitly has an 'any' type.
generated/prisma/runtime/library.js(130,308): error TS7006: Parameter 'e' implicitly has an 'any' type.
generated/prisma/runtime/library.js(130,455): error TS7006: Parameter 't' implicitly has an 'any' type.
generated/prisma/runtime/library.js(130,637): error TS7006: Parameter 'i' implicitly has an 'any' type.
generated/prisma/runtime/library.js(130,878): error TS7053: Element implicitly has an 'any' type because expression of type 'string' can't be used to index type '{ level: (t: any) => void; emit: (i: any) => void; }'.
  No index signature with a parameter of type 'string' was found on type '{ level: (t: any) => void; emit: (i: any) => void; }'.
generated/prisma/runtime/library.js(130,883): error TS7053: Element implicitly has an 'any' type because expression of type 'string' can't be used to index type '{ level: (t: any) => void; emit: (i: any) => void; }'.
  No index signature with a parameter of type 'string' was found on type '{ level: (t: any) => void; emit: (i: any) => void; }'.
generated/prisma/runtime/library.js(130,1001): error TS7006: Parameter 'e' implicitly has an 'any' type.
generated/prisma/runtime/library.js(130,1377): error TS7006: Parameter 'e' implicitly has an 'any' type.
generated/prisma/runtime/library.js(130,1379): error TS7006: Parameter 'r' implicitly has an 'any' type.
generated/prisma/runtime/library.js(130,1708): error TS7006: Parameter 'u' implicitly has an 'any' type.
generated/prisma/runtime/library.js(130,2002): error TS7006: Parameter 'e' implicitly has an 'any' type.
generated/prisma/runtime/library.js(130,2369): error TS7006: Parameter 'e' implicitly has an 'any' type.
generated/prisma/runtime/library.js(130,2371): error TS7006: Parameter 'r' implicitly has an 'any' type.
generated/prisma/runtime/library.js(130,2522): error TS7053: Element implicitly has an 'any' type because expression of type 'string' can't be used to index type '{ datasources: (e: any, { datasourceNames: r }: { datasourceNames: any; }) => void; adapter: (e: any, r: any) => void; datasourceUrl: (e: any) => void; errorFormat: (e: any) => void; log: (e: any) => void; transactionOptions: (e: any) => void; omit: (e: any, r: any) => void; __internal: (e: any) => void; }'.
  No index signature with a parameter of type 'string' was found on type '{ datasources: (e: any, { datasourceNames: r }: { datasourceNames: any; }) => void; adapter: (e: any, r: any) => void; datasourceUrl: (e: any) => void; errorFormat: (e: any) => void; log: (e: any) => void; transactionOptions: (e: any) => void; omit: (e: any, r: any) => void; __internal: (e: any) => void; }'.
generated/prisma/runtime/library.js(130,2683): error TS7006: Parameter 'e' implicitly has an 'any' type.
generated/prisma/runtime/library.js(130,2685): error TS7006: Parameter 'r' implicitly has an 'any' type.
generated/prisma/runtime/library.js(130,2795): error TS7006: Parameter 'e' implicitly has an 'any' type.
generated/prisma/runtime/library.js(130,2797): error TS7006: Parameter 'r' implicitly has an 'any' type.
generated/prisma/runtime/library.js(130,2840): error TS7006: Parameter 'i' implicitly has an 'any' type.
generated/prisma/runtime/library.js(130,2893): error TS7006: Parameter 'i' implicitly has an 'any' type.
generated/prisma/runtime/library.js(130,2895): error TS7006: Parameter 'o' implicitly has an 'any' type.
generated/prisma/runtime/library.js(130,2983): error TS7006: Parameter 'e' implicitly has an 'any' type.
generated/prisma/runtime/library.js(130,2985): error TS7006: Parameter 'r' implicitly has an 'any' type.
generated/prisma/runtime/library.js(130,3037): error TS7006: Parameter 'e' implicitly has an 'any' type.
generated/prisma/runtime/library.js(130,3039): error TS7006: Parameter 'r' implicitly has an 'any' type.
generated/prisma/runtime/library.js(130,3111): error TS7006: Parameter 'e' implicitly has an 'any' type.
generated/prisma/runtime/library.js(130,3113): error TS7006: Parameter 'r' implicitly has an 'any' type.
generated/prisma/runtime/library.js(134,19): error TS7006: Parameter 'e' implicitly has an 'any' type.
generated/prisma/runtime/library.js(134,108): error TS7034: Variable 'i' implicitly has type 'any' in some locations where its type cannot be determined.
generated/prisma/runtime/library.js(134,159): error TS7005: Variable 'i' implicitly has an 'any' type.
generated/prisma/runtime/library.js(134,176): error TS7006: Parameter 'u' implicitly has an 'any' type.
generated/prisma/runtime/library.js(134,233): error TS7006: Parameter 'c' implicitly has an 'any' type.
generated/prisma/runtime/library.js(134,249): error TS7006: Parameter 'c' implicitly has an 'any' type.
generated/prisma/runtime/library.js(134,304): error TS7005: Variable 'i' implicitly has an 'any' type.
generated/prisma/runtime/library.js(134,389): error TS7017: Element implicitly has an 'any' type because type 'typeof globalThis' has no index signature.
generated/prisma/runtime/library.js(134,441): error TS7006: Parameter 'e' implicitly has an 'any' type.
generated/prisma/runtime/library.js(134,474): error TS7006: Parameter 'e' implicitly has an 'any' type.
generated/prisma/runtime/library.js(134,574): error TS7006: Parameter 'e' implicitly has an 'any' type.
generated/prisma/runtime/library.js(134,640): error TS7008: Member '_connectionPromise' implicitly has an 'any' type.
generated/prisma/runtime/library.js(134,659): error TS7008: Member '_disconnectionPromise' implicitly has an 'any' type.
generated/prisma/runtime/library.js(134,880): error TS7006: Parameter 'n' implicitly has an 'any' type.
generated/prisma/runtime/library.js(134,2113): error TS2339: Property 'enable' does not exist on type '(e: any) => (...n: any[]) => void'.
generated/prisma/runtime/library.js(134,2870): error TS7006: Parameter 'f' implicitly has an 'any' type.
generated/prisma/runtime/library.js(134,4070): error TS7006: Parameter 'g' implicitly has an 'any' type.
generated/prisma/runtime/library.js(134,4077): error TS2339: Property 'log' does not exist on type '{}'.
generated/prisma/runtime/library.js(134,4087): error TS2339: Property 'tags' does not exist on type '{}'.
generated/prisma/runtime/library.js(134,4139): error TS18046: 'l' is of type 'unknown'.
generated/prisma/runtime/library.js(134,4264): error TS7006: Parameter 'n' implicitly has an 'any' type.
generated/prisma/runtime/library.js(134,4266): error TS7006: Parameter 'i' implicitly has an 'any' type.
generated/prisma/runtime/library.js(134,4319): error TS2554: Expected 0 arguments, but got 1.
generated/prisma/runtime/library.js(134,4426): error TS18046: 'n' is of type 'unknown'.
generated/prisma/runtime/library.js(134,4530): error TS18046: 'n' is of type 'unknown'.
generated/prisma/runtime/library.js(134,4602): error TS7006: Parameter 'n' implicitly has an 'any' type.
generated/prisma/runtime/library.js(134,4604): error TS7006: Parameter 'i' implicitly has an 'any' type.
generated/prisma/runtime/library.js(134,4606): error TS7006: Parameter 'o' implicitly has an 'any' type.
generated/prisma/runtime/library.js(134,4608): error TS7006: Parameter 's' implicitly has an 'any' type.
generated/prisma/runtime/library.js(134,4845): error TS7006: Parameter 'n' implicitly has an 'any' type.
generated/prisma/runtime/library.js(134,4847): error TS7019: Rest parameter 'i' implicitly has an 'any[]' type.
generated/prisma/runtime/library.js(134,4886): error TS7006: Parameter 'o' implicitly has an 'any' type.
generated/prisma/runtime/library.js(134,5487): error TS7006: Parameter 'n' implicitly has an 'any' type.
generated/prisma/runtime/library.js(134,5489): error TS7019: Rest parameter 'i' implicitly has an 'any[]' type.
generated/prisma/runtime/library.js(134,5528): error TS7006: Parameter 'o' implicitly has an 'any' type.
generated/prisma/runtime/library.js(134,5682): error TS7006: Parameter 'n' implicitly has an 'any' type.
generated/prisma/runtime/library.js(134,5893): error TS7006: Parameter 'i' implicitly has an 'any' type.
generated/prisma/runtime/library.js(134,6069): error TS7006: Parameter 'n' implicitly has an 'any' type.
generated/prisma/runtime/library.js(134,6071): error TS7006: Parameter 'i' implicitly has an 'any' type.
generated/prisma/runtime/library.js(134,6073): error TS7006: Parameter 'o' implicitly has an 'any' type.
generated/prisma/runtime/library.js(134,6075): error TS7006: Parameter 's' implicitly has an 'any' type.
generated/prisma/runtime/library.js(134,6308): error TS7006: Parameter 'n' implicitly has an 'any' type.
generated/prisma/runtime/library.js(134,6310): error TS7019: Rest parameter 'i' implicitly has an 'any[]' type.
generated/prisma/runtime/library.js(134,6349): error TS7006: Parameter 'o' implicitly has an 'any' type.
generated/prisma/runtime/library.js(134,6808): error TS7006: Parameter 'n' implicitly has an 'any' type.
generated/prisma/runtime/library.js(134,6844): error TS7006: Parameter 'i' implicitly has an 'any' type.
generated/prisma/runtime/library.js(134,7087): error TS7006: Parameter 'n' implicitly has an 'any' type.
generated/prisma/runtime/library.js(134,7089): error TS7019: Rest parameter 'i' implicitly has an 'any[]' type.
generated/prisma/runtime/library.js(134,7128): error TS7006: Parameter 'o' implicitly has an 'any' type.
generated/prisma/runtime/library.js(134,7217): error TS7031: Binding element 'n' implicitly has an 'any' type.
generated/prisma/runtime/library.js(134,7227): error TS7031: Binding element 'i' implicitly has an 'any' type.
generated/prisma/runtime/library.js(134,7273): error TS7006: Parameter 'l' implicitly has an 'any' type.
generated/prisma/runtime/library.js(134,7275): error TS7006: Parameter 'u' implicitly has an 'any' type.
generated/prisma/runtime/library.js(134,7748): error TS7031: Binding element 'n' implicitly has an 'any' type.
generated/prisma/runtime/library.js(134,7758): error TS7031: Binding element 'i' implicitly has an 'any' type.
generated/prisma/runtime/library.js(134,8303): error TS7006: Parameter 'n' implicitly has an 'any' type.
generated/prisma/runtime/library.js(134,8476): error TS7006: Parameter 'n' implicitly has an 'any' type.
generated/prisma/runtime/library.js(134,8478): error TS7006: Parameter 'i' implicitly has an 'any' type.
generated/prisma/runtime/library.js(134,9039): error TS7006: Parameter 'n' implicitly has an 'any' type.
generated/prisma/runtime/library.js(134,9391): error TS7006: Parameter 'l' implicitly has an 'any' type.
generated/prisma/runtime/library.js(134,9886): error TS7031: Binding element 'n' implicitly has an 'any' type.
generated/prisma/runtime/library.js(134,9901): error TS7031: Binding element 'i' implicitly has an 'any' type.
generated/prisma/runtime/library.js(134,9912): error TS7031: Binding element 'o' implicitly has an 'any' type.
generated/prisma/runtime/library.js(134,9923): error TS7031: Binding element 's' implicitly has an 'any' type.
generated/prisma/runtime/library.js(134,9932): error TS7031: Binding element 'a' implicitly has an 'any' type.
generated/prisma/runtime/library.js(134,9940): error TS7031: Binding element 'l' implicitly has an 'any' type.
generated/prisma/runtime/library.js(134,9953): error TS7031: Binding element 'u' implicitly has an 'any' type.
generated/prisma/runtime/library.js(134,9967): error TS7031: Binding element 'c' implicitly has an 'any' type.
generated/prisma/runtime/library.js(134,9978): error TS7031: Binding element 'p' implicitly has an 'any' type.
generated/prisma/runtime/library.js(134,9994): error TS7031: Binding element 'd' implicitly has an 'any' type.
generated/prisma/runtime/library.js(134,10017): error TS7031: Binding element 'f' implicitly has an 'any' type.
generated/prisma/runtime/library.js(134,10372): error TS2339: Property 'enabled' does not exist on type '(e: any) => (...n: any[]) => void'.
generated/prisma/runtime/library.js(135,337): error TS18046: 'h' is of type 'unknown'.
generated/prisma/runtime/library.js(135,414): error TS7006: Parameter 'n' implicitly has an 'any' type.
generated/prisma/runtime/library.js(135,577): error TS7006: Parameter 'e' implicitly has an 'any' type.
generated/prisma/runtime/library.js(135,579): error TS7006: Parameter 'r' implicitly has an 'any' type.
generated/prisma/runtime/library.js(135,631): error TS7006: Parameter 'e' implicitly has an 'any' type.
generated/prisma/runtime/library.js(135,675): error TS2339: Property 'raw' does not exist on type 'any[]'.
generated/prisma/runtime/library.js(135,828): error TS7006: Parameter 'e' implicitly has an 'any' type.
generated/prisma/runtime/library.js(135,967): error TS7006: Parameter 'e' implicitly has an 'any' type.
generated/prisma/runtime/library.js(135,1019): error TS2303: Circular definition of import alias 'DMMF'.
generated/prisma/runtime/library.js(135,1019): error TS18004: No value exists in scope for the shorthand property 'DMMF'. Either declare one or provide an initializer.
generated/prisma/runtime/library.js(135,1024): error TS2303: Circular definition of import alias 'Debug'.
generated/prisma/runtime/library.js(135,1024): error TS18004: No value exists in scope for the shorthand property 'Debug'. Either declare one or provide an initializer.
generated/prisma/runtime/library.js(135,1030): error TS2303: Circular definition of import alias 'Decimal'.
generated/prisma/runtime/library.js(135,1030): error TS18004: No value exists in scope for the shorthand property 'Decimal'. Either declare one or provide an initializer.
generated/prisma/runtime/library.js(135,1038): error TS2303: Circular definition of import alias 'Extensions'.
generated/prisma/runtime/library.js(135,1038): error TS18004: No value exists in scope for the shorthand property 'Extensions'. Either declare one or provide an initializer.
generated/prisma/runtime/library.js(135,1049): error TS2303: Circular definition of import alias 'MetricsClient'.
generated/prisma/runtime/library.js(135,1049): error TS18004: No value exists in scope for the shorthand property 'MetricsClient'. Either declare one or provide an initializer.
generated/prisma/runtime/library.js(135,1063): error TS2303: Circular definition of import alias 'PrismaClientInitializationError'.
generated/prisma/runtime/library.js(135,1063): error TS18004: No value exists in scope for the shorthand property 'PrismaClientInitializationError'. Either declare one or provide an initializer.
generated/prisma/runtime/library.js(135,1095): error TS2303: Circular definition of import alias 'PrismaClientKnownRequestError'.
generated/prisma/runtime/library.js(135,1095): error TS18004: No value exists in scope for the shorthand property 'PrismaClientKnownRequestError'. Either declare one or provide an initializer.
generated/prisma/runtime/library.js(135,1125): error TS2303: Circular definition of import alias 'PrismaClientRustPanicError'.
generated/prisma/runtime/library.js(135,1125): error TS18004: No value exists in scope for the shorthand property 'PrismaClientRustPanicError'. Either declare one or provide an initializer.
generated/prisma/runtime/library.js(135,1152): error TS2303: Circular definition of import alias 'PrismaClientUnknownRequestError'.
generated/prisma/runtime/library.js(135,1152): error TS18004: No value exists in scope for the shorthand property 'PrismaClientUnknownRequestError'. Either declare one or provide an initializer.
generated/prisma/runtime/library.js(135,1184): error TS2303: Circular definition of import alias 'PrismaClientValidationError'.
generated/prisma/runtime/library.js(135,1184): error TS18004: No value exists in scope for the shorthand property 'PrismaClientValidationError'. Either declare one or provide an initializer.
generated/prisma/runtime/library.js(135,1212): error TS2303: Circular definition of import alias 'Public'.
generated/prisma/runtime/library.js(135,1212): error TS18004: No value exists in scope for the shorthand property 'Public'. Either declare one or provide an initializer.
generated/prisma/runtime/library.js(135,1219): error TS2303: Circular definition of import alias 'Sql'.
generated/prisma/runtime/library.js(135,1219): error TS18004: No value exists in scope for the shorthand property 'Sql'. Either declare one or provide an initializer.
generated/prisma/runtime/library.js(135,1223): error TS2303: Circular definition of import alias 'createParam'.
generated/prisma/runtime/library.js(135,1223): error TS18004: No value exists in scope for the shorthand property 'createParam'. Either declare one or provide an initializer.
generated/prisma/runtime/library.js(135,1235): error TS2303: Circular definition of import alias 'defineDmmfProperty'.
generated/prisma/runtime/library.js(135,1235): error TS18004: No value exists in scope for the shorthand property 'defineDmmfProperty'. Either declare one or provide an initializer.
generated/prisma/runtime/library.js(135,1254): error TS2303: Circular definition of import alias 'deserializeJsonResponse'.
generated/prisma/runtime/library.js(135,1254): error TS18004: No value exists in scope for the shorthand property 'deserializeJsonResponse'. Either declare one or provide an initializer.
generated/prisma/runtime/library.js(135,1278): error TS2303: Circular definition of import alias 'deserializeRawResult'.
generated/prisma/runtime/library.js(135,1278): error TS18004: No value exists in scope for the shorthand property 'deserializeRawResult'. Either declare one or provide an initializer.
generated/prisma/runtime/library.js(135,1299): error TS2303: Circular definition of import alias 'dmmfToRuntimeDataModel'.
generated/prisma/runtime/library.js(135,1299): error TS18004: No value exists in scope for the shorthand property 'dmmfToRuntimeDataModel'. Either declare one or provide an initializer.
generated/prisma/runtime/library.js(135,1322): error TS2303: Circular definition of import alias 'empty'.
generated/prisma/runtime/library.js(135,1322): error TS18004: No value exists in scope for the shorthand property 'empty'. Either declare one or provide an initializer.
generated/prisma/runtime/library.js(135,1328): error TS2303: Circular definition of import alias 'getPrismaClient'.
generated/prisma/runtime/library.js(135,1328): error TS18004: No value exists in scope for the shorthand property 'getPrismaClient'. Either declare one or provide an initializer.
generated/prisma/runtime/library.js(135,1344): error TS2303: Circular definition of import alias 'getRuntime'.
generated/prisma/runtime/library.js(135,1344): error TS18004: No value exists in scope for the shorthand property 'getRuntime'. Either declare one or provide an initializer.
generated/prisma/runtime/library.js(135,1355): error TS2303: Circular definition of import alias 'join'.
generated/prisma/runtime/library.js(135,1355): error TS18004: No value exists in scope for the shorthand property 'join'. Either declare one or provide an initializer.
generated/prisma/runtime/library.js(135,1360): error TS2303: Circular definition of import alias 'makeStrictEnum'.
generated/prisma/runtime/library.js(135,1360): error TS18004: No value exists in scope for the shorthand property 'makeStrictEnum'. Either declare one or provide an initializer.
generated/prisma/runtime/library.js(135,1375): error TS2303: Circular definition of import alias 'makeTypedQueryFactory'.
generated/prisma/runtime/library.js(135,1375): error TS18004: No value exists in scope for the shorthand property 'makeTypedQueryFactory'. Either declare one or provide an initializer.
generated/prisma/runtime/library.js(135,1397): error TS2303: Circular definition of import alias 'objectEnumValues'.
generated/prisma/runtime/library.js(135,1397): error TS18004: No value exists in scope for the shorthand property 'objectEnumValues'. Either declare one or provide an initializer.
generated/prisma/runtime/library.js(135,1414): error TS2303: Circular definition of import alias 'raw'.
generated/prisma/runtime/library.js(135,1414): error TS18004: No value exists in scope for the shorthand property 'raw'. Either declare one or provide an initializer.
generated/prisma/runtime/library.js(135,1418): error TS2303: Circular definition of import alias 'serializeJsonQuery'.
generated/prisma/runtime/library.js(135,1418): error TS18004: No value exists in scope for the shorthand property 'serializeJsonQuery'. Either declare one or provide an initializer.
generated/prisma/runtime/library.js(135,1437): error TS2303: Circular definition of import alias 'skip'.
generated/prisma/runtime/library.js(135,1437): error TS18004: No value exists in scope for the shorthand property 'skip'. Either declare one or provide an initializer.
generated/prisma/runtime/library.js(135,1442): error TS2303: Circular definition of import alias 'sqltag'.
generated/prisma/runtime/library.js(135,1442): error TS18004: No value exists in scope for the shorthand property 'sqltag'. Either declare one or provide an initializer.
generated/prisma/runtime/library.js(135,1449): error TS2303: Circular definition of import alias 'warnEnvConflicts'.
generated/prisma/runtime/library.js(135,1449): error TS18004: No value exists in scope for the shorthand property 'warnEnvConflicts'. Either declare one or provide an initializer.
generated/prisma/runtime/library.js(135,1466): error TS2303: Circular definition of import alias 'warnOnce'.
generated/prisma/runtime/library.js(135,1466): error TS18004: No value exists in scope for the shorthand property 'warnOnce'. Either declare one or provide an initializer.
generated/prisma/runtime/react-native.js(5,209): error TS7006: Parameter 'e' implicitly has an 'any' type.
generated/prisma/runtime/react-native.js(5,211): error TS7006: Parameter 't' implicitly has an 'any' type.
generated/prisma/runtime/react-native.js(5,245): error TS7006: Parameter 'e' implicitly has an 'any' type.
generated/prisma/runtime/react-native.js(5,247): error TS7006: Parameter 't' implicitly has an 'any' type.
generated/prisma/runtime/react-native.js(5,304): error TS7006: Parameter 'e' implicitly has an 'any' type.
generated/prisma/runtime/react-native.js(5,306): error TS7006: Parameter 't' implicitly has an 'any' type.
generated/prisma/runtime/react-native.js(5,364): error TS7006: Parameter 'e' implicitly has an 'any' type.
generated/prisma/runtime/react-native.js(5,366): error TS7006: Parameter 't' implicitly has an 'any' type.
generated/prisma/runtime/react-native.js(5,368): error TS7006: Parameter 'r' implicitly has an 'any' type.
generated/prisma/runtime/react-native.js(5,370): error TS7006: Parameter 'n' implicitly has an 'any' type.
generated/prisma/runtime/react-native.js(5,542): error TS7006: Parameter 'e' implicitly has an 'any' type.
generated/prisma/runtime/react-native.js(5,544): error TS7006: Parameter 't' implicitly has an 'any' type.
generated/prisma/runtime/react-native.js(5,546): error TS7006: Parameter 'r' implicitly has an 'any' type.
generated/prisma/runtime/react-native.js(5,647): error TS7006: Parameter 'e' implicitly has an 'any' type.
generated/prisma/runtime/react-native.js(5,691): error TS7034: Variable 'y' implicitly has type 'any' in some locations where its type cannot be determined.
generated/prisma/runtime/react-native.js(5,731): error TS7006: Parameter 'e' implicitly has an 'any' type.
generated/prisma/runtime/react-native.js(5,733): error TS7019: Rest parameter 't' implicitly has an 'any[]' type.
generated/prisma/runtime/react-native.js(5,1021): error TS7034: Variable 'b' implicitly has type 'any' in some locations where its type cannot be determined.
generated/prisma/runtime/react-native.js(5,1072): error TS7006: Parameter 't' implicitly has an 'any' type.
generated/prisma/runtime/react-native.js(5,1128): error TS7006: Parameter 'nt' implicitly has an 'any' type.
generated/prisma/runtime/react-native.js(5,1174): error TS7006: Parameter 'e' implicitly has an 'any' type.
generated/prisma/runtime/react-native.js(5,1176): error TS7006: Parameter 't' implicitly has an 'any' type.
generated/prisma/runtime/react-native.js(5,1235): error TS7006: Parameter 'e' implicitly has an 'any' type.
generated/prisma/runtime/react-native.js(5,1305): error TS7034: Variable 't' implicitly has type 'any[]' in some locations where its type cannot be determined.
generated/prisma/runtime/react-native.js(5,1310): error TS7034: Variable 'r' implicitly has type 'any[]' in some locations where its type cannot be determined.
generated/prisma/runtime/react-native.js(5,1520): error TS7006: Parameter 'C' implicitly has an 'any' type.
generated/prisma/runtime/react-native.js(5,1691): error TS7006: Parameter 'C' implicitly has an 'any' type.
generated/prisma/runtime/react-native.js(5,1748): error TS7006: Parameter 'C' implicitly has an 'any' type.
generated/prisma/runtime/react-native.js(5,1750): error TS7006: Parameter 'S' implicitly has an 'any' type.
generated/prisma/runtime/react-native.js(5,1752): error TS7006: Parameter 'F' implicitly has an 'any' type.
generated/prisma/runtime/react-native.js(5,1784): error TS7006: Parameter 'C' implicitly has an 'any' type.
generated/prisma/runtime/react-native.js(5,1869): error TS7005: Variable 'r' implicitly has an 'any[]' type.
generated/prisma/runtime/react-native.js(5,1892): error TS7005: Variable 'r' implicitly has an 'any[]' type.
generated/prisma/runtime/react-native.js(5,1917): error TS7005: Variable 'r' implicitly has an 'any[]' type.
generated/prisma/runtime/react-native.js(5,1941): error TS7005: Variable 'r' implicitly has an 'any[]' type.
generated/prisma/runtime/react-native.js(5,2025): error TS7005: Variable 'r' implicitly has an 'any[]' type.
generated/prisma/runtime/react-native.js(5,2047): error TS7005: Variable 'r' implicitly has an 'any[]' type.
generated/prisma/runtime/react-native.js(5,2095): error TS7005: Variable 'r' implicitly has an 'any[]' type.
generated/prisma/runtime/react-native.js(5,2118): error TS7005: Variable 'r' implicitly has an 'any[]' type.
generated/prisma/runtime/react-native.js(5,2142): error TS7005: Variable 'r' implicitly has an 'any[]' type.
generated/prisma/runtime/react-native.js(5,2209): error TS7006: Parameter 'C' implicitly has an 'any' type.
generated/prisma/runtime/react-native.js(5,2219): error TS7005: Variable 't' implicitly has an 'any[]' type.
generated/prisma/runtime/react-native.js(5,2231): error TS7005: Variable 't' implicitly has an 'any[]' type.
generated/prisma/runtime/react-native.js(5,2243): error TS7005: Variable 't' implicitly has an 'any[]' type.
generated/prisma/runtime/react-native.js(5,2254): error TS7005: Variable 't' implicitly has an 'any[]' type.
generated/prisma/runtime/react-native.js(5,2273): error TS7006: Parameter 'C' implicitly has an 'any' type.
generated/prisma/runtime/react-native.js(5,2275): error TS7006: Parameter 'S' implicitly has an 'any' type.
generated/prisma/runtime/react-native.js(5,2277): error TS7006: Parameter 'F' implicitly has an 'any' type.
generated/prisma/runtime/react-native.js(5,2403): error TS7006: Parameter 'C' implicitly has an 'any' type.
generated/prisma/runtime/react-native.js(5,2522): error TS7005: Variable 't' implicitly has an 'any[]' type.
generated/prisma/runtime/react-native.js(5,2530): error TS7005: Variable 't' implicitly has an 'any[]' type.
generated/prisma/runtime/react-native.js(5,2584): error TS7005: Variable 't' implicitly has an 'any[]' type.
generated/prisma/runtime/react-native.js(5,2593): error TS7005: Variable 't' implicitly has an 'any[]' type.
generated/prisma/runtime/react-native.js(5,2604): error TS7005: Variable 't' implicitly has an 'any[]' type.
generated/prisma/runtime/react-native.js(5,2641): error TS7006: Parameter 'e' implicitly has an 'any' type.
generated/prisma/runtime/react-native.js(5,2661): error TS7006: Parameter 't' implicitly has an 'any' type.
generated/prisma/runtime/react-native.js(5,2663): error TS7006: Parameter 'r' implicitly has an 'any' type.
generated/prisma/runtime/react-native.js(5,2665): error TS7006: Parameter 'n' implicitly has an 'any' type.
generated/prisma/runtime/react-native.js(5,2667): error TS7006: Parameter 'i' implicitly has an 'any' type.
generated/prisma/runtime/react-native.js(5,2669): error TS7006: Parameter 'o' implicitly has an 'any' type.
generated/prisma/runtime/react-native.js(5,2998): error TS7006: Parameter 't' implicitly has an 'any' type.
generated/prisma/runtime/react-native.js(5,3000): error TS7006: Parameter 'r' implicitly has an 'any' type.
generated/prisma/runtime/react-native.js(5,3002): error TS7006: Parameter 'n' implicitly has an 'any' type.
generated/prisma/runtime/react-native.js(5,3004): error TS7006: Parameter 'i' implicitly has an 'any' type.
generated/prisma/runtime/react-native.js(5,3006): error TS7006: Parameter 'o' implicitly has an 'any' type.
generated/prisma/runtime/react-native.js(5,3008): error TS7006: Parameter 's' implicitly has an 'any' type.
generated/prisma/runtime/react-native.js(5,4150): error TS2339: Property 'foo' does not exist on type 'Uint8Array<ArrayBuffer>'.
generated/prisma/runtime/react-native.js(5,4282): error TS2339: Property 'buffer' does not exist on type 'A'.
generated/prisma/runtime/react-native.js(5,4397): error TS2339: Property 'byteOffset' does not exist on type 'A'.
generated/prisma/runtime/react-native.js(5,4423): error TS7006: Parameter 'e' implicitly has an 'any' type.
generated/prisma/runtime/react-native.js(5,4586): error TS7006: Parameter 'e' implicitly has an 'any' type.
generated/prisma/runtime/react-native.js(5,4588): error TS7006: Parameter 't' implicitly has an 'any' type.
generated/prisma/runtime/react-native.js(5,4590): error TS7006: Parameter 'r' implicitly has an 'any' type.
generated/prisma/runtime/react-native.js(5,4783): error TS7023: 'ui' implicitly has return type 'any' because it does not have a return type annotation and is referenced directly or indirectly in one of its return expressions.
generated/prisma/runtime/react-native.js(5,4786): error TS7006: Parameter 'e' implicitly has an 'any' type.
generated/prisma/runtime/react-native.js(5,4788): error TS7006: Parameter 't' implicitly has an 'any' type.
generated/prisma/runtime/react-native.js(5,4790): error TS7006: Parameter 'r' implicitly has an 'any' type.
generated/prisma/runtime/react-native.js(5,5677): error TS7023: 'from' implicitly has return type 'any' because it does not have a return type annotation and is referenced directly or indirectly in one of its return expressions.
generated/prisma/runtime/react-native.js(5,5691): error TS7006: Parameter 'e' implicitly has an 'any' type.
generated/prisma/runtime/react-native.js(5,5693): error TS7006: Parameter 't' implicitly has an 'any' type.
generated/prisma/runtime/react-native.js(5,5695): error TS7006: Parameter 'r' implicitly has an 'any' type.
generated/prisma/runtime/react-native.js(5,5820): error TS7006: Parameter 'e' implicitly has an 'any' type.
generated/prisma/runtime/react-native.js(5,5997): error TS7006: Parameter 'e' implicitly has an 'any' type.
generated/prisma/runtime/react-native.js(5,5999): error TS7006: Parameter 't' implicitly has an 'any' type.
generated/prisma/runtime/react-native.js(5,6001): error TS7006: Parameter 'r' implicitly has an 'any' type.
generated/prisma/runtime/react-native.js(5,6071): error TS2345: Argument of type 'string' is not assignable to parameter of type 'number'.
generated/prisma/runtime/react-native.js(5,6111): error TS7006: Parameter 'e' implicitly has an 'any' type.
generated/prisma/runtime/react-native.js(5,6113): error TS7006: Parameter 't' implicitly has an 'any' type.
generated/prisma/runtime/react-native.js(5,6115): error TS7006: Parameter 'r' implicitly has an 'any' type.
generated/prisma/runtime/react-native.js(5,6148): error TS7006: Parameter 'e' implicitly has an 'any' type.
generated/prisma/runtime/react-native.js(5,6205): error TS7006: Parameter 'e' implicitly has an 'any' type.
generated/prisma/runtime/react-native.js(5,6249): error TS7006: Parameter 'e' implicitly has an 'any' type.
generated/prisma/runtime/react-native.js(5,6278): error TS7006: Parameter 'e' implicitly has an 'any' type.
generated/prisma/runtime/react-native.js(5,6280): error TS7006: Parameter 't' implicitly has an 'any' type.
generated/prisma/runtime/react-native.js(5,6416): error TS2339: Property 'write' does not exist on type 'Uint8Array<any>'.
generated/prisma/runtime/react-native.js(5,6472): error TS7006: Parameter 'e' implicitly has an 'any' type.
generated/prisma/runtime/react-native.js(5,6573): error TS7006: Parameter 'e' implicitly has an 'any' type.
generated/prisma/runtime/react-native.js(5,6692): error TS7006: Parameter 'e' implicitly has an 'any' type.
generated/prisma/runtime/react-native.js(5,6694): error TS7006: Parameter 't' implicitly has an 'any' type.
generated/prisma/runtime/react-native.js(5,6696): error TS7006: Parameter 'r' implicitly has an 'any' type.
generated/prisma/runtime/react-native.js(5,7033): error TS7006: Parameter 'e' implicitly has an 'any' type.
generated/prisma/runtime/react-native.js(5,7276): error TS7006: Parameter 'e' implicitly has an 'any' type.
generated/prisma/runtime/react-native.js(5,7416): error TS7006: Parameter 'e' implicitly has an 'any' type.
generated/prisma/runtime/react-native.js(5,7470): error TS7006: Parameter 'e' implicitly has an 'any' type.
generated/prisma/runtime/react-native.js(5,7543): error TS7006: Parameter 'e' implicitly has an 'any' type.
generated/prisma/runtime/react-native.js(5,7545): error TS7006: Parameter 't' implicitly has an 'any' type.
generated/prisma/runtime/react-native.js(5,7944): error TS7006: Parameter 'e' implicitly has an 'any' type.
generated/prisma/runtime/react-native.js(5,8161): error TS7006: Parameter 'e' implicitly has an 'any' type.
generated/prisma/runtime/react-native.js(5,8163): error TS7006: Parameter 't' implicitly has an 'any' type.
generated/prisma/runtime/react-native.js(5,8405): error TS7022: 'o' implicitly has type 'any' because it does not have a type annotation and is referenced directly or indirectly in its own initializer.
generated/prisma/runtime/react-native.js(5,8672): error TS7006: Parameter 'e' implicitly has an 'any' type.
generated/prisma/runtime/react-native.js(5,8674): error TS7006: Parameter 't' implicitly has an 'any' type.
generated/prisma/runtime/react-native.js(5,9324): error TS7006: Parameter 'e' implicitly has an 'any' type.
generated/prisma/runtime/react-native.js(5,9326): error TS7006: Parameter 't' implicitly has an 'any' type.
generated/prisma/runtime/react-native.js(5,9328): error TS7006: Parameter 'r' implicitly has an 'any' type.
generated/prisma/runtime/react-native.js(5,9370): error TS2683: 'this' implicitly has type 'any' because it does not have a type annotation.
generated/prisma/runtime/react-native.js(5,9399): error TS2683: 'this' implicitly has type 'any' because it does not have a type annotation.
generated/prisma/runtime/react-native.js(5,9416): error TS2683: 'this' implicitly has type 'any' because it does not have a type annotation.
generated/prisma/runtime/react-native.js(5,9516): error TS2683: 'this' implicitly has type 'any' because it does not have a type annotation.
generated/prisma/runtime/react-native.js(5,9559): error TS2683: 'this' implicitly has type 'any' because it does not have a type annotation.
generated/prisma/runtime/react-native.js(5,9591): error TS2683: 'this' implicitly has type 'any' because it does not have a type annotation.
generated/prisma/runtime/react-native.js(5,9637): error TS2683: 'this' implicitly has type 'any' because it does not have a type annotation.
generated/prisma/runtime/react-native.js(5,9670): error TS2683: 'this' implicitly has type 'any' because it does not have a type annotation.
generated/prisma/runtime/react-native.js(5,9742): error TS2683: 'this' implicitly has type 'any' because it does not have a type annotation.
generated/prisma/runtime/react-native.js(5,9875): error TS7006: Parameter 'e' implicitly has an 'any' type.
generated/prisma/runtime/react-native.js(5,9877): error TS7006: Parameter 't' implicitly has an 'any' type.
generated/prisma/runtime/react-native.js(5,9879): error TS7006: Parameter 'r' implicitly has an 'any' type.
generated/prisma/runtime/react-native.js(5,9951): error TS2339: Property 'length' does not exist on type 'A'.
generated/prisma/runtime/react-native.js(5,10125): error TS2339: Property 'length' does not exist on type 'A'.
generated/prisma/runtime/react-native.js(5,10316): error TS2339: Property 'length' does not exist on type 'A'.
generated/prisma/runtime/react-native.js(5,10543): error TS2339: Property 'length' does not exist on type 'A'.
generated/prisma/runtime/react-native.js(5,10614): error TS2345: Argument of type 'IArguments' is not assignable to parameter of type '[e?: any, t?: any, r?: any]'.
generated/prisma/runtime/react-native.js(5,10702): error TS7006: Parameter 'e' implicitly has an 'any' type.
generated/prisma/runtime/react-native.js(5,10948): error TS2339: Property 'length' does not exist on type 'A'.
generated/prisma/runtime/react-native.js(5,11060): error TS7006: Parameter 'e' implicitly has an 'any' type.
generated/prisma/runtime/react-native.js(5,11062): error TS7006: Parameter 't' implicitly has an 'any' type.
generated/prisma/runtime/react-native.js(5,11064): error TS7006: Parameter 'r' implicitly has an 'any' type.
generated/prisma/runtime/react-native.js(5,11066): error TS7006: Parameter 'n' implicitly has an 'any' type.
generated/prisma/runtime/react-native.js(5,11068): error TS7006: Parameter 'i' implicitly has an 'any' type.
generated/prisma/runtime/react-native.js(5,11342): error TS2339: Property 'length' does not exist on type 'A'.
generated/prisma/runtime/react-native.js(5,11379): error TS2339: Property 'length' does not exist on type 'A'.
generated/prisma/runtime/react-native.js(5,11691): error TS7006: Parameter 'e' implicitly has an 'any' type.
generated/prisma/runtime/react-native.js(5,11693): error TS7006: Parameter 't' implicitly has an 'any' type.
generated/prisma/runtime/react-native.js(5,11695): error TS7006: Parameter 'r' implicitly has an 'any' type.
generated/prisma/runtime/react-native.js(5,11697): error TS7006: Parameter 'n' implicitly has an 'any' type.
generated/prisma/runtime/react-native.js(5,11699): error TS7006: Parameter 'i' implicitly has an 'any' type.
generated/prisma/runtime/react-native.js(5,12293): error TS7006: Parameter 'e' implicitly has an 'any' type.
generated/prisma/runtime/react-native.js(5,12295): error TS7006: Parameter 't' implicitly has an 'any' type.
generated/prisma/runtime/react-native.js(5,12297): error TS7006: Parameter 'r' implicitly has an 'any' type.
generated/prisma/runtime/react-native.js(5,12299): error TS7006: Parameter 'n' implicitly has an 'any' type.
generated/prisma/runtime/react-native.js(5,12301): error TS7006: Parameter 'i' implicitly has an 'any' type.
generated/prisma/runtime/react-native.js(5,12498): error TS7006: Parameter 'g' implicitly has an 'any' type.
generated/prisma/runtime/react-native.js(5,12500): error TS7006: Parameter 'h' implicitly has an 'any' type.
generated/prisma/runtime/react-native.js(5,12827): error TS7006: Parameter 'e' implicitly has an 'any' type.
generated/prisma/runtime/react-native.js(5,12829): error TS7006: Parameter 't' implicitly has an 'any' type.
generated/prisma/runtime/react-native.js(5,12831): error TS7006: Parameter 'r' implicitly has an 'any' type.
generated/prisma/runtime/react-native.js(5,12896): error TS7006: Parameter 'e' implicitly has an 'any' type.
generated/prisma/runtime/react-native.js(5,12898): error TS7006: Parameter 't' implicitly has an 'any' type.
generated/prisma/runtime/react-native.js(5,12900): error TS7006: Parameter 'r' implicitly has an 'any' type.
generated/prisma/runtime/react-native.js(5,12962): error TS7006: Parameter 'e' implicitly has an 'any' type.
generated/prisma/runtime/react-native.js(5,12964): error TS7006: Parameter 't' implicitly has an 'any' type.
generated/prisma/runtime/react-native.js(5,12966): error TS7006: Parameter 'r' implicitly has an 'any' type.
generated/prisma/runtime/react-native.js(5,13007): error TS7006: Parameter 'e' implicitly has an 'any' type.
generated/prisma/runtime/react-native.js(5,13009): error TS7006: Parameter 't' implicitly has an 'any' type.
generated/prisma/runtime/react-native.js(5,13011): error TS7006: Parameter 'r' implicitly has an 'any' type.
generated/prisma/runtime/react-native.js(5,13013): error TS7006: Parameter 'n' implicitly has an 'any' type.
generated/prisma/runtime/react-native.js(5,13215): error TS7006: Parameter 'e' implicitly has an 'any' type.
generated/prisma/runtime/react-native.js(5,13217): error TS7006: Parameter 't' implicitly has an 'any' type.
generated/prisma/runtime/react-native.js(5,13219): error TS7006: Parameter 'r' implicitly has an 'any' type.
generated/prisma/runtime/react-native.js(5,13221): error TS7006: Parameter 'n' implicitly has an 'any' type.
generated/prisma/runtime/react-native.js(5,13270): error TS7006: Parameter 'e' implicitly has an 'any' type.
generated/prisma/runtime/react-native.js(5,13272): error TS7006: Parameter 't' implicitly has an 'any' type.
generated/prisma/runtime/react-native.js(5,13274): error TS7006: Parameter 'r' implicitly has an 'any' type.
generated/prisma/runtime/react-native.js(5,13276): error TS7006: Parameter 'n' implicitly has an 'any' type.
generated/prisma/runtime/react-native.js(5,13314): error TS7006: Parameter 'e' implicitly has an 'any' type.
generated/prisma/runtime/react-native.js(5,13316): error TS7006: Parameter 't' implicitly has an 'any' type.
generated/prisma/runtime/react-native.js(5,13318): error TS7006: Parameter 'r' implicitly has an 'any' type.
generated/prisma/runtime/react-native.js(5,13320): error TS7006: Parameter 'n' implicitly has an 'any' type.
generated/prisma/runtime/react-native.js(5,13358): error TS7006: Parameter 'e' implicitly has an 'any' type.
generated/prisma/runtime/react-native.js(5,13360): error TS7006: Parameter 't' implicitly has an 'any' type.
generated/prisma/runtime/react-native.js(5,13362): error TS7006: Parameter 'r' implicitly has an 'any' type.
generated/prisma/runtime/react-native.js(5,13364): error TS7006: Parameter 'n' implicitly has an 'any' type.
generated/prisma/runtime/react-native.js(5,13428): error TS7006: Parameter 'e' implicitly has an 'any' type.
generated/prisma/runtime/react-native.js(5,13430): error TS7006: Parameter 't' implicitly has an 'any' type.
generated/prisma/runtime/react-native.js(5,13432): error TS7006: Parameter 'r' implicitly has an 'any' type.
generated/prisma/runtime/react-native.js(5,13434): error TS7006: Parameter 'n' implicitly has an 'any' type.
generated/prisma/runtime/react-native.js(5,13467): error TS2339: Property 'length' does not exist on type 'A'.
generated/prisma/runtime/react-native.js(5,13528): error TS2339: Property 'length' does not exist on type 'A'.
generated/prisma/runtime/react-native.js(5,13734): error TS2339: Property 'length' does not exist on type 'A'.
generated/prisma/runtime/react-native.js(5,13802): error TS2339: Property 'length' does not exist on type 'A'.
generated/prisma/runtime/react-native.js(5,14333): error TS2339: Property '_arr' does not exist on type 'A'.
generated/prisma/runtime/react-native.js(5,14361): error TS7006: Parameter 'e' implicitly has an 'any' type.
generated/prisma/runtime/react-native.js(5,14363): error TS7006: Parameter 't' implicitly has an 'any' type.
generated/prisma/runtime/react-native.js(5,14365): error TS7006: Parameter 'r' implicitly has an 'any' type.
generated/prisma/runtime/react-native.js(5,14458): error TS7006: Parameter 'e' implicitly has an 'any' type.
generated/prisma/runtime/react-native.js(5,14460): error TS7006: Parameter 't' implicitly has an 'any' type.
generated/prisma/runtime/react-native.js(5,14462): error TS7006: Parameter 'r' implicitly has an 'any' type.
generated/prisma/runtime/react-native.js(5,15094): error TS7006: Parameter 'e' implicitly has an 'any' type.
generated/prisma/runtime/react-native.js(5,15262): error TS7006: Parameter 'e' implicitly has an 'any' type.
generated/prisma/runtime/react-native.js(5,15264): error TS7006: Parameter 't' implicitly has an 'any' type.
generated/prisma/runtime/react-native.js(5,15266): error TS7006: Parameter 'r' implicitly has an 'any' type.
generated/prisma/runtime/react-native.js(5,15375): error TS7006: Parameter 'e' implicitly has an 'any' type.
generated/prisma/runtime/react-native.js(5,15377): error TS7006: Parameter 't' implicitly has an 'any' type.
generated/prisma/runtime/react-native.js(5,15379): error TS7006: Parameter 'r' implicitly has an 'any' type.
generated/prisma/runtime/react-native.js(5,15484): error TS7006: Parameter 'e' implicitly has an 'any' type.
generated/prisma/runtime/react-native.js(5,15486): error TS7006: Parameter 't' implicitly has an 'any' type.
generated/prisma/runtime/react-native.js(5,15488): error TS7006: Parameter 'r' implicitly has an 'any' type.
generated/prisma/runtime/react-native.js(5,15607): error TS7006: Parameter 'e' implicitly has an 'any' type.
generated/prisma/runtime/react-native.js(5,15609): error TS7006: Parameter 't' implicitly has an 'any' type.
generated/prisma/runtime/react-native.js(5,15611): error TS7006: Parameter 'r' implicitly has an 'any' type.
generated/prisma/runtime/react-native.js(5,15744): error TS7006: Parameter 'e' implicitly has an 'any' type.
generated/prisma/runtime/react-native.js(5,15746): error TS7006: Parameter 't' implicitly has an 'any' type.
generated/prisma/runtime/react-native.js(5,15760): error TS2339: Property 'length' does not exist on type 'A'.
generated/prisma/runtime/react-native.js(5,15880): error TS2339: Property 'subarray' does not exist on type 'A'.
generated/prisma/runtime/react-native.js(5,15952): error TS7006: Parameter 'e' implicitly has an 'any' type.
generated/prisma/runtime/react-native.js(5,15954): error TS7006: Parameter 't' implicitly has an 'any' type.
generated/prisma/runtime/react-native.js(5,15956): error TS7006: Parameter 'r' implicitly has an 'any' type.
generated/prisma/runtime/react-native.js(5,16144): error TS7006: Parameter 'e' implicitly has an 'any' type.
generated/prisma/runtime/react-native.js(5,16146): error TS7006: Parameter 't' implicitly has an 'any' type.
generated/prisma/runtime/react-native.js(5,16148): error TS7006: Parameter 'r' implicitly has an 'any' type.
generated/prisma/runtime/react-native.js(5,16181): error TS2339: Property 'length' does not exist on type 'A'.
generated/prisma/runtime/react-native.js(5,16195): error TS7053: Element implicitly has an 'any' type because expression of type 'any' can't be used to index type 'A'.
generated/prisma/runtime/react-native.js(5,16236): error TS7053: Element implicitly has an 'any' type because expression of type 'any' can't be used to index type 'A'.
generated/prisma/runtime/react-native.js(5,16313): error TS7006: Parameter 'e' implicitly has an 'any' type.
generated/prisma/runtime/react-native.js(5,16315): error TS7006: Parameter 't' implicitly has an 'any' type.
generated/prisma/runtime/react-native.js(5,16317): error TS7006: Parameter 'r' implicitly has an 'any' type.
generated/prisma/runtime/react-native.js(5,16350): error TS2339: Property 'length' does not exist on type 'A'.
generated/prisma/runtime/react-native.js(5,16364): error TS7053: Element implicitly has an 'any' type because expression of type 'any' can't be used to index type 'A'.
generated/prisma/runtime/react-native.js(5,16403): error TS7053: Element implicitly has an 'any' type because expression of type 'any' can't be used to index type 'A'.
generated/prisma/runtime/react-native.js(5,16480): error TS7006: Parameter 'e' implicitly has an 'any' type.
generated/prisma/runtime/react-native.js(5,16482): error TS7006: Parameter 't' implicitly has an 'any' type.
generated/prisma/runtime/react-native.js(5,16514): error TS2339: Property 'length' does not exist on type 'A'.
generated/prisma/runtime/react-native.js(5,16522): error TS7053: Element implicitly has an 'any' type because expression of type 'any' can't be used to index type 'A'.
generated/prisma/runtime/react-native.js(5,16590): error TS7006: Parameter 'e' implicitly has an 'any' type.
generated/prisma/runtime/react-native.js(5,16592): error TS7006: Parameter 't' implicitly has an 'any' type.
generated/prisma/runtime/react-native.js(5,16624): error TS2339: Property 'length' does not exist on type 'A'.
generated/prisma/runtime/react-native.js(5,16632): error TS7053: Element implicitly has an 'any' type because expression of type 'any' can't be used to index type 'A'.
generated/prisma/runtime/react-native.js(5,16640): error TS7053: Element implicitly has an 'any' type because expression of type 'any' can't be used to index type 'A'.
generated/prisma/runtime/react-native.js(5,16713): error TS7006: Parameter 'e' implicitly has an 'any' type.
generated/prisma/runtime/react-native.js(5,16715): error TS7006: Parameter 't' implicitly has an 'any' type.
generated/prisma/runtime/react-native.js(5,16747): error TS2339: Property 'length' does not exist on type 'A'.
generated/prisma/runtime/react-native.js(5,16755): error TS7053: Element implicitly has an 'any' type because expression of type 'any' can't be used to index type 'A'.
generated/prisma/runtime/react-native.js(5,16766): error TS7053: Element implicitly has an 'any' type because expression of type 'any' can't be used to index type 'A'.
generated/prisma/runtime/react-native.js(5,16836): error TS7006: Parameter 'e' implicitly has an 'any' type.
generated/prisma/runtime/react-native.js(5,16838): error TS7006: Parameter 't' implicitly has an 'any' type.
generated/prisma/runtime/react-native.js(5,16870): error TS2339: Property 'length' does not exist on type 'A'.
generated/prisma/runtime/react-native.js(5,16879): error TS7053: Element implicitly has an 'any' type because expression of type 'any' can't be used to index type 'A'.
generated/prisma/runtime/react-native.js(5,16887): error TS7053: Element implicitly has an 'any' type because expression of type 'any' can't be used to index type 'A'.
generated/prisma/runtime/react-native.js(5,16900): error TS7053: Element implicitly has an 'any' type because expression of type 'any' can't be used to index type 'A'.
generated/prisma/runtime/react-native.js(5,16915): error TS7053: Element implicitly has an 'any' type because expression of type 'any' can't be used to index type 'A'.
generated/prisma/runtime/react-native.js(5,16994): error TS7006: Parameter 'e' implicitly has an 'any' type.
generated/prisma/runtime/react-native.js(5,16996): error TS7006: Parameter 't' implicitly has an 'any' type.
generated/prisma/runtime/react-native.js(5,17028): error TS2339: Property 'length' does not exist on type 'A'.
generated/prisma/runtime/react-native.js(5,17036): error TS7053: Element implicitly has an 'any' type because expression of type 'any' can't be used to index type 'A'.
generated/prisma/runtime/react-native.js(5,17054): error TS7053: Element implicitly has an 'any' type because expression of type 'any' can't be used to index type 'A'.
generated/prisma/runtime/react-native.js(5,17068): error TS7053: Element implicitly has an 'any' type because expression of type 'any' can't be used to index type 'A'.
generated/prisma/runtime/react-native.js(5,17081): error TS7053: Element implicitly has an 'any' type because expression of type 'any' can't be used to index type 'A'.
generated/prisma/runtime/react-native.js(5,17133): error TS7006: Parameter 'e' implicitly has an 'any' type.
generated/prisma/runtime/react-native.js(5,17165): error TS2683: 'this' implicitly has type 'any' because it does not have a type annotation.
generated/prisma/runtime/react-native.js(5,17175): error TS2683: 'this' implicitly has type 'any' because it does not have a type annotation.
generated/prisma/runtime/react-native.js(5,17216): error TS2683: 'this' implicitly has type 'any' because it does not have a type annotation.
generated/prisma/runtime/react-native.js(5,17239): error TS2683: 'this' implicitly has type 'any' because it does not have a type annotation.
generated/prisma/runtime/react-native.js(5,17254): error TS2683: 'this' implicitly has type 'any' because it does not have a type annotation.
generated/prisma/runtime/react-native.js(5,17270): error TS2683: 'this' implicitly has type 'any' because it does not have a type annotation.
generated/prisma/runtime/react-native.js(5,17288): error TS2683: 'this' implicitly has type 'any' because it does not have a type annotation.
generated/prisma/runtime/react-native.js(5,17298): error TS2683: 'this' implicitly has type 'any' because it does not have a type annotation.
generated/prisma/runtime/react-native.js(5,17313): error TS2683: 'this' implicitly has type 'any' because it does not have a type annotation.
generated/prisma/runtime/react-native.js(5,17420): error TS7006: Parameter 'e' implicitly has an 'any' type.
generated/prisma/runtime/react-native.js(5,17452): error TS2683: 'this' implicitly has type 'any' because it does not have a type annotation.
generated/prisma/runtime/react-native.js(5,17462): error TS2683: 'this' implicitly has type 'any' because it does not have a type annotation.
generated/prisma/runtime/react-native.js(5,17503): error TS2683: 'this' implicitly has type 'any' because it does not have a type annotation.
generated/prisma/runtime/react-native.js(5,17532): error TS2683: 'this' implicitly has type 'any' because it does not have a type annotation.
generated/prisma/runtime/react-native.js(5,17548): error TS2683: 'this' implicitly has type 'any' because it does not have a type annotation.
generated/prisma/runtime/react-native.js(5,17563): error TS2683: 'this' implicitly has type 'any' because it does not have a type annotation.
generated/prisma/runtime/react-native.js(5,17575): error TS2683: 'this' implicitly has type 'any' because it does not have a type annotation.
generated/prisma/runtime/react-native.js(5,17591): error TS2683: 'this' implicitly has type 'any' because it does not have a type annotation.
generated/prisma/runtime/react-native.js(5,17607): error TS2683: 'this' implicitly has type 'any' because it does not have a type annotation.
generated/prisma/runtime/react-native.js(5,17697): error TS7006: Parameter 'e' implicitly has an 'any' type.
generated/prisma/runtime/react-native.js(5,17699): error TS7006: Parameter 't' implicitly has an 'any' type.
generated/prisma/runtime/react-native.js(5,17701): error TS7006: Parameter 'r' implicitly has an 'any' type.
generated/prisma/runtime/react-native.js(5,17734): error TS2339: Property 'length' does not exist on type 'A'.
generated/prisma/runtime/react-native.js(5,17748): error TS7053: Element implicitly has an 'any' type because expression of type 'any' can't be used to index type 'A'.
generated/prisma/runtime/react-native.js(5,17789): error TS7053: Element implicitly has an 'any' type because expression of type 'any' can't be used to index type 'A'.
generated/prisma/runtime/react-native.js(5,17876): error TS7006: Parameter 'e' implicitly has an 'any' type.
generated/prisma/runtime/react-native.js(5,17878): error TS7006: Parameter 't' implicitly has an 'any' type.
generated/prisma/runtime/react-native.js(5,17880): error TS7006: Parameter 'r' implicitly has an 'any' type.
generated/prisma/runtime/react-native.js(5,17913): error TS2339: Property 'length' does not exist on type 'A'.
generated/prisma/runtime/react-native.js(5,17935): error TS7053: Element implicitly has an 'any' type because expression of type 'any' can't be used to index type 'A'.
generated/prisma/runtime/react-native.js(5,17970): error TS7053: Element implicitly has an 'any' type because expression of type 'any' can't be used to index type 'A'.
generated/prisma/runtime/react-native.js(5,18058): error TS7006: Parameter 'e' implicitly has an 'any' type.
generated/prisma/runtime/react-native.js(5,18060): error TS7006: Parameter 't' implicitly has an 'any' type.
generated/prisma/runtime/react-native.js(5,18092): error TS2339: Property 'length' does not exist on type 'A'.
generated/prisma/runtime/react-native.js(5,18100): error TS7053: Element implicitly has an 'any' type because expression of type 'any' can't be used to index type 'A'.
generated/prisma/runtime/react-native.js(5,18117): error TS7053: Element implicitly has an 'any' type because expression of type 'any' can't be used to index type 'A'.
generated/prisma/runtime/react-native.js(5,18131): error TS7053: Element implicitly has an 'any' type because expression of type 'any' can't be used to index type 'A'.
generated/prisma/runtime/react-native.js(5,18173): error TS7006: Parameter 'e' implicitly has an 'any' type.
generated/prisma/runtime/react-native.js(5,18175): error TS7006: Parameter 't' implicitly has an 'any' type.
generated/prisma/runtime/react-native.js(5,18200): error TS2339: Property 'length' does not exist on type 'A'.
generated/prisma/runtime/react-native.js(5,18214): error TS7053: Element implicitly has an 'any' type because expression of type 'any' can't be used to index type 'A'.
generated/prisma/runtime/react-native.js(5,18222): error TS7053: Element implicitly has an 'any' type because expression of type 'any' can't be used to index type 'A'.
generated/prisma/runtime/react-native.js(5,18299): error TS7006: Parameter 'e' implicitly has an 'any' type.
generated/prisma/runtime/react-native.js(5,18301): error TS7006: Parameter 't' implicitly has an 'any' type.
generated/prisma/runtime/react-native.js(5,18326): error TS2339: Property 'length' does not exist on type 'A'.
generated/prisma/runtime/react-native.js(5,18340): error TS7053: Element implicitly has an 'any' type because expression of type 'any' can't be used to index type 'A'.
generated/prisma/runtime/react-native.js(5,18350): error TS7053: Element implicitly has an 'any' type because expression of type 'any' can't be used to index type 'A'.
generated/prisma/runtime/react-native.js(5,18425): error TS7006: Parameter 'e' implicitly has an 'any' type.
generated/prisma/runtime/react-native.js(5,18427): error TS7006: Parameter 't' implicitly has an 'any' type.
generated/prisma/runtime/react-native.js(5,18459): error TS2339: Property 'length' does not exist on type 'A'.
generated/prisma/runtime/react-native.js(5,18467): error TS7053: Element implicitly has an 'any' type because expression of type 'any' can't be used to index type 'A'.
generated/prisma/runtime/react-native.js(5,18475): error TS7053: Element implicitly has an 'any' type because expression of type 'any' can't be used to index type 'A'.
generated/prisma/runtime/react-native.js(5,18488): error TS7053: Element implicitly has an 'any' type because expression of type 'any' can't be used to index type 'A'.
generated/prisma/runtime/react-native.js(5,18502): error TS7053: Element implicitly has an 'any' type because expression of type 'any' can't be used to index type 'A'.
generated/prisma/runtime/react-native.js(5,18550): error TS7006: Parameter 'e' implicitly has an 'any' type.
generated/prisma/runtime/react-native.js(5,18552): error TS7006: Parameter 't' implicitly has an 'any' type.
generated/prisma/runtime/react-native.js(5,18584): error TS2339: Property 'length' does not exist on type 'A'.
generated/prisma/runtime/react-native.js(5,18592): error TS7053: Element implicitly has an 'any' type because expression of type 'any' can't be used to index type 'A'.
generated/prisma/runtime/react-native.js(5,18604): error TS7053: Element implicitly has an 'any' type because expression of type 'any' can't be used to index type 'A'.
generated/prisma/runtime/react-native.js(5,18618): error TS7053: Element implicitly has an 'any' type because expression of type 'any' can't be used to index type 'A'.
generated/prisma/runtime/react-native.js(5,18631): error TS7053: Element implicitly has an 'any' type because expression of type 'any' can't be used to index type 'A'.
generated/prisma/runtime/react-native.js(5,18681): error TS7006: Parameter 'e' implicitly has an 'any' type.
generated/prisma/runtime/react-native.js(5,18713): error TS2683: 'this' implicitly has type 'any' because it does not have a type annotation.
generated/prisma/runtime/react-native.js(5,18723): error TS2683: 'this' implicitly has type 'any' because it does not have a type annotation.
generated/prisma/runtime/react-native.js(5,18764): error TS2683: 'this' implicitly has type 'any' because it does not have a type annotation.
generated/prisma/runtime/react-native.js(5,18785): error TS2683: 'this' implicitly has type 'any' because it does not have a type annotation.
generated/prisma/runtime/react-native.js(5,18795): error TS2683: 'this' implicitly has type 'any' because it does not have a type annotation.
generated/prisma/runtime/react-native.js(5,18810): error TS2683: 'this' implicitly has type 'any' because it does not have a type annotation.
generated/prisma/runtime/react-native.js(5,18873): error TS2683: 'this' implicitly has type 'any' because it does not have a type annotation.
generated/prisma/runtime/react-native.js(5,18888): error TS2683: 'this' implicitly has type 'any' because it does not have a type annotation.
generated/prisma/runtime/react-native.js(5,18904): error TS2683: 'this' implicitly has type 'any' because it does not have a type annotation.
generated/prisma/runtime/react-native.js(5,18962): error TS7006: Parameter 'e' implicitly has an 'any' type.
generated/prisma/runtime/react-native.js(5,18994): error TS2683: 'this' implicitly has type 'any' because it does not have a type annotation.
generated/prisma/runtime/react-native.js(5,19004): error TS2683: 'this' implicitly has type 'any' because it does not have a type annotation.
generated/prisma/runtime/react-native.js(5,19045): error TS2683: 'this' implicitly has type 'any' because it does not have a type annotation.
generated/prisma/runtime/react-native.js(5,19074): error TS2683: 'this' implicitly has type 'any' because it does not have a type annotation.
generated/prisma/runtime/react-native.js(5,19090): error TS2683: 'this' implicitly has type 'any' because it does not have a type annotation.
generated/prisma/runtime/react-native.js(5,19105): error TS2683: 'this' implicitly has type 'any' because it does not have a type annotation.
generated/prisma/runtime/react-native.js(5,19152): error TS2683: 'this' implicitly has type 'any' because it does not have a type annotation.
generated/prisma/runtime/react-native.js(5,19168): error TS2683: 'this' implicitly has type 'any' because it does not have a type annotation.
generated/prisma/runtime/react-native.js(5,19184): error TS2683: 'this' implicitly has type 'any' because it does not have a type annotation.
generated/prisma/runtime/react-native.js(5,19237): error TS7006: Parameter 'e' implicitly has an 'any' type.
generated/prisma/runtime/react-native.js(5,19239): error TS7006: Parameter 't' implicitly has an 'any' type.
generated/prisma/runtime/react-native.js(5,19271): error TS2339: Property 'length' does not exist on type 'A'.
generated/prisma/runtime/react-native.js(5,19337): error TS7006: Parameter 'e' implicitly has an 'any' type.
generated/prisma/runtime/react-native.js(5,19339): error TS7006: Parameter 't' implicitly has an 'any' type.
generated/prisma/runtime/react-native.js(5,19371): error TS2339: Property 'length' does not exist on type 'A'.
generated/prisma/runtime/react-native.js(5,19438): error TS7006: Parameter 'e' implicitly has an 'any' type.
generated/prisma/runtime/react-native.js(5,19440): error TS7006: Parameter 't' implicitly has an 'any' type.
generated/prisma/runtime/react-native.js(5,19472): error TS2339: Property 'length' does not exist on type 'A'.
generated/prisma/runtime/react-native.js(5,19539): error TS7006: Parameter 'e' implicitly has an 'any' type.
generated/prisma/runtime/react-native.js(5,19541): error TS7006: Parameter 't' implicitly has an 'any' type.
generated/prisma/runtime/react-native.js(5,19573): error TS2339: Property 'length' does not exist on type 'A'.
generated/prisma/runtime/react-native.js(5,19618): error TS7006: Parameter 'e' implicitly has an 'any' type.
generated/prisma/runtime/react-native.js(5,19620): error TS7006: Parameter 't' implicitly has an 'any' type.
generated/prisma/runtime/react-native.js(5,19622): error TS7006: Parameter 'r' implicitly has an 'any' type.
generated/prisma/runtime/react-native.js(5,19624): error TS7006: Parameter 'n' implicitly has an 'any' type.
generated/prisma/runtime/react-native.js(5,19626): error TS7006: Parameter 'i' implicitly has an 'any' type.
generated/prisma/runtime/react-native.js(5,19628): error TS7006: Parameter 'o' implicitly has an 'any' type.
generated/prisma/runtime/react-native.js(5,19902): error TS7006: Parameter 'e' implicitly has an 'any' type.
generated/prisma/runtime/react-native.js(5,19904): error TS7006: Parameter 't' implicitly has an 'any' type.
generated/prisma/runtime/react-native.js(5,19906): error TS7006: Parameter 'r' implicitly has an 'any' type.
generated/prisma/runtime/react-native.js(5,19908): error TS7006: Parameter 'n' implicitly has an 'any' type.
generated/prisma/runtime/react-native.js(5,19998): error TS7053: Element implicitly has an 'any' type because expression of type 'any' can't be used to index type 'A'.
generated/prisma/runtime/react-native.js(5,20029): error TS7053: Element implicitly has an 'any' type because expression of type 'any' can't be used to index type 'A'.
generated/prisma/runtime/react-native.js(5,20116): error TS7006: Parameter 'e' implicitly has an 'any' type.
generated/prisma/runtime/react-native.js(5,20118): error TS7006: Parameter 't' implicitly has an 'any' type.
generated/prisma/runtime/react-native.js(5,20120): error TS7006: Parameter 'r' implicitly has an 'any' type.
generated/prisma/runtime/react-native.js(5,20122): error TS7006: Parameter 'n' implicitly has an 'any' type.
generated/prisma/runtime/react-native.js(5,20214): error TS7053: Element implicitly has an 'any' type because expression of type 'any' can't be used to index type 'A'.
generated/prisma/runtime/react-native.js(5,20248): error TS7053: Element implicitly has an 'any' type because expression of type 'any' can't be used to index type 'A'.
generated/prisma/runtime/react-native.js(5,20333): error TS7006: Parameter 'e' implicitly has an 'any' type.
generated/prisma/runtime/react-native.js(5,20335): error TS7006: Parameter 't' implicitly has an 'any' type.
generated/prisma/runtime/react-native.js(5,20337): error TS7006: Parameter 'r' implicitly has an 'any' type.
generated/prisma/runtime/react-native.js(5,20384): error TS7053: Element implicitly has an 'any' type because expression of type 'any' can't be used to index type 'A'.
generated/prisma/runtime/react-native.js(5,20464): error TS7006: Parameter 'e' implicitly has an 'any' type.
generated/prisma/runtime/react-native.js(5,20466): error TS7006: Parameter 't' implicitly has an 'any' type.
generated/prisma/runtime/react-native.js(5,20468): error TS7006: Parameter 'r' implicitly has an 'any' type.
generated/prisma/runtime/react-native.js(5,20517): error TS7053: Element implicitly has an 'any' type because expression of type 'any' can't be used to index type 'A'.
generated/prisma/runtime/react-native.js(5,20531): error TS7053: Element implicitly has an 'any' type because expression of type 'any' can't be used to index type 'A'.
generated/prisma/runtime/react-native.js(5,20613): error TS7006: Parameter 'e' implicitly has an 'any' type.
generated/prisma/runtime/react-native.js(5,20615): error TS7006: Parameter 't' implicitly has an 'any' type.
generated/prisma/runtime/react-native.js(5,20617): error TS7006: Parameter 'r' implicitly has an 'any' type.
generated/prisma/runtime/react-native.js(5,20666): error TS7053: Element implicitly has an 'any' type because expression of type 'any' can't be used to index type 'A'.
generated/prisma/runtime/react-native.js(5,20680): error TS7053: Element implicitly has an 'any' type because expression of type 'any' can't be used to index type 'A'.
generated/prisma/runtime/react-native.js(5,20762): error TS7006: Parameter 'e' implicitly has an 'any' type.
generated/prisma/runtime/react-native.js(5,20764): error TS7006: Parameter 't' implicitly has an 'any' type.
generated/prisma/runtime/react-native.js(5,20766): error TS7006: Parameter 'r' implicitly has an 'any' type.
generated/prisma/runtime/react-native.js(5,20820): error TS7053: Element implicitly has an 'any' type because expression of type 'any' can't be used to index type 'A'.
generated/prisma/runtime/react-native.js(5,20837): error TS7053: Element implicitly has an 'any' type because expression of type 'any' can't be used to index type 'A'.
generated/prisma/runtime/react-native.js(5,20854): error TS7053: Element implicitly has an 'any' type because expression of type 'any' can't be used to index type 'A'.
generated/prisma/runtime/react-native.js(5,20870): error TS7053: Element implicitly has an 'any' type because expression of type 'any' can't be used to index type 'A'.
generated/prisma/runtime/react-native.js(5,20950): error TS7006: Parameter 'e' implicitly has an 'any' type.
generated/prisma/runtime/react-native.js(5,20952): error TS7006: Parameter 't' implicitly has an 'any' type.
generated/prisma/runtime/react-native.js(5,20954): error TS7006: Parameter 'r' implicitly has an 'any' type.
generated/prisma/runtime/react-native.js(5,21008): error TS7053: Element implicitly has an 'any' type because expression of type 'any' can't be used to index type 'A'.
generated/prisma/runtime/react-native.js(5,21023): error TS7053: Element implicitly has an 'any' type because expression of type 'any' can't be used to index type 'A'.
generated/prisma/runtime/react-native.js(5,21040): error TS7053: Element implicitly has an 'any' type because expression of type 'any' can't be used to index type 'A'.
generated/prisma/runtime/react-native.js(5,21056): error TS7053: Element implicitly has an 'any' type because expression of type 'any' can't be used to index type 'A'.
generated/prisma/runtime/react-native.js(5,21089): error TS7006: Parameter 'e' implicitly has an 'any' type.
generated/prisma/runtime/react-native.js(5,21091): error TS7006: Parameter 't' implicitly has an 'any' type.
generated/prisma/runtime/react-native.js(5,21093): error TS7006: Parameter 'r' implicitly has an 'any' type.
generated/prisma/runtime/react-native.js(5,21095): error TS7006: Parameter 'n' implicitly has an 'any' type.
generated/prisma/runtime/react-native.js(5,21097): error TS7006: Parameter 'i' implicitly has an 'any' type.
generated/prisma/runtime/react-native.js(5,21333): error TS7006: Parameter 'e' implicitly has an 'any' type.
generated/prisma/runtime/react-native.js(5,21335): error TS7006: Parameter 't' implicitly has an 'any' type.
generated/prisma/runtime/react-native.js(5,21337): error TS7006: Parameter 'r' implicitly has an 'any' type.
generated/prisma/runtime/react-native.js(5,21339): error TS7006: Parameter 'n' implicitly has an 'any' type.
generated/prisma/runtime/react-native.js(5,21341): error TS7006: Parameter 'i' implicitly has an 'any' type.
generated/prisma/runtime/react-native.js(5,21606): error TS7006: Parameter 'e' implicitly has an 'any' type.
generated/prisma/runtime/react-native.js(5,21623): error TS2683: 'this' implicitly has type 'any' because it does not have a type annotation.
generated/prisma/runtime/react-native.js(5,21715): error TS7006: Parameter 'e' implicitly has an 'any' type.
generated/prisma/runtime/react-native.js(5,21732): error TS2683: 'this' implicitly has type 'any' because it does not have a type annotation.
generated/prisma/runtime/react-native.js(5,21815): error TS7006: Parameter 'e' implicitly has an 'any' type.
generated/prisma/runtime/react-native.js(5,21817): error TS7006: Parameter 't' implicitly has an 'any' type.
generated/prisma/runtime/react-native.js(5,21819): error TS7006: Parameter 'r' implicitly has an 'any' type.
generated/prisma/runtime/react-native.js(5,21821): error TS7006: Parameter 'n' implicitly has an 'any' type.
generated/prisma/runtime/react-native.js(5,21910): error TS7053: Element implicitly has an 'any' type because expression of type 'any' can't be used to index type 'A'.
generated/prisma/runtime/react-native.js(5,21953): error TS7053: Element implicitly has an 'any' type because expression of type 'number' can't be used to index type 'A'.
  No index signature with a parameter of type 'number' was found on type 'A'.
generated/prisma/runtime/react-native.js(5,21976): error TS7053: Element implicitly has an 'any' type because expression of type 'any' can't be used to index type 'A'.
generated/prisma/runtime/react-native.js(5,22045): error TS7006: Parameter 'e' implicitly has an 'any' type.
generated/prisma/runtime/react-native.js(5,22047): error TS7006: Parameter 't' implicitly has an 'any' type.
generated/prisma/runtime/react-native.js(5,22049): error TS7006: Parameter 'r' implicitly has an 'any' type.
generated/prisma/runtime/react-native.js(5,22051): error TS7006: Parameter 'n' implicitly has an 'any' type.
generated/prisma/runtime/react-native.js(5,22142): error TS7053: Element implicitly has an 'any' type because expression of type 'any' can't be used to index type 'A'.
generated/prisma/runtime/react-native.js(5,22188): error TS7053: Element implicitly has an 'any' type because expression of type 'any' can't be used to index type 'A'.
generated/prisma/runtime/react-native.js(5,22211): error TS7053: Element implicitly has an 'any' type because expression of type 'any' can't be used to index type 'A'.
generated/prisma/runtime/react-native.js(5,22279): error TS7006: Parameter 'e' implicitly has an 'any' type.
generated/prisma/runtime/react-native.js(5,22281): error TS7006: Parameter 't' implicitly has an 'any' type.
generated/prisma/runtime/react-native.js(5,22283): error TS7006: Parameter 'r' implicitly has an 'any' type.
generated/prisma/runtime/react-native.js(5,22350): error TS7053: Element implicitly has an 'any' type because expression of type 'any' can't be used to index type 'A'.
generated/prisma/runtime/react-native.js(5,22403): error TS7006: Parameter 'e' implicitly has an 'any' type.
generated/prisma/runtime/react-native.js(5,22405): error TS7006: Parameter 't' implicitly has an 'any' type.
generated/prisma/runtime/react-native.js(5,22407): error TS7006: Parameter 'r' implicitly has an 'any' type.
generated/prisma/runtime/react-native.js(5,22461): error TS7053: Element implicitly has an 'any' type because expression of type 'any' can't be used to index type 'A'.
generated/prisma/runtime/react-native.js(5,22475): error TS7053: Element implicitly has an 'any' type because expression of type 'any' can't be used to index type 'A'.
generated/prisma/runtime/react-native.js(5,22530): error TS7006: Parameter 'e' implicitly has an 'any' type.
generated/prisma/runtime/react-native.js(5,22532): error TS7006: Parameter 't' implicitly has an 'any' type.
generated/prisma/runtime/react-native.js(5,22534): error TS7006: Parameter 'r' implicitly has an 'any' type.
generated/prisma/runtime/react-native.js(5,22588): error TS7053: Element implicitly has an 'any' type because expression of type 'any' can't be used to index type 'A'.
generated/prisma/runtime/react-native.js(5,22602): error TS7053: Element implicitly has an 'any' type because expression of type 'any' can't be used to index type 'A'.
generated/prisma/runtime/react-native.js(5,22657): error TS7006: Parameter 'e' implicitly has an 'any' type.
generated/prisma/runtime/react-native.js(5,22659): error TS7006: Parameter 't' implicitly has an 'any' type.
generated/prisma/runtime/react-native.js(5,22661): error TS7006: Parameter 'r' implicitly has an 'any' type.
generated/prisma/runtime/react-native.js(5,22725): error TS7053: Element implicitly has an 'any' type because expression of type 'any' can't be used to index type 'A'.
generated/prisma/runtime/react-native.js(5,22739): error TS7053: Element implicitly has an 'any' type because expression of type 'any' can't be used to index type 'A'.
generated/prisma/runtime/react-native.js(5,22755): error TS7053: Element implicitly has an 'any' type because expression of type 'any' can't be used to index type 'A'.
generated/prisma/runtime/react-native.js(5,22772): error TS7053: Element implicitly has an 'any' type because expression of type 'any' can't be used to index type 'A'.
generated/prisma/runtime/react-native.js(5,22828): error TS7006: Parameter 'e' implicitly has an 'any' type.
generated/prisma/runtime/react-native.js(5,22830): error TS7006: Parameter 't' implicitly has an 'any' type.
generated/prisma/runtime/react-native.js(5,22832): error TS7006: Parameter 'r' implicitly has an 'any' type.
generated/prisma/runtime/react-native.js(5,22920): error TS7053: Element implicitly has an 'any' type because expression of type 'any' can't be used to index type 'A'.
generated/prisma/runtime/react-native.js(5,22935): error TS7053: Element implicitly has an 'any' type because expression of type 'any' can't be used to index type 'A'.
generated/prisma/runtime/react-native.js(5,22952): error TS7053: Element implicitly has an 'any' type because expression of type 'any' can't be used to index type 'A'.
generated/prisma/runtime/react-native.js(5,22968): error TS7053: Element implicitly has an 'any' type because expression of type 'any' can't be used to index type 'A'.
generated/prisma/runtime/react-native.js(5,23029): error TS7006: Parameter 'e' implicitly has an 'any' type.
generated/prisma/runtime/react-native.js(5,23046): error TS2683: 'this' implicitly has type 'any' because it does not have a type annotation.
generated/prisma/runtime/react-native.js(5,23157): error TS7006: Parameter 'e' implicitly has an 'any' type.
generated/prisma/runtime/react-native.js(5,23174): error TS2683: 'this' implicitly has type 'any' because it does not have a type annotation.
generated/prisma/runtime/react-native.js(5,23257): error TS7006: Parameter 'e' implicitly has an 'any' type.
generated/prisma/runtime/react-native.js(5,23259): error TS7006: Parameter 't' implicitly has an 'any' type.
generated/prisma/runtime/react-native.js(5,23261): error TS7006: Parameter 'r' implicitly has an 'any' type.
generated/prisma/runtime/react-native.js(5,23263): error TS7006: Parameter 'n' implicitly has an 'any' type.
generated/prisma/runtime/react-native.js(5,23265): error TS7006: Parameter 'i' implicitly has an 'any' type.
generated/prisma/runtime/react-native.js(5,23267): error TS7006: Parameter 'o' implicitly has an 'any' type.
generated/prisma/runtime/react-native.js(5,23391): error TS7006: Parameter 'e' implicitly has an 'any' type.
generated/prisma/runtime/react-native.js(5,23393): error TS7006: Parameter 't' implicitly has an 'any' type.
generated/prisma/runtime/react-native.js(5,23395): error TS7006: Parameter 'r' implicitly has an 'any' type.
generated/prisma/runtime/react-native.js(5,23397): error TS7006: Parameter 'n' implicitly has an 'any' type.
generated/prisma/runtime/react-native.js(5,23399): error TS7006: Parameter 'i' implicitly has an 'any' type.
generated/prisma/runtime/react-native.js(5,23541): error TS7006: Parameter 'e' implicitly has an 'any' type.
generated/prisma/runtime/react-native.js(5,23543): error TS7006: Parameter 't' implicitly has an 'any' type.
generated/prisma/runtime/react-native.js(5,23545): error TS7006: Parameter 'r' implicitly has an 'any' type.
generated/prisma/runtime/react-native.js(5,23608): error TS7006: Parameter 'e' implicitly has an 'any' type.
generated/prisma/runtime/react-native.js(5,23610): error TS7006: Parameter 't' implicitly has an 'any' type.
generated/prisma/runtime/react-native.js(5,23612): error TS7006: Parameter 'r' implicitly has an 'any' type.
generated/prisma/runtime/react-native.js(5,23653): error TS7006: Parameter 'e' implicitly has an 'any' type.
generated/prisma/runtime/react-native.js(5,23655): error TS7006: Parameter 't' implicitly has an 'any' type.
generated/prisma/runtime/react-native.js(5,23657): error TS7006: Parameter 'r' implicitly has an 'any' type.
generated/prisma/runtime/react-native.js(5,23659): error TS7006: Parameter 'n' implicitly has an 'any' type.
generated/prisma/runtime/react-native.js(5,23661): error TS7006: Parameter 'i' implicitly has an 'any' type.
generated/prisma/runtime/react-native.js(5,23806): error TS7006: Parameter 'e' implicitly has an 'any' type.
generated/prisma/runtime/react-native.js(5,23808): error TS7006: Parameter 't' implicitly has an 'any' type.
generated/prisma/runtime/react-native.js(5,23810): error TS7006: Parameter 'r' implicitly has an 'any' type.
generated/prisma/runtime/react-native.js(5,23874): error TS7006: Parameter 'e' implicitly has an 'any' type.
generated/prisma/runtime/react-native.js(5,23876): error TS7006: Parameter 't' implicitly has an 'any' type.
generated/prisma/runtime/react-native.js(5,23878): error TS7006: Parameter 'r' implicitly has an 'any' type.
generated/prisma/runtime/react-native.js(5,23933): error TS7006: Parameter 'e' implicitly has an 'any' type.
generated/prisma/runtime/react-native.js(5,23935): error TS7006: Parameter 't' implicitly has an 'any' type.
generated/prisma/runtime/react-native.js(5,23937): error TS7006: Parameter 'r' implicitly has an 'any' type.
generated/prisma/runtime/react-native.js(5,23939): error TS7006: Parameter 'n' implicitly has an 'any' type.
generated/prisma/runtime/react-native.js(5,24042): error TS2339: Property 'length' does not exist on type 'A'.
generated/prisma/runtime/react-native.js(5,24127): error TS2339: Property 'length' does not exist on type 'A'.
generated/prisma/runtime/react-native.js(5,24220): error TS2339: Property 'length' does not exist on type 'A'.
generated/prisma/runtime/react-native.js(5,24332): error TS2339: Property 'length' does not exist on type 'A'.
generated/prisma/runtime/react-native.js(5,24348): error TS2339: Property 'length' does not exist on type 'A'.
generated/prisma/runtime/react-native.js(5,24472): error TS2339: Property 'copyWithin' does not exist on type 'A'.
generated/prisma/runtime/react-native.js(5,24527): error TS2339: Property 'subarray' does not exist on type 'A'.
generated/prisma/runtime/react-native.js(5,24573): error TS7006: Parameter 'e' implicitly has an 'any' type.
generated/prisma/runtime/react-native.js(5,24575): error TS7006: Parameter 't' implicitly has an 'any' type.
generated/prisma/runtime/react-native.js(5,24577): error TS7006: Parameter 'r' implicitly has an 'any' type.
generated/prisma/runtime/react-native.js(5,24579): error TS7006: Parameter 'n' implicitly has an 'any' type.
generated/prisma/runtime/react-native.js(5,24643): error TS2339: Property 'length' does not exist on type 'A'.
generated/prisma/runtime/react-native.js(5,24683): error TS2339: Property 'length' does not exist on type 'A'.
generated/prisma/runtime/react-native.js(5,25016): error TS2339: Property 'length' does not exist on type 'A'.
generated/prisma/runtime/react-native.js(5,25031): error TS2339: Property 'length' does not exist on type 'A'.
generated/prisma/runtime/react-native.js(5,25129): error TS2339: Property 'length' does not exist on type 'A'.
generated/prisma/runtime/react-native.js(5,25195): error TS7053: Element implicitly has an 'any' type because expression of type 'any' can't be used to index type 'A'.
generated/prisma/runtime/react-native.js(5,25355): error TS7053: Element implicitly has an 'any' type because expression of type 'any' can't be used to index type 'A'.
generated/prisma/runtime/react-native.js(5,25407): error TS7006: Parameter 'e' implicitly has an 'any' type.
generated/prisma/runtime/react-native.js(5,25409): error TS7006: Parameter 't' implicitly has an 'any' type.
generated/prisma/runtime/react-native.js(5,25411): error TS7006: Parameter 'r' implicitly has an 'any' type.
generated/prisma/runtime/react-native.js(5,25414): error TS7053: Element implicitly has an 'any' type because expression of type 'any' can't be used to index type '{}'.
generated/prisma/runtime/react-native.js(5,25832): error TS7006: Parameter 'e' implicitly has an 'any' type.
generated/prisma/runtime/react-native.js(5,25976): error TS7006: Parameter 'e' implicitly has an 'any' type.
generated/prisma/runtime/react-native.js(5,25978): error TS7006: Parameter 't' implicitly has an 'any' type.
generated/prisma/runtime/react-native.js(5,26102): error TS7006: Parameter 'e' implicitly has an 'any' type.
generated/prisma/runtime/react-native.js(5,26104): error TS7006: Parameter 't' implicitly has an 'any' type.
generated/prisma/runtime/react-native.js(5,26106): error TS7006: Parameter 'r' implicitly has an 'any' type.
generated/prisma/runtime/react-native.js(5,26390): error TS7006: Parameter 'e' implicitly has an 'any' type.
generated/prisma/runtime/react-native.js(5,26514): error TS7006: Parameter 'e' implicitly has an 'any' type.
generated/prisma/runtime/react-native.js(5,26516): error TS7006: Parameter 't' implicitly has an 'any' type.
generated/prisma/runtime/react-native.js(5,26518): error TS7006: Parameter 'r' implicitly has an 'any' type.
generated/prisma/runtime/react-native.js(5,26603): error TS7006: Parameter 'e' implicitly has an 'any' type.
generated/prisma/runtime/react-native.js(5,26605): error TS7006: Parameter 't' implicitly has an 'any' type.
generated/prisma/runtime/react-native.js(5,26607): error TS7006: Parameter 'r' implicitly has an 'any' type.
generated/prisma/runtime/react-native.js(5,26609): error TS7006: Parameter 'n' implicitly has an 'any' type.
generated/prisma/runtime/react-native.js(5,26611): error TS7006: Parameter 'i' implicitly has an 'any' type.
generated/prisma/runtime/react-native.js(5,26613): error TS7006: Parameter 'o' implicitly has an 'any' type.
generated/prisma/runtime/react-native.js(5,26840): error TS2339: Property 'ERR_OUT_OF_RANGE' does not exist on type '{}'.
generated/prisma/runtime/react-native.js(5,26892): error TS7006: Parameter 'e' implicitly has an 'any' type.
generated/prisma/runtime/react-native.js(5,26894): error TS7006: Parameter 't' implicitly has an 'any' type.
generated/prisma/runtime/react-native.js(5,26932): error TS2339: Property 'ERR_INVALID_ARG_TYPE' does not exist on type '{}'.
generated/prisma/runtime/react-native.js(5,26979): error TS7006: Parameter 'e' implicitly has an 'any' type.
generated/prisma/runtime/react-native.js(5,26981): error TS7006: Parameter 't' implicitly has an 'any' type.
generated/prisma/runtime/react-native.js(5,26983): error TS7006: Parameter 'r' implicitly has an 'any' type.
generated/prisma/runtime/react-native.js(5,27026): error TS2339: Property 'ERR_OUT_OF_RANGE' does not exist on type '{}'.
generated/prisma/runtime/react-native.js(5,27083): error TS2339: Property 'ERR_BUFFER_OUT_OF_BOUNDS' does not exist on type '{}'.
generated/prisma/runtime/react-native.js(5,27115): error TS2339: Property 'ERR_OUT_OF_RANGE' does not exist on type '{}'.
generated/prisma/runtime/react-native.js(5,27212): error TS7006: Parameter 'e' implicitly has an 'any' type.
generated/prisma/runtime/react-native.js(5,27332): error TS7006: Parameter 'e' implicitly has an 'any' type.
generated/prisma/runtime/react-native.js(5,27334): error TS7006: Parameter 't' implicitly has an 'any' type.
generated/prisma/runtime/react-native.js(5,28021): error TS7006: Parameter 'e' implicitly has an 'any' type.
generated/prisma/runtime/react-native.js(5,28109): error TS7006: Parameter 'e' implicitly has an 'any' type.
generated/prisma/runtime/react-native.js(5,28111): error TS7006: Parameter 't' implicitly has an 'any' type.
generated/prisma/runtime/react-native.js(5,28243): error TS7006: Parameter 'e' implicitly has an 'any' type.
generated/prisma/runtime/react-native.js(5,28287): error TS7006: Parameter 'e' implicitly has an 'any' type.
generated/prisma/runtime/react-native.js(5,28289): error TS7006: Parameter 't' implicitly has an 'any' type.
generated/prisma/runtime/react-native.js(5,28291): error TS7006: Parameter 'r' implicitly has an 'any' type.
generated/prisma/runtime/react-native.js(5,28293): error TS7006: Parameter 'n' implicitly has an 'any' type.
generated/prisma/runtime/react-native.js(5,28382): error TS7006: Parameter 'e' implicitly has an 'any' type.
generated/prisma/runtime/react-native.js(5,28384): error TS7006: Parameter 't' implicitly has an 'any' type.
generated/prisma/runtime/react-native.js(5,28506): error TS7006: Parameter 'e' implicitly has an 'any' type.
generated/prisma/runtime/react-native.js(5,28643): error TS2532: Object is possibly 'undefined'.
generated/prisma/runtime/react-native.js(5,28648): error TS2532: Object is possibly 'undefined'.
generated/prisma/runtime/react-native.js(5,28677): error TS7006: Parameter 'e' implicitly has an 'any' type.
generated/prisma/runtime/react-native.js(5,28771): error TS7034: Variable 'w' implicitly has type 'any' in some locations where its type cannot be determined.
generated/prisma/runtime/react-native.js(5,29095): error TS7006: Parameter 'e' implicitly has an 'any' type.
generated/prisma/runtime/react-native.js(5,29358): error TS7006: Parameter 'e' implicitly has an 'any' type.
generated/prisma/runtime/react-native.js(5,29360): error TS7006: Parameter 't' implicitly has an 'any' type.
generated/prisma/runtime/react-native.js(5,29386): error TS7034: Variable 'sr' implicitly has type 'any' in some locations where its type cannot be determined.
generated/prisma/runtime/react-native.js(5,29694): error TS7006: Parameter 'If' implicitly has an 'any' type.
generated/prisma/runtime/react-native.js(5,29697): error TS7006: Parameter '_l' implicitly has an 'any' type.
generated/prisma/runtime/react-native.js(5,32040): error TS7019: Rest parameter 'e' implicitly has an 'any[]' type.
generated/prisma/runtime/react-native.js(5,32077): error TS7019: Rest parameter 'e' implicitly has an 'any[]' type.
generated/prisma/runtime/react-native.js(5,32114): error TS7006: Parameter 'e' implicitly has an 'any' type.
generated/prisma/runtime/react-native.js(5,32211): error TS7006: Parameter 'e' implicitly has an 'any' type.
generated/prisma/runtime/react-native.js(5,32266): error TS7006: Parameter 'e' implicitly has an 'any' type.
generated/prisma/runtime/react-native.js(5,32323): error TS7006: Parameter 'e' implicitly has an 'any' type.
generated/prisma/runtime/react-native.js(5,32352): error TS7006: Parameter 'i' implicitly has an 'any' type.
generated/prisma/runtime/react-native.js(5,32486): error TS7034: Variable 'Re' implicitly has type 'any' in some locations where its type cannot be determined.
generated/prisma/runtime/react-native.js(5,32676): error TS7006: Parameter 'Dm' implicitly has an 'any' type.
generated/prisma/runtime/react-native.js(5,32679): error TS7006: Parameter 'ji' implicitly has an 'any' type.
generated/prisma/runtime/react-native.js(5,32729): error TS7006: Parameter 'e' implicitly has an 'any' type.
generated/prisma/runtime/react-native.js(5,32785): error TS7006: Parameter 'r' implicitly has an 'any' type.
generated/prisma/runtime/react-native.js(5,32787): error TS7006: Parameter 'n' implicitly has an 'any' type.
generated/prisma/runtime/react-native.js(5,32833): error TS7006: Parameter 'Xm' implicitly has an 'any' type.
generated/prisma/runtime/react-native.js(5,32836): error TS7006: Parameter 'Ji' implicitly has an 'any' type.
generated/prisma/runtime/react-native.js(5,32887): error TS7006: Parameter 'e' implicitly has an 'any' type.
generated/prisma/runtime/react-native.js(5,32893): error TS7006: Parameter 'r' implicitly has an 'any' type.
generated/prisma/runtime/react-native.js(5,33391): error TS7006: Parameter 'Vg' implicitly has an 'any' type.
generated/prisma/runtime/react-native.js(5,33394): error TS7006: Parameter 'cr' implicitly has an 'any' type.
generated/prisma/runtime/react-native.js(5,33464): error TS2339: Property 'repoUrl' does not exist on type '{}'.
generated/prisma/runtime/react-native.js(5,33476): error TS2339: Property 'repoUrl' does not exist on type '{}'.
generated/prisma/runtime/react-native.js(5,33494): error TS2339: Property 'user' does not exist on type '{}'.
generated/prisma/runtime/react-native.js(5,33502): error TS2339: Property 'repo' does not exist on type '{}'.
generated/prisma/runtime/react-native.js(5,33533): error TS2339: Property 'user' does not exist on type '{}'.
generated/prisma/runtime/react-native.js(5,33543): error TS2339: Property 'repo' does not exist on type '{}'.
generated/prisma/runtime/react-native.js(5,33788): error TS7053: Element implicitly has an 'any' type because expression of type 'string' can't be used to index type '{}'.
  No index signature with a parameter of type 'string' was found on type '{}'.
generated/prisma/runtime/react-native.js(5,34027): error TS7006: Parameter 'o0' implicitly has an 'any' type.
generated/prisma/runtime/react-native.js(5,34030): error TS7006: Parameter 'wo' implicitly has an 'any' type.
generated/prisma/runtime/react-native.js(5,34102): error TS7006: Parameter 't' implicitly has an 'any' type.
generated/prisma/runtime/react-native.js(5,34104): error TS7006: Parameter 'r' implicitly has an 'any' type.
generated/prisma/runtime/react-native.js(5,34106): error TS7006: Parameter 'n' implicitly has an 'any' type.
generated/prisma/runtime/react-native.js(5,34108): error TS7006: Parameter 'i' implicitly has an 'any' type.
generated/prisma/runtime/react-native.js(5,34110): error TS7006: Parameter 'o' implicitly has an 'any' type.
generated/prisma/runtime/react-native.js(5,34169): error TS7006: Parameter 't' implicitly has an 'any' type.
generated/prisma/runtime/react-native.js(5,34171): error TS7006: Parameter 'r' implicitly has an 'any' type.
generated/prisma/runtime/react-native.js(5,34964): error TS7006: Parameter 'Ov' implicitly has an 'any' type.
generated/prisma/runtime/react-native.js(5,34967): error TS7006: Parameter '$c' implicitly has an 'any' type.
generated/prisma/runtime/react-native.js(5,35480): error TS7034: Variable 'jr' implicitly has type 'any' in some locations where its type cannot be determined.
generated/prisma/runtime/react-native.js(5,35549): error TS7006: Parameter 't' implicitly has an 'any' type.
generated/prisma/runtime/react-native.js(5,35551): error TS7006: Parameter 'r' implicitly has an 'any' type.
generated/prisma/runtime/react-native.js(5,35561): error TS7053: Element implicitly has an 'any' type because expression of type 'any' can't be used to index type '{}'.
generated/prisma/runtime/react-native.js(5,35578): error TS7053: Element implicitly has an 'any' type because expression of type 'any' can't be used to index type '{}'.
generated/prisma/runtime/react-native.js(5,35597): error TS7053: Element implicitly has an 'any' type because expression of type 'any' can't be used to index type '{}'.
generated/prisma/runtime/react-native.js(5,35630): error TS7006: Parameter 't' implicitly has an 'any' type.
generated/prisma/runtime/react-native.js(5,35632): error TS7019: Rest parameter 'r' implicitly has an 'any[]' type.
generated/prisma/runtime/react-native.js(5,35645): error TS7053: Element implicitly has an 'any' type because expression of type 'any' can't be used to index type '{}'.
generated/prisma/runtime/react-native.js(5,35661): error TS7053: Element implicitly has an 'any' type because expression of type 'any' can't be used to index type '{}'.
generated/prisma/runtime/react-native.js(5,35684): error TS7006: Parameter 'n' implicitly has an 'any' type.
generated/prisma/runtime/react-native.js(5,36558): error TS7006: Parameter 'e' implicitly has an 'any' type.
generated/prisma/runtime/react-native.js(5,36591): error TS7006: Parameter 't' implicitly has an 'any' type.
generated/prisma/runtime/react-native.js(5,36640): error TS7006: Parameter 'e' implicitly has an 'any' type.
generated/prisma/runtime/react-native.js(5,36740): error TS7019: Rest parameter 'e' implicitly has an 'any[]' type.
generated/prisma/runtime/react-native.js(5,36753): error TS7006: Parameter 't' implicitly has an 'any' type.
generated/prisma/runtime/react-native.js(5,37306): error TS18048: 'y' is possibly 'undefined'.
generated/prisma/runtime/react-native.js(5,37319): error TS18048: 'y' is possibly 'undefined'.
generated/prisma/runtime/react-native.js(5,37329): error TS18048: 'y' is possibly 'undefined'.
generated/prisma/runtime/react-native.js(5,37426): error TS7006: Parameter 'e' implicitly has an 'any' type.
generated/prisma/runtime/react-native.js(5,37428): error TS7006: Parameter 't' implicitly has an 'any' type.
generated/prisma/runtime/react-native.js(5,37515): error TS7006: Parameter 'o' implicitly has an 'any' type.
generated/prisma/runtime/react-native.js(5,37982): error TS7034: Variable 'Ft' implicitly has type 'any[]' in some locations where its type cannot be determined.
generated/prisma/runtime/react-native.js(5,38023): error TS18048: 'y' is possibly 'undefined'.
generated/prisma/runtime/react-native.js(5,38043): error TS7017: Element implicitly has an 'any' type because type 'typeof globalThis' has no index signature.
generated/prisma/runtime/react-native.js(5,38075): error TS7017: Element implicitly has an 'any' type because type 'typeof globalThis' has no index signature.
generated/prisma/runtime/react-native.js(5,38149): error TS7006: Parameter 'e' implicitly has an 'any' type.
generated/prisma/runtime/react-native.js(5,38184): error TS7017: Element implicitly has an 'any' type because type 'typeof globalThis' has no index signature.
generated/prisma/runtime/react-native.js(5,38221): error TS7017: Element implicitly has an 'any' type because type 'typeof globalThis' has no index signature.
generated/prisma/runtime/react-native.js(5,38245): error TS7017: Element implicitly has an 'any' type because type 'typeof globalThis' has no index signature.
generated/prisma/runtime/react-native.js(5,38265): error TS7006: Parameter 'e' implicitly has an 'any' type.
generated/prisma/runtime/react-native.js(5,38285): error TS7017: Element implicitly has an 'any' type because type 'typeof globalThis' has no index signature.
generated/prisma/runtime/react-native.js(5,38306): error TS7006: Parameter 'i' implicitly has an 'any' type.
generated/prisma/runtime/react-native.js(5,38358): error TS7006: Parameter 'i' implicitly has an 'any' type.
generated/prisma/runtime/react-native.js(5,38438): error TS7006: Parameter 'i' implicitly has an 'any' type.
generated/prisma/runtime/react-native.js(5,38537): error TS7019: Rest parameter 'e' implicitly has an 'any[]' type.
generated/prisma/runtime/react-native.js(5,38635): error TS7006: Parameter 'e' implicitly has an 'any' type.
generated/prisma/runtime/react-native.js(5,38733): error TS7019: Rest parameter 'n' implicitly has an 'any[]' type.
generated/prisma/runtime/react-native.js(5,38833): error TS7005: Variable 'Ft' implicitly has an 'any[]' type.
generated/prisma/runtime/react-native.js(5,38954): error TS7017: Element implicitly has an 'any' type because type 'typeof globalThis' has no index signature.
generated/prisma/runtime/react-native.js(5,38972): error TS2538: Type 'undefined' cannot be used as an index type.
generated/prisma/runtime/react-native.js(5,38990): error TS2538: Type 'undefined' cannot be used as an index type.
generated/prisma/runtime/react-native.js(5,39042): error TS7053: Element implicitly has an 'any' type because expression of type 'string | symbol' can't be used to index type '{ color: string | undefined; enabled: any; namespace: any; log: (...e: any[]) => void; extend: () => void; }'.
  No index signature with a parameter of type 'string' was found on type '{ color: string | undefined; enabled: any; namespace: any; log: (...e: any[]) => void; extend: () => void; }'.
generated/prisma/runtime/react-native.js(5,39060): error TS7053: Element implicitly has an 'any' type because expression of type 'string | symbol' can't be used to index type '{ color: string | undefined; enabled: any; namespace: any; log: (...e: any[]) => void; extend: () => void; }'.
  No index signature with a parameter of type 'string' was found on type '{ color: string | undefined; enabled: any; namespace: any; log: (...e: any[]) => void; extend: () => void; }'.
generated/prisma/runtime/react-native.js(5,39100): error TS7053: Element implicitly has an 'any' type because expression of type 'string | symbol' can't be used to index type '{ enable(e: any): void; disable(): any; enabled(e: any): any; log: (...e: any[]) => void; formatters: {}; }'.
  No index signature with a parameter of type 'string' was found on type '{ enable(e: any): void; disable(): any; enabled(e: any): any; log: (...e: any[]) => void; formatters: {}; }'.
generated/prisma/runtime/react-native.js(5,39119): error TS7053: Element implicitly has an 'any' type because expression of type 'string | symbol' can't be used to index type '{ enable(e: any): void; disable(): any; enabled(e: any): any; log: (...e: any[]) => void; formatters: {}; }'.
  No index signature with a parameter of type 'string' was found on type '{ enable(e: any): void; disable(): any; enabled(e: any): any; log: (...e: any[]) => void; formatters: {}; }'.
generated/prisma/runtime/react-native.js(5,39141): error TS7006: Parameter 'e' implicitly has an 'any' type.
generated/prisma/runtime/react-native.js(5,39355): error TS7005: Variable 'Ft' implicitly has an 'any[]' type.
generated/prisma/runtime/react-native.js(5,39388): error TS7006: Parameter 'i' implicitly has an 'any' type.
generated/prisma/runtime/react-native.js(6,762): error TS7006: Parameter 'e' implicitly has an 'any' type.
generated/prisma/runtime/react-native.js(6,938): error TS7005: Variable 'y' implicitly has an 'any' type.
generated/prisma/runtime/react-native.js(6,1174): error TS7006: Parameter 'e' implicitly has an 'any' type.
generated/prisma/runtime/react-native.js(6,1272): error TS7006: Parameter 'e' implicitly has an 'any' type.
generated/prisma/runtime/react-native.js(6,1300): error TS7006: Parameter 't' implicitly has an 'any' type.
generated/prisma/runtime/react-native.js(6,1328): error TS7006: Parameter 't' implicitly has an 'any' type.
generated/prisma/runtime/react-native.js(6,1357): error TS7006: Parameter 'e' implicitly has an 'any' type.
generated/prisma/runtime/react-native.js(6,1468): error TS7008: Member 'registeredErrors' implicitly has an 'any[]' type.
generated/prisma/runtime/react-native.js(6,1501): error TS7006: Parameter 't' implicitly has an 'any' type.
generated/prisma/runtime/react-native.js(6,1553): error TS7006: Parameter 't' implicitly has an 'any' type.
generated/prisma/runtime/react-native.js(6,1662): error TS7006: Parameter 'e' implicitly has an 'any' type.
generated/prisma/runtime/react-native.js(6,1916): error TS7019: Rest parameter 'n' implicitly has an 'any[]' type.
generated/prisma/runtime/react-native.js(6,1974): error TS7006: Parameter 'o' implicitly has an 'any' type.
generated/prisma/runtime/react-native.js(6,2018): error TS2339: Property 'getConnectionInfo' does not exist on type '{ adapterName: any; errorRegistry: yn; queryRaw: (...r: any[]) => Promise<{ ok: boolean; value: any; map(t: any): ...; flatMap(t: any): any; } | { ok: boolean; error: any; map(): ...; flatMap(): ...; }>; ... 4 more ...; startTransaction: (...n: any[]) => Promise<...>; }'.
generated/prisma/runtime/react-native.js(6,2078): error TS7006: Parameter 'e' implicitly has an 'any' type.
generated/prisma/runtime/react-native.js(6,2080): error TS7006: Parameter 't' implicitly has an 'any' type.
generated/prisma/runtime/react-native.js(6,2300): error TS7006: Parameter 'e' implicitly has an 'any' type.
generated/prisma/runtime/react-native.js(6,2302): error TS7006: Parameter 't' implicitly has an 'any' type.
generated/prisma/runtime/react-native.js(6,2318): error TS7019: Rest parameter 'r' implicitly has an 'any[]' type.
generated/prisma/runtime/react-native.js(6,2409): error TS18046: 'n' is of type 'unknown'.
generated/prisma/runtime/react-native.js(6,2495): error TS7006: Parameter 'e' implicitly has an 'any' type.
generated/prisma/runtime/react-native.js(6,2497): error TS7006: Parameter 't' implicitly has an 'any' type.
generated/prisma/runtime/react-native.js(6,2507): error TS7019: Rest parameter 'r' implicitly has an 'any[]' type.
generated/prisma/runtime/react-native.js(6,2591): error TS18046: 'n' is of type 'unknown'.
generated/prisma/runtime/react-native.js(6,2715): error TS7006: Parameter 'e' implicitly has an 'any' type.
generated/prisma/runtime/react-native.js(6,2891): error TS7006: Parameter 'e' implicitly has an 'any' type.
generated/prisma/runtime/react-native.js(6,3186): error TS7005: Variable 'y' implicitly has an 'any' type.
generated/prisma/runtime/react-native.js(6,3229): error TS7019: Rest parameter 'e' implicitly has an 'any[]' type.
generated/prisma/runtime/react-native.js(6,3265): error TS7006: Parameter 'e' implicitly has an 'any' type.
generated/prisma/runtime/react-native.js(6,3267): error TS7019: Rest parameter 't' implicitly has an 'any[]' type.
generated/prisma/runtime/react-native.js(6,3333): error TS7006: Parameter 'e' implicitly has an 'any' type.
generated/prisma/runtime/react-native.js(6,3335): error TS7019: Rest parameter 't' implicitly has an 'any[]' type.
generated/prisma/runtime/react-native.js(6,3390): error TS7006: Parameter 'e' implicitly has an 'any' type.
generated/prisma/runtime/react-native.js(6,3392): error TS7019: Rest parameter 't' implicitly has an 'any[]' type.
generated/prisma/runtime/react-native.js(6,3449): error TS7006: Parameter 'e' implicitly has an 'any' type.
generated/prisma/runtime/react-native.js(6,3451): error TS7019: Rest parameter 't' implicitly has an 'any[]' type.
generated/prisma/runtime/react-native.js(6,3526): error TS7006: Parameter 'e' implicitly has an 'any' type.
generated/prisma/runtime/react-native.js(6,3528): error TS7006: Parameter 't' implicitly has an 'any' type.
generated/prisma/runtime/react-native.js(6,3709): error TS7006: Parameter 'e' implicitly has an 'any' type.
generated/prisma/runtime/react-native.js(6,3711): error TS7006: Parameter 't' implicitly has an 'any' type.
generated/prisma/runtime/react-native.js(6,4095): error TS7006: Parameter 'e' implicitly has an 'any' type.
generated/prisma/runtime/react-native.js(6,4247): error TS7006: Parameter 'e' implicitly has an 'any' type.
generated/prisma/runtime/react-native.js(6,4257): error TS7005: Variable 'Re' implicitly has an 'any' type.
generated/prisma/runtime/react-native.js(6,4266): error TS7005: Variable 'Re' implicitly has an 'any' type.
generated/prisma/runtime/react-native.js(6,4289): error TS7005: Variable 'Re' implicitly has an 'any' type.
generated/prisma/runtime/react-native.js(6,4302): error TS7005: Variable 'Re' implicitly has an 'any' type.
generated/prisma/runtime/react-native.js(6,4348): error TS7006: Parameter 'e' implicitly has an 'any' type.
generated/prisma/runtime/react-native.js(6,4350): error TS7006: Parameter 't' implicitly has an 'any' type.
generated/prisma/runtime/react-native.js(6,4434): error TS7006: Parameter 'e' implicitly has an 'any' type.
generated/prisma/runtime/react-native.js(6,4436): error TS7006: Parameter 't' implicitly has an 'any' type.
generated/prisma/runtime/react-native.js(6,4476): error TS7053: Element implicitly has an 'any' type because expression of type 'string' can't be used to index type '{}'.
  No index signature with a parameter of type 'string' was found on type '{}'.
generated/prisma/runtime/react-native.js(6,4532): error TS7006: Parameter 'e' implicitly has an 'any' type.
generated/prisma/runtime/react-native.js(6,4534): error TS7006: Parameter 't' implicitly has an 'any' type.
generated/prisma/runtime/react-native.js(6,4661): error TS7006: Parameter 'e' implicitly has an 'any' type.
generated/prisma/runtime/react-native.js(6,4663): error TS7006: Parameter 't' implicitly has an 'any' type.
generated/prisma/runtime/react-native.js(6,4763): error TS7006: Parameter 'e' implicitly has an 'any' type.
generated/prisma/runtime/react-native.js(6,4765): error TS7006: Parameter 't' implicitly has an 'any' type.
generated/prisma/runtime/react-native.js(6,4767): error TS7019: Rest parameter 'r' implicitly has an 'any[]' type.
generated/prisma/runtime/react-native.js(6,4862): error TS7008: Member 'retryable' implicitly has an 'any' type.
generated/prisma/runtime/react-native.js(6,4884): error TS7006: Parameter 't' implicitly has an 'any' type.
generated/prisma/runtime/react-native.js(6,4886): error TS7006: Parameter 'r' implicitly has an 'any' type.
generated/prisma/runtime/react-native.js(6,4888): error TS7006: Parameter 'n' implicitly has an 'any' type.
generated/prisma/runtime/react-native.js(6,5188): error TS7008: Member 'batchRequestIdx' implicitly has an 'any' type.
generated/prisma/runtime/react-native.js(6,5216): error TS7006: Parameter 't' implicitly has an 'any' type.
generated/prisma/runtime/react-native.js(6,5224): error TS7031: Binding element 'r' implicitly has an 'any' type.
generated/prisma/runtime/react-native.js(6,5240): error TS7031: Binding element 'n' implicitly has an 'any' type.
generated/prisma/runtime/react-native.js(6,5247): error TS7031: Binding element 'i' implicitly has an 'any' type.
generated/prisma/runtime/react-native.js(6,5265): error TS7031: Binding element 'o' implicitly has an 'any' type.
generated/prisma/runtime/react-native.js(6,5625): error TS7006: Parameter 't' implicitly has an 'any' type.
generated/prisma/runtime/react-native.js(6,5627): error TS7006: Parameter 'r' implicitly has an 'any' type.
generated/prisma/runtime/react-native.js(6,5858): error TS7008: Member 'batchRequestIdx' implicitly has an 'any' type.
generated/prisma/runtime/react-native.js(6,5886): error TS7006: Parameter 't' implicitly has an 'any' type.
generated/prisma/runtime/react-native.js(6,5903): error TS7031: Binding element 'r' implicitly has an 'any' type.
generated/prisma/runtime/react-native.js(6,5921): error TS7031: Binding element 'n' implicitly has an 'any' type.
generated/prisma/runtime/react-native.js(6,6297): error TS7006: Parameter 't' implicitly has an 'any' type.
generated/prisma/runtime/react-native.js(6,6314): error TS7031: Binding element 'r' implicitly has an 'any' type.
generated/prisma/runtime/react-native.js(6,6539): error TS7006: Parameter 't' implicitly has an 'any' type.
generated/prisma/runtime/react-native.js(6,6577): error TS7006: Parameter 't' implicitly has an 'any' type.
generated/prisma/runtime/react-native.js(6,6579): error TS7006: Parameter 'r' implicitly has an 'any' type.
generated/prisma/runtime/react-native.js(6,6621): error TS7006: Parameter 't' implicitly has an 'any' type.
generated/prisma/runtime/react-native.js(6,6623): error TS7006: Parameter 'r' implicitly has an 'any' type.
generated/prisma/runtime/react-native.js(6,6736): error TS7006: Parameter 'e' implicitly has an 'any' type.
generated/prisma/runtime/react-native.js(6,6824): error TS7006: Parameter 'e' implicitly has an 'any' type.
generated/prisma/runtime/react-native.js(6,6826): error TS7006: Parameter 't' implicitly has an 'any' type.
generated/prisma/runtime/react-native.js(6,6865): error TS7053: Element implicitly has an 'any' type because expression of type 'any' can't be used to index type '{}'.
generated/prisma/runtime/react-native.js(6,6913): error TS7006: Parameter 'e' implicitly has an 'any' type.
generated/prisma/runtime/react-native.js(6,6920): error TS7034: Variable 't' implicitly has type 'any' in some locations where its type cannot be determined.
generated/prisma/runtime/react-native.js(6,6942): error TS7005: Variable 't' implicitly has an 'any' type.
generated/prisma/runtime/react-native.js(6,7003): error TS7006: Parameter 'e' implicitly has an 'any' type.
generated/prisma/runtime/react-native.js(6,7082): error TS7006: Parameter 'e' implicitly has an 'any' type.
generated/prisma/runtime/react-native.js(6,7119): error TS7053: Element implicitly has an 'any' type because expression of type 'any' can't be used to index type '{}'.
generated/prisma/runtime/react-native.js(6,7167): error TS7006: Parameter 'e' implicitly has an 'any' type.
generated/prisma/runtime/react-native.js(6,7260): error TS7006: Parameter 'e' implicitly has an 'any' type.
generated/prisma/runtime/react-native.js(6,9534): error TS7034: Variable 'ro' implicitly has type 'any' in some locations where its type cannot be determined.
generated/prisma/runtime/react-native.js(6,9537): error TS7034: Variable 'ke' implicitly has type 'any' in some locations where its type cannot be determined.
generated/prisma/runtime/react-native.js(6,9981): error TS2339: Property 'absoluteValue' does not exist on type '{ toStringTag: string; }'.
generated/prisma/runtime/react-native.js(6,9997): error TS2339: Property 'abs' does not exist on type '{ toStringTag: string; }'.
generated/prisma/runtime/react-native.js(6,10022): error TS2351: This expression is not constructable.
  Type 'Function' has no construct signatures.
generated/prisma/runtime/react-native.js(6,10075): error TS2339: Property 'ceil' does not exist on type '{ toStringTag: string; }'.
generated/prisma/runtime/react-native.js(6,10104): error TS2351: This expression is not constructable.
  Type 'Function' has no construct signatures.
generated/prisma/runtime/react-native.js(6,10132): error TS2339: Property 'e' does not exist on type '{ toStringTag: string; }'.
generated/prisma/runtime/react-native.js(6,10142): error TS2339: Property 'clampedTo' does not exist on type '{ toStringTag: string; }'.
generated/prisma/runtime/react-native.js(6,10154): error TS2339: Property 'clamp' does not exist on type '{ toStringTag: string; }'.
generated/prisma/runtime/react-native.js(6,10169): error TS7006: Parameter 'e' implicitly has an 'any' type.
generated/prisma/runtime/react-native.js(6,10171): error TS7006: Parameter 't' implicitly has an 'any' type.
generated/prisma/runtime/react-native.js(6,10212): error TS2351: This expression is not constructable.
  Type 'Function' has no construct signatures.
generated/prisma/runtime/react-native.js(6,10223): error TS2351: This expression is not constructable.
  Type 'Function' has no construct signatures.
generated/prisma/runtime/react-native.js(6,10250): error TS2351: This expression is not constructable.
  Type 'Function' has no construct signatures.
generated/prisma/runtime/react-native.js(6,10297): error TS2339: Property 'cmp' does not exist on type '{ toStringTag: string; }'.
generated/prisma/runtime/react-native.js(6,10312): error TS2339: Property 'cmp' does not exist on type '{ toStringTag: string; }'.
generated/prisma/runtime/react-native.js(6,10327): error TS2351: This expression is not constructable.
  Type 'Function' has no construct signatures.
generated/prisma/runtime/react-native.js(6,10335): error TS2339: Property 'comparedTo' does not exist on type '{ toStringTag: string; }'.
generated/prisma/runtime/react-native.js(6,10348): error TS2339: Property 'cmp' does not exist on type '{ toStringTag: string; }'.
generated/prisma/runtime/react-native.js(6,10361): error TS7006: Parameter 'e' implicitly has an 'any' type.
generated/prisma/runtime/react-native.js(6,10387): error TS2339: Property 'd' does not exist on type '{ toStringTag: string; }'.
generated/prisma/runtime/react-native.js(6,10398): error TS2351: This expression is not constructable.
  Type 'Function' has no construct signatures.
generated/prisma/runtime/react-native.js(6,10422): error TS2339: Property 's' does not exist on type '{ toStringTag: string; }'.
generated/prisma/runtime/react-native.js(6,10473): error TS2447: The '^' operator is not allowed for boolean types. Consider using '!==' instead.
generated/prisma/runtime/react-native.js(6,10548): error TS2339: Property 'e' does not exist on type '{ toStringTag: string; }'.
generated/prisma/runtime/react-native.js(6,10563): error TS2447: The '^' operator is not allowed for boolean types. Consider using '!==' instead.
generated/prisma/runtime/react-native.js(6,10565): error TS2339: Property 'e' does not exist on type '{ toStringTag: string; }'.
generated/prisma/runtime/react-native.js(6,10650): error TS2447: The '^' operator is not allowed for boolean types. Consider using '!==' instead.
generated/prisma/runtime/react-native.js(6,10684): error TS2447: The '^' operator is not allowed for boolean types. Consider using '!==' instead.
generated/prisma/runtime/react-native.js(6,10700): error TS2339: Property 'cosine' does not exist on type '{ toStringTag: string; }'.
generated/prisma/runtime/react-native.js(6,10709): error TS2339: Property 'cos' does not exist on type '{ toStringTag: string; }'.
generated/prisma/runtime/react-native.js(6,10764): error TS2339: Property 'd' does not exist on type '{ toStringTag: string; }'.
generated/prisma/runtime/react-native.js(6,10768): error TS2339: Property 'd' does not exist on type '{ toStringTag: string; }'.
generated/prisma/runtime/react-native.js(6,10778): error TS2339: Property 'precision' does not exist on type 'Function'.
generated/prisma/runtime/react-native.js(6,10792): error TS2339: Property 'rounding' does not exist on type 'Function'.
generated/prisma/runtime/react-native.js(6,10803): error TS2339: Property 'precision' does not exist on type 'Function'.
generated/prisma/runtime/react-native.js(6,10826): error TS2339: Property 'e' does not exist on type '{ toStringTag: string; }'.
generated/prisma/runtime/react-native.js(6,10830): error TS2339: Property 'sd' does not exist on type '{ toStringTag: string; }'.
generated/prisma/runtime/react-native.js(6,10840): error TS2339: Property 'rounding' does not exist on type 'Function'.
generated/prisma/runtime/react-native.js(6,10869): error TS2339: Property 'precision' does not exist on type 'Function'.
generated/prisma/runtime/react-native.js(6,10883): error TS2339: Property 'rounding' does not exist on type 'Function'.
generated/prisma/runtime/react-native.js(6,10896): error TS7005: Variable 'ke' implicitly has an 'any' type.
generated/prisma/runtime/react-native.js(6,10903): error TS7005: Variable 'ke' implicitly has an 'any' type.
generated/prisma/runtime/react-native.js(6,10911): error TS2339: Property 'neg' does not exist on type '{ toStringTag: string; }'.
generated/prisma/runtime/react-native.js(6,10932): error TS2351: This expression is not constructable.
  Type 'Function' has no construct signatures.
generated/prisma/runtime/react-native.js(6,10941): error TS2351: This expression is not constructable.
  Type 'Function' has no construct signatures.
generated/prisma/runtime/react-native.js(6,10951): error TS2339: Property 'cubeRoot' does not exist on type '{ toStringTag: string; }'.
generated/prisma/runtime/react-native.js(6,10962): error TS2339: Property 'cbrt' does not exist on type '{ toStringTag: string; }'.
generated/prisma/runtime/react-native.js(6,11031): error TS2339: Property 'isFinite' does not exist on type '{ toStringTag: string; }'.
generated/prisma/runtime/react-native.js(6,11045): error TS2339: Property 'isZero' does not exist on type '{ toStringTag: string; }'.
generated/prisma/runtime/react-native.js(6,11065): error TS2351: This expression is not constructable.
  Type 'Function' has no construct signatures.
generated/prisma/runtime/react-native.js(6,11083): error TS2339: Property 's' does not exist on type '{ toStringTag: string; }'.
generated/prisma/runtime/react-native.js(6,11089): error TS2339: Property 's' does not exist on type '{ toStringTag: string; }'.
generated/prisma/runtime/react-native.js(6,11091): error TS2363: The right-hand side of an arithmetic operation must be of type 'any', 'number', 'bigint' or an enum type.
generated/prisma/runtime/react-native.js(6,11126): error TS2339: Property 'd' does not exist on type '{ toStringTag: string; }'.
generated/prisma/runtime/react-native.js(6,11133): error TS2339: Property 'e' does not exist on type '{ toStringTag: string; }'.
generated/prisma/runtime/react-native.js(6,11187): error TS2345: Argument of type 'string' is not assignable to parameter of type 'number'.
generated/prisma/runtime/react-native.js(6,11208): error TS2363: The right-hand side of an arithmetic operation must be of type 'any', 'number', 'bigint' or an enum type.
generated/prisma/runtime/react-native.js(6,11302): error TS2351: This expression is not constructable.
  Type 'Function' has no construct signatures.
generated/prisma/runtime/react-native.js(6,11313): error TS2339: Property 's' does not exist on type '{ toStringTag: string; }'.
generated/prisma/runtime/react-native.js(6,11322): error TS2351: This expression is not constructable.
  Type 'Function' has no construct signatures.
generated/prisma/runtime/react-native.js(6,11345): error TS2339: Property 'precision' does not exist on type 'Function'.
generated/prisma/runtime/react-native.js(6,11709): error TS2339: Property 'rounding' does not exist on type 'Function'.
generated/prisma/runtime/react-native.js(6,11724): error TS2339: Property 'decimalPlaces' does not exist on type '{ toStringTag: string; }'.
generated/prisma/runtime/react-native.js(6,11740): error TS2339: Property 'dp' does not exist on type '{ toStringTag: string; }'.
generated/prisma/runtime/react-native.js(6,11767): error TS2339: Property 'd' does not exist on type '{ toStringTag: string; }'.
generated/prisma/runtime/react-native.js(6,11810): error TS2339: Property 'e' does not exist on type '{ toStringTag: string; }'.
generated/prisma/runtime/react-native.js(6,11873): error TS2339: Property 'dividedBy' does not exist on type '{ toStringTag: string; }'.
generated/prisma/runtime/react-native.js(6,11885): error TS2339: Property 'div' does not exist on type '{ toStringTag: string; }'.
generated/prisma/runtime/react-native.js(6,11898): error TS7006: Parameter 'e' implicitly has an 'any' type.
generated/prisma/runtime/react-native.js(6,11919): error TS2351: This expression is not constructable.
  Type 'Function' has no construct signatures.
generated/prisma/runtime/react-native.js(6,11943): error TS2339: Property 'dividedToIntegerBy' does not exist on type '{ toStringTag: string; }'.
generated/prisma/runtime/react-native.js(6,11964): error TS2339: Property 'divToInt' does not exist on type '{ toStringTag: string; }'.
generated/prisma/runtime/react-native.js(6,11982): error TS7006: Parameter 'e' implicitly has an 'any' type.
generated/prisma/runtime/react-native.js(6,12029): error TS2351: This expression is not constructable.
  Type 'Function' has no construct signatures.
generated/prisma/runtime/react-native.js(6,12043): error TS2339: Property 'precision' does not exist on type 'Function'.
generated/prisma/runtime/react-native.js(6,12055): error TS2339: Property 'rounding' does not exist on type 'Function'.
generated/prisma/runtime/react-native.js(6,12068): error TS2339: Property 'equals' does not exist on type '{ toStringTag: string; }'.
generated/prisma/runtime/react-native.js(6,12077): error TS2339: Property 'eq' does not exist on type '{ toStringTag: string; }'.
generated/prisma/runtime/react-native.js(6,12089): error TS7006: Parameter 'e' implicitly has an 'any' type.
generated/prisma/runtime/react-native.js(6,12104): error TS2339: Property 'cmp' does not exist on type '{ toStringTag: string; }'.
generated/prisma/runtime/react-native.js(6,12118): error TS2339: Property 'floor' does not exist on type '{ toStringTag: string; }'.
generated/prisma/runtime/react-native.js(6,12148): error TS2351: This expression is not constructable.
  Type 'Function' has no construct signatures.
generated/prisma/runtime/react-native.js(6,12176): error TS2339: Property 'e' does not exist on type '{ toStringTag: string; }'.
generated/prisma/runtime/react-native.js(6,12186): error TS2339: Property 'greaterThan' does not exist on type '{ toStringTag: string; }'.
generated/prisma/runtime/react-native.js(6,12200): error TS2339: Property 'gt' does not exist on type '{ toStringTag: string; }'.
generated/prisma/runtime/react-native.js(6,12212): error TS7006: Parameter 'e' implicitly has an 'any' type.
generated/prisma/runtime/react-native.js(6,12227): error TS2339: Property 'cmp' does not exist on type '{ toStringTag: string; }'.
generated/prisma/runtime/react-native.js(6,12239): error TS2339: Property 'greaterThanOrEqualTo' does not exist on type '{ toStringTag: string; }'.
generated/prisma/runtime/react-native.js(6,12262): error TS2339: Property 'gte' does not exist on type '{ toStringTag: string; }'.
generated/prisma/runtime/react-native.js(6,12275): error TS7006: Parameter 'e' implicitly has an 'any' type.
generated/prisma/runtime/react-native.js(6,12289): error TS2339: Property 'cmp' does not exist on type '{ toStringTag: string; }'.
generated/prisma/runtime/react-native.js(6,12318): error TS2339: Property 'hyperbolicCosine' does not exist on type '{ toStringTag: string; }'.
generated/prisma/runtime/react-native.js(6,12337): error TS2339: Property 'cosh' does not exist on type '{ toStringTag: string; }'.
generated/prisma/runtime/react-native.js(6,12396): error TS2351: This expression is not constructable.
  Type 'Function' has no construct signatures.
generated/prisma/runtime/react-native.js(6,12407): error TS2339: Property 'isFinite' does not exist on type '{ toStringTag: string; }'.
generated/prisma/runtime/react-native.js(6,12429): error TS2351: This expression is not constructable.
  Type 'Function' has no construct signatures.
generated/prisma/runtime/react-native.js(6,12433): error TS2339: Property 's' does not exist on type '{ toStringTag: string; }'.
generated/prisma/runtime/react-native.js(6,12449): error TS2339: Property 'isZero' does not exist on type '{ toStringTag: string; }'.
generated/prisma/runtime/react-native.js(6,12471): error TS2339: Property 'precision' does not exist on type 'Function'.
generated/prisma/runtime/react-native.js(6,12485): error TS2339: Property 'rounding' does not exist on type 'Function'.
generated/prisma/runtime/react-native.js(6,12496): error TS2339: Property 'precision' does not exist on type 'Function'.
generated/prisma/runtime/react-native.js(6,12519): error TS2339: Property 'e' does not exist on type '{ toStringTag: string; }'.
generated/prisma/runtime/react-native.js(6,12523): error TS2339: Property 'sd' does not exist on type '{ toStringTag: string; }'.
generated/prisma/runtime/react-native.js(6,12533): error TS2339: Property 'rounding' does not exist on type 'Function'.
generated/prisma/runtime/react-native.js(6,12548): error TS2339: Property 'd' does not exist on type '{ toStringTag: string; }'.
generated/prisma/runtime/react-native.js(6,12657): error TS2339: Property 'times' does not exist on type '{ toStringTag: string; }'.
generated/prisma/runtime/react-native.js(6,12670): error TS2351: This expression is not constructable.
  Type 'Function' has no construct signatures.
generated/prisma/runtime/react-native.js(6,12699): error TS2351: This expression is not constructable.
  Type 'Function' has no construct signatures.
generated/prisma/runtime/react-native.js(6,12713): error TS2339: Property 'times' does not exist on type '{ toStringTag: string; }'.
generated/prisma/runtime/react-native.js(6,12775): error TS2339: Property 'precision' does not exist on type 'Function'.
generated/prisma/runtime/react-native.js(6,12789): error TS2339: Property 'rounding' does not exist on type 'Function'.
generated/prisma/runtime/react-native.js(6,12807): error TS2339: Property 'hyperbolicSine' does not exist on type '{ toStringTag: string; }'.
generated/prisma/runtime/react-native.js(6,12824): error TS2339: Property 'sinh' does not exist on type '{ toStringTag: string; }'.
generated/prisma/runtime/react-native.js(6,12881): error TS2339: Property 'isFinite' does not exist on type '{ toStringTag: string; }'.
generated/prisma/runtime/react-native.js(6,12895): error TS2339: Property 'isZero' does not exist on type '{ toStringTag: string; }'.
generated/prisma/runtime/react-native.js(6,12915): error TS2351: This expression is not constructable.
  Type 'Function' has no construct signatures.
generated/prisma/runtime/react-native.js(6,12927): error TS2339: Property 'precision' does not exist on type 'Function'.
generated/prisma/runtime/react-native.js(6,12941): error TS2339: Property 'rounding' does not exist on type 'Function'.
generated/prisma/runtime/react-native.js(6,12952): error TS2339: Property 'precision' does not exist on type 'Function'.
generated/prisma/runtime/react-native.js(6,12975): error TS2339: Property 'e' does not exist on type '{ toStringTag: string; }'.
generated/prisma/runtime/react-native.js(6,12979): error TS2339: Property 'sd' does not exist on type '{ toStringTag: string; }'.
generated/prisma/runtime/react-native.js(6,12989): error TS2339: Property 'rounding' does not exist on type 'Function'.
generated/prisma/runtime/react-native.js(6,13004): error TS2339: Property 'd' does not exist on type '{ toStringTag: string; }'.
generated/prisma/runtime/react-native.js(6,13076): error TS2339: Property 'times' does not exist on type '{ toStringTag: string; }'.
generated/prisma/runtime/react-native.js(6,13126): error TS2351: This expression is not constructable.
  Type 'Function' has no construct signatures.
generated/prisma/runtime/react-native.js(6,13137): error TS2351: This expression is not constructable.
  Type 'Function' has no construct signatures.
generated/prisma/runtime/react-native.js(6,13149): error TS2351: This expression is not constructable.
  Type 'Function' has no construct signatures.
generated/prisma/runtime/react-native.js(6,13164): error TS2339: Property 'times' does not exist on type '{ toStringTag: string; }'.
generated/prisma/runtime/react-native.js(6,13177): error TS2339: Property 'times' does not exist on type '{ toStringTag: string; }'.
generated/prisma/runtime/react-native.js(6,13229): error TS2339: Property 'precision' does not exist on type 'Function'.
generated/prisma/runtime/react-native.js(6,13243): error TS2339: Property 'rounding' does not exist on type 'Function'.
generated/prisma/runtime/react-native.js(6,13269): error TS2339: Property 'hyperbolicTangent' does not exist on type '{ toStringTag: string; }'.
generated/prisma/runtime/react-native.js(6,13289): error TS2339: Property 'tanh' does not exist on type '{ toStringTag: string; }'.
generated/prisma/runtime/react-native.js(6,13345): error TS2339: Property 'isFinite' does not exist on type '{ toStringTag: string; }'.
generated/prisma/runtime/react-native.js(6,13358): error TS2339: Property 'isZero' does not exist on type '{ toStringTag: string; }'.
generated/prisma/runtime/react-native.js(6,13371): error TS2351: This expression is not constructable.
  Type 'Function' has no construct signatures.
generated/prisma/runtime/react-native.js(6,13381): error TS2339: Property 'precision' does not exist on type 'Function'.
generated/prisma/runtime/react-native.js(6,13395): error TS2339: Property 'rounding' does not exist on type 'Function'.
generated/prisma/runtime/react-native.js(6,13406): error TS2339: Property 'precision' does not exist on type 'Function'.
generated/prisma/runtime/react-native.js(6,13422): error TS2339: Property 'rounding' does not exist on type 'Function'.
generated/prisma/runtime/react-native.js(6,13437): error TS2339: Property 'sinh' does not exist on type '{ toStringTag: string; }'.
generated/prisma/runtime/react-native.js(6,13446): error TS2339: Property 'cosh' does not exist on type '{ toStringTag: string; }'.
generated/prisma/runtime/react-native.js(6,13455): error TS2339: Property 'precision' does not exist on type 'Function'.
generated/prisma/runtime/react-native.js(6,13469): error TS2339: Property 'rounding' does not exist on type 'Function'.
generated/prisma/runtime/react-native.js(6,13486): error TS2351: This expression is not constructable.
  Type 'Function' has no construct signatures.
generated/prisma/runtime/react-native.js(6,13490): error TS2339: Property 's' does not exist on type '{ toStringTag: string; }'.
generated/prisma/runtime/react-native.js(6,13496): error TS2339: Property 'inverseCosine' does not exist on type '{ toStringTag: string; }'.
generated/prisma/runtime/react-native.js(6,13512): error TS2339: Property 'acos' does not exist on type '{ toStringTag: string; }'.
generated/prisma/runtime/react-native.js(6,13559): error TS2339: Property 'abs' does not exist on type '{ toStringTag: string; }'.
generated/prisma/runtime/react-native.js(6,13576): error TS2339: Property 'precision' does not exist on type 'Function'.
generated/prisma/runtime/react-native.js(6,13590): error TS2339: Property 'rounding' does not exist on type 'Function'.
generated/prisma/runtime/react-native.js(6,13621): error TS2339: Property 'isNeg' does not exist on type '{ toStringTag: string; }'.
generated/prisma/runtime/react-native.js(6,13643): error TS2351: This expression is not constructable.
  Type 'Function' has no construct signatures.
generated/prisma/runtime/react-native.js(6,13652): error TS2351: This expression is not constructable.
  Type 'Function' has no construct signatures.
generated/prisma/runtime/react-native.js(6,13661): error TS2339: Property 'isZero' does not exist on type '{ toStringTag: string; }'.
generated/prisma/runtime/react-native.js(6,13695): error TS2339: Property 'precision' does not exist on type 'Function'.
generated/prisma/runtime/react-native.js(6,13711): error TS2339: Property 'rounding' does not exist on type 'Function'.
generated/prisma/runtime/react-native.js(6,13728): error TS2351: This expression is not constructable.
  Type 'Function' has no construct signatures.
generated/prisma/runtime/react-native.js(6,13748): error TS2339: Property 'plus' does not exist on type '{ toStringTag: string; }'.
generated/prisma/runtime/react-native.js(6,13773): error TS2339: Property 'precision' does not exist on type 'Function'.
generated/prisma/runtime/react-native.js(6,13787): error TS2339: Property 'rounding' does not exist on type 'Function'.
generated/prisma/runtime/react-native.js(6,13800): error TS2339: Property 'times' does not exist on type '{ toStringTag: string; }'.
generated/prisma/runtime/react-native.js(6,13813): error TS2339: Property 'inverseHyperbolicCosine' does not exist on type '{ toStringTag: string; }'.
generated/prisma/runtime/react-native.js(6,13839): error TS2339: Property 'acosh' does not exist on type '{ toStringTag: string; }'.
generated/prisma/runtime/react-native.js(6,13896): error TS2339: Property 'lte' does not exist on type '{ toStringTag: string; }'.
generated/prisma/runtime/react-native.js(6,13907): error TS2351: This expression is not constructable.
  Type 'Function' has no construct signatures.
generated/prisma/runtime/react-native.js(6,13911): error TS2339: Property 'eq' does not exist on type '{ toStringTag: string; }'.
generated/prisma/runtime/react-native.js(6,13926): error TS2339: Property 'isFinite' does not exist on type '{ toStringTag: string; }'.
generated/prisma/runtime/react-native.js(6,13942): error TS2339: Property 'precision' does not exist on type 'Function'.
generated/prisma/runtime/react-native.js(6,13956): error TS2339: Property 'rounding' does not exist on type 'Function'.
generated/prisma/runtime/react-native.js(6,13967): error TS2339: Property 'precision' does not exist on type 'Function'.
generated/prisma/runtime/react-native.js(6,13999): error TS2339: Property 'e' does not exist on type '{ toStringTag: string; }'.
generated/prisma/runtime/react-native.js(6,14004): error TS2339: Property 'sd' does not exist on type '{ toStringTag: string; }'.
generated/prisma/runtime/react-native.js(6,14014): error TS2339: Property 'rounding' does not exist on type 'Function'.
generated/prisma/runtime/react-native.js(6,14034): error TS2339: Property 'times' does not exist on type '{ toStringTag: string; }'.
generated/prisma/runtime/react-native.js(6,14074): error TS2339: Property 'precision' does not exist on type 'Function'.
generated/prisma/runtime/react-native.js(6,14088): error TS2339: Property 'rounding' does not exist on type 'Function'.
generated/prisma/runtime/react-native.js(6,14101): error TS2339: Property 'ln' does not exist on type '{ toStringTag: string; }'.
generated/prisma/runtime/react-native.js(6,14111): error TS2351: This expression is not constructable.
  Type 'Function' has no construct signatures.
generated/prisma/runtime/react-native.js(6,14119): error TS2339: Property 'inverseHyperbolicSine' does not exist on type '{ toStringTag: string; }'.
generated/prisma/runtime/react-native.js(6,14143): error TS2339: Property 'asinh' does not exist on type '{ toStringTag: string; }'.
generated/prisma/runtime/react-native.js(6,14200): error TS2339: Property 'isFinite' does not exist on type '{ toStringTag: string; }'.
generated/prisma/runtime/react-native.js(6,14214): error TS2339: Property 'isZero' does not exist on type '{ toStringTag: string; }'.
generated/prisma/runtime/react-native.js(6,14227): error TS2351: This expression is not constructable.
  Type 'Function' has no construct signatures.
generated/prisma/runtime/react-native.js(6,14237): error TS2339: Property 'precision' does not exist on type 'Function'.
generated/prisma/runtime/react-native.js(6,14251): error TS2339: Property 'rounding' does not exist on type 'Function'.
generated/prisma/runtime/react-native.js(6,14262): error TS2339: Property 'precision' does not exist on type 'Function'.
generated/prisma/runtime/react-native.js(6,14296): error TS2339: Property 'e' does not exist on type '{ toStringTag: string; }'.
generated/prisma/runtime/react-native.js(6,14301): error TS2339: Property 'sd' does not exist on type '{ toStringTag: string; }'.
generated/prisma/runtime/react-native.js(6,14311): error TS2339: Property 'rounding' does not exist on type 'Function'.
generated/prisma/runtime/react-native.js(6,14331): error TS2339: Property 'times' does not exist on type '{ toStringTag: string; }'.
generated/prisma/runtime/react-native.js(6,14370): error TS2339: Property 'precision' does not exist on type 'Function'.
generated/prisma/runtime/react-native.js(6,14384): error TS2339: Property 'rounding' does not exist on type 'Function'.
generated/prisma/runtime/react-native.js(6,14397): error TS2339: Property 'ln' does not exist on type '{ toStringTag: string; }'.
generated/prisma/runtime/react-native.js(6,14406): error TS2339: Property 'inverseHyperbolicTangent' does not exist on type '{ toStringTag: string; }'.
generated/prisma/runtime/react-native.js(6,14433): error TS2339: Property 'atanh' does not exist on type '{ toStringTag: string; }'.
generated/prisma/runtime/react-native.js(6,14494): error TS2339: Property 'isFinite' does not exist on type '{ toStringTag: string; }'.
generated/prisma/runtime/react-native.js(6,14507): error TS2339: Property 'e' does not exist on type '{ toStringTag: string; }'.
generated/prisma/runtime/react-native.js(6,14516): error TS2351: This expression is not constructable.
  Type 'Function' has no construct signatures.
generated/prisma/runtime/react-native.js(6,14520): error TS2339: Property 'abs' does not exist on type '{ toStringTag: string; }'.
generated/prisma/runtime/react-native.js(6,14534): error TS2339: Property 's' does not exist on type '{ toStringTag: string; }'.
generated/prisma/runtime/react-native.js(6,14540): error TS2339: Property 'isZero' does not exist on type '{ toStringTag: string; }'.
generated/prisma/runtime/react-native.js(6,14561): error TS2339: Property 'precision' does not exist on type 'Function'.
generated/prisma/runtime/react-native.js(6,14575): error TS2339: Property 'rounding' does not exist on type 'Function'.
generated/prisma/runtime/react-native.js(6,14588): error TS2339: Property 'sd' does not exist on type '{ toStringTag: string; }'.
generated/prisma/runtime/react-native.js(6,14612): error TS2339: Property 'e' does not exist on type '{ toStringTag: string; }'.
generated/prisma/runtime/react-native.js(6,14622): error TS2351: This expression is not constructable.
  Type 'Function' has no construct signatures.
generated/prisma/runtime/react-native.js(6,14638): error TS2339: Property 'precision' does not exist on type 'Function'.
generated/prisma/runtime/react-native.js(6,14654): error TS2339: Property 'e' does not exist on type '{ toStringTag: string; }'.
generated/prisma/runtime/react-native.js(6,14662): error TS2339: Property 'plus' does not exist on type '{ toStringTag: string; }'.
generated/prisma/runtime/react-native.js(6,14674): error TS2351: This expression is not constructable.
  Type 'Function' has no construct signatures.
generated/prisma/runtime/react-native.js(6,14697): error TS2339: Property 'precision' does not exist on type 'Function'.
generated/prisma/runtime/react-native.js(6,14713): error TS2339: Property 'rounding' does not exist on type 'Function'.
generated/prisma/runtime/react-native.js(6,14728): error TS2339: Property 'ln' does not exist on type '{ toStringTag: string; }'.
generated/prisma/runtime/react-native.js(6,14735): error TS2339: Property 'precision' does not exist on type 'Function'.
generated/prisma/runtime/react-native.js(6,14749): error TS2339: Property 'rounding' does not exist on type 'Function'.
generated/prisma/runtime/react-native.js(6,14762): error TS2339: Property 'times' does not exist on type '{ toStringTag: string; }'.
generated/prisma/runtime/react-native.js(6,14778): error TS2351: This expression is not constructable.
  Type 'Function' has no construct signatures.
generated/prisma/runtime/react-native.js(6,14788): error TS2339: Property 'inverseSine' does not exist on type '{ toStringTag: string; }'.
generated/prisma/runtime/react-native.js(6,14802): error TS2339: Property 'asin' does not exist on type '{ toStringTag: string; }'.
generated/prisma/runtime/react-native.js(6,14862): error TS2339: Property 'isZero' does not exist on type '{ toStringTag: string; }'.
generated/prisma/runtime/react-native.js(6,14875): error TS2351: This expression is not constructable.
  Type 'Function' has no construct signatures.
generated/prisma/runtime/react-native.js(6,14885): error TS2339: Property 'abs' does not exist on type '{ toStringTag: string; }'.
generated/prisma/runtime/react-native.js(6,14902): error TS2339: Property 'precision' does not exist on type 'Function'.
generated/prisma/runtime/react-native.js(6,14916): error TS2339: Property 'rounding' does not exist on type 'Function'.
generated/prisma/runtime/react-native.js(6,14969): error TS2339: Property 's' does not exist on type '{ toStringTag: string; }'.
generated/prisma/runtime/react-native.js(6,14978): error TS2351: This expression is not constructable.
  Type 'Function' has no construct signatures.
generated/prisma/runtime/react-native.js(6,14988): error TS2339: Property 'precision' does not exist on type 'Function'.
generated/prisma/runtime/react-native.js(6,15004): error TS2339: Property 'rounding' does not exist on type 'Function'.
generated/prisma/runtime/react-native.js(6,15019): error TS2339: Property 'div' does not exist on type '{ toStringTag: string; }'.
generated/prisma/runtime/react-native.js(6,15027): error TS2351: This expression is not constructable.
  Type 'Function' has no construct signatures.
generated/prisma/runtime/react-native.js(6,15040): error TS2339: Property 'times' does not exist on type '{ toStringTag: string; }'.
generated/prisma/runtime/react-native.js(6,15075): error TS2339: Property 'precision' does not exist on type 'Function'.
generated/prisma/runtime/react-native.js(6,15089): error TS2339: Property 'rounding' does not exist on type 'Function'.
generated/prisma/runtime/react-native.js(6,15102): error TS2339: Property 'times' does not exist on type '{ toStringTag: string; }'.
generated/prisma/runtime/react-native.js(6,15116): error TS2339: Property 'inverseTangent' does not exist on type '{ toStringTag: string; }'.
generated/prisma/runtime/react-native.js(6,15133): error TS2339: Property 'atan' does not exist on type '{ toStringTag: string; }'.
generated/prisma/runtime/react-native.js(6,15198): error TS2339: Property 'precision' does not exist on type 'Function'.
generated/prisma/runtime/react-native.js(6,15212): error TS2339: Property 'rounding' does not exist on type 'Function'.
generated/prisma/runtime/react-native.js(6,15226): error TS2339: Property 'isFinite' does not exist on type '{ toStringTag: string; }'.
generated/prisma/runtime/react-native.js(6,15243): error TS2339: Property 'isZero' does not exist on type '{ toStringTag: string; }'.
generated/prisma/runtime/react-native.js(6,15263): error TS2351: This expression is not constructable.
  Type 'Function' has no construct signatures.
generated/prisma/runtime/react-native.js(6,15273): error TS2339: Property 'abs' does not exist on type '{ toStringTag: string; }'.
generated/prisma/runtime/react-native.js(6,15332): error TS2339: Property 's' does not exist on type '{ toStringTag: string; }'.
generated/prisma/runtime/react-native.js(6,15347): error TS2339: Property 's' does not exist on type '{ toStringTag: string; }'.
generated/prisma/runtime/react-native.js(6,15360): error TS2351: This expression is not constructable.
  Type 'Function' has no construct signatures.
generated/prisma/runtime/react-native.js(6,15415): error TS2339: Property 's' does not exist on type '{ toStringTag: string; }'.
generated/prisma/runtime/react-native.js(6,15425): error TS2339: Property 'precision' does not exist on type 'Function'.
generated/prisma/runtime/react-native.js(6,15444): error TS2339: Property 'rounding' does not exist on type 'Function'.
generated/prisma/runtime/react-native.js(6,15492): error TS2339: Property 'div' does not exist on type '{ toStringTag: string; }'.
generated/prisma/runtime/react-native.js(6,15498): error TS2339: Property 'times' does not exist on type '{ toStringTag: string; }'.
generated/prisma/runtime/react-native.js(6,15565): error TS2339: Property 'times' does not exist on type '{ toStringTag: string; }'.
generated/prisma/runtime/react-native.js(6,15580): error TS2351: This expression is not constructable.
  Type 'Function' has no construct signatures.
generated/prisma/runtime/react-native.js(6,15604): error TS2339: Property 'times' does not exist on type '{ toStringTag: string; }'.
generated/prisma/runtime/react-native.js(6,15759): error TS2339: Property 'precision' does not exist on type 'Function'.
generated/prisma/runtime/react-native.js(6,15773): error TS2339: Property 'rounding' does not exist on type 'Function'.
generated/prisma/runtime/react-native.js(6,15791): error TS2339: Property 'isFinite' does not exist on type '{ toStringTag: string; }'.
generated/prisma/runtime/react-native.js(6,15824): error TS2339: Property 'd' does not exist on type '{ toStringTag: string; }'.
generated/prisma/runtime/react-native.js(6,15829): error TS2339: Property 'isInteger' does not exist on type '{ toStringTag: string; }'.
generated/prisma/runtime/react-native.js(6,15841): error TS2339: Property 'isInt' does not exist on type '{ toStringTag: string; }'.
generated/prisma/runtime/react-native.js(6,15871): error TS2339: Property 'd' does not exist on type '{ toStringTag: string; }'.
generated/prisma/runtime/react-native.js(6,15882): error TS2339: Property 'e' does not exist on type '{ toStringTag: string; }'.
generated/prisma/runtime/react-native.js(6,15892): error TS2339: Property 'd' does not exist on type '{ toStringTag: string; }'.
generated/prisma/runtime/react-native.js(6,15906): error TS2339: Property 'isNaN' does not exist on type '{ toStringTag: string; }'.
generated/prisma/runtime/react-native.js(6,15935): error TS2339: Property 's' does not exist on type '{ toStringTag: string; }'.
generated/prisma/runtime/react-native.js(6,15940): error TS2339: Property 'isNegative' does not exist on type '{ toStringTag: string; }'.
generated/prisma/runtime/react-native.js(6,15953): error TS2339: Property 'isNeg' does not exist on type '{ toStringTag: string; }'.
generated/prisma/runtime/react-native.js(6,15982): error TS2339: Property 's' does not exist on type '{ toStringTag: string; }'.
generated/prisma/runtime/react-native.js(6,15989): error TS2339: Property 'isPositive' does not exist on type '{ toStringTag: string; }'.
generated/prisma/runtime/react-native.js(6,16002): error TS2339: Property 'isPos' does not exist on type '{ toStringTag: string; }'.
generated/prisma/runtime/react-native.js(6,16031): error TS2339: Property 's' does not exist on type '{ toStringTag: string; }'.
generated/prisma/runtime/react-native.js(6,16038): error TS2339: Property 'isZero' does not exist on type '{ toStringTag: string; }'.
generated/prisma/runtime/react-native.js(6,16069): error TS2339: Property 'd' does not exist on type '{ toStringTag: string; }'.
generated/prisma/runtime/react-native.js(6,16077): error TS2339: Property 'd' does not exist on type '{ toStringTag: string; }'.
generated/prisma/runtime/react-native.js(6,16089): error TS2339: Property 'lessThan' does not exist on type '{ toStringTag: string; }'.
generated/prisma/runtime/react-native.js(6,16100): error TS2339: Property 'lt' does not exist on type '{ toStringTag: string; }'.
generated/prisma/runtime/react-native.js(6,16112): error TS7006: Parameter 'e' implicitly has an 'any' type.
generated/prisma/runtime/react-native.js(6,16127): error TS2339: Property 'cmp' does not exist on type '{ toStringTag: string; }'.
generated/prisma/runtime/react-native.js(6,16139): error TS2339: Property 'lessThanOrEqualTo' does not exist on type '{ toStringTag: string; }'.
generated/prisma/runtime/react-native.js(6,16159): error TS2339: Property 'lte' does not exist on type '{ toStringTag: string; }'.
generated/prisma/runtime/react-native.js(6,16172): error TS7006: Parameter 'e' implicitly has an 'any' type.
generated/prisma/runtime/react-native.js(6,16187): error TS2339: Property 'cmp' does not exist on type '{ toStringTag: string; }'.
generated/prisma/runtime/react-native.js(6,16199): error TS2339: Property 'logarithm' does not exist on type '{ toStringTag: string; }'.
generated/prisma/runtime/react-native.js(6,16211): error TS2339: Property 'log' does not exist on type '{ toStringTag: string; }'.
generated/prisma/runtime/react-native.js(6,16224): error TS7006: Parameter 'e' implicitly has an 'any' type.
generated/prisma/runtime/react-native.js(6,16274): error TS2339: Property 'precision' does not exist on type 'Function'.
generated/prisma/runtime/react-native.js(6,16288): error TS2339: Property 'rounding' does not exist on type 'Function'.
generated/prisma/runtime/react-native.js(6,16318): error TS2351: This expression is not constructable.
  Type 'Function' has no construct signatures.
generated/prisma/runtime/react-native.js(6,16343): error TS2351: This expression is not constructable.
  Type 'Function' has no construct signatures.
generated/prisma/runtime/react-native.js(6,16391): error TS2351: This expression is not constructable.
  Type 'Function' has no construct signatures.
generated/prisma/runtime/react-native.js(6,16416): error TS2339: Property 'd' does not exist on type '{ toStringTag: string; }'.
generated/prisma/runtime/react-native.js(6,16420): error TS2339: Property 's' does not exist on type '{ toStringTag: string; }'.
generated/prisma/runtime/react-native.js(6,16438): error TS2339: Property 'eq' does not exist on type '{ toStringTag: string; }'.
generated/prisma/runtime/react-native.js(6,16455): error TS2351: This expression is not constructable.
  Type 'Function' has no construct signatures.
generated/prisma/runtime/react-native.js(6,16473): error TS2339: Property 's' does not exist on type '{ toStringTag: string; }'.
generated/prisma/runtime/react-native.js(6,16792): error TS2339: Property 'minus' does not exist on type '{ toStringTag: string; }'.
generated/prisma/runtime/react-native.js(6,16800): error TS2339: Property 'sub' does not exist on type '{ toStringTag: string; }'.
generated/prisma/runtime/react-native.js(6,16813): error TS7006: Parameter 'e' implicitly has an 'any' type.
generated/prisma/runtime/react-native.js(6,16876): error TS2351: This expression is not constructable.
  Type 'Function' has no construct signatures.
generated/prisma/runtime/react-native.js(6,16884): error TS2339: Property 'd' does not exist on type '{ toStringTag: string; }'.
generated/prisma/runtime/react-native.js(6,16901): error TS2339: Property 's' does not exist on type '{ toStringTag: string; }'.
generated/prisma/runtime/react-native.js(6,16915): error TS2351: This expression is not constructable.
  Type 'Function' has no construct signatures.
generated/prisma/runtime/react-native.js(6,16924): error TS2339: Property 'd' does not exist on type '{ toStringTag: string; }'.
generated/prisma/runtime/react-native.js(6,16941): error TS2351: This expression is not constructable.
  Type 'Function' has no construct signatures.
generated/prisma/runtime/react-native.js(6,16950): error TS2339: Property 's' does not exist on type '{ toStringTag: string; }'.
generated/prisma/runtime/react-native.js(6,16972): error TS2339: Property 's' does not exist on type '{ toStringTag: string; }'.
generated/prisma/runtime/react-native.js(6,16997): error TS2339: Property 'plus' does not exist on type '{ toStringTag: string; }'.
generated/prisma/runtime/react-native.js(6,17012): error TS2339: Property 'd' does not exist on type '{ toStringTag: string; }'.
generated/prisma/runtime/react-native.js(6,17024): error TS2339: Property 'precision' does not exist on type 'Function'.
generated/prisma/runtime/react-native.js(6,17038): error TS2339: Property 'rounding' does not exist on type 'Function'.
generated/prisma/runtime/react-native.js(6,17097): error TS2351: This expression is not constructable.
  Type 'Function' has no construct signatures.
generated/prisma/runtime/react-native.js(6,17118): error TS2351: This expression is not constructable.
  Type 'Function' has no construct signatures.
generated/prisma/runtime/react-native.js(6,17174): error TS2339: Property 'e' does not exist on type '{ toStringTag: string; }'.
generated/prisma/runtime/react-native.js(6,17716): error TS2351: This expression is not constructable.
  Type 'Function' has no construct signatures.
generated/prisma/runtime/react-native.js(6,17733): error TS2339: Property 'modulo' does not exist on type '{ toStringTag: string; }'.
generated/prisma/runtime/react-native.js(6,17742): error TS2339: Property 'mod' does not exist on type '{ toStringTag: string; }'.
generated/prisma/runtime/react-native.js(6,17755): error TS7006: Parameter 'e' implicitly has an 'any' type.
generated/prisma/runtime/react-native.js(6,17800): error TS2351: This expression is not constructable.
  Type 'Function' has no construct signatures.
generated/prisma/runtime/react-native.js(6,17808): error TS2339: Property 'd' does not exist on type '{ toStringTag: string; }'.
generated/prisma/runtime/react-native.js(6,17834): error TS2351: This expression is not constructable.
  Type 'Function' has no construct signatures.
generated/prisma/runtime/react-native.js(6,17849): error TS2339: Property 'd' does not exist on type '{ toStringTag: string; }'.
generated/prisma/runtime/react-native.js(6,17855): error TS2339: Property 'd' does not exist on type '{ toStringTag: string; }'.
generated/prisma/runtime/react-native.js(6,17866): error TS2351: This expression is not constructable.
  Type 'Function' has no construct signatures.
generated/prisma/runtime/react-native.js(6,17873): error TS2339: Property 'precision' does not exist on type 'Function'.
generated/prisma/runtime/react-native.js(6,17885): error TS2339: Property 'rounding' does not exist on type 'Function'.
generated/prisma/runtime/react-native.js(6,17903): error TS2339: Property 'modulo' does not exist on type 'Function'.
generated/prisma/runtime/react-native.js(6,17957): error TS2339: Property 'modulo' does not exist on type 'Function'.
generated/prisma/runtime/react-native.js(6,17987): error TS2339: Property 'minus' does not exist on type '{ toStringTag: string; }'.
generated/prisma/runtime/react-native.js(6,18000): error TS2339: Property 'naturalExponential' does not exist on type '{ toStringTag: string; }'.
generated/prisma/runtime/react-native.js(6,18021): error TS2339: Property 'exp' does not exist on type '{ toStringTag: string; }'.
generated/prisma/runtime/react-native.js(6,18055): error TS2339: Property 'naturalLogarithm' does not exist on type '{ toStringTag: string; }'.
generated/prisma/runtime/react-native.js(6,18074): error TS2339: Property 'ln' does not exist on type '{ toStringTag: string; }'.
generated/prisma/runtime/react-native.js(6,18107): error TS2339: Property 'negated' does not exist on type '{ toStringTag: string; }'.
generated/prisma/runtime/react-native.js(6,18117): error TS2339: Property 'neg' does not exist on type '{ toStringTag: string; }'.
generated/prisma/runtime/react-native.js(6,18142): error TS2351: This expression is not constructable.
  Type 'Function' has no construct signatures.
generated/prisma/runtime/react-native.js(6,18189): error TS2339: Property 'plus' does not exist on type '{ toStringTag: string; }'.
generated/prisma/runtime/react-native.js(6,18196): error TS2339: Property 'add' does not exist on type '{ toStringTag: string; }'.
generated/prisma/runtime/react-native.js(6,18209): error TS7006: Parameter 'e' implicitly has an 'any' type.
generated/prisma/runtime/react-native.js(6,18268): error TS2351: This expression is not constructable.
  Type 'Function' has no construct signatures.
generated/prisma/runtime/react-native.js(6,18276): error TS2339: Property 'd' does not exist on type '{ toStringTag: string; }'.
generated/prisma/runtime/react-native.js(6,18293): error TS2339: Property 's' does not exist on type '{ toStringTag: string; }'.
generated/prisma/runtime/react-native.js(6,18307): error TS2351: This expression is not constructable.
  Type 'Function' has no construct signatures.
generated/prisma/runtime/react-native.js(6,18316): error TS2339: Property 'd' does not exist on type '{ toStringTag: string; }'.
generated/prisma/runtime/react-native.js(6,18326): error TS2351: This expression is not constructable.
  Type 'Function' has no construct signatures.
generated/prisma/runtime/react-native.js(6,18335): error TS2339: Property 's' does not exist on type '{ toStringTag: string; }'.
generated/prisma/runtime/react-native.js(6,18358): error TS2339: Property 's' does not exist on type '{ toStringTag: string; }'.
generated/prisma/runtime/react-native.js(6,18383): error TS2339: Property 'minus' does not exist on type '{ toStringTag: string; }'.
generated/prisma/runtime/react-native.js(6,18399): error TS2339: Property 'd' does not exist on type '{ toStringTag: string; }'.
generated/prisma/runtime/react-native.js(6,18411): error TS2339: Property 'precision' does not exist on type 'Function'.
generated/prisma/runtime/react-native.js(6,18425): error TS2339: Property 'rounding' does not exist on type 'Function'.
generated/prisma/runtime/react-native.js(6,18467): error TS2351: This expression is not constructable.
  Type 'Function' has no construct signatures.
generated/prisma/runtime/react-native.js(6,18496): error TS2339: Property 'e' does not exist on type '{ toStringTag: string; }'.
generated/prisma/runtime/react-native.js(6,18869): error TS2339: Property 'precision' does not exist on type '{ toStringTag: string; }'.
generated/prisma/runtime/react-native.js(6,18881): error TS2339: Property 'sd' does not exist on type '{ toStringTag: string; }'.
generated/prisma/runtime/react-native.js(6,18893): error TS7006: Parameter 'e' implicitly has an 'any' type.
generated/prisma/runtime/react-native.js(6,18973): error TS2339: Property 'd' does not exist on type '{ toStringTag: string; }'.
generated/prisma/runtime/react-native.js(6,18983): error TS2339: Property 'd' does not exist on type '{ toStringTag: string; }'.
generated/prisma/runtime/react-native.js(6,18991): error TS2339: Property 'e' does not exist on type '{ toStringTag: string; }'.
generated/prisma/runtime/react-native.js(6,19003): error TS2339: Property 'e' does not exist on type '{ toStringTag: string; }'.
generated/prisma/runtime/react-native.js(6,19020): error TS2339: Property 'round' does not exist on type '{ toStringTag: string; }'.
generated/prisma/runtime/react-native.js(6,19077): error TS2351: This expression is not constructable.
  Type 'Function' has no construct signatures.
generated/prisma/runtime/react-native.js(6,19084): error TS2339: Property 'e' does not exist on type '{ toStringTag: string; }'.
generated/prisma/runtime/react-native.js(6,19090): error TS2339: Property 'rounding' does not exist on type 'Function'.
generated/prisma/runtime/react-native.js(6,19103): error TS2339: Property 'sine' does not exist on type '{ toStringTag: string; }'.
generated/prisma/runtime/react-native.js(6,19110): error TS2339: Property 'sin' does not exist on type '{ toStringTag: string; }'.
generated/prisma/runtime/react-native.js(6,19165): error TS2339: Property 'isFinite' does not exist on type '{ toStringTag: string; }'.
generated/prisma/runtime/react-native.js(6,19178): error TS2339: Property 'isZero' does not exist on type '{ toStringTag: string; }'.
generated/prisma/runtime/react-native.js(6,19191): error TS2351: This expression is not constructable.
  Type 'Function' has no construct signatures.
generated/prisma/runtime/react-native.js(6,19201): error TS2339: Property 'precision' does not exist on type 'Function'.
generated/prisma/runtime/react-native.js(6,19215): error TS2339: Property 'rounding' does not exist on type 'Function'.
generated/prisma/runtime/react-native.js(6,19226): error TS2339: Property 'precision' does not exist on type 'Function'.
generated/prisma/runtime/react-native.js(6,19249): error TS2339: Property 'e' does not exist on type '{ toStringTag: string; }'.
generated/prisma/runtime/react-native.js(6,19253): error TS2339: Property 'sd' does not exist on type '{ toStringTag: string; }'.
generated/prisma/runtime/react-native.js(6,19263): error TS2339: Property 'rounding' does not exist on type 'Function'.
generated/prisma/runtime/react-native.js(6,19292): error TS2339: Property 'precision' does not exist on type 'Function'.
generated/prisma/runtime/react-native.js(6,19306): error TS2339: Property 'rounding' does not exist on type 'Function'.
generated/prisma/runtime/react-native.js(6,19319): error TS7005: Variable 'ke' implicitly has an 'any' type.
generated/prisma/runtime/react-native.js(6,19326): error TS2339: Property 'neg' does not exist on type '{ toStringTag: string; }'.
generated/prisma/runtime/react-native.js(6,19347): error TS2351: This expression is not constructable.
  Type 'Function' has no construct signatures.
generated/prisma/runtime/react-native.js(6,19357): error TS2339: Property 'squareRoot' does not exist on type '{ toStringTag: string; }'.
generated/prisma/runtime/react-native.js(6,19370): error TS2339: Property 'sqrt' does not exist on type '{ toStringTag: string; }'.
generated/prisma/runtime/react-native.js(6,19413): error TS2339: Property 'd' does not exist on type '{ toStringTag: string; }'.
generated/prisma/runtime/react-native.js(6,19419): error TS2339: Property 'e' does not exist on type '{ toStringTag: string; }'.
generated/prisma/runtime/react-native.js(6,19425): error TS2339: Property 's' does not exist on type '{ toStringTag: string; }'.
generated/prisma/runtime/react-native.js(6,19474): error TS2351: This expression is not constructable.
  Type 'Function' has no construct signatures.
generated/prisma/runtime/react-native.js(6,19595): error TS2345: Argument of type 'string' is not assignable to parameter of type 'number'.
generated/prisma/runtime/react-native.js(6,19612): error TS2363: The right-hand side of an arithmetic operation must be of type 'any', 'number', 'bigint' or an enum type.
generated/prisma/runtime/react-native.js(6,19699): error TS2351: This expression is not constructable.
  Type 'Function' has no construct signatures.
generated/prisma/runtime/react-native.js(6,19711): error TS2351: This expression is not constructable.
  Type 'Function' has no construct signatures.
generated/prisma/runtime/react-native.js(6,19734): error TS2339: Property 'precision' does not exist on type 'Function'.
generated/prisma/runtime/react-native.js(6,20039): error TS2339: Property 'rounding' does not exist on type 'Function'.
generated/prisma/runtime/react-native.js(6,20054): error TS2339: Property 'tangent' does not exist on type '{ toStringTag: string; }'.
generated/prisma/runtime/react-native.js(6,20064): error TS2339: Property 'tan' does not exist on type '{ toStringTag: string; }'.
generated/prisma/runtime/react-native.js(6,20119): error TS2339: Property 'isFinite' does not exist on type 'tan'.
generated/prisma/runtime/react-native.js(6,20132): error TS2339: Property 'isZero' does not exist on type 'tan'.
generated/prisma/runtime/react-native.js(6,20145): error TS2351: This expression is not constructable.
  Type 'Function' has no construct signatures.
generated/prisma/runtime/react-native.js(6,20155): error TS2339: Property 'precision' does not exist on type 'Function'.
generated/prisma/runtime/react-native.js(6,20169): error TS2339: Property 'rounding' does not exist on type 'Function'.
generated/prisma/runtime/react-native.js(6,20180): error TS2339: Property 'precision' does not exist on type 'Function'.
generated/prisma/runtime/react-native.js(6,20197): error TS2339: Property 'rounding' does not exist on type 'Function'.
generated/prisma/runtime/react-native.js(6,20212): error TS2339: Property 'sin' does not exist on type 'tan'.
generated/prisma/runtime/react-native.js(6,20234): error TS2351: This expression is not constructable.
  Type 'Function' has no construct signatures.
generated/prisma/runtime/react-native.js(6,20247): error TS2339: Property 'times' does not exist on type 'tan'.
generated/prisma/runtime/react-native.js(6,20274): error TS2339: Property 'precision' does not exist on type 'Function'.
generated/prisma/runtime/react-native.js(6,20288): error TS2339: Property 'rounding' does not exist on type 'Function'.
generated/prisma/runtime/react-native.js(6,20301): error TS7005: Variable 'ke' implicitly has an 'any' type.
generated/prisma/runtime/react-native.js(6,20308): error TS7005: Variable 'ke' implicitly has an 'any' type.
generated/prisma/runtime/react-native.js(6,20316): error TS2339: Property 'neg' does not exist on type 'tan'.
generated/prisma/runtime/react-native.js(6,20337): error TS2351: This expression is not constructable.
  Type 'Function' has no construct signatures.
generated/prisma/runtime/react-native.js(6,20347): error TS2339: Property 'times' does not exist on type '{ toStringTag: string; }'.
generated/prisma/runtime/react-native.js(6,20355): error TS2339: Property 'mul' does not exist on type '{ toStringTag: string; }'.
generated/prisma/runtime/react-native.js(6,20368): error TS7006: Parameter 'e' implicitly has an 'any' type.
generated/prisma/runtime/react-native.js(6,20420): error TS2339: Property 'd' does not exist on type '{ toStringTag: string; }'.
generated/prisma/runtime/react-native.js(6,20431): error TS2351: This expression is not constructable.
  Type 'Function' has no construct signatures.
generated/prisma/runtime/react-native.js(6,20449): error TS2339: Property 's' does not exist on type '{ toStringTag: string; }'.
generated/prisma/runtime/react-native.js(6,20483): error TS2351: This expression is not constructable.
  Type 'Function' has no construct signatures.
generated/prisma/runtime/react-native.js(6,20553): error TS2339: Property 'e' does not exist on type '{ toStringTag: string; }'.
generated/prisma/runtime/react-native.js(6,20689): error TS2532: Object is possibly 'undefined'.
generated/prisma/runtime/react-native.js(6,20739): error TS2532: Object is possibly 'undefined'.
generated/prisma/runtime/react-native.js(6,20823): error TS2339: Property 'precision' does not exist on type 'Function'.
generated/prisma/runtime/react-native.js(6,20835): error TS2339: Property 'rounding' does not exist on type 'Function'.
generated/prisma/runtime/react-native.js(6,20850): error TS2339: Property 'toBinary' does not exist on type '{ toStringTag: string; }'.
generated/prisma/runtime/react-native.js(6,20868): error TS7006: Parameter 'e' implicitly has an 'any' type.
generated/prisma/runtime/react-native.js(6,20870): error TS7006: Parameter 't' implicitly has an 'any' type.
generated/prisma/runtime/react-native.js(6,20898): error TS2339: Property 'toDecimalPlaces' does not exist on type '{ toStringTag: string; }'.
generated/prisma/runtime/react-native.js(6,20916): error TS2339: Property 'toDP' does not exist on type '{ toStringTag: string; }'.
generated/prisma/runtime/react-native.js(6,20930): error TS7006: Parameter 'e' implicitly has an 'any' type.
generated/prisma/runtime/react-native.js(6,20932): error TS7006: Parameter 't' implicitly has an 'any' type.
generated/prisma/runtime/react-native.js(6,20975): error TS2351: This expression is not constructable.
  Type 'Function' has no construct signatures.
generated/prisma/runtime/react-native.js(6,21020): error TS2339: Property 'rounding' does not exist on type 'Function'.
generated/prisma/runtime/react-native.js(6,21047): error TS2339: Property 'e' does not exist on type '{ toStringTag: string; }'.
generated/prisma/runtime/react-native.js(6,21058): error TS2339: Property 'toExponential' does not exist on type '{ toStringTag: string; }'.
generated/prisma/runtime/react-native.js(6,21081): error TS7006: Parameter 'e' implicitly has an 'any' type.
generated/prisma/runtime/react-native.js(6,21083): error TS7006: Parameter 't' implicitly has an 'any' type.
generated/prisma/runtime/react-native.js(6,21171): error TS2339: Property 'rounding' does not exist on type 'Function'.
generated/prisma/runtime/react-native.js(6,21198): error TS2351: This expression is not constructable.
  Type 'Function' has no construct signatures.
generated/prisma/runtime/react-native.js(6,21228): error TS2339: Property 'isNeg' does not exist on type '{ toStringTag: string; }'.
generated/prisma/runtime/react-native.js(6,21240): error TS2339: Property 'isZero' does not exist on type '{ toStringTag: string; }'.
generated/prisma/runtime/react-native.js(6,21260): error TS2339: Property 'toFixed' does not exist on type '{ toStringTag: string; }'.
generated/prisma/runtime/react-native.js(6,21277): error TS7006: Parameter 'e' implicitly has an 'any' type.
generated/prisma/runtime/react-native.js(6,21279): error TS7006: Parameter 't' implicitly has an 'any' type.
generated/prisma/runtime/react-native.js(6,21366): error TS2339: Property 'rounding' does not exist on type 'Function'.
generated/prisma/runtime/react-native.js(6,21393): error TS2351: This expression is not constructable.
  Type 'Function' has no construct signatures.
generated/prisma/runtime/react-native.js(6,21402): error TS2339: Property 'e' does not exist on type '{ toStringTag: string; }'.
generated/prisma/runtime/react-native.js(6,21431): error TS2339: Property 'isNeg' does not exist on type '{ toStringTag: string; }'.
generated/prisma/runtime/react-native.js(6,21443): error TS2339: Property 'isZero' does not exist on type '{ toStringTag: string; }'.
generated/prisma/runtime/react-native.js(6,21463): error TS2339: Property 'toFraction' does not exist on type '{ toStringTag: string; }'.
generated/prisma/runtime/react-native.js(6,21483): error TS7006: Parameter 'e' implicitly has an 'any' type.
generated/prisma/runtime/react-native.js(6,21525): error TS2339: Property 'd' does not exist on type '{ toStringTag: string; }'.
generated/prisma/runtime/react-native.js(6,21560): error TS2351: This expression is not constructable.
  Type 'Function' has no construct signatures.
generated/prisma/runtime/react-native.js(6,21576): error TS2351: This expression is not constructable.
  Type 'Function' has no construct signatures.
generated/prisma/runtime/react-native.js(6,21589): error TS2351: This expression is not constructable.
  Type 'Function' has no construct signatures.
generated/prisma/runtime/react-native.js(6,21600): error TS2351: This expression is not constructable.
  Type 'Function' has no construct signatures.
generated/prisma/runtime/react-native.js(6,21619): error TS2339: Property 'e' does not exist on type '{ toStringTag: string; }'.
generated/prisma/runtime/react-native.js(6,21684): error TS2351: This expression is not constructable.
  Type 'Function' has no construct signatures.
generated/prisma/runtime/react-native.js(6,21762): error TS2351: This expression is not constructable.
  Type 'Function' has no construct signatures.
generated/prisma/runtime/react-native.js(6,21774): error TS2339: Property 'precision' does not exist on type 'Function'.
generated/prisma/runtime/react-native.js(6,21786): error TS2339: Property 'precision' does not exist on type 'Function'.
generated/prisma/runtime/react-native.js(6,22010): error TS2339: Property 's' does not exist on type '{ toStringTag: string; }'.
generated/prisma/runtime/react-native.js(6,22087): error TS2339: Property 'precision' does not exist on type 'Function'.
generated/prisma/runtime/react-native.js(6,22109): error TS2339: Property 'toHexadecimal' does not exist on type '{ toStringTag: string; }'.
generated/prisma/runtime/react-native.js(6,22125): error TS2339: Property 'toHex' does not exist on type '{ toStringTag: string; }'.
generated/prisma/runtime/react-native.js(6,22140): error TS7006: Parameter 'e' implicitly has an 'any' type.
generated/prisma/runtime/react-native.js(6,22142): error TS7006: Parameter 't' implicitly has an 'any' type.
generated/prisma/runtime/react-native.js(6,22171): error TS2339: Property 'toNearest' does not exist on type '{ toStringTag: string; }'.
generated/prisma/runtime/react-native.js(6,22190): error TS7006: Parameter 'e' implicitly has an 'any' type.
generated/prisma/runtime/react-native.js(6,22192): error TS7006: Parameter 't' implicitly has an 'any' type.
generated/prisma/runtime/react-native.js(6,22231): error TS2351: This expression is not constructable.
  Type 'Function' has no construct signatures.
generated/prisma/runtime/react-native.js(6,22251): error TS2339: Property 'd' does not exist on type '{ toStringTag: string; }'.
generated/prisma/runtime/react-native.js(6,22268): error TS2351: This expression is not constructable.
  Type 'Function' has no construct signatures.
generated/prisma/runtime/react-native.js(6,22277): error TS2339: Property 'rounding' does not exist on type 'Function'.
generated/prisma/runtime/react-native.js(6,22300): error TS2351: This expression is not constructable.
  Type 'Function' has no construct signatures.
generated/prisma/runtime/react-native.js(6,22320): error TS2339: Property 'rounding' does not exist on type 'Function'.
generated/prisma/runtime/react-native.js(6,22342): error TS2339: Property 'd' does not exist on type '{ toStringTag: string; }'.
generated/prisma/runtime/react-native.js(6,22386): error TS2339: Property 's' does not exist on type '{ toStringTag: string; }'.
generated/prisma/runtime/react-native.js(6,22453): error TS2339: Property 's' does not exist on type '{ toStringTag: string; }'.
generated/prisma/runtime/react-native.js(6,22465): error TS2339: Property 'toNumber' does not exist on type '{ toStringTag: string; }'.
generated/prisma/runtime/react-native.js(6,22500): error TS2339: Property 'toOctal' does not exist on type '{ toStringTag: string; }'.
generated/prisma/runtime/react-native.js(6,22517): error TS7006: Parameter 'e' implicitly has an 'any' type.
generated/prisma/runtime/react-native.js(6,22519): error TS7006: Parameter 't' implicitly has an 'any' type.
generated/prisma/runtime/react-native.js(6,22547): error TS2339: Property 'toPower' does not exist on type '{ toStringTag: string; }'.
generated/prisma/runtime/react-native.js(6,22557): error TS2339: Property 'pow' does not exist on type '{ toStringTag: string; }'.
generated/prisma/runtime/react-native.js(6,22570): error TS7006: Parameter 'e' implicitly has an 'any' type.
generated/prisma/runtime/react-native.js(6,22587): error TS7034: Variable 's' implicitly has type 'any' in some locations where its type cannot be determined.
generated/prisma/runtime/react-native.js(6,22622): error TS2351: This expression is not constructable.
  Type 'Function' has no construct signatures.
generated/prisma/runtime/react-native.js(6,22634): error TS2339: Property 'd' does not exist on type 'pow'.
generated/prisma/runtime/react-native.js(6,22646): error TS2339: Property 'd' does not exist on type 'pow'.
generated/prisma/runtime/react-native.js(6,22671): error TS2351: This expression is not constructable.
  Type 'Function' has no construct signatures.
generated/prisma/runtime/react-native.js(6,22691): error TS2351: This expression is not constructable.
  Type 'Function' has no construct signatures.
generated/prisma/runtime/react-native.js(6,22698): error TS2339: Property 'eq' does not exist on type 'pow'.
generated/prisma/runtime/react-native.js(6,22720): error TS2339: Property 'precision' does not exist on type 'Function'.
generated/prisma/runtime/react-native.js(6,22734): error TS2339: Property 'rounding' does not exist on type 'Function'.
generated/prisma/runtime/react-native.js(6,22847): error TS2351: This expression is not constructable.
  Type 'Function' has no construct signatures.
generated/prisma/runtime/react-native.js(6,22877): error TS7005: Variable 's' implicitly has an 'any' type.
generated/prisma/runtime/react-native.js(6,22911): error TS2351: This expression is not constructable.
  Type 'Function' has no construct signatures.
generated/prisma/runtime/react-native.js(6,22944): error TS2339: Property 'e' does not exist on type 'pow'.
generated/prisma/runtime/react-native.js(6,22952): error TS2339: Property 'd' does not exist on type 'pow'.
generated/prisma/runtime/react-native.js(6,22963): error TS2339: Property 'd' does not exist on type 'pow'.
generated/prisma/runtime/react-native.js(6,23043): error TS2345: Argument of type 'string' is not assignable to parameter of type 'number'.
generated/prisma/runtime/react-native.js(6,23052): error TS2339: Property 'd' does not exist on type 'pow'.
generated/prisma/runtime/react-native.js(6,23068): error TS2339: Property 'e' does not exist on type 'pow'.
generated/prisma/runtime/react-native.js(6,23078): error TS2351: This expression is not constructable.
  Type 'Function' has no construct signatures.
generated/prisma/runtime/react-native.js(6,23092): error TS2339: Property 'maxE' does not exist on type 'Function'.
generated/prisma/runtime/react-native.js(6,23104): error TS2339: Property 'minE' does not exist on type 'Function'.
generated/prisma/runtime/react-native.js(6,23115): error TS2351: This expression is not constructable.
  Type 'Function' has no construct signatures.
generated/prisma/runtime/react-native.js(6,23136): error TS2339: Property 'rounding' does not exist on type 'Function'.
generated/prisma/runtime/react-native.js(6,23346): error TS2339: Property 'rounding' does not exist on type 'Function'.
generated/prisma/runtime/react-native.js(6,23370): error TS2339: Property 'toPrecision' does not exist on type '{ toStringTag: string; }'.
generated/prisma/runtime/react-native.js(6,23391): error TS7006: Parameter 'e' implicitly has an 'any' type.
generated/prisma/runtime/react-native.js(6,23393): error TS7006: Parameter 't' implicitly has an 'any' type.
generated/prisma/runtime/react-native.js(6,23452): error TS2339: Property 'e' does not exist on type '{ toStringTag: string; }'.
generated/prisma/runtime/react-native.js(6,23457): error TS2339: Property 'toExpNeg' does not exist on type 'Function'.
generated/prisma/runtime/react-native.js(6,23469): error TS2339: Property 'e' does not exist on type '{ toStringTag: string; }'.
generated/prisma/runtime/react-native.js(6,23474): error TS2339: Property 'toExpPos' does not exist on type 'Function'.
generated/prisma/runtime/react-native.js(6,23511): error TS2339: Property 'rounding' does not exist on type 'Function'.
generated/prisma/runtime/react-native.js(6,23538): error TS2351: This expression is not constructable.
  Type 'Function' has no construct signatures.
generated/prisma/runtime/react-native.js(6,23560): error TS2339: Property 'e' does not exist on type '{ toStringTag: string; }'.
generated/prisma/runtime/react-native.js(6,23565): error TS2339: Property 'e' does not exist on type '{ toStringTag: string; }'.
generated/prisma/runtime/react-native.js(6,23570): error TS2339: Property 'toExpNeg' does not exist on type 'Function'.
generated/prisma/runtime/react-native.js(6,23585): error TS2339: Property 'isNeg' does not exist on type '{ toStringTag: string; }'.
generated/prisma/runtime/react-native.js(6,23597): error TS2339: Property 'isZero' does not exist on type '{ toStringTag: string; }'.
generated/prisma/runtime/react-native.js(6,23617): error TS2339: Property 'toSignificantDigits' does not exist on type '{ toStringTag: string; }'.
generated/prisma/runtime/react-native.js(6,23639): error TS2339: Property 'toSD' does not exist on type '{ toStringTag: string; }'.
generated/prisma/runtime/react-native.js(6,23653): error TS7006: Parameter 'e' implicitly has an 'any' type.
generated/prisma/runtime/react-native.js(6,23655): error TS7006: Parameter 't' implicitly has an 'any' type.
generated/prisma/runtime/react-native.js(6,23708): error TS2339: Property 'precision' does not exist on type 'Function'.
generated/prisma/runtime/react-native.js(6,23722): error TS2339: Property 'rounding' does not exist on type 'Function'.
generated/prisma/runtime/react-native.js(6,23759): error TS2339: Property 'rounding' does not exist on type 'Function'.
generated/prisma/runtime/react-native.js(6,23785): error TS2351: This expression is not constructable.
  Type 'Function' has no construct signatures.
generated/prisma/runtime/react-native.js(6,23854): error TS2339: Property 'e' does not exist on type '{ toStringTag: string; }'.
generated/prisma/runtime/react-native.js(6,23859): error TS2339: Property 'toExpNeg' does not exist on type 'Function'.
generated/prisma/runtime/react-native.js(6,23871): error TS2339: Property 'e' does not exist on type '{ toStringTag: string; }'.
generated/prisma/runtime/react-native.js(6,23876): error TS2339: Property 'toExpPos' does not exist on type 'Function'.
generated/prisma/runtime/react-native.js(6,23895): error TS2339: Property 'isNeg' does not exist on type '{ toStringTag: string; }'.
generated/prisma/runtime/react-native.js(6,23907): error TS2339: Property 'isZero' does not exist on type '{ toStringTag: string; }'.
generated/prisma/runtime/react-native.js(6,23927): error TS2339: Property 'truncated' does not exist on type '{ toStringTag: string; }'.
generated/prisma/runtime/react-native.js(6,23939): error TS2339: Property 'trunc' does not exist on type '{ toStringTag: string; }'.
generated/prisma/runtime/react-native.js(6,23969): error TS2351: This expression is not constructable.
  Type 'Function' has no construct signatures.
generated/prisma/runtime/react-native.js(6,23997): error TS2339: Property 'e' does not exist on type '{ toStringTag: string; }'.
generated/prisma/runtime/react-native.js(6,24017): error TS2339: Property 'toJSON' does not exist on type '{ toStringTag: string; }'.
generated/prisma/runtime/react-native.js(6,24071): error TS2339: Property 'e' does not exist on type '{ toStringTag: string; }'.
generated/prisma/runtime/react-native.js(6,24076): error TS2339: Property 'toExpNeg' does not exist on type 'Function'.
generated/prisma/runtime/react-native.js(6,24088): error TS2339: Property 'e' does not exist on type '{ toStringTag: string; }'.
generated/prisma/runtime/react-native.js(6,24093): error TS2339: Property 'toExpPos' does not exist on type 'Function'.
generated/prisma/runtime/react-native.js(6,24112): error TS2339: Property 'isNeg' does not exist on type '{ toStringTag: string; }'.
generated/prisma/runtime/react-native.js(6,24140): error TS7006: Parameter 'e' implicitly has an 'any' type.
generated/prisma/runtime/react-native.js(6,24358): error TS7006: Parameter 'e' implicitly has an 'any' type.
generated/prisma/runtime/react-native.js(6,24360): error TS7006: Parameter 't' implicitly has an 'any' type.
generated/prisma/runtime/react-native.js(6,24362): error TS7006: Parameter 'r' implicitly has an 'any' type.
generated/prisma/runtime/react-native.js(6,24416): error TS7006: Parameter 'e' implicitly has an 'any' type.
generated/prisma/runtime/react-native.js(6,24418): error TS7006: Parameter 't' implicitly has an 'any' type.
generated/prisma/runtime/react-native.js(6,24420): error TS7006: Parameter 'r' implicitly has an 'any' type.
generated/prisma/runtime/react-native.js(6,24422): error TS7006: Parameter 'n' implicitly has an 'any' type.
generated/prisma/runtime/react-native.js(6,24904): error TS7006: Parameter 'e' implicitly has an 'any' type.
generated/prisma/runtime/react-native.js(6,24906): error TS7006: Parameter 't' implicitly has an 'any' type.
generated/prisma/runtime/react-native.js(6,24908): error TS7006: Parameter 'r' implicitly has an 'any' type.
generated/prisma/runtime/react-native.js(6,24970): error TS2532: Object is possibly 'undefined'.
generated/prisma/runtime/react-native.js(6,24982): error TS2532: Object is possibly 'undefined'.
generated/prisma/runtime/react-native.js(6,25033): error TS2532: Object is possibly 'undefined'.
generated/prisma/runtime/react-native.js(6,25072): error TS2532: Object is possibly 'undefined'.
generated/prisma/runtime/react-native.js(6,25080): error TS2532: Object is possibly 'undefined'.
generated/prisma/runtime/react-native.js(6,25089): error TS2532: Object is possibly 'undefined'.
generated/prisma/runtime/react-native.js(6,25129): error TS7006: Parameter 'e' implicitly has an 'any' type.
generated/prisma/runtime/react-native.js(6,25131): error TS7006: Parameter 't' implicitly has an 'any' type.
generated/prisma/runtime/react-native.js(6,25440): error TS7006: Parameter 'n' implicitly has an 'any' type.
generated/prisma/runtime/react-native.js(6,25442): error TS7006: Parameter 'i' implicitly has an 'any' type.
generated/prisma/runtime/react-native.js(6,25444): error TS7006: Parameter 'o' implicitly has an 'any' type.
generated/prisma/runtime/react-native.js(6,25555): error TS7006: Parameter 'n' implicitly has an 'any' type.
generated/prisma/runtime/react-native.js(6,25557): error TS7006: Parameter 'i' implicitly has an 'any' type.
generated/prisma/runtime/react-native.js(6,25559): error TS7006: Parameter 'o' implicitly has an 'any' type.
generated/prisma/runtime/react-native.js(6,25561): error TS7006: Parameter 's' implicitly has an 'any' type.
generated/prisma/runtime/react-native.js(6,25672): error TS7006: Parameter 'n' implicitly has an 'any' type.
generated/prisma/runtime/react-native.js(6,25674): error TS7006: Parameter 'i' implicitly has an 'any' type.
generated/prisma/runtime/react-native.js(6,25676): error TS7006: Parameter 'o' implicitly has an 'any' type.
generated/prisma/runtime/react-native.js(6,25678): error TS7006: Parameter 's' implicitly has an 'any' type.
generated/prisma/runtime/react-native.js(6,25791): error TS7006: Parameter 'n' implicitly has an 'any' type.
generated/prisma/runtime/react-native.js(6,25793): error TS7006: Parameter 'i' implicitly has an 'any' type.
generated/prisma/runtime/react-native.js(6,25795): error TS7006: Parameter 'o' implicitly has an 'any' type.
generated/prisma/runtime/react-native.js(6,25797): error TS7006: Parameter 's' implicitly has an 'any' type.
generated/prisma/runtime/react-native.js(6,25799): error TS7006: Parameter 'a' implicitly has an 'any' type.
generated/prisma/runtime/react-native.js(6,25801): error TS7006: Parameter 'l' implicitly has an 'any' type.
generated/prisma/runtime/react-native.js(6,26231): error TS2345: Argument of type '1' is not assignable to parameter of type 'never'.
generated/prisma/runtime/react-native.js(6,26323): error TS2322: Type 'number' is not assignable to type 'never'.
generated/prisma/runtime/react-native.js(6,26851): error TS2322: Type 'number' is not assignable to type 'never'.
generated/prisma/runtime/react-native.js(6,27007): error TS18048: 'T' is possibly 'undefined'.
generated/prisma/runtime/react-native.js(6,27013): error TS18048: 'T' is possibly 'undefined'.
generated/prisma/runtime/react-native.js(6,27080): error TS7006: Parameter 'e' implicitly has an 'any' type.
generated/prisma/runtime/react-native.js(6,27082): error TS7006: Parameter 't' implicitly has an 'any' type.
generated/prisma/runtime/react-native.js(6,27084): error TS7006: Parameter 'r' implicitly has an 'any' type.
generated/prisma/runtime/react-native.js(6,27086): error TS7006: Parameter 'n' implicitly has an 'any' type.
generated/prisma/runtime/react-native.js(6,28066): error TS7006: Parameter 'e' implicitly has an 'any' type.
generated/prisma/runtime/react-native.js(6,28068): error TS7006: Parameter 't' implicitly has an 'any' type.
generated/prisma/runtime/react-native.js(6,28070): error TS7006: Parameter 'r' implicitly has an 'any' type.
generated/prisma/runtime/react-native.js(6,28458): error TS7006: Parameter 'e' implicitly has an 'any' type.
generated/prisma/runtime/react-native.js(6,28460): error TS7006: Parameter 't' implicitly has an 'any' type.
generated/prisma/runtime/react-native.js(6,28520): error TS7006: Parameter 'e' implicitly has an 'any' type.
generated/prisma/runtime/react-native.js(6,28522): error TS7006: Parameter 't' implicitly has an 'any' type.
generated/prisma/runtime/react-native.js(6,28524): error TS7006: Parameter 'r' implicitly has an 'any' type.
generated/prisma/runtime/react-native.js(6,28614): error TS7006: Parameter 'e' implicitly has an 'any' type.
generated/prisma/runtime/react-native.js(6,28616): error TS7006: Parameter 't' implicitly has an 'any' type.
generated/prisma/runtime/react-native.js(6,28618): error TS7006: Parameter 'r' implicitly has an 'any' type.
generated/prisma/runtime/react-native.js(6,28684): error TS7006: Parameter 'e' implicitly has an 'any' type.
generated/prisma/runtime/react-native.js(6,28796): error TS7006: Parameter 'e' implicitly has an 'any' type.
generated/prisma/runtime/react-native.js(6,28845): error TS7006: Parameter 'e' implicitly has an 'any' type.
generated/prisma/runtime/react-native.js(6,28847): error TS7006: Parameter 't' implicitly has an 'any' type.
generated/prisma/runtime/react-native.js(6,28849): error TS7006: Parameter 'r' implicitly has an 'any' type.
generated/prisma/runtime/react-native.js(6,28851): error TS7006: Parameter 'n' implicitly has an 'any' type.
generated/prisma/runtime/react-native.js(6,29054): error TS7006: Parameter 'e' implicitly has an 'any' type.
generated/prisma/runtime/react-native.js(6,29096): error TS7006: Parameter 'e' implicitly has an 'any' type.
generated/prisma/runtime/react-native.js(6,29098): error TS7006: Parameter 't' implicitly has an 'any' type.
generated/prisma/runtime/react-native.js(6,29100): error TS7006: Parameter 'r' implicitly has an 'any' type.
generated/prisma/runtime/react-native.js(6,29244): error TS7006: Parameter 'e' implicitly has an 'any' type.
generated/prisma/runtime/react-native.js(6,29246): error TS7006: Parameter 't' implicitly has an 'any' type.
generated/prisma/runtime/react-native.js(6,29836): error TS7023: 'Ne' implicitly has return type 'any' because it does not have a return type annotation and is referenced directly or indirectly in one of its return expressions.
generated/prisma/runtime/react-native.js(6,29839): error TS7006: Parameter 'e' implicitly has an 'any' type.
generated/prisma/runtime/react-native.js(6,29841): error TS7006: Parameter 't' implicitly has an 'any' type.
generated/prisma/runtime/react-native.js(6,30117): error TS2365: Operator '<' cannot be applied to types 'string' and 'number'.
generated/prisma/runtime/react-native.js(6,30122): error TS2367: This comparison appears to be unintentional because the types 'string' and 'number' have no overlap.
generated/prisma/runtime/react-native.js(6,30128): error TS2367: This comparison appears to be unintentional because the types 'string' and 'number' have no overlap.
generated/prisma/runtime/react-native.js(6,30134): error TS2365: Operator '>' cannot be applied to types 'string' and 'number'.
generated/prisma/runtime/react-native.js(6,30195): error TS2365: Operator '>' cannot be applied to types 'string' and 'number'.
generated/prisma/runtime/react-native.js(6,30794): error TS7006: Parameter 'e' implicitly has an 'any' type.
generated/prisma/runtime/react-native.js(6,30834): error TS7006: Parameter 'e' implicitly has an 'any' type.
generated/prisma/runtime/react-native.js(6,30836): error TS7006: Parameter 't' implicitly has an 'any' type.
generated/prisma/runtime/react-native.js(6,31395): error TS7006: Parameter 'e' implicitly has an 'any' type.
generated/prisma/runtime/react-native.js(6,31397): error TS7006: Parameter 't' implicitly has an 'any' type.
generated/prisma/runtime/react-native.js(6,32052): error TS7006: Parameter 'e' implicitly has an 'any' type.
generated/prisma/runtime/react-native.js(6,32054): error TS7006: Parameter 't' implicitly has an 'any' type.
generated/prisma/runtime/react-native.js(6,32315): error TS7006: Parameter 'e' implicitly has an 'any' type.
generated/prisma/runtime/react-native.js(6,32317): error TS7006: Parameter 't' implicitly has an 'any' type.
generated/prisma/runtime/react-native.js(6,32319): error TS7006: Parameter 'r' implicitly has an 'any' type.
generated/prisma/runtime/react-native.js(6,32321): error TS7006: Parameter 'n' implicitly has an 'any' type.
generated/prisma/runtime/react-native.js(6,32323): error TS7006: Parameter 'i' implicitly has an 'any' type.
generated/prisma/runtime/react-native.js(6,32643): error TS7006: Parameter 'e' implicitly has an 'any' type.
generated/prisma/runtime/react-native.js(6,32645): error TS7006: Parameter 't' implicitly has an 'any' type.
generated/prisma/runtime/react-native.js(6,32691): error TS7006: Parameter 'e' implicitly has an 'any' type.
generated/prisma/runtime/react-native.js(6,32693): error TS7006: Parameter 't' implicitly has an 'any' type.
generated/prisma/runtime/react-native.js(6,32951): error TS7006: Parameter 'e' implicitly has an 'any' type.
generated/prisma/runtime/react-native.js(6,32953): error TS7006: Parameter 't' implicitly has an 'any' type.
generated/prisma/runtime/react-native.js(6,32955): error TS7006: Parameter 'r' implicitly has an 'any' type.
generated/prisma/runtime/react-native.js(6,32957): error TS7006: Parameter 'n' implicitly has an 'any' type.
generated/prisma/runtime/react-native.js(6,33418): error TS7005: Variable 'ro' implicitly has an 'any' type.
generated/prisma/runtime/react-native.js(6,33830): error TS2345: Argument of type 'number | undefined' is not assignable to parameter of type 'number'.
  Type 'undefined' is not assignable to type 'number'.
generated/prisma/runtime/react-native.js(6,34081): error TS7006: Parameter 'e' implicitly has an 'any' type.
generated/prisma/runtime/react-native.js(6,34083): error TS7006: Parameter 't' implicitly has an 'any' type.
generated/prisma/runtime/react-native.js(6,34133): error TS7006: Parameter 'e' implicitly has an 'any' type.
generated/prisma/runtime/react-native.js(6,34147): error TS2683: 'this' implicitly has type 'any' because it does not have a type annotation.
generated/prisma/runtime/react-native.js(6,34173): error TS7006: Parameter 'e' implicitly has an 'any' type.
generated/prisma/runtime/react-native.js(6,34187): error TS2683: 'this' implicitly has type 'any' because it does not have a type annotation.
generated/prisma/runtime/react-native.js(6,34214): error TS7006: Parameter 'e' implicitly has an 'any' type.
generated/prisma/runtime/react-native.js(6,34228): error TS2683: 'this' implicitly has type 'any' because it does not have a type annotation.
generated/prisma/runtime/react-native.js(6,34256): error TS7006: Parameter 'e' implicitly has an 'any' type.
generated/prisma/runtime/react-native.js(6,34258): error TS7006: Parameter 't' implicitly has an 'any' type.
generated/prisma/runtime/react-native.js(6,34272): error TS2683: 'this' implicitly has type 'any' because it does not have a type annotation.
generated/prisma/runtime/react-native.js(6,34300): error TS7006: Parameter 'e' implicitly has an 'any' type.
generated/prisma/runtime/react-native.js(6,34314): error TS2683: 'this' implicitly has type 'any' because it does not have a type annotation.
generated/prisma/runtime/react-native.js(6,34341): error TS7006: Parameter 'e' implicitly has an 'any' type.
generated/prisma/runtime/react-native.js(6,34355): error TS2683: 'this' implicitly has type 'any' because it does not have a type annotation.
generated/prisma/runtime/react-native.js(6,34383): error TS7006: Parameter 'e' implicitly has an 'any' type.
generated/prisma/runtime/react-native.js(6,34397): error TS2683: 'this' implicitly has type 'any' because it does not have a type annotation.
generated/prisma/runtime/react-native.js(6,34424): error TS7006: Parameter 'e' implicitly has an 'any' type.
generated/prisma/runtime/react-native.js(6,34438): error TS2683: 'this' implicitly has type 'any' because it does not have a type annotation.
generated/prisma/runtime/react-native.js(6,34466): error TS7006: Parameter 'e' implicitly has an 'any' type.
generated/prisma/runtime/react-native.js(6,34468): error TS7006: Parameter 't' implicitly has an 'any' type.
generated/prisma/runtime/react-native.js(6,34477): error TS2351: This expression is not constructable.
  Type 'mu' has no construct signatures.
generated/prisma/runtime/react-native.js(6,34491): error TS2351: This expression is not constructable.
  Type 'mu' has no construct signatures.
generated/prisma/runtime/react-native.js(6,34540): error TS18048: 'n' is possibly 'undefined'.
generated/prisma/runtime/react-native.js(6,34567): error TS2351: This expression is not constructable.
  Type 'mu' has no construct signatures.
generated/prisma/runtime/react-native.js(6,34677): error TS2351: This expression is not constructable.
  Type 'mu' has no construct signatures.
generated/prisma/runtime/react-native.js(6,34793): error TS2339: Property 'atan' does not exist on type 'mu'.
generated/prisma/runtime/react-native.js(6,34895): error TS2339: Property 'atan' does not exist on type 'mu'.
generated/prisma/runtime/react-native.js(6,34926): error TS7006: Parameter 'e' implicitly has an 'any' type.
generated/prisma/runtime/react-native.js(6,34940): error TS2683: 'this' implicitly has type 'any' because it does not have a type annotation.
generated/prisma/runtime/react-native.js(6,34967): error TS7006: Parameter 'e' implicitly has an 'any' type.
generated/prisma/runtime/react-native.js(6,34985): error TS2683: 'this' implicitly has type 'any' because it does not have a type annotation.
generated/prisma/runtime/react-native.js(6,35014): error TS7006: Parameter 'e' implicitly has an 'any' type.
generated/prisma/runtime/react-native.js(6,35016): error TS7006: Parameter 't' implicitly has an 'any' type.
generated/prisma/runtime/react-native.js(6,35018): error TS7006: Parameter 'r' implicitly has an 'any' type.
generated/prisma/runtime/react-native.js(6,35032): error TS2683: 'this' implicitly has type 'any' because it does not have a type annotation.
generated/prisma/runtime/react-native.js(6,35063): error TS7006: Parameter 'e' implicitly has an 'any' type.
generated/prisma/runtime/react-native.js(6,35304): error TS2538: Type 'undefined' cannot be used as an index type.
generated/prisma/runtime/react-native.js(6,35310): error TS2538: Type 'undefined' cannot be used as an index type.
generated/prisma/runtime/react-native.js(6,35319): error TS2538: Type 'undefined' cannot be used as an index type.
generated/prisma/runtime/react-native.js(6,35349): error TS2532: Object is possibly 'undefined'.
generated/prisma/runtime/react-native.js(6,35360): error TS2532: Object is possibly 'undefined'.
generated/prisma/runtime/react-native.js(6,35372): error TS2538: Type 'undefined' cannot be used as an index type.
generated/prisma/runtime/react-native.js(6,35425): error TS7053: Element implicitly has an 'any' type because expression of type 'string' can't be used to index type 'wu'.
  No index signature with a parameter of type 'string' was found on type 'wu'.
generated/prisma/runtime/react-native.js(6,35433): error TS7053: Element implicitly has an 'any' type because expression of type 'string' can't be used to index type '{ precision: number; rounding: number; modulo: number; toExpNeg: number; toExpPos: number; minE: number; maxE: number; crypto: boolean; }'.
  No index signature with a parameter of type 'string' was found on type '{ precision: number; rounding: number; modulo: number; toExpNeg: number; toExpPos: number; minE: number; maxE: number; crypto: boolean; }'.
generated/prisma/runtime/react-native.js(6,35526): error TS2774: This condition will always return true since this function is always defined. Did you mean to call it instead?
generated/prisma/runtime/react-native.js(6,35557): error TS2339: Property 'randomBytes' does not exist on type 'Crypto'.
generated/prisma/runtime/react-native.js(6,35570): error TS7053: Element implicitly has an 'any' type because expression of type 'string' can't be used to index type 'wu'.
  No index signature with a parameter of type 'string' was found on type 'wu'.
generated/prisma/runtime/react-native.js(6,35607): error TS7053: Element implicitly has an 'any' type because expression of type 'string' can't be used to index type 'wu'.
  No index signature with a parameter of type 'string' was found on type 'wu'.
generated/prisma/runtime/react-native.js(6,35672): error TS7006: Parameter 'e' implicitly has an 'any' type.
generated/prisma/runtime/react-native.js(6,35686): error TS2683: 'this' implicitly has type 'any' because it does not have a type annotation.
generated/prisma/runtime/react-native.js(6,35712): error TS7006: Parameter 'e' implicitly has an 'any' type.
generated/prisma/runtime/react-native.js(6,35726): error TS2683: 'this' implicitly has type 'any' because it does not have a type annotation.
generated/prisma/runtime/react-native.js(6,35753): error TS7006: Parameter 'e' implicitly has an 'any' type.
generated/prisma/runtime/react-native.js(6,35777): error TS7006: Parameter 'o' implicitly has an 'any' type.
generated/prisma/runtime/react-native.js(6,35882): error TS2551: Property 'maxE' does not exist on type 'typeof i'. Did you mean 'max'?
generated/prisma/runtime/react-native.js(6,35890): error TS2339: Property 'e' does not exist on type 'this & { toStringTag: string; }'.
generated/prisma/runtime/react-native.js(6,35898): error TS2339: Property 'd' does not exist on type 'this & { toStringTag: string; }'.
generated/prisma/runtime/react-native.js(6,35912): error TS2551: Property 'minE' does not exist on type 'typeof i'. Did you mean 'min'?
generated/prisma/runtime/react-native.js(6,35920): error TS2339: Property 'e' does not exist on type 'this & { toStringTag: string; }'.
generated/prisma/runtime/react-native.js(6,35926): error TS2339: Property 'd' does not exist on type 'this & { toStringTag: string; }'.
generated/prisma/runtime/react-native.js(6,35936): error TS2339: Property 'e' does not exist on type 'this & { toStringTag: string; }'.
generated/prisma/runtime/react-native.js(6,35944): error TS2339: Property 'd' does not exist on type 'this & { toStringTag: string; }'.
generated/prisma/runtime/react-native.js(6,35962): error TS2339: Property 'e' does not exist on type 'this & { toStringTag: string; }'.
generated/prisma/runtime/react-native.js(6,35970): error TS2339: Property 'd' does not exist on type 'this & { toStringTag: string; }'.
generated/prisma/runtime/react-native.js(6,36055): error TS2339: Property 'e' does not exist on type 'this & { toStringTag: string; }'.
generated/prisma/runtime/react-native.js(6,36061): error TS2339: Property 'd' does not exist on type 'this & { toStringTag: string; }'.
generated/prisma/runtime/react-native.js(6,36151): error TS2551: Property 'maxE' does not exist on type 'typeof i'. Did you mean 'max'?
generated/prisma/runtime/react-native.js(6,36159): error TS2339: Property 'e' does not exist on type 'this & { toStringTag: string; }'.
generated/prisma/runtime/react-native.js(6,36167): error TS2339: Property 'd' does not exist on type 'this & { toStringTag: string; }'.
generated/prisma/runtime/react-native.js(6,36179): error TS2551: Property 'minE' does not exist on type 'typeof i'. Did you mean 'min'?
generated/prisma/runtime/react-native.js(6,36187): error TS2339: Property 'e' does not exist on type 'this & { toStringTag: string; }'.
generated/prisma/runtime/react-native.js(6,36193): error TS2339: Property 'd' does not exist on type 'this & { toStringTag: string; }'.
generated/prisma/runtime/react-native.js(6,36203): error TS2339: Property 'e' does not exist on type 'this & { toStringTag: string; }'.
generated/prisma/runtime/react-native.js(6,36209): error TS2339: Property 'd' does not exist on type 'this & { toStringTag: string; }'.
generated/prisma/runtime/react-native.js(6,36219): error TS2339: Property 'e' does not exist on type 'this & { toStringTag: string; }'.
generated/prisma/runtime/react-native.js(6,36225): error TS2339: Property 'd' does not exist on type 'this & { toStringTag: string; }'.
generated/prisma/runtime/react-native.js(6,36266): error TS2339: Property 'e' does not exist on type 'this & { toStringTag: string; }'.
generated/prisma/runtime/react-native.js(6,36274): error TS2339: Property 'd' does not exist on type 'this & { toStringTag: string; }'.
generated/prisma/runtime/react-native.js(6,37300): error TS2538: Type 'undefined' cannot be used as an index type.
generated/prisma/runtime/react-native.js(6,37303): error TS2683: 'this' implicitly has type 'any' because it does not have a type annotation.
generated/prisma/runtime/react-native.js(6,37308): error TS2538: Type 'undefined' cannot be used as an index type.
generated/prisma/runtime/react-native.js(6,37345): error TS7006: Parameter 'e' implicitly has an 'any' type.
generated/prisma/runtime/react-native.js(6,37347): error TS7006: Parameter 't' implicitly has an 'any' type.
generated/prisma/runtime/react-native.js(6,37361): error TS2683: 'this' implicitly has type 'any' because it does not have a type annotation.
generated/prisma/runtime/react-native.js(6,37388): error TS7006: Parameter 'e' implicitly has an 'any' type.
generated/prisma/runtime/react-native.js(6,37402): error TS2683: 'this' implicitly has type 'any' because it does not have a type annotation.
generated/prisma/runtime/react-native.js(6,37428): error TS7006: Parameter 'e' implicitly has an 'any' type.
generated/prisma/runtime/react-native.js(6,37446): error TS2683: 'this' implicitly has type 'any' because it does not have a type annotation.
generated/prisma/runtime/react-native.js(6,37491): error TS2683: 'this' implicitly has type 'any' because it does not have a type annotation.
generated/prisma/runtime/react-native.js(6,37541): error TS2683: 'this' implicitly has type 'any' because it does not have a type annotation.
generated/prisma/runtime/react-native.js(6,37622): error TS2683: 'this' implicitly has type 'any' because it does not have a type annotation.
generated/prisma/runtime/react-native.js(6,37669): error TS7006: Parameter 'e' implicitly has an 'any' type.
generated/prisma/runtime/react-native.js(6,37734): error TS7006: Parameter 'e' implicitly has an 'any' type.
generated/prisma/runtime/react-native.js(6,37748): error TS2683: 'this' implicitly has type 'any' because it does not have a type annotation.
generated/prisma/runtime/react-native.js(6,37773): error TS7006: Parameter 'e' implicitly has an 'any' type.
generated/prisma/runtime/react-native.js(6,37775): error TS7006: Parameter 't' implicitly has an 'any' type.
generated/prisma/runtime/react-native.js(6,37789): error TS2683: 'this' implicitly has type 'any' because it does not have a type annotation.
generated/prisma/runtime/react-native.js(6,37816): error TS7006: Parameter 'e' implicitly has an 'any' type.
generated/prisma/runtime/react-native.js(6,37830): error TS2683: 'this' implicitly has type 'any' because it does not have a type annotation.
generated/prisma/runtime/react-native.js(6,37857): error TS7006: Parameter 'e' implicitly has an 'any' type.
generated/prisma/runtime/react-native.js(6,37871): error TS2683: 'this' implicitly has type 'any' because it does not have a type annotation.
generated/prisma/runtime/react-native.js(6,37911): error TS2683: 'this' implicitly has type 'any' because it does not have a type annotation.
generated/prisma/runtime/react-native.js(6,37954): error TS2683: 'this' implicitly has type 'any' because it does not have a type annotation.
generated/prisma/runtime/react-native.js(6,37984): error TS7006: Parameter 'e' implicitly has an 'any' type.
generated/prisma/runtime/react-native.js(6,37986): error TS7006: Parameter 't' implicitly has an 'any' type.
generated/prisma/runtime/react-native.js(6,38000): error TS2683: 'this' implicitly has type 'any' because it does not have a type annotation.
generated/prisma/runtime/react-native.js(6,38027): error TS7006: Parameter 'e' implicitly has an 'any' type.
generated/prisma/runtime/react-native.js(6,38029): error TS7006: Parameter 't' implicitly has an 'any' type.
generated/prisma/runtime/react-native.js(6,38043): error TS2683: 'this' implicitly has type 'any' because it does not have a type annotation.
generated/prisma/runtime/react-native.js(6,38070): error TS7006: Parameter 'e' implicitly has an 'any' type.
generated/prisma/runtime/react-native.js(6,38072): error TS7006: Parameter 't' implicitly has an 'any' type.
generated/prisma/runtime/react-native.js(6,38086): error TS2683: 'this' implicitly has type 'any' because it does not have a type annotation.
generated/prisma/runtime/react-native.js(6,38113): error TS7006: Parameter 'e' implicitly has an 'any' type.
generated/prisma/runtime/react-native.js(6,38138): error TS2683: 'this' implicitly has type 'any' because it does not have a type annotation.
generated/prisma/runtime/react-native.js(6,38167): error TS2683: 'this' implicitly has type 'any' because it does not have a type annotation.
generated/prisma/runtime/react-native.js(6,38210): error TS2683: 'this' implicitly has type 'any' because it does not have a type annotation.
generated/prisma/runtime/react-native.js(6,38309): error TS18048: 'i' is possibly 'undefined'.
generated/prisma/runtime/react-native.js(6,38318): error TS2322: Type 'number | undefined' is not assignable to type 'number'.
  Type 'undefined' is not assignable to type 'number'.
generated/prisma/runtime/react-native.js(6,38376): error TS18048: 'i' is possibly 'undefined'.
generated/prisma/runtime/react-native.js(6,38397): error TS2339: Property 'randomBytes' does not exist on type 'Crypto'.
generated/prisma/runtime/react-native.js(6,38423): error TS2339: Property 'randomBytes' does not exist on type 'Crypto'.
generated/prisma/runtime/react-native.js(6,38513): error TS2339: Property 'randomBytes' does not exist on type 'Crypto'.
generated/prisma/runtime/react-native.js(6,38772): error TS18048: 'i' is possibly 'undefined'.
generated/prisma/runtime/react-native.js(6,38778): error TS18048: 'i' is possibly 'undefined'.
generated/prisma/runtime/react-native.js(6,38835): error TS7006: Parameter 'e' implicitly has an 'any' type.
generated/prisma/runtime/react-native.js(6,38853): error TS2683: 'this' implicitly has type 'any' because it does not have a type annotation.
generated/prisma/runtime/react-native.js(6,38867): error TS2683: 'this' implicitly has type 'any' because it does not have a type annotation.
generated/prisma/runtime/react-native.js(6,38894): error TS7006: Parameter 'e' implicitly has an 'any' type.
generated/prisma/runtime/react-native.js(6,38910): error TS2683: 'this' implicitly has type 'any' because it does not have a type annotation.
generated/prisma/runtime/react-native.js(6,38960): error TS7006: Parameter 'e' implicitly has an 'any' type.
generated/prisma/runtime/react-native.js(6,38974): error TS2683: 'this' implicitly has type 'any' because it does not have a type annotation.
generated/prisma/runtime/react-native.js(6,39000): error TS7006: Parameter 'e' implicitly has an 'any' type.
generated/prisma/runtime/react-native.js(6,39014): error TS2683: 'this' implicitly has type 'any' because it does not have a type annotation.
generated/prisma/runtime/react-native.js(6,39041): error TS7006: Parameter 'e' implicitly has an 'any' type.
generated/prisma/runtime/react-native.js(6,39055): error TS2683: 'this' implicitly has type 'any' because it does not have a type annotation.
generated/prisma/runtime/react-native.js(6,39082): error TS7006: Parameter 'e' implicitly has an 'any' type.
generated/prisma/runtime/react-native.js(6,39084): error TS7006: Parameter 't' implicitly has an 'any' type.
generated/prisma/runtime/react-native.js(6,39098): error TS2683: 'this' implicitly has type 'any' because it does not have a type annotation.
generated/prisma/runtime/react-native.js(6,39153): error TS2683: 'this' implicitly has type 'any' because it does not have a type annotation.
generated/prisma/runtime/react-native.js(6,39223): error TS2683: 'this' implicitly has type 'any' because it does not have a type annotation.
generated/prisma/runtime/react-native.js(6,39238): error TS2683: 'this' implicitly has type 'any' because it does not have a type annotation.
generated/prisma/runtime/react-native.js(6,39265): error TS7006: Parameter 'e' implicitly has an 'any' type.
generated/prisma/runtime/react-native.js(6,39279): error TS2683: 'this' implicitly has type 'any' because it does not have a type annotation.
generated/prisma/runtime/react-native.js(6,39305): error TS7006: Parameter 'e' implicitly has an 'any' type.
generated/prisma/runtime/react-native.js(6,39319): error TS2683: 'this' implicitly has type 'any' because it does not have a type annotation.
generated/prisma/runtime/react-native.js(6,39346): error TS7006: Parameter 'e' implicitly has an 'any' type.
generated/prisma/runtime/react-native.js(6,39364): error TS2683: 'this' implicitly has type 'any' because it does not have a type annotation.
generated/prisma/runtime/react-native.js(6,39381): error TS7053: Element implicitly has an 'any' type because expression of type 'symbol' can't be used to index type '{ toStringTag: string; }'.
generated/prisma/runtime/react-native.js(6,39436): error TS7053: Element implicitly has an 'any' type because expression of type 'unique symbol' can't be used to index type '{ toStringTag: string; }'.
  Property '[SymbolConstructor.toStringTag]' does not exist on type '{ toStringTag: string; }'.
generated/prisma/runtime/react-native.js(6,39496): error TS2322: Type 'i' is not assignable to type 'string'.
generated/prisma/runtime/react-native.js(6,39510): error TS2322: Type 'i' is not assignable to type 'string'.
generated/prisma/runtime/react-native.js(6,39546): error TS7006: Parameter 'e' implicitly has an 'any' type.
generated/prisma/runtime/react-native.js(6,39861): error TS7006: Parameter 'e' implicitly has an 'any' type.
generated/prisma/runtime/react-native.js(6,39903): error TS7006: Parameter 't' implicitly has an 'any' type.
generated/prisma/runtime/react-native.js(6,39939): error TS7022: 'ct' implicitly has type 'any' because it does not have a type annotation and is referenced directly or indirectly in its own initializer.
generated/prisma/runtime/react-native.js(6,40593): error TS7006: Parameter 'e' implicitly has an 'any' type.
generated/prisma/runtime/react-native.js(6,40655): error TS7006: Parameter 'e' implicitly has an 'any' type.
generated/prisma/runtime/react-native.js(6,40675): error TS7006: Parameter 'e' implicitly has an 'any' type.
generated/prisma/runtime/react-native.js(6,40728): error TS7006: Parameter 'e' implicitly has an 'any' type.
generated/prisma/runtime/react-native.js(6,40757): error TS2339: Property 'Prism' does not exist on type '{}'.
generated/prisma/runtime/react-native.js(6,40767): error TS2339: Property 'Prism' does not exist on type '{}'.
generated/prisma/runtime/react-native.js(6,40811): error TS2339: Property 'Prism' does not exist on type '{}'.
generated/prisma/runtime/react-native.js(6,40821): error TS2339: Property 'Prism' does not exist on type '{}'.
generated/prisma/runtime/react-native.js(6,40861): error TS7023: 'encode' implicitly has return type 'any' because it does not have a return type annotation and is referenced directly or indirectly in one of its return expressions.
generated/prisma/runtime/react-native.js(6,40877): error TS7006: Parameter 'e' implicitly has an 'any' type.
generated/prisma/runtime/react-native.js(6,41096): error TS7006: Parameter 'e' implicitly has an 'any' type.
generated/prisma/runtime/react-native.js(6,41168): error TS7006: Parameter 'e' implicitly has an 'any' type.
generated/prisma/runtime/react-native.js(6,41256): error TS7006: Parameter 't' implicitly has an 'any' type.
generated/prisma/runtime/react-native.js(6,41258): error TS7006: Parameter 'r' implicitly has an 'any' type.
generated/prisma/runtime/react-native.js(6,41265): error TS7034: Variable 'n' implicitly has type 'any[]' in some locations where its type cannot be determined.
generated/prisma/runtime/react-native.js(6,41404): error TS7053: Element implicitly has an 'any' type because expression of type 'string' can't be used to index type '{}'.
  No index signature with a parameter of type 'string' was found on type '{}'.
generated/prisma/runtime/react-native.js(6,41487): error TS7005: Variable 'n' implicitly has an 'any[]' type.
generated/prisma/runtime/react-native.js(6,41508): error TS7006: Parameter 's' implicitly has an 'any' type.
generated/prisma/runtime/react-native.js(6,41510): error TS7006: Parameter 'a' implicitly has an 'any' type.
generated/prisma/runtime/react-native.js(6,41527): error TS7005: Variable 'n' implicitly has an 'any[]' type.
generated/prisma/runtime/react-native.js(6,41577): error TS7006: Parameter 'e' implicitly has an 'any' type.
generated/prisma/runtime/react-native.js(6,41579): error TS7006: Parameter 't' implicitly has an 'any' type.
generated/prisma/runtime/react-native.js(6,41601): error TS7053: Element implicitly has an 'any' type because expression of type 'any' can't be used to index type '{ extend: (e: any, t: any) => any; insertBefore: (e: any, t: any, r: any, n: any) => {}; DFS: (t: any, r: any, n: any, i: any) => void; }'.
generated/prisma/runtime/react-native.js(6,41674): error TS7006: Parameter 'e' implicitly has an 'any' type.
generated/prisma/runtime/react-native.js(6,41676): error TS7006: Parameter 't' implicitly has an 'any' type.
generated/prisma/runtime/react-native.js(6,41678): error TS7006: Parameter 'r' implicitly has an 'any' type.
generated/prisma/runtime/react-native.js(6,41680): error TS7006: Parameter 'n' implicitly has an 'any' type.
generated/prisma/runtime/react-native.js(6,41800): error TS7053: Element implicitly has an 'any' type because expression of type 'string' can't be used to index type '{}'.
  No index signature with a parameter of type 'string' was found on type '{}'.
generated/prisma/runtime/react-native.js(6,41833): error TS7053: Element implicitly has an 'any' type because expression of type 'string' can't be used to index type '{}'.
  No index signature with a parameter of type 'string' was found on type '{}'.
generated/prisma/runtime/react-native.js(6,41906): error TS7006: Parameter 'a' implicitly has an 'any' type.
generated/prisma/runtime/react-native.js(6,41908): error TS7006: Parameter 'l' implicitly has an 'any' type.
generated/prisma/runtime/react-native.js(6,41925): error TS7053: Element implicitly has an 'any' type because expression of type 'any' can't be used to index type '(Anonymous function)'.
generated/prisma/runtime/react-native.js(6,41956): error TS7006: Parameter 't' implicitly has an 'any' type.
generated/prisma/runtime/react-native.js(6,41958): error TS7006: Parameter 'r' implicitly has an 'any' type.
generated/prisma/runtime/react-native.js(6,41960): error TS7006: Parameter 'n' implicitly has an 'any' type.
generated/prisma/runtime/react-native.js(6,41962): error TS7006: Parameter 'i' implicitly has an 'any' type.
generated/prisma/runtime/react-native.js(6,42211): error TS7006: Parameter 'e' implicitly has an 'any' type.
generated/prisma/runtime/react-native.js(6,42213): error TS7006: Parameter 't' implicitly has an 'any' type.
generated/prisma/runtime/react-native.js(6,42215): error TS7006: Parameter 'r' implicitly has an 'any' type.
generated/prisma/runtime/react-native.js(6,42296): error TS2339: Property 'tokens' does not exist on type '{ code: any; grammar: any; language: any; }'.
generated/prisma/runtime/react-native.js(6,42393): error TS2339: Property 'tokens' does not exist on type '{ code: any; grammar: any; language: any; }'.
generated/prisma/runtime/react-native.js(6,42436): error TS7006: Parameter 'e' implicitly has an 'any' type.
generated/prisma/runtime/react-native.js(6,42438): error TS7006: Parameter 't' implicitly has an 'any' type.
generated/prisma/runtime/react-native.js(6,42440): error TS7006: Parameter 'r' implicitly has an 'any' type.
generated/prisma/runtime/react-native.js(6,42442): error TS7006: Parameter 'n' implicitly has an 'any' type.
generated/prisma/runtime/react-native.js(6,42444): error TS7006: Parameter 'i' implicitly has an 'any' type.
generated/prisma/runtime/react-native.js(6,42446): error TS7006: Parameter 'o' implicitly has an 'any' type.
generated/prisma/runtime/react-native.js(6,42448): error TS7006: Parameter 's' implicitly has an 'any' type.
generated/prisma/runtime/react-native.js(6,43508): error TS2345: Argument of type 'any[]' is not assignable to parameter of type '[start: number, deleteCount: number, ...items: any[]]'.
  Source provides no match for required element at position 0 in target.
generated/prisma/runtime/react-native.js(6,43579): error TS7006: Parameter 'e' implicitly has an 'any' type.
generated/prisma/runtime/react-native.js(6,43581): error TS7006: Parameter 't' implicitly has an 'any' type.
generated/prisma/runtime/react-native.js(6,43714): error TS7006: Parameter 'e' implicitly has an 'any' type.
generated/prisma/runtime/react-native.js(6,43716): error TS7006: Parameter 't' implicitly has an 'any' type.
generated/prisma/runtime/react-native.js(6,43737): error TS7053: Element implicitly has an 'any' type because expression of type 'any' can't be used to index type '{}'.
generated/prisma/runtime/react-native.js(6,43742): error TS7053: Element implicitly has an 'any' type because expression of type 'any' can't be used to index type '{}'.
generated/prisma/runtime/react-native.js(6,43751): error TS7053: Element implicitly has an 'any' type because expression of type 'any' can't be used to index type '{}'.
generated/prisma/runtime/react-native.js(6,43778): error TS7006: Parameter 'e' implicitly has an 'any' type.
generated/prisma/runtime/react-native.js(6,43780): error TS7006: Parameter 't' implicitly has an 'any' type.
generated/prisma/runtime/react-native.js(6,43789): error TS7053: Element implicitly has an 'any' type because expression of type 'any' can't be used to index type '{}'.
generated/prisma/runtime/react-native.js(6,43877): error TS2339: Property 'clike' does not exist on type '{ extend: (e: any, t: any) => any; insertBefore: (e: any, t: any, r: any, n: any) => {}; DFS: (t: any, r: any, n: any, i: any) => void; }'.
generated/prisma/runtime/react-native.js(6,44582): error TS2339: Property 'javascript' does not exist on type '{ extend: (e: any, t: any) => any; insertBefore: (e: any, t: any, r: any, n: any) => {}; DFS: (t: any, r: any, n: any, i: any) => void; }'.
generated/prisma/runtime/react-native.js(6,44647): error TS2339: Property 'clike' does not exist on type '{ extend: (e: any, t: any) => any; insertBefore: (e: any, t: any, r: any, n: any) => {}; DFS: (t: any, r: any, n: any, i: any) => void; }'.
generated/prisma/runtime/react-native.js(6,45681): error TS2339: Property 'javascript' does not exist on type '{ extend: (e: any, t: any) => any; insertBefore: (e: any, t: any, r: any, n: any) => {}; DFS: (t: any, r: any, n: any, i: any) => void; }'.
generated/prisma/runtime/react-native.js(6,46362): error TS2339: Property 'javascript' does not exist on type '{ extend: (e: any, t: any) => any; insertBefore: (e: any, t: any, r: any, n: any) => {}; DFS: (t: any, r: any, n: any, i: any) => void; }'.
generated/prisma/runtime/react-native.js(6,46450): error TS2339: Property 'javascript' does not exist on type '{ extend: (e: any, t: any) => any; insertBefore: (e: any, t: any, r: any, n: any) => {}; DFS: (t: any, r: any, n: any, i: any) => void; }'.
generated/prisma/runtime/react-native.js(6,46556): error TS2339: Property 'javascript' does not exist on type '{ extend: (e: any, t: any) => any; insertBefore: (e: any, t: any, r: any, n: any) => {}; DFS: (t: any, r: any, n: any, i: any) => void; }'.
generated/prisma/runtime/react-native.js(6,47063): error TS2339: Property 'javascript' does not exist on type '{ extend: (e: any, t: any) => any; insertBefore: (e: any, t: any, r: any, n: any) => {}; DFS: (t: any, r: any, n: any, i: any) => void; }'.
generated/prisma/runtime/react-native.js(6,47127): error TS2339: Property 'markup' does not exist on type '{ extend: (e: any, t: any) => any; insertBefore: (e: any, t: any, r: any, n: any) => {}; DFS: (t: any, r: any, n: any, i: any) => void; }'.
generated/prisma/runtime/react-native.js(6,47147): error TS2339: Property 'markup' does not exist on type '{ extend: (e: any, t: any) => any; insertBefore: (e: any, t: any, r: any, n: any) => {}; DFS: (t: any, r: any, n: any, i: any) => void; }'.
generated/prisma/runtime/react-native.js(6,47204): error TS2339: Property 'js' does not exist on type '{ extend: (e: any, t: any) => any; insertBefore: (e: any, t: any, r: any, n: any) => {}; DFS: (t: any, r: any, n: any, i: any) => void; }'.
generated/prisma/runtime/react-native.js(6,47219): error TS2339: Property 'javascript' does not exist on type '{ extend: (e: any, t: any) => any; insertBefore: (e: any, t: any, r: any, n: any) => {}; DFS: (t: any, r: any, n: any, i: any) => void; }'.
generated/prisma/runtime/react-native.js(6,47242): error TS2339: Property 'typescript' does not exist on type '{ extend: (e: any, t: any) => any; insertBefore: (e: any, t: any, r: any, n: any) => {}; DFS: (t: any, r: any, n: any, i: any) => void; }'.
generated/prisma/runtime/react-native.js(6,47799): error TS2339: Property 'ts' does not exist on type '{ extend: (e: any, t: any) => any; insertBefore: (e: any, t: any, r: any, n: any) => {}; DFS: (t: any, r: any, n: any, i: any) => void; }'.
generated/prisma/runtime/react-native.js(6,47814): error TS2339: Property 'typescript' does not exist on type '{ extend: (e: any, t: any) => any; insertBefore: (e: any, t: any, r: any, n: any) => {}; DFS: (t: any, r: any, n: any, i: any) => void; }'.
generated/prisma/runtime/react-native.js(6,47837): error TS7006: Parameter 'e' implicitly has an 'any' type.
generated/prisma/runtime/react-native.js(6,47839): error TS7006: Parameter 't' implicitly has an 'any' type.
generated/prisma/runtime/react-native.js(6,47841): error TS7006: Parameter 'r' implicitly has an 'any' type.
generated/prisma/runtime/react-native.js(6,47843): error TS7006: Parameter 'n' implicitly has an 'any' type.
generated/prisma/runtime/react-native.js(6,47845): error TS7006: Parameter 'i' implicitly has an 'any' type.
generated/prisma/runtime/react-native.js(6,47936): error TS7023: 'stringify' implicitly has return type 'any' because it does not have a return type annotation and is referenced directly or indirectly in one of its return expressions.
generated/prisma/runtime/react-native.js(6,47955): error TS7006: Parameter 'e' implicitly has an 'any' type.
generated/prisma/runtime/react-native.js(6,47957): error TS7006: Parameter 't' implicitly has an 'any' type.
generated/prisma/runtime/react-native.js(6,48011): error TS7024: Function implicitly has return type 'any' because it does not have a return type annotation and is referenced directly or indirectly in one of its return expressions.
generated/prisma/runtime/react-native.js(6,48094): error TS7006: Parameter 'e' implicitly has an 'any' type.
generated/prisma/runtime/react-native.js(6,48104): error TS7053: Element implicitly has an 'any' type because expression of type 'any' can't be used to index type '{ keyword: (o: any) => any; entity: (o: any) => any; value: (e: any) => any; punctuation: (o: any) => any; directive: (o: any) => any; function: (o: any) => any; variable: (e: any) => any; string: (e: any) => any; boolean: (o: any) => any; number: (o: any) => any; comment: (o: any) => any; }'.
generated/prisma/runtime/react-native.js(6,48126): error TS7006: Parameter 'e' implicitly has an 'any' type.
generated/prisma/runtime/react-native.js(6,48153): error TS2339: Property 'javascript' does not exist on type '{ extend: (e: any, t: any) => any; insertBefore: (e: any, t: any, r: any, n: any) => {}; DFS: (t: any, r: any, n: any, i: any) => void; }'.
generated/prisma/runtime/react-native.js(6,48177): error TS7006: Parameter 'e' implicitly has an 'any' type.
generated/prisma/runtime/react-native.js(6,48179): error TS7006: Parameter 't' implicitly has an 'any' type.
generated/prisma/runtime/react-native.js(6,48270): error TS7006: Parameter 'e' implicitly has an 'any' type.
generated/prisma/runtime/react-native.js(6,48335): error TS7006: Parameter 't' implicitly has an 'any' type.
generated/prisma/runtime/react-native.js(6,48350): error TS7005: Variable 'sr' implicitly has an 'any' type.
generated/prisma/runtime/react-native.js(6,48438): error TS7006: Parameter 't' implicitly has an 'any' type.
generated/prisma/runtime/react-native.js(6,48494): error TS7006: Parameter 't' implicitly has an 'any' type.
generated/prisma/runtime/react-native.js(6,48496): error TS7006: Parameter 'r' implicitly has an 'any' type.
generated/prisma/runtime/react-native.js(6,48614): error TS7006: Parameter 't' implicitly has an 'any' type.
generated/prisma/runtime/react-native.js(6,48616): error TS7006: Parameter 'r' implicitly has an 'any' type.
generated/prisma/runtime/react-native.js(6,48805): error TS7006: Parameter 't' implicitly has an 'any' type.
generated/prisma/runtime/react-native.js(6,48858): error TS7006: Parameter 'r' implicitly has an 'any' type.
generated/prisma/runtime/react-native.js(6,48860): error TS7006: Parameter 'n' implicitly has an 'any' type.
generated/prisma/runtime/react-native.js(6,48901): error TS7006: Parameter 't' implicitly has an 'any' type.
generated/prisma/runtime/react-native.js(6,48962): error TS7006: Parameter 't' implicitly has an 'any' type.
generated/prisma/runtime/react-native.js(6,48964): error TS7006: Parameter 'r' implicitly has an 'any' type.
generated/prisma/runtime/react-native.js(6,48989): error TS7006: Parameter 'n' implicitly has an 'any' type.
generated/prisma/runtime/react-native.js(6,48991): error TS7006: Parameter 'i' implicitly has an 'any' type.
generated/prisma/runtime/react-native.js(6,49029): error TS7006: Parameter 't' implicitly has an 'any' type.
generated/prisma/runtime/react-native.js(6,49031): error TS7006: Parameter 'r' implicitly has an 'any' type.
generated/prisma/runtime/react-native.js(10,73): error TS7006: Parameter 'e' implicitly has an 'any' type.
generated/prisma/runtime/react-native.js(10,99): error TS7006: Parameter 'e' implicitly has an 'any' type.
generated/prisma/runtime/react-native.js(10,109): error TS7006: Parameter 'e' implicitly has an 'any' type.
generated/prisma/runtime/react-native.js(10,118): error TS7006: Parameter 'e' implicitly has an 'any' type.
generated/prisma/runtime/react-native.js(10,128): error TS7006: Parameter 'e' implicitly has an 'any' type.
generated/prisma/runtime/react-native.js(10,143): error TS7006: Parameter 'e' implicitly has an 'any' type.
generated/prisma/runtime/react-native.js(10,164): error TS7006: Parameter 'e' implicitly has an 'any' type.
generated/prisma/runtime/react-native.js(10,191): error TS7031: Binding element 'e' implicitly has an 'any' type.
generated/prisma/runtime/react-native.js(10,208): error TS7031: Binding element 't' implicitly has an 'any' type.
generated/prisma/runtime/react-native.js(10,218): error TS7031: Binding element 'r' implicitly has an 'any' type.
generated/prisma/runtime/react-native.js(10,234): error TS7031: Binding element 'n' implicitly has an 'any' type.
generated/prisma/runtime/react-native.js(10,337): error TS7031: Binding element 'e' implicitly has an 'any' type.
generated/prisma/runtime/react-native.js(10,347): error TS7031: Binding element 't' implicitly has an 'any' type.
generated/prisma/runtime/react-native.js(10,364): error TS7031: Binding element 'r' implicitly has an 'any' type.
generated/prisma/runtime/react-native.js(10,374): error TS7031: Binding element 'n' implicitly has an 'any' type.
generated/prisma/runtime/react-native.js(10,390): error TS7031: Binding element 'i' implicitly has an 'any' type.
generated/prisma/runtime/react-native.js(10,393): error TS7006: Parameter 'o' implicitly has an 'any' type.
generated/prisma/runtime/react-native.js(10,487): error TS7005: Variable 'y' implicitly has an 'any' type.
generated/prisma/runtime/react-native.js(10,773): error TS2339: Property 'location' does not exist on type '{ functionName: string; message: any; isPanic: any; callArguments: any; }'.
generated/prisma/runtime/react-native.js(10,815): error TS7006: Parameter 'C' implicitly has an 'any' type.
generated/prisma/runtime/react-native.js(10,887): error TS18048: 'u' is possibly 'undefined'.
generated/prisma/runtime/react-native.js(10,917): error TS2339: Property 'contextLines' does not exist on type '{ functionName: string; message: any; isPanic: any; callArguments: any; }'.
generated/prisma/runtime/react-native.js(10,930): error TS18048: 'u' is possibly 'undefined'.
generated/prisma/runtime/react-native.js(10,942): error TS7006: Parameter 'C' implicitly has an 'any' type.
generated/prisma/runtime/react-native.js(10,944): error TS7006: Parameter 'S' implicitly has an 'any' type.
generated/prisma/runtime/react-native.js(10,994): error TS7006: Parameter 'C' implicitly has an 'any' type.
generated/prisma/runtime/react-native.js(10,1148): error TS7006: Parameter 'e' implicitly has an 'any' type.
generated/prisma/runtime/react-native.js(10,1361): error TS7006: Parameter 'e' implicitly has an 'any' type.
generated/prisma/runtime/react-native.js(10,1469): error TS7031: Binding element 'e' implicitly has an 'any' type.
generated/prisma/runtime/react-native.js(10,1480): error TS7031: Binding element 't' implicitly has an 'any' type.
generated/prisma/runtime/react-native.js(10,1490): error TS7031: Binding element 'r' implicitly has an 'any' type.
generated/prisma/runtime/react-native.js(10,1500): error TS7031: Binding element 'n' implicitly has an 'any' type.
generated/prisma/runtime/react-native.js(10,1515): error TS7031: Binding element 'i' implicitly has an 'any' type.
generated/prisma/runtime/react-native.js(10,1531): error TS7031: Binding element 'o' implicitly has an 'any' type.
generated/prisma/runtime/react-native.js(10,1534): error TS7006: Parameter 's' implicitly has an 'any' type.
generated/prisma/runtime/react-native.js(11,16): error TS7006: Parameter 'e' implicitly has an 'any' type.
generated/prisma/runtime/react-native.js(11,159): error TS7006: Parameter 'e' implicitly has an 'any' type.
generated/prisma/runtime/react-native.js(11,209): error TS2345: Argument of type '{ functionName: string; message: any; isPanic: any; callArguments: any; }' is not assignable to parameter of type '{ functionName: any; location: any; message: any; isPanic: any; contextLines: any; callArguments: any; }'.
  Type '{ functionName: string; message: any; isPanic: any; callArguments: any; }' is missing the following properties from type '{ functionName: any; location: any; message: any; isPanic: any; contextLines: any; callArguments: any; }': location, contextLines
generated/prisma/runtime/react-native.js(11,282): error TS7006: Parameter 'e' implicitly has an 'any' type.
generated/prisma/runtime/react-native.js(11,284): error TS7006: Parameter 't' implicitly has an 'any' type.
generated/prisma/runtime/react-native.js(11,286): error TS7006: Parameter 'r' implicitly has an 'any' type.
generated/prisma/runtime/react-native.js(11,380): error TS7006: Parameter 'e' implicitly has an 'any' type.
generated/prisma/runtime/react-native.js(11,407): error TS7006: Parameter 't' implicitly has an 'any' type.
generated/prisma/runtime/react-native.js(11,450): error TS7006: Parameter 'e' implicitly has an 'any' type.
generated/prisma/runtime/react-native.js(11,771): error TS7006: Parameter 'e' implicitly has an 'any' type.
generated/prisma/runtime/react-native.js(11,773): error TS7006: Parameter 't' implicitly has an 'any' type.
generated/prisma/runtime/react-native.js(11,820): error TS7006: Parameter 'e' implicitly has an 'any' type.
generated/prisma/runtime/react-native.js(11,836): error TS7006: Parameter 't' implicitly has an 'any' type.
generated/prisma/runtime/react-native.js(11,838): error TS7006: Parameter 'r' implicitly has an 'any' type.
generated/prisma/runtime/react-native.js(11,906): error TS7006: Parameter 'e' implicitly has an 'any' type.
generated/prisma/runtime/react-native.js(11,1056): error TS7006: Parameter 'e' implicitly has an 'any' type.
generated/prisma/runtime/react-native.js(11,1270): error TS7006: Parameter 't' implicitly has an 'any' type.
generated/prisma/runtime/react-native.js(11,1272): error TS7006: Parameter 'r' implicitly has an 'any' type.
generated/prisma/runtime/react-native.js(11,1366): error TS7006: Parameter 't' implicitly has an 'any' type.
generated/prisma/runtime/react-native.js(11,1686): error TS7006: Parameter 'r' implicitly has an 'any' type.
generated/prisma/runtime/react-native.js(11,1725): error TS7008: Member 'lines' implicitly has an 'any[]' type.
generated/prisma/runtime/react-native.js(11,1765): error TS7008: Member 'marginSymbol' implicitly has an 'any' type.
generated/prisma/runtime/react-native.js(11,1778): error TS7008: Member 'afterNextNewLineCallback' implicitly has an 'any' type.
generated/prisma/runtime/react-native.js(11,1809): error TS7006: Parameter 't' implicitly has an 'any' type.
generated/prisma/runtime/react-native.js(11,1889): error TS7006: Parameter 't' implicitly has an 'any' type.
generated/prisma/runtime/react-native.js(11,1891): error TS7006: Parameter 'r' implicitly has an 'any' type.
generated/prisma/runtime/react-native.js(11,1896): error TS7006: Parameter 'i' implicitly has an 'any' type.
generated/prisma/runtime/react-native.js(11,1898): error TS7006: Parameter 'o' implicitly has an 'any' type.
generated/prisma/runtime/react-native.js(11,2014): error TS7006: Parameter 't' implicitly has an 'any' type.
generated/prisma/runtime/react-native.js(11,2249): error TS7006: Parameter 't' implicitly has an 'any' type.
generated/prisma/runtime/react-native.js(11,2319): error TS7006: Parameter 't' implicitly has an 'any' type.
generated/prisma/runtime/react-native.js(11,2490): error TS7006: Parameter 't' implicitly has an 'any' type.
generated/prisma/runtime/react-native.js(12,286): error TS7006: Parameter 't' implicitly has an 'any' type.
generated/prisma/runtime/react-native.js(12,308): error TS7006: Parameter 't' implicitly has an 'any' type.
generated/prisma/runtime/react-native.js(12,399): error TS7006: Parameter 'e' implicitly has an 'any' type.
generated/prisma/runtime/react-native.js(12,508): error TS7006: Parameter 'e' implicitly has an 'any' type.
generated/prisma/runtime/react-native.js(12,575): error TS7006: Parameter 't' implicitly has an 'any' type.
generated/prisma/runtime/react-native.js(12,616): error TS7006: Parameter 't' implicitly has an 'any' type.
generated/prisma/runtime/react-native.js(12,675): error TS7006: Parameter 't' implicitly has an 'any' type.
generated/prisma/runtime/react-native.js(12,709): error TS7006: Parameter 't' implicitly has an 'any' type.
generated/prisma/runtime/react-native.js(12,1018): error TS7008: Member 'items' implicitly has an 'any[]' type.
generated/prisma/runtime/react-native.js(12,1035): error TS7006: Parameter 't' implicitly has an 'any' type.
generated/prisma/runtime/react-native.js(12,1086): error TS7006: Parameter 't' implicitly has an 'any' type.
generated/prisma/runtime/react-native.js(12,1221): error TS7006: Parameter 't' implicitly has an 'any' type.
generated/prisma/runtime/react-native.js(12,1310): error TS7006: Parameter 't' implicitly has an 'any' type.
generated/prisma/runtime/react-native.js(12,1418): error TS7006: Parameter 't' implicitly has an 'any' type.
generated/prisma/runtime/react-native.js(12,1672): error TS7008: Member 'suggestions' implicitly has an 'any[]' type.
generated/prisma/runtime/react-native.js(12,1696): error TS7006: Parameter 't' implicitly has an 'any' type.
generated/prisma/runtime/react-native.js(12,1699): error TS7053: Element implicitly has an 'any' type because expression of type 'any' can't be used to index type '{}'.
generated/prisma/runtime/react-native.js(12,1735): error TS7006: Parameter 't' implicitly has an 'any' type.
generated/prisma/runtime/react-native.js(12,1772): error TS7006: Parameter 't' implicitly has an 'any' type.
generated/prisma/runtime/react-native.js(12,1782): error TS7053: Element implicitly has an 'any' type because expression of type 'any' can't be used to index type '{}'.
generated/prisma/runtime/react-native.js(12,1810): error TS7006: Parameter 't' implicitly has an 'any' type.
generated/prisma/runtime/react-native.js(12,2031): error TS7006: Parameter 't' implicitly has an 'any' type.
generated/prisma/runtime/react-native.js(12,2096): error TS7006: Parameter 't' implicitly has an 'any' type.
generated/prisma/runtime/react-native.js(12,2169): error TS7006: Parameter 't' implicitly has an 'any' type.
generated/prisma/runtime/react-native.js(12,2179): error TS7053: Element implicitly has an 'any' type because expression of type 'any' can't be used to index type '{}'.
generated/prisma/runtime/react-native.js(12,2292): error TS7006: Parameter 't' implicitly has an 'any' type.
generated/prisma/runtime/react-native.js(12,2351): error TS7006: Parameter 't' implicitly has an 'any' type.
generated/prisma/runtime/react-native.js(12,2490): error TS7006: Parameter 't' implicitly has an 'any' type.
generated/prisma/runtime/react-native.js(12,2890): error TS7006: Parameter 't' implicitly has an 'any' type.
generated/prisma/runtime/react-native.js(12,3068): error TS7006: Parameter 't' implicitly has an 'any' type.
generated/prisma/runtime/react-native.js(12,3238): error TS7006: Parameter 't' implicitly has an 'any' type.
generated/prisma/runtime/react-native.js(12,3349): error TS7006: Parameter 't' implicitly has an 'any' type.
generated/prisma/runtime/react-native.js(12,3351): error TS7006: Parameter 'r' implicitly has an 'any' type.
generated/prisma/runtime/react-native.js(12,3623): error TS7006: Parameter 'r' implicitly has an 'any' type.
generated/prisma/runtime/react-native.js(12,3692): error TS7006: Parameter 'r' implicitly has an 'any' type.
generated/prisma/runtime/react-native.js(12,3837): error TS7008: Member 'fields' implicitly has an 'any[]' type.
generated/prisma/runtime/react-native.js(12,3856): error TS7006: Parameter 't' implicitly has an 'any' type.
generated/prisma/runtime/react-native.js(12,3858): error TS7006: Parameter 'r' implicitly has an 'any' type.
generated/prisma/runtime/react-native.js(12,3892): error TS7006: Parameter 'n' implicitly has an 'any' type.
generated/prisma/runtime/react-native.js(12,4000): error TS7006: Parameter 't' implicitly has an 'any' type.
generated/prisma/runtime/react-native.js(12,4165): error TS7006: Parameter 'e' implicitly has an 'any' type.
generated/prisma/runtime/react-native.js(12,4167): error TS7006: Parameter 't' implicitly has an 'any' type.
generated/prisma/runtime/react-native.js(12,4169): error TS7006: Parameter 'r' implicitly has an 'any' type.
generated/prisma/runtime/react-native.js(12,4791): error TS7006: Parameter 'e' implicitly has an 'any' type.
generated/prisma/runtime/react-native.js(12,4793): error TS7006: Parameter 't' implicitly has an 'any' type.
generated/prisma/runtime/react-native.js(12,4972): error TS7006: Parameter 'n' implicitly has an 'any' type.
generated/prisma/runtime/react-native.js(12,5137): error TS7006: Parameter 'e' implicitly has an 'any' type.
generated/prisma/runtime/react-native.js(12,5139): error TS7006: Parameter 't' implicitly has an 'any' type.
generated/prisma/runtime/react-native.js(12,5365): error TS7006: Parameter 's' implicitly has an 'any' type.
generated/prisma/runtime/react-native.js(13,89): error TS7006: Parameter 'e' implicitly has an 'any' type.
generated/prisma/runtime/react-native.js(13,91): error TS7006: Parameter 't' implicitly has an 'any' type.
generated/prisma/runtime/react-native.js(13,93): error TS7006: Parameter 'r' implicitly has an 'any' type.
generated/prisma/runtime/react-native.js(13,422): error TS7006: Parameter 'e' implicitly has an 'any' type.
generated/prisma/runtime/react-native.js(13,424): error TS7006: Parameter 't' implicitly has an 'any' type.
generated/prisma/runtime/react-native.js(13,426): error TS7006: Parameter 'r' implicitly has an 'any' type.
generated/prisma/runtime/react-native.js(13,540): error TS7006: Parameter 'n' implicitly has an 'any' type.
generated/prisma/runtime/react-native.js(13,703): error TS7006: Parameter 'e' implicitly has an 'any' type.
generated/prisma/runtime/react-native.js(13,705): error TS7006: Parameter 't' implicitly has an 'any' type.
generated/prisma/runtime/react-native.js(13,858): error TS7006: Parameter 'o' implicitly has an 'any' type.
generated/prisma/runtime/react-native.js(13,1078): error TS7006: Parameter 'e' implicitly has an 'any' type.
generated/prisma/runtime/react-native.js(13,1080): error TS7006: Parameter 't' implicitly has an 'any' type.
generated/prisma/runtime/react-native.js(13,1460): error TS7006: Parameter 'i' implicitly has an 'any' type.
generated/prisma/runtime/react-native.js(13,1634): error TS7006: Parameter 'e' implicitly has an 'any' type.
generated/prisma/runtime/react-native.js(13,1636): error TS7006: Parameter 't' implicitly has an 'any' type.
generated/prisma/runtime/react-native.js(13,1886): error TS7006: Parameter 'n' implicitly has an 'any' type.
generated/prisma/runtime/react-native.js(13,2124): error TS7006: Parameter 'e' implicitly has an 'any' type.
generated/prisma/runtime/react-native.js(13,2126): error TS7006: Parameter 't' implicitly has an 'any' type.
generated/prisma/runtime/react-native.js(13,2229): error TS7006: Parameter 'n' implicitly has an 'any' type.
generated/prisma/runtime/react-native.js(13,2329): error TS7006: Parameter 'e' implicitly has an 'any' type.
generated/prisma/runtime/react-native.js(13,2331): error TS7006: Parameter 't' implicitly has an 'any' type.
generated/prisma/runtime/react-native.js(13,2496): error TS7006: Parameter 'i' implicitly has an 'any' type.
generated/prisma/runtime/react-native.js(13,2522): error TS7006: Parameter 'o' implicitly has an 'any' type.
generated/prisma/runtime/react-native.js(13,2547): error TS7006: Parameter 'e' implicitly has an 'any' type.
generated/prisma/runtime/react-native.js(13,2549): error TS7006: Parameter 't' implicitly has an 'any' type.
generated/prisma/runtime/react-native.js(13,2780): error TS7006: Parameter 'o' implicitly has an 'any' type.
generated/prisma/runtime/react-native.js(13,2813): error TS7006: Parameter 's' implicitly has an 'any' type.
generated/prisma/runtime/react-native.js(13,2838): error TS7006: Parameter 'e' implicitly has an 'any' type.
generated/prisma/runtime/react-native.js(13,2840): error TS7006: Parameter 't' implicitly has an 'any' type.
generated/prisma/runtime/react-native.js(13,2842): error TS7006: Parameter 'r' implicitly has an 'any' type.
generated/prisma/runtime/react-native.js(13,3001): error TS7006: Parameter 'e' implicitly has an 'any' type.
generated/prisma/runtime/react-native.js(13,3003): error TS7006: Parameter 't' implicitly has an 'any' type.
generated/prisma/runtime/react-native.js(13,3010): error TS7034: Variable 'r' implicitly has type 'any' in some locations where its type cannot be determined.
generated/prisma/runtime/react-native.js(13,3030): error TS7006: Parameter 'l' implicitly has an 'any' type.
generated/prisma/runtime/react-native.js(13,3033): error TS7005: Variable 'r' implicitly has an 'any' type.
generated/prisma/runtime/react-native.js(13,3789): error TS7006: Parameter 'u' implicitly has an 'any' type.
generated/prisma/runtime/react-native.js(13,3894): error TS7023: 'Ro' implicitly has return type 'any' because it does not have a return type annotation and is referenced directly or indirectly in one of its return expressions.
generated/prisma/runtime/react-native.js(13,3897): error TS7006: Parameter 'e' implicitly has an 'any' type.
generated/prisma/runtime/react-native.js(13,3967): error TS7006: Parameter 'e' implicitly has an 'any' type.
generated/prisma/runtime/react-native.js(13,3969): error TS7006: Parameter 't' implicitly has an 'any' type.
generated/prisma/runtime/react-native.js(13,4134): error TS7006: Parameter 'i' implicitly has an 'any' type.
generated/prisma/runtime/react-native.js(13,4177): error TS7006: Parameter 's' implicitly has an 'any' type.
generated/prisma/runtime/react-native.js(13,4316): error TS7006: Parameter 'e' implicitly has an 'any' type.
generated/prisma/runtime/react-native.js(13,4318): error TS7006: Parameter 't' implicitly has an 'any' type.
generated/prisma/runtime/react-native.js(13,4483): error TS7006: Parameter 'i' implicitly has an 'any' type.
generated/prisma/runtime/react-native.js(13,4678): error TS7006: Parameter 'a' implicitly has an 'any' type.
generated/prisma/runtime/react-native.js(13,4752): error TS7006: Parameter 'e' implicitly has an 'any' type.
generated/prisma/runtime/react-native.js(13,4754): error TS7006: Parameter 't' implicitly has an 'any' type.
generated/prisma/runtime/react-native.js(13,4847): error TS7034: Variable 'i' implicitly has type 'any' in some locations where its type cannot be determined.
generated/prisma/runtime/react-native.js(13,4961): error TS7006: Parameter 'o' implicitly has an 'any' type.
generated/prisma/runtime/react-native.js(13,5002): error TS7005: Variable 'i' implicitly has an 'any' type.
generated/prisma/runtime/react-native.js(13,5114): error TS7006: Parameter 'e' implicitly has an 'any' type.
generated/prisma/runtime/react-native.js(13,5116): error TS7006: Parameter 't' implicitly has an 'any' type.
generated/prisma/runtime/react-native.js(13,5332): error TS7006: Parameter 'i' implicitly has an 'any' type.
generated/prisma/runtime/react-native.js(13,5563): error TS7006: Parameter 's' implicitly has an 'any' type.
generated/prisma/runtime/react-native.js(13,5763): error TS7006: Parameter 'e' implicitly has an 'any' type.
generated/prisma/runtime/react-native.js(13,5765): error TS7006: Parameter 't' implicitly has an 'any' type.
generated/prisma/runtime/react-native.js(13,5882): error TS7034: Variable 'i' implicitly has type 'any[]' in some locations where its type cannot be determined.
generated/prisma/runtime/react-native.js(13,6015): error TS7006: Parameter 'o' implicitly has an 'any' type.
generated/prisma/runtime/react-native.js(13,6401): error TS7005: Variable 'i' implicitly has an 'any[]' type.
generated/prisma/runtime/react-native.js(13,6554): error TS7006: Parameter 'e' implicitly has an 'any' type.
generated/prisma/runtime/react-native.js(13,6556): error TS7006: Parameter 't' implicitly has an 'any' type.
generated/prisma/runtime/react-native.js(13,6652): error TS7006: Parameter 'e' implicitly has an 'any' type.
generated/prisma/runtime/react-native.js(13,6654): error TS7006: Parameter 't' implicitly has an 'any' type.
generated/prisma/runtime/react-native.js(13,6765): error TS7006: Parameter 'e' implicitly has an 'any' type.
generated/prisma/runtime/react-native.js(13,6767): error TS7006: Parameter 't' implicitly has an 'any' type.
generated/prisma/runtime/react-native.js(13,6879): error TS7006: Parameter 'e' implicitly has an 'any' type.
generated/prisma/runtime/react-native.js(13,6881): error TS7006: Parameter 't' implicitly has an 'any' type.
generated/prisma/runtime/react-native.js(13,6987): error TS7006: Parameter 'e' implicitly has an 'any' type.
generated/prisma/runtime/react-native.js(13,6989): error TS7006: Parameter 't' implicitly has an 'any' type.
generated/prisma/runtime/react-native.js(13,7507): error TS7006: Parameter 'e' implicitly has an 'any' type.
generated/prisma/runtime/react-native.js(13,7509): error TS7006: Parameter 't' implicitly has an 'any' type.
generated/prisma/runtime/react-native.js(13,7643): error TS7006: Parameter 'e' implicitly has an 'any' type.
generated/prisma/runtime/react-native.js(13,7747): error TS7031: Binding element 'e' implicitly has an 'any' type.
generated/prisma/runtime/react-native.js(13,7757): error TS7031: Binding element 't' implicitly has an 'any' type.
generated/prisma/runtime/react-native.js(13,7854): error TS7006: Parameter 'e' implicitly has an 'any' type.
generated/prisma/runtime/react-native.js(13,7856): error TS7006: Parameter 't' implicitly has an 'any' type.
generated/prisma/runtime/react-native.js(13,7965): error TS7006: Parameter 'e' implicitly has an 'any' type.
generated/prisma/runtime/react-native.js(13,7967): error TS7006: Parameter 't' implicitly has an 'any' type.
generated/prisma/runtime/react-native.js(13,8157): error TS7006: Parameter 't' implicitly has an 'any' type.
generated/prisma/runtime/react-native.js(13,8159): error TS7006: Parameter 'r' implicitly has an 'any' type.
generated/prisma/runtime/react-native.js(13,8161): error TS7006: Parameter 'n' implicitly has an 'any' type.
generated/prisma/runtime/react-native.js(13,8163): error TS7006: Parameter 'i' implicitly has an 'any' type.
generated/prisma/runtime/react-native.js(13,8165): error TS7006: Parameter 'o' implicitly has an 'any' type.
generated/prisma/runtime/react-native.js(13,8394): error TS7006: Parameter 'e' implicitly has an 'any' type.
generated/prisma/runtime/react-native.js(13,8492): error TS7006: Parameter 't' implicitly has an 'any' type.
generated/prisma/runtime/react-native.js(13,8574): error TS2339: Property '_getNamespace' does not exist on type 'Me'.
generated/prisma/runtime/react-native.js(13,8763): error TS7008: Member '#e' implicitly has an 'any' type.
generated/prisma/runtime/react-native.js(13,8807): error TS7008: Member '#e' implicitly has an 'any' type.
generated/prisma/runtime/react-native.js(13,8853): error TS7008: Member '#e' implicitly has an 'any' type.
generated/prisma/runtime/react-native.js(13,9007): error TS7006: Parameter 'e' implicitly has an 'any' type.
generated/prisma/runtime/react-native.js(13,9009): error TS7006: Parameter 't' implicitly has an 'any' type.
generated/prisma/runtime/react-native.js(13,9123): error TS7006: Parameter 't' implicitly has an 'any' type.
generated/prisma/runtime/react-native.js(13,9125): error TS7006: Parameter 'r' implicitly has an 'any' type.
generated/prisma/runtime/react-native.js(13,9279): error TS7006: Parameter 't' implicitly has an 'any' type.
generated/prisma/runtime/react-native.js(13,9430): error TS7008: Member 'errorMessages' implicitly has an 'any[]' type.
generated/prisma/runtime/react-native.js(13,9459): error TS7006: Parameter 't' implicitly has an 'any' type.
generated/prisma/runtime/react-native.js(13,9485): error TS7006: Parameter 't' implicitly has an 'any' type.
generated/prisma/runtime/react-native.js(13,9528): error TS7006: Parameter 't' implicitly has an 'any' type.
generated/prisma/runtime/react-native.js(13,9576): error TS7006: Parameter 't' implicitly has an 'any' type.
generated/prisma/runtime/react-native.js(14,18): error TS7006: Parameter 'e' implicitly has an 'any' type.
generated/prisma/runtime/react-native.js(14,54): error TS7006: Parameter 'e' implicitly has an 'any' type.
generated/prisma/runtime/react-native.js(14,161): error TS7006: Parameter 'e' implicitly has an 'any' type.
generated/prisma/runtime/react-native.js(14,498): error TS7005: Variable 'w' implicitly has an 'any' type.
generated/prisma/runtime/react-native.js(14,912): error TS7006: Parameter 'e' implicitly has an 'any' type.
generated/prisma/runtime/react-native.js(14,981): error TS7006: Parameter 'e' implicitly has an 'any' type.
generated/prisma/runtime/react-native.js(14,983): error TS7006: Parameter 't' implicitly has an 'any' type.
generated/prisma/runtime/react-native.js(14,1122): error TS7031: Binding element 'e' implicitly has an 'any' type.
generated/prisma/runtime/react-native.js(14,1131): error TS7031: Binding element 't' implicitly has an 'any' type.
generated/prisma/runtime/react-native.js(14,1145): error TS7031: Binding element 'r' implicitly has an 'any' type.
generated/prisma/runtime/react-native.js(14,1156): error TS7031: Binding element 'n' implicitly has an 'any' type.
generated/prisma/runtime/react-native.js(14,1173): error TS7031: Binding element 'i' implicitly has an 'any' type.
generated/prisma/runtime/react-native.js(14,1189): error TS7031: Binding element 'o' implicitly has an 'any' type.
generated/prisma/runtime/react-native.js(14,1202): error TS7031: Binding element 's' implicitly has an 'any' type.
generated/prisma/runtime/react-native.js(14,1445): error TS7006: Parameter 'e' implicitly has an 'any' type.
generated/prisma/runtime/react-native.js(14,1470): error TS7006: Parameter 't' implicitly has an 'any' type.
generated/prisma/runtime/react-native.js(14,1522): error TS7006: Parameter 'e' implicitly has an 'any' type.
generated/prisma/runtime/react-native.js(14,1524): error TS7006: Parameter 't' implicitly has an 'any' type.
generated/prisma/runtime/react-native.js(14,1526): error TS7006: Parameter 'r' implicitly has an 'any' type.
generated/prisma/runtime/react-native.js(14,1683): error TS7006: Parameter 'e' implicitly has an 'any' type.
generated/prisma/runtime/react-native.js(14,1702): error TS7006: Parameter 'n' implicitly has an 'any' type.
generated/prisma/runtime/react-native.js(14,1704): error TS7006: Parameter 'i' implicitly has an 'any' type.
generated/prisma/runtime/react-native.js(14,1775): error TS7006: Parameter 'o' implicitly has an 'any' type.
generated/prisma/runtime/react-native.js(14,1804): error TS7006: Parameter 'n' implicitly has an 'any' type.
generated/prisma/runtime/react-native.js(14,1853): error TS7006: Parameter 'e' implicitly has an 'any' type.
generated/prisma/runtime/react-native.js(14,1855): error TS7006: Parameter 't' implicitly has an 'any' type.
generated/prisma/runtime/react-native.js(14,1857): error TS7006: Parameter 'r' implicitly has an 'any' type.
generated/prisma/runtime/react-native.js(14,1882): error TS7031: Binding element 'n' implicitly has an 'any' type.
generated/prisma/runtime/react-native.js(14,1892): error TS7031: Binding element 'i' implicitly has an 'any' type.
generated/prisma/runtime/react-native.js(14,1895): error TS7006: Parameter 'o' implicitly has an 'any' type.
generated/prisma/runtime/react-native.js(14,1986): error TS7006: Parameter 'e' implicitly has an 'any' type.
generated/prisma/runtime/react-native.js(14,1988): error TS7006: Parameter 't' implicitly has an 'any' type.
generated/prisma/runtime/react-native.js(14,1990): error TS7006: Parameter 'r' implicitly has an 'any' type.
generated/prisma/runtime/react-native.js(14,2024): error TS7006: Parameter 'i' implicitly has an 'any' type.
generated/prisma/runtime/react-native.js(14,2060): error TS7006: Parameter 'e' implicitly has an 'any' type.
generated/prisma/runtime/react-native.js(14,2062): error TS7006: Parameter 't' implicitly has an 'any' type.
generated/prisma/runtime/react-native.js(14,2186): error TS7006: Parameter 'e' implicitly has an 'any' type.
generated/prisma/runtime/react-native.js(14,2188): error TS7006: Parameter 't' implicitly has an 'any' type.
generated/prisma/runtime/react-native.js(14,2330): error TS7006: Parameter 't' implicitly has an 'any' type.
generated/prisma/runtime/react-native.js(14,2332): error TS7006: Parameter 'r' implicitly has an 'any' type.
generated/prisma/runtime/react-native.js(14,2770): error TS7006: Parameter 't' implicitly has an 'any' type.
generated/prisma/runtime/react-native.js(14,2966): error TS7006: Parameter 't' implicitly has an 'any' type.
generated/prisma/runtime/react-native.js(14,3292): error TS7006: Parameter 't' implicitly has an 'any' type.
generated/prisma/runtime/react-native.js(14,3294): error TS7006: Parameter 'r' implicitly has an 'any' type.
generated/prisma/runtime/react-native.js(14,3948): error TS7006: Parameter 't' implicitly has an 'any' type.
generated/prisma/runtime/react-native.js(14,4005): error TS7006: Parameter 't' implicitly has an 'any' type.
generated/prisma/runtime/react-native.js(14,4075): error TS7006: Parameter 't' implicitly has an 'any' type.
generated/prisma/runtime/react-native.js(14,4133): error TS7006: Parameter 't' implicitly has an 'any' type.
generated/prisma/runtime/react-native.js(14,4268): error TS7006: Parameter 't' implicitly has an 'any' type.
generated/prisma/runtime/react-native.js(14,4335): error TS7006: Parameter 't' implicitly has an 'any' type.
generated/prisma/runtime/react-native.js(14,4337): error TS7006: Parameter 'r' implicitly has an 'any' type.
generated/prisma/runtime/react-native.js(14,4513): error TS7006: Parameter 't' implicitly has an 'any' type.
generated/prisma/runtime/react-native.js(14,4542): error TS7006: Parameter 'e' implicitly has an 'any' type.
generated/prisma/runtime/react-native.js(14,4580): error TS7006: Parameter 'e' implicitly has an 'any' type.
generated/prisma/runtime/react-native.js(14,4677): error TS7006: Parameter 't' implicitly has an 'any' type.
generated/prisma/runtime/react-native.js(14,4767): error TS7006: Parameter 't' implicitly has an 'any' type.
generated/prisma/runtime/react-native.js(14,4821): error TS7006: Parameter 'e' implicitly has an 'any' type.
generated/prisma/runtime/react-native.js(14,5480): error TS7031: Binding element 'e' implicitly has an 'any' type.
generated/prisma/runtime/react-native.js(14,5489): error TS7031: Binding element 't' implicitly has an 'any' type.
generated/prisma/runtime/react-native.js(14,5496): error TS7031: Binding element 'r' implicitly has an 'any' type.
generated/prisma/runtime/react-native.js(14,5515): error TS7031: Binding element 'n' implicitly has an 'any' type.
generated/prisma/runtime/react-native.js(14,5550): error TS7031: Binding element 'o' implicitly has an 'any' type.
generated/prisma/runtime/react-native.js(14,5565): error TS7031: Binding element 's' implicitly has an 'any' type.
generated/prisma/runtime/react-native.js(14,5579): error TS7031: Binding element 'a' implicitly has an 'any' type.
generated/prisma/runtime/react-native.js(14,5595): error TS7031: Binding element 'l' implicitly has an 'any' type.
generated/prisma/runtime/react-native.js(14,5613): error TS7031: Binding element 'u' implicitly has an 'any' type.
generated/prisma/runtime/react-native.js(14,5626): error TS7031: Binding element 'g' implicitly has an 'any' type.
generated/prisma/runtime/react-native.js(14,5858): error TS7053: Element implicitly has an 'any' type because expression of type 'any' can't be used to index type '{ findUnique: string; findUniqueOrThrow: string; findFirst: string; findFirstOrThrow: string; findMany: string; count: string; create: string; createMany: string; createManyAndReturn: string; ... 12 more ...; aggregateRaw: string; }'.
generated/prisma/runtime/react-native.js(14,5892): error TS2339: Property 'select' does not exist on type '{}'.
generated/prisma/runtime/react-native.js(14,5901): error TS2339: Property 'include' does not exist on type '{}'.
generated/prisma/runtime/react-native.js(14,5920): error TS7006: Parameter 'n' implicitly has an 'any' type.
generated/prisma/runtime/react-native.js(14,5931): error TS2339: Property 'omit' does not exist on type '{}'.
generated/prisma/runtime/react-native.js(14,5952): error TS2339: Property 'omit' does not exist on type '{}'.
generated/prisma/runtime/react-native.js(14,6011): error TS7006: Parameter 'e' implicitly has an 'any' type.
generated/prisma/runtime/react-native.js(14,6013): error TS7006: Parameter 't' implicitly has an 'any' type.
generated/prisma/runtime/react-native.js(14,6015): error TS7006: Parameter 'r' implicitly has an 'any' type.
generated/prisma/runtime/react-native.js(14,6017): error TS7006: Parameter 'n' implicitly has an 'any' type.
generated/prisma/runtime/react-native.js(14,6331): error TS7006: Parameter 'e' implicitly has an 'any' type.
generated/prisma/runtime/react-native.js(14,6333): error TS7006: Parameter 't' implicitly has an 'any' type.
generated/prisma/runtime/react-native.js(14,6335): error TS7006: Parameter 'r' implicitly has an 'any' type.
generated/prisma/runtime/react-native.js(14,6457): error TS7006: Parameter 'e' implicitly has an 'any' type.
generated/prisma/runtime/react-native.js(14,6459): error TS7006: Parameter 't' implicitly has an 'any' type.
generated/prisma/runtime/react-native.js(14,6461): error TS7006: Parameter 'r' implicitly has an 'any' type.
generated/prisma/runtime/react-native.js(14,6858): error TS7006: Parameter 'e' implicitly has an 'any' type.
generated/prisma/runtime/react-native.js(14,6860): error TS7006: Parameter 't' implicitly has an 'any' type.
generated/prisma/runtime/react-native.js(14,6862): error TS7006: Parameter 'r' implicitly has an 'any' type.
generated/prisma/runtime/react-native.js(14,7066): error TS7006: Parameter 'e' implicitly has an 'any' type.
generated/prisma/runtime/react-native.js(14,7068): error TS7006: Parameter 't' implicitly has an 'any' type.
generated/prisma/runtime/react-native.js(14,7268): error TS7053: Element implicitly has an 'any' type because expression of type 'string' can't be used to index type '{}'.
  No index signature with a parameter of type 'string' was found on type '{}'.
generated/prisma/runtime/react-native.js(14,7315): error TS7053: Element implicitly has an 'any' type because expression of type 'string' can't be used to index type '{}'.
  No index signature with a parameter of type 'string' was found on type '{}'.
generated/prisma/runtime/react-native.js(14,7329): error TS7053: Element implicitly has an 'any' type because expression of type 'string' can't be used to index type '{}'.
  No index signature with a parameter of type 'string' was found on type '{}'.
generated/prisma/runtime/react-native.js(14,7346): error TS7053: Element implicitly has an 'any' type because expression of type 'string' can't be used to index type '{}'.
  No index signature with a parameter of type 'string' was found on type '{}'.
generated/prisma/runtime/react-native.js(14,7378): error TS7023: 'Vo' implicitly has return type 'any' because it does not have a return type annotation and is referenced directly or indirectly in one of its return expressions.
generated/prisma/runtime/react-native.js(14,7381): error TS7006: Parameter 'e' implicitly has an 'any' type.
generated/prisma/runtime/react-native.js(14,7383): error TS7006: Parameter 't' implicitly has an 'any' type.
generated/prisma/runtime/react-native.js(14,8087): error TS7005: Variable 'w' implicitly has an 'any' type.
generated/prisma/runtime/react-native.js(14,8231): error TS7053: Element implicitly has an 'any' type because expression of type 'string' can't be used to index type '{ DbNull: Qt; JsonNull: Jt; AnyNull: Gt; }'.
  No index signature with a parameter of type 'string' was found on type '{ DbNull: Qt; JsonNull: Jt; AnyNull: Gt; }'.
generated/prisma/runtime/react-native.js(14,8742): error TS7006: Parameter 'e' implicitly has an 'any' type.
generated/prisma/runtime/react-native.js(14,8744): error TS7006: Parameter 't' implicitly has an 'any' type.
generated/prisma/runtime/react-native.js(14,8861): error TS7053: Element implicitly has an 'any' type because expression of type 'string' can't be used to index type '{}'.
  No index signature with a parameter of type 'string' was found on type '{}'.
generated/prisma/runtime/react-native.js(14,9130): error TS7023: 'Nc' implicitly has return type 'any' because it does not have a return type annotation and is referenced directly or indirectly in one of its return expressions.
generated/prisma/runtime/react-native.js(14,9133): error TS7006: Parameter 'e' implicitly has an 'any' type.
generated/prisma/runtime/react-native.js(14,9135): error TS7006: Parameter 't' implicitly has an 'any' type.
generated/prisma/runtime/react-native.js(14,9600): error TS7006: Parameter 'e' implicitly has an 'any' type.
generated/prisma/runtime/react-native.js(14,9683): error TS7006: Parameter 'e' implicitly has an 'any' type.
generated/prisma/runtime/react-native.js(14,9763): error TS7006: Parameter 'e' implicitly has an 'any' type.
generated/prisma/runtime/react-native.js(14,9765): error TS7006: Parameter 't' implicitly has an 'any' type.
generated/prisma/runtime/react-native.js(14,9963): error TS7006: Parameter 't' implicitly has an 'any' type.
generated/prisma/runtime/react-native.js(14,10173): error TS7006: Parameter 't' implicitly has an 'any' type.
generated/prisma/runtime/react-native.js(14,10736): error TS7006: Parameter 't' implicitly has an 'any' type.
generated/prisma/runtime/react-native.js(14,10940): error TS7006: Parameter 't' implicitly has an 'any' type.
generated/prisma/runtime/react-native.js(14,11119): error TS7006: Parameter 't' implicitly has an 'any' type.
generated/prisma/runtime/react-native.js(14,11159): error TS7006: Parameter 'r' implicitly has an 'any' type.
generated/prisma/runtime/react-native.js(14,11188): error TS7006: Parameter 't' implicitly has an 'any' type.
generated/prisma/runtime/react-native.js(14,11985): error TS7006: Parameter 't' implicitly has an 'any' type.
generated/prisma/runtime/react-native.js(14,12101): error TS7006: Parameter 'e' implicitly has an 'any' type.
generated/prisma/runtime/react-native.js(14,12292): error TS7006: Parameter 't' implicitly has an 'any' type.
generated/prisma/runtime/react-native.js(14,12321): error TS7006: Parameter 't' implicitly has an 'any' type.
generated/prisma/runtime/react-native.js(14,12410): error TS7006: Parameter 't' implicitly has an 'any' type.
generated/prisma/runtime/react-native.js(14,12522): error TS7006: Parameter 'e' implicitly has an 'any' type.
generated/prisma/runtime/react-native.js(14,12524): error TS7006: Parameter 't' implicitly has an 'any' type.
generated/prisma/runtime/react-native.js(14,12609): error TS7006: Parameter 'e' implicitly has an 'any' type.
generated/prisma/runtime/react-native.js(14,12700): error TS7006: Parameter 'e' implicitly has an 'any' type.
generated/prisma/runtime/react-native.js(14,12840): error TS7006: Parameter 't' implicitly has an 'any' type.
generated/prisma/runtime/react-native.js(14,12842): error TS7006: Parameter 'r' implicitly has an 'any' type.
generated/prisma/runtime/react-native.js(14,13005): error TS7006: Parameter 'e' implicitly has an 'any' type.
generated/prisma/runtime/react-native.js(14,13015): error TS7019: Rest parameter 't' implicitly has an 'any[]' type.
generated/prisma/runtime/react-native.js(14,13046): error TS7006: Parameter 'e' implicitly has an 'any' type.
generated/prisma/runtime/react-native.js(14,13194): error TS7006: Parameter 't' implicitly has an 'any' type.
generated/prisma/runtime/react-native.js(14,13196): error TS7006: Parameter 'r' implicitly has an 'any' type.
generated/prisma/runtime/react-native.js(14,13378): error TS7006: Parameter 's' implicitly has an 'any' type.
generated/prisma/runtime/react-native.js(14,13380): error TS7006: Parameter 'a' implicitly has an 'any' type.
generated/prisma/runtime/react-native.js(14,14182): error TS7006: Parameter 'e' implicitly has an 'any' type.
generated/prisma/runtime/react-native.js(14,14396): error TS7006: Parameter 'e' implicitly has an 'any' type.
generated/prisma/runtime/react-native.js(14,14447): error TS7006: Parameter 'e' implicitly has an 'any' type.
generated/prisma/runtime/react-native.js(14,14449): error TS7019: Rest parameter 't' implicitly has an 'any[]' type.
generated/prisma/runtime/react-native.js(14,14526): error TS7006: Parameter 'e' implicitly has an 'any' type.
generated/prisma/runtime/react-native.js(14,14586): error TS7006: Parameter 't' implicitly has an 'any' type.
generated/prisma/runtime/react-native.js(14,14635): error TS7006: Parameter 'e' implicitly has an 'any' type.
generated/prisma/runtime/react-native.js(14,14637): error TS7006: Parameter 't' implicitly has an 'any' type.
generated/prisma/runtime/react-native.js(14,14732): error TS7006: Parameter 'e' implicitly has an 'any' type.
generated/prisma/runtime/react-native.js(14,14802): error TS7006: Parameter 'r' implicitly has an 'any' type.
generated/prisma/runtime/react-native.js(14,14878): error TS7006: Parameter 'r' implicitly has an 'any' type.
generated/prisma/runtime/react-native.js(14,15022): error TS7006: Parameter 'e' implicitly has an 'any' type.
generated/prisma/runtime/react-native.js(14,15122): error TS7006: Parameter 'r' implicitly has an 'any' type.
generated/prisma/runtime/react-native.js(14,15124): error TS7006: Parameter 'n' implicitly has an 'any' type.
generated/prisma/runtime/react-native.js(14,15142): error TS7006: Parameter 'r' implicitly has an 'any' type.
generated/prisma/runtime/react-native.js(14,15144): error TS7006: Parameter 'n' implicitly has an 'any' type.
generated/prisma/runtime/react-native.js(14,15146): error TS7006: Parameter 'i' implicitly has an 'any' type.
generated/prisma/runtime/react-native.js(14,15259): error TS7006: Parameter 'e' implicitly has an 'any' type.
generated/prisma/runtime/react-native.js(14,15261): error TS7006: Parameter 't' implicitly has an 'any' type.
generated/prisma/runtime/react-native.js(14,16068): error TS7006: Parameter 'e' implicitly has an 'any' type.
generated/prisma/runtime/react-native.js(14,16166): error TS7006: Parameter 'e' implicitly has an 'any' type.
generated/prisma/runtime/react-native.js(14,16168): error TS7006: Parameter 't' implicitly has an 'any' type.
generated/prisma/runtime/react-native.js(14,16187): error TS7006: Parameter 'r' implicitly has an 'any' type.
generated/prisma/runtime/react-native.js(14,16246): error TS7006: Parameter 'e' implicitly has an 'any' type.
generated/prisma/runtime/react-native.js(14,16346): error TS7006: Parameter 'e' implicitly has an 'any' type.
generated/prisma/runtime/react-native.js(14,16348): error TS7006: Parameter 't' implicitly has an 'any' type.
generated/prisma/runtime/react-native.js(14,16478): error TS7006: Parameter 'e' implicitly has an 'any' type.
generated/prisma/runtime/react-native.js(14,16619): error TS7031: Binding element 'e' implicitly has an 'any' type.
generated/prisma/runtime/react-native.js(14,16639): error TS7031: Binding element 't' implicitly has an 'any' type.
generated/prisma/runtime/react-native.js(14,16642): error TS7006: Parameter 'r' implicitly has an 'any' type.
generated/prisma/runtime/react-native.js(14,16644): error TS7006: Parameter 'n' implicitly has an 'any' type.
generated/prisma/runtime/react-native.js(14,16842): error TS7006: Parameter 'e' implicitly has an 'any' type.
generated/prisma/runtime/react-native.js(14,16844): error TS7006: Parameter 't' implicitly has an 'any' type.
generated/prisma/runtime/react-native.js(15,250): error TS7006: Parameter 'e' implicitly has an 'any' type.
generated/prisma/runtime/react-native.js(16,29): error TS7006: Parameter 'r' implicitly has an 'any' type.
generated/prisma/runtime/react-native.js(16,31): error TS7006: Parameter 'n' implicitly has an 'any' type.
generated/prisma/runtime/react-native.js(16,299): error TS7006: Parameter 'e' implicitly has an 'any' type.
generated/prisma/runtime/react-native.js(16,419): error TS2345: Argument of type 'string | undefined' is not assignable to parameter of type 'string'.
  Type 'undefined' is not assignable to type 'string'.
generated/prisma/runtime/react-native.js(16,445): error TS2322: Type 'string | undefined' is not assignable to type 'string'.
  Type 'undefined' is not assignable to type 'string'.
generated/prisma/runtime/react-native.js(16,455): error TS2322: Type 'string | undefined' is not assignable to type 'string'.
  Type 'undefined' is not assignable to type 'string'.
generated/prisma/runtime/react-native.js(16,465): error TS2322: Type 'string | undefined' is not assignable to type 'string'.
  Type 'undefined' is not assignable to type 'string'.
generated/prisma/runtime/react-native.js(16,722): error TS7006: Parameter 'e' implicitly has an 'any' type.
generated/prisma/runtime/react-native.js(16,807): error TS2532: Object is possibly 'undefined'.
generated/prisma/runtime/react-native.js(16,1045): error TS7006: Parameter 'e' implicitly has an 'any' type.
generated/prisma/runtime/react-native.js(16,1132): error TS2345: Argument of type 'string | undefined' is not assignable to parameter of type 'string'.
  Type 'undefined' is not assignable to type 'string'.
generated/prisma/runtime/react-native.js(16,1158): error TS2322: Type 'string | undefined' is not assignable to type 'string'.
  Type 'undefined' is not assignable to type 'string'.
generated/prisma/runtime/react-native.js(16,1168): error TS2322: Type 'string | undefined' is not assignable to type 'string'.
  Type 'undefined' is not assignable to type 'string'.
generated/prisma/runtime/react-native.js(16,1178): error TS2322: Type 'null' is not assignable to type 'string'.
generated/prisma/runtime/react-native.js(16,1387): error TS7006: Parameter 'e' implicitly has an 'any' type.
generated/prisma/runtime/react-native.js(16,1472): error TS2532: Object is possibly 'undefined'.
generated/prisma/runtime/react-native.js(16,1621): error TS7006: Parameter 'e' implicitly has an 'any' type.
generated/prisma/runtime/react-native.js(16,1706): error TS2532: Object is possibly 'undefined'.
generated/prisma/runtime/react-native.js(16,1906): error TS7006: Parameter 'i' implicitly has an 'any' type.
generated/prisma/runtime/react-native.js(16,2453): error TS7006: Parameter 'e' implicitly has an 'any' type.
generated/prisma/runtime/react-native.js(16,2484): error TS2304: Cannot find name '$EnabledCallSite'.
generated/prisma/runtime/react-native.js(16,2532): error TS2304: Cannot find name '$EnabledCallSite'.
generated/prisma/runtime/react-native.js(16,2748): error TS7053: Element implicitly has an 'any' type because expression of type 'string' can't be used to index type '{ _avg: boolean; _count: boolean; _sum: boolean; _min: boolean; _max: boolean; }'.
  No index signature with a parameter of type 'string' was found on type '{ _avg: boolean; _count: boolean; _sum: boolean; _min: boolean; _max: boolean; }'.
generated/prisma/runtime/react-native.js(16,2763): error TS7053: Element implicitly has an 'any' type because expression of type 'string' can't be used to index type '{}'.
  No index signature with a parameter of type 'string' was found on type '{}'.
generated/prisma/runtime/react-native.js(16,2786): error TS7053: Element implicitly has an 'any' type because expression of type 'string' can't be used to index type '{ select: {}; }'.
  No index signature with a parameter of type 'string' was found on type '{ select: {}; }'.
generated/prisma/runtime/react-native.js(16,2843): error TS2339: Property '_count' does not exist on type '{}'.
generated/prisma/runtime/react-native.js(16,2882): error TS2339: Property '_count' does not exist on type '{}'.
generated/prisma/runtime/react-native.js(16,2918): error TS7006: Parameter 't' implicitly has an 'any' type.
generated/prisma/runtime/react-native.js(16,2931): error TS2339: Property '_count' does not exist on type '{}'.
generated/prisma/runtime/react-native.js(16,2990): error TS7006: Parameter 'e' implicitly has an 'any' type.
generated/prisma/runtime/react-native.js(16,2992): error TS7006: Parameter 't' implicitly has an 'any' type.
generated/prisma/runtime/react-native.js(16,3108): error TS2339: Property 'select' does not exist on type '{}'.
generated/prisma/runtime/react-native.js(16,3233): error TS2339: Property 'select' does not exist on type '{}'.
generated/prisma/runtime/react-native.js(16,3250): error TS7006: Parameter 't' implicitly has an 'any' type.
generated/prisma/runtime/react-native.js(16,3269): error TS7006: Parameter 't' implicitly has an 'any' type.
generated/prisma/runtime/react-native.js(16,3305): error TS7006: Parameter 'e' implicitly has an 'any' type.
generated/prisma/runtime/react-native.js(16,3307): error TS7006: Parameter 't' implicitly has an 'any' type.
generated/prisma/runtime/react-native.js(16,3438): error TS2339: Property 'by' does not exist on type '{ select: {}; }'.
generated/prisma/runtime/react-native.js(16,3457): error TS2339: Property 'by' does not exist on type '{ select: {}; }'.
generated/prisma/runtime/react-native.js(16,3481): error TS7053: Element implicitly has an 'any' type because expression of type 'string' can't be used to index type '{}'.
  No index signature with a parameter of type 'string' was found on type '{}'.
generated/prisma/runtime/react-native.js(16,3511): error TS2339: Property 'by' does not exist on type '{ select: {}; }'.
generated/prisma/runtime/react-native.js(16,3526): error TS7053: Element implicitly has an 'any' type because expression of type 'any' can't be used to index type '{}'.
generated/prisma/runtime/react-native.js(16,3537): error TS2339: Property 'by' does not exist on type '{ select: {}; }'.
generated/prisma/runtime/react-native.js(16,3579): error TS7006: Parameter 't' implicitly has an 'any' type.
generated/prisma/runtime/react-native.js(16,3593): error TS2339: Property '_count' does not exist on type '{}'.
generated/prisma/runtime/react-native.js(16,3622): error TS7006: Parameter 'r' implicitly has an 'any' type.
generated/prisma/runtime/react-native.js(16,3666): error TS7006: Parameter 'e' implicitly has an 'any' type.
generated/prisma/runtime/react-native.js(16,3668): error TS7006: Parameter 't' implicitly has an 'any' type.
generated/prisma/runtime/react-native.js(16,3744): error TS7006: Parameter 'e' implicitly has an 'any' type.
generated/prisma/runtime/react-native.js(16,3746): error TS7006: Parameter 't' implicitly has an 'any' type.
generated/prisma/runtime/react-native.js(16,3748): error TS7006: Parameter 'r' implicitly has an 'any' type.
generated/prisma/runtime/react-native.js(16,3777): error TS7006: Parameter 'n' implicitly has an 'any' type.
generated/prisma/runtime/react-native.js(16,3810): error TS7006: Parameter 'n' implicitly has an 'any' type.
generated/prisma/runtime/react-native.js(16,3845): error TS7006: Parameter 'n' implicitly has an 'any' type.
generated/prisma/runtime/react-native.js(16,3888): error TS7006: Parameter 'e' implicitly has an 'any' type.
generated/prisma/runtime/react-native.js(16,3890): error TS7006: Parameter 't' implicitly has an 'any' type.
generated/prisma/runtime/react-native.js(16,3915): error TS7006: Parameter 'i' implicitly has an 'any' type.
generated/prisma/runtime/react-native.js(16,4028): error TS7053: Element implicitly has an 'any' type because expression of type 'string' can't be used to index type '{}'.
  No index signature with a parameter of type 'string' was found on type '{}'.
generated/prisma/runtime/react-native.js(16,4161): error TS7006: Parameter 'e' implicitly has an 'any' type.
generated/prisma/runtime/react-native.js(16,4200): error TS7006: Parameter 'e' implicitly has an 'any' type.
generated/prisma/runtime/react-native.js(16,4202): error TS7006: Parameter 't' implicitly has an 'any' type.
generated/prisma/runtime/react-native.js(16,4220): error TS7006: Parameter 'r' implicitly has an 'any' type.
generated/prisma/runtime/react-native.js(16,4222): error TS7006: Parameter 'n' implicitly has an 'any' type.
generated/prisma/runtime/react-native.js(16,4241): error TS7006: Parameter 'e' implicitly has an 'any' type.
generated/prisma/runtime/react-native.js(16,4243): error TS7006: Parameter 't' implicitly has an 'any' type.
generated/prisma/runtime/react-native.js(16,4245): error TS7006: Parameter 'r' implicitly has an 'any' type.
generated/prisma/runtime/react-native.js(16,4268): error TS7006: Parameter 'n' implicitly has an 'any' type.
generated/prisma/runtime/react-native.js(16,4270): error TS7006: Parameter 'i' implicitly has an 'any' type.
generated/prisma/runtime/react-native.js(16,4272): error TS7006: Parameter 'o' implicitly has an 'any' type.
generated/prisma/runtime/react-native.js(16,4274): error TS7006: Parameter 's' implicitly has an 'any' type.
generated/prisma/runtime/react-native.js(16,4338): error TS7006: Parameter 'e' implicitly has an 'any' type.
generated/prisma/runtime/react-native.js(16,4340): error TS7006: Parameter 't' implicitly has an 'any' type.
generated/prisma/runtime/react-native.js(16,4406): error TS7006: Parameter 'e' implicitly has an 'any' type.
generated/prisma/runtime/react-native.js(16,4408): error TS7006: Parameter 't' implicitly has an 'any' type.
generated/prisma/runtime/react-native.js(16,4410): error TS7006: Parameter 'r' implicitly has an 'any' type.
generated/prisma/runtime/react-native.js(16,4463): error TS7006: Parameter 'e' implicitly has an 'any' type.
generated/prisma/runtime/react-native.js(16,4465): error TS7006: Parameter 't' implicitly has an 'any' type.
generated/prisma/runtime/react-native.js(16,4467): error TS7006: Parameter 'r' implicitly has an 'any' type.
generated/prisma/runtime/react-native.js(16,4469): error TS7006: Parameter 'n' implicitly has an 'any' type.
generated/prisma/runtime/react-native.js(16,4471): error TS7006: Parameter 'i' implicitly has an 'any' type.
generated/prisma/runtime/react-native.js(16,4473): error TS7006: Parameter 'o' implicitly has an 'any' type.
generated/prisma/runtime/react-native.js(16,4527): error TS7006: Parameter 'l' implicitly has an 'any' type.
generated/prisma/runtime/react-native.js(16,4529): error TS7006: Parameter 'u' implicitly has an 'any' type.
generated/prisma/runtime/react-native.js(16,4564): error TS7006: Parameter 'l' implicitly has an 'any' type.
generated/prisma/runtime/react-native.js(16,4832): error TS7006: Parameter 'e' implicitly has an 'any' type.
generated/prisma/runtime/react-native.js(16,4834): error TS7006: Parameter 't' implicitly has an 'any' type.
generated/prisma/runtime/react-native.js(16,4888): error TS7006: Parameter 'r' implicitly has an 'any' type.
generated/prisma/runtime/react-native.js(16,4914): error TS7006: Parameter 'r' implicitly has an 'any' type.
generated/prisma/runtime/react-native.js(16,5081): error TS7006: Parameter 'e' implicitly has an 'any' type.
generated/prisma/runtime/react-native.js(16,5083): error TS7006: Parameter 't' implicitly has an 'any' type.
generated/prisma/runtime/react-native.js(16,5259): error TS7006: Parameter 'e' implicitly has an 'any' type.
generated/prisma/runtime/react-native.js(16,5261): error TS7006: Parameter 't' implicitly has an 'any' type.
generated/prisma/runtime/react-native.js(16,5354): error TS7006: Parameter 'i' implicitly has an 'any' type.
generated/prisma/runtime/react-native.js(16,5367): error TS7006: Parameter 'a' implicitly has an 'any' type.
generated/prisma/runtime/react-native.js(16,5370): error TS7006: Parameter 'l' implicitly has an 'any' type.
generated/prisma/runtime/react-native.js(16,5429): error TS7006: Parameter 'g' implicitly has an 'any' type.
generated/prisma/runtime/react-native.js(16,5669): error TS7006: Parameter 'e' implicitly has an 'any' type.
generated/prisma/runtime/react-native.js(16,5706): error TS7006: Parameter 'e' implicitly has an 'any' type.
generated/prisma/runtime/react-native.js(16,5708): error TS7006: Parameter 't' implicitly has an 'any' type.
generated/prisma/runtime/react-native.js(16,5824): error TS7006: Parameter 'e' implicitly has an 'any' type.
generated/prisma/runtime/react-native.js(16,5849): error TS7006: Parameter 't' implicitly has an 'any' type.
generated/prisma/runtime/react-native.js(16,5897): error TS7006: Parameter 'e' implicitly has an 'any' type.
generated/prisma/runtime/react-native.js(16,6053): error TS7006: Parameter 'e' implicitly has an 'any' type.
generated/prisma/runtime/react-native.js(16,6193): error TS7006: Parameter 'n' implicitly has an 'any' type.
generated/prisma/runtime/react-native.js(16,6222): error TS7006: Parameter 'e' implicitly has an 'any' type.
generated/prisma/runtime/react-native.js(16,6359): error TS7006: Parameter 'i' implicitly has an 'any' type.
generated/prisma/runtime/react-native.js(16,6511): error TS7006: Parameter 'i' implicitly has an 'any' type.
generated/prisma/runtime/react-native.js(16,6569): error TS7006: Parameter 'e' implicitly has an 'any' type.
generated/prisma/runtime/react-native.js(16,6605): error TS7006: Parameter 'e' implicitly has an 'any' type.
generated/prisma/runtime/react-native.js(16,6641): error TS2683: 'this' implicitly has type 'any' because it does not have a type annotation.
generated/prisma/runtime/react-native.js(16,6714): error TS2683: 'this' implicitly has type 'any' because it does not have a type annotation.
generated/prisma/runtime/react-native.js(16,6749): error TS2683: 'this' implicitly has type 'any' because it does not have a type annotation.
generated/prisma/runtime/react-native.js(16,6815): error TS2683: 'this' implicitly has type 'any' because it does not have a type annotation.
generated/prisma/runtime/react-native.js(16,6856): error TS2683: 'this' implicitly has type 'any' because it does not have a type annotation.
generated/prisma/runtime/react-native.js(16,6906): error TS2683: 'this' implicitly has type 'any' because it does not have a type annotation.
generated/prisma/runtime/react-native.js(16,7022): error TS7031: Binding element 'e' implicitly has an 'any' type.
generated/prisma/runtime/react-native.js(16,7034): error TS7031: Binding element 't' implicitly has an 'any' type.
generated/prisma/runtime/react-native.js(16,7043): error TS7031: Binding element 'r' implicitly has an 'any' type.
generated/prisma/runtime/react-native.js(16,7050): error TS7031: Binding element 'n' implicitly has an 'any' type.
generated/prisma/runtime/react-native.js(16,7063): error TS7031: Binding element 'i' implicitly has an 'any' type.
generated/prisma/runtime/react-native.js(16,7118): error TS7034: Variable 's' implicitly has type 'any[]' in some locations where its type cannot be determined.
generated/prisma/runtime/react-native.js(16,7208): error TS7006: Parameter 'g' implicitly has an 'any' type.
generated/prisma/runtime/react-native.js(16,7298): error TS7006: Parameter 'g' implicitly has an 'any' type.
generated/prisma/runtime/react-native.js(16,7366): error TS7005: Variable 's' implicitly has an 'any[]' type.
generated/prisma/runtime/react-native.js(16,7433): error TS7006: Parameter 'e' implicitly has an 'any' type.
generated/prisma/runtime/react-native.js(16,7435): error TS7006: Parameter 't' implicitly has an 'any' type.
generated/prisma/runtime/react-native.js(16,7453): error TS7006: Parameter 'r' implicitly has an 'any' type.
generated/prisma/runtime/react-native.js(16,7477): error TS7006: Parameter 'e' implicitly has an 'any' type.
generated/prisma/runtime/react-native.js(16,7479): error TS7006: Parameter 't' implicitly has an 'any' type.
generated/prisma/runtime/react-native.js(16,7562): error TS7031: Binding element 'e' implicitly has an 'any' type.
generated/prisma/runtime/react-native.js(16,7571): error TS7031: Binding element 't' implicitly has an 'any' type.
generated/prisma/runtime/react-native.js(16,7578): error TS7031: Binding element 'r' implicitly has an 'any' type.
generated/prisma/runtime/react-native.js(16,7597): error TS7031: Binding element 'n' implicitly has an 'any' type.
generated/prisma/runtime/react-native.js(16,7609): error TS7031: Binding element 'i' implicitly has an 'any' type.
generated/prisma/runtime/react-native.js(16,7993): error TS7031: Binding element 'e' implicitly has an 'any' type.
generated/prisma/runtime/react-native.js(16,8002): error TS7031: Binding element 't' implicitly has an 'any' type.
generated/prisma/runtime/react-native.js(16,8020): error TS7031: Binding element 'r' implicitly has an 'any' type.
generated/prisma/runtime/react-native.js(16,8039): error TS7031: Binding element 'n' implicitly has an 'any' type.
generated/prisma/runtime/react-native.js(16,8049): error TS7031: Binding element 'i' implicitly has an 'any' type.
generated/prisma/runtime/react-native.js(16,8151): error TS7006: Parameter 'g' implicitly has an 'any' type.
generated/prisma/runtime/react-native.js(16,8344): error TS7031: Binding element 'e' implicitly has an 'any' type.
generated/prisma/runtime/react-native.js(16,8356): error TS7031: Binding element 't' implicitly has an 'any' type.
generated/prisma/runtime/react-native.js(16,8363): error TS7031: Binding element 'r' implicitly has an 'any' type.
generated/prisma/runtime/react-native.js(16,8376): error TS7031: Binding element 'n' implicitly has an 'any' type.
generated/prisma/runtime/react-native.js(16,8395): error TS7031: Binding element 'i' implicitly has an 'any' type.
generated/prisma/runtime/react-native.js(16,8408): error TS7031: Binding element 'o' implicitly has an 'any' type.
generated/prisma/runtime/react-native.js(16,8540): error TS7006: Parameter 'a' implicitly has an 'any' type.
generated/prisma/runtime/react-native.js(16,8542): error TS7006: Parameter 'l' implicitly has an 'any' type.
generated/prisma/runtime/react-native.js(16,8544): error TS7006: Parameter 'u' implicitly has an 'any' type.
generated/prisma/runtime/react-native.js(16,8814): error TS7006: Parameter 'e' implicitly has an 'any' type.
generated/prisma/runtime/react-native.js(16,8979): error TS7053: Element implicitly has an 'any' type because expression of type 'string' can't be used to index type '{}'.
  No index signature with a parameter of type 'string' was found on type '{}'.
generated/prisma/runtime/react-native.js(16,9014): error TS7006: Parameter 'e' implicitly has an 'any' type.
generated/prisma/runtime/react-native.js(16,9063): error TS7006: Parameter 'e' implicitly has an 'any' type.
generated/prisma/runtime/react-native.js(16,9108): error TS7006: Parameter 'e' implicitly has an 'any' type.
generated/prisma/runtime/react-native.js(16,9274): error TS2339: Property 'slice' does not exist on type 'ArrayBufferView<ArrayBufferLike>'.
generated/prisma/runtime/react-native.js(16,9513): error TS7053: Element implicitly has an 'any' type because expression of type 'string' can't be used to index type '{}'.
  No index signature with a parameter of type 'string' was found on type '{}'.
generated/prisma/runtime/react-native.js(16,9570): error TS7006: Parameter 'e' implicitly has an 'any' type.
generated/prisma/runtime/react-native.js(16,9572): error TS7006: Parameter 't' implicitly has an 'any' type.
generated/prisma/runtime/react-native.js(16,9574): error TS7006: Parameter 'r' implicitly has an 'any' type.
generated/prisma/runtime/react-native.js(16,9611): error TS7006: Parameter 'i' implicitly has an 'any' type.
generated/prisma/runtime/react-native.js(16,9898): error TS7006: Parameter 's' implicitly has an 'any' type.
generated/prisma/runtime/react-native.js(16,10014): error TS7006: Parameter 'e' implicitly has an 'any' type.
generated/prisma/runtime/react-native.js(16,10016): error TS7006: Parameter 't' implicitly has an 'any' type.
generated/prisma/runtime/react-native.js(16,10211): error TS7006: Parameter 'e' implicitly has an 'any' type.
generated/prisma/runtime/react-native.js(16,10221): error TS7006: Parameter 't' implicitly has an 'any' type.
generated/prisma/runtime/react-native.js(16,10336): error TS7006: Parameter 'e' implicitly has an 'any' type.
generated/prisma/runtime/react-native.js(16,10338): error TS7006: Parameter 't' implicitly has an 'any' type.
generated/prisma/runtime/react-native.js(16,10340): error TS7006: Parameter 'r' implicitly has an 'any' type.
generated/prisma/runtime/react-native.js(16,10342): error TS7006: Parameter 'n' implicitly has an 'any' type.
generated/prisma/runtime/react-native.js(16,10472): error TS7006: Parameter 's' implicitly has an 'any' type.
generated/prisma/runtime/react-native.js(16,10634): error TS7006: Parameter 's' implicitly has an 'any' type.
generated/prisma/runtime/react-native.js(16,10732): error TS7006: Parameter 'e' implicitly has an 'any' type.
generated/prisma/runtime/react-native.js(16,10767): error TS7006: Parameter 'r' implicitly has an 'any' type.
generated/prisma/runtime/react-native.js(16,10893): error TS7031: Binding element 'e' implicitly has an 'any' type.
generated/prisma/runtime/react-native.js(16,10902): error TS7031: Binding element 't' implicitly has an 'any' type.
generated/prisma/runtime/react-native.js(16,10918): error TS7031: Binding element 'r' implicitly has an 'any' type.
generated/prisma/runtime/react-native.js(16,10930): error TS7031: Binding element 'n' implicitly has an 'any' type.
generated/prisma/runtime/react-native.js(18,32): error TS7053: Element implicitly has an 'any' type because expression of type 'any' can't be used to index type '{ Vercel: string; "Netlify CI": string; }'.
generated/prisma/runtime/react-native.js(18,113): error TS7006: Parameter 'e' implicitly has an 'any' type.
generated/prisma/runtime/react-native.js(18,115): error TS7006: Parameter 't' implicitly has an 'any' type.
generated/prisma/runtime/react-native.js(18,300): error TS7006: Parameter 'e' implicitly has an 'any' type.
generated/prisma/runtime/react-native.js(18,381): error TS7006: Parameter 't' implicitly has an 'any' type.
generated/prisma/runtime/react-native.js(18,431): error TS7006: Parameter 'e' implicitly has an 'any' type.
generated/prisma/runtime/react-native.js(19,8): error TS7006: Parameter 't' implicitly has an 'any' type.
generated/prisma/runtime/react-native.js(20,59): error TS7031: Binding element 'e' implicitly has an 'any' type.
generated/prisma/runtime/react-native.js(20,126): error TS7031: Binding element 'i' implicitly has an 'any' type.
generated/prisma/runtime/react-native.js(20,215): error TS7031: Binding element 'e' implicitly has an 'any' type.
generated/prisma/runtime/react-native.js(20,230): error TS7031: Binding element 't' implicitly has an 'any' type.
generated/prisma/runtime/react-native.js(20,238): error TS7031: Binding element 'r' implicitly has an 'any' type.
generated/prisma/runtime/react-native.js(20,252): error TS7031: Binding element 'n' implicitly has an 'any' type.
generated/prisma/runtime/react-native.js(20,268): error TS7031: Binding element 'i' implicitly has an 'any' type.
generated/prisma/runtime/react-native.js(20,279): error TS7031: Binding element 'o' implicitly has an 'any' type.
generated/prisma/runtime/react-native.js(20,287): error TS7031: Binding element 's' implicitly has an 'any' type.
generated/prisma/runtime/react-native.js(28,23): error TS7005: Variable 'y' implicitly has an 'any' type.
generated/prisma/runtime/react-native.js(64,75): error TS7006: Parameter 'e' implicitly has an 'any' type.
generated/prisma/runtime/react-native.js(64,77): error TS7006: Parameter 't' implicitly has an 'any' type.
generated/prisma/runtime/react-native.js(64,111): error TS7006: Parameter 'e' implicitly has an 'any' type.
generated/prisma/runtime/react-native.js(64,188): error TS7006: Parameter 'e' implicitly has an 'any' type.
generated/prisma/runtime/react-native.js(64,190): error TS7006: Parameter 't' implicitly has an 'any' type.
generated/prisma/runtime/react-native.js(64,230): error TS7053: Element implicitly has an 'any' type because expression of type 'string' can't be used to index type '{}'.
  No index signature with a parameter of type 'string' was found on type '{}'.
generated/prisma/runtime/react-native.js(64,263): error TS7023: 'Pt' implicitly has return type 'any' because it does not have a return type annotation and is referenced directly or indirectly in one of its return expressions.
generated/prisma/runtime/react-native.js(64,266): error TS7006: Parameter 'e' implicitly has an 'any' type.
generated/prisma/runtime/react-native.js(64,429): error TS7031: Binding element 'e' implicitly has an 'any' type.
generated/prisma/runtime/react-native.js(64,437): error TS7031: Binding element 't' implicitly has an 'any' type.
generated/prisma/runtime/react-native.js(64,534): error TS7005: Variable 'w' implicitly has an 'any' type.
generated/prisma/runtime/react-native.js(64,854): error TS7017: Element implicitly has an 'any' type because type 'typeof globalThis' has no index signature.
generated/prisma/runtime/react-native.js(64,915): error TS7017: Element implicitly has an 'any' type because type 'typeof globalThis' has no index signature.
generated/prisma/runtime/react-native.js(64,945): error TS7017: Element implicitly has an 'any' type because type 'typeof globalThis' has no index signature.
generated/prisma/runtime/react-native.js(64,988): error TS7017: Element implicitly has an 'any' type because type 'typeof globalThis' has no index signature.
generated/prisma/runtime/react-native.js(64,1188): error TS2349: This expression is not callable.
  Not all constituents of type 'string | (() => boolean)' are callable.
    Type 'string' has no call signatures.
generated/prisma/runtime/react-native.js(64,1188): error TS2722: Cannot invoke an object which is possibly 'undefined'.
generated/prisma/runtime/react-native.js(64,1558): error TS7053: Element implicitly has an 'any' type because expression of type 'string | (() => boolean)' can't be used to index type '{ node: string; workerd: string; deno: string; netlify: string; "edge-light": string; }'.
  No index signature with a parameter of type 'string' was found on type '{ node: string; workerd: string; deno: string; netlify: string; "edge-light": string; }'.
generated/prisma/runtime/react-native.js(64,1561): error TS2538: Type '() => boolean' cannot be used as an index type.
generated/prisma/runtime/react-native.js(64,1625): error TS2345: Argument of type 'string | (() => boolean)' is not assignable to parameter of type 'string'.
  Type '() => boolean' is not assignable to type 'string'.
generated/prisma/runtime/react-native.js(64,1660): error TS7031: Binding element 'e' implicitly has an 'any' type.
generated/prisma/runtime/react-native.js(64,1682): error TS7031: Binding element 't' implicitly has an 'any' type.
generated/prisma/runtime/react-native.js(64,1688): error TS7031: Binding element 'r' implicitly has an 'any' type.
generated/prisma/runtime/react-native.js(64,1704): error TS7031: Binding element 'n' implicitly has an 'any' type.
generated/prisma/runtime/react-native.js(64,1738): error TS2538: Type 'undefined' cannot be used as an index type.
generated/prisma/runtime/react-native.js(64,1750): error TS2538: Type 'undefined' cannot be used as an index type.
generated/prisma/runtime/react-native.js(64,2102): error TS7006: Parameter 'e' implicitly has an 'any' type.
generated/prisma/runtime/react-native.js(64,2202): error TS7006: Parameter 't' implicitly has an 'any' type.
generated/prisma/runtime/react-native.js(64,2204): error TS7006: Parameter 'r' implicitly has an 'any' type.
generated/prisma/runtime/react-native.js(64,2206): error TS7006: Parameter 'n' implicitly has an 'any' type.
generated/prisma/runtime/react-native.js(64,2227): error TS2304: Cannot find name '__PrismaProxy'.
generated/prisma/runtime/react-native.js(64,2275): error TS7005: Variable 'y' implicitly has an 'any' type.
generated/prisma/runtime/react-native.js(64,2457): error TS7006: Parameter 't' implicitly has an 'any' type.
generated/prisma/runtime/react-native.js(64,2459): error TS7006: Parameter 'r' implicitly has an 'any' type.
generated/prisma/runtime/react-native.js(64,2469): error TS2304: Cannot find name '__PrismaProxy'.
generated/prisma/runtime/react-native.js(64,2531): error TS7006: Parameter 't' implicitly has an 'any' type.
generated/prisma/runtime/react-native.js(64,2533): error TS7006: Parameter 'r' implicitly has an 'any' type.
generated/prisma/runtime/react-native.js(64,2543): error TS2304: Cannot find name '__PrismaProxy'.
generated/prisma/runtime/react-native.js(64,2597): error TS7006: Parameter 't' implicitly has an 'any' type.
generated/prisma/runtime/react-native.js(64,2599): error TS7006: Parameter 'r' implicitly has an 'any' type.
generated/prisma/runtime/react-native.js(64,2601): error TS7006: Parameter 'n' implicitly has an 'any' type.
generated/prisma/runtime/react-native.js(64,2603): error TS7006: Parameter 'i' implicitly has an 'any' type.
generated/prisma/runtime/react-native.js(64,2613): error TS2304: Cannot find name '__PrismaProxy'.
generated/prisma/runtime/react-native.js(64,2753): error TS7006: Parameter 't' implicitly has an 'any' type.
generated/prisma/runtime/react-native.js(64,2808): error TS7006: Parameter 't' implicitly has an 'any' type.
generated/prisma/runtime/react-native.js(64,2810): error TS7006: Parameter 'r' implicitly has an 'any' type.
generated/prisma/runtime/react-native.js(64,2812): error TS7006: Parameter 'n' implicitly has an 'any' type.
generated/prisma/runtime/react-native.js(64,2822): error TS2304: Cannot find name '__PrismaProxy'.
generated/prisma/runtime/react-native.js(64,2902): error TS7006: Parameter 't' implicitly has an 'any' type.
generated/prisma/runtime/react-native.js(64,2904): error TS7006: Parameter 'r' implicitly has an 'any' type.
generated/prisma/runtime/react-native.js(64,2906): error TS7006: Parameter 'n' implicitly has an 'any' type.
generated/prisma/runtime/react-native.js(64,2916): error TS2304: Cannot find name '__PrismaProxy'.
generated/prisma/runtime/react-native.js(64,2999): error TS7006: Parameter 't' implicitly has an 'any' type.
generated/prisma/runtime/react-native.js(64,3001): error TS7006: Parameter 'r' implicitly has an 'any' type.
generated/prisma/runtime/react-native.js(64,3003): error TS7006: Parameter 'n' implicitly has an 'any' type.
generated/prisma/runtime/react-native.js(64,3013): error TS2304: Cannot find name '__PrismaProxy'.
generated/prisma/runtime/react-native.js(64,3080): error TS7006: Parameter 't' implicitly has an 'any' type.
generated/prisma/runtime/react-native.js(64,3150): error TS2304: Cannot find name '__PrismaProxy'.
generated/prisma/runtime/react-native.js(64,3212): error TS7006: Parameter 't' implicitly has an 'any' type.
generated/prisma/runtime/react-native.js(64,3222): error TS2304: Cannot find name '__PrismaProxy'.
generated/prisma/runtime/react-native.js(64,3287): error TS7006: Parameter 'e' implicitly has an 'any' type.
generated/prisma/runtime/react-native.js(64,3294): error TS2304: Cannot find name '__PrismaProxy'.
generated/prisma/runtime/react-native.js(64,3633): error TS7006: Parameter 'e' implicitly has an 'any' type.
generated/prisma/runtime/react-native.js(64,3690): error TS7006: Parameter 'e' implicitly has an 'any' type.
generated/prisma/runtime/react-native.js(64,3889): error TS7008: Member 'engine' implicitly has an 'any' type.
generated/prisma/runtime/react-native.js(64,3896): error TS7022: 'libraryInstantiationPromise' implicitly has type 'any' because it does not have a type annotation and is referenced directly or indirectly in its own initializer.
generated/prisma/runtime/react-native.js(64,3924): error TS7008: Member 'libraryStartingPromise' implicitly has an 'any' type.
generated/prisma/runtime/react-native.js(64,3947): error TS7008: Member 'libraryStoppingPromise' implicitly has an 'any' type.
generated/prisma/runtime/react-native.js(64,3985): error TS7008: Member 'executingQueryPromise' implicitly has an 'any' type.
generated/prisma/runtime/react-native.js(64,4014): error TS7008: Member 'QueryEngineConstructor' implicitly has an 'any' type.
generated/prisma/runtime/react-native.js(64,4051): error TS7008: Member 'library' implicitly has an 'any' type.
generated/prisma/runtime/react-native.js(64,4070): error TS7008: Member 'libQueryEnginePath' implicitly has an 'any' type.
generated/prisma/runtime/react-native.js(64,4089): error TS7008: Member 'binaryTarget' implicitly has an 'any' type.
generated/prisma/runtime/react-native.js(64,4152): error TS7008: Member 'lastQuery' implicitly has an 'any' type.
generated/prisma/runtime/react-native.js(64,4162): error TS7008: Member 'loggerRustPanic' implicitly has an 'any' type.
generated/prisma/runtime/react-native.js(64,4192): error TS7008: Member 'adapterPromise' implicitly has an 'any' type.
generated/prisma/runtime/react-native.js(64,4207): error TS7008: Member 'versionInfo' implicitly has an 'any' type.
generated/prisma/runtime/react-native.js(64,4231): error TS7006: Parameter 't' implicitly has an 'any' type.
generated/prisma/runtime/react-native.js(64,4233): error TS7006: Parameter 'r' implicitly has an 'any' type.
generated/prisma/runtime/react-native.js(64,4567): error TS2538: Type 'undefined' cannot be used as an index type.
generated/prisma/runtime/react-native.js(64,4704): error TS7006: Parameter 't' implicitly has an 'any' type.
generated/prisma/runtime/react-native.js(64,5227): error TS7006: Parameter 't' implicitly has an 'any' type.
generated/prisma/runtime/react-native.js(64,5243): error TS7019: Rest parameter 'r' implicitly has an 'any[]' type.
generated/prisma/runtime/react-native.js(64,5567): error TS7006: Parameter 't' implicitly has an 'any' type.
generated/prisma/runtime/react-native.js(64,5569): error TS7006: Parameter 'r' implicitly has an 'any' type.
generated/prisma/runtime/react-native.js(64,5571): error TS7006: Parameter 'n' implicitly has an 'any' type.
generated/prisma/runtime/react-native.js(64,6064): error TS2345: Argument of type '{ code: any; clientVersion: any; meta: any; }' is not assignable to parameter of type '{ code: any; clientVersion: any; meta: any; batchRequestIdx: any; }'.
  Property 'batchRequestIdx' is missing in type '{ code: any; clientVersion: any; meta: any; }' but required in type '{ code: any; clientVersion: any; meta: any; batchRequestIdx: any; }'.
generated/prisma/runtime/react-native.js(64,6194): error TS2345: Argument of type '{ clientVersion: any; }' is not assignable to parameter of type '{ clientVersion: any; batchRequestIdx: any; }'.
  Property 'batchRequestIdx' is missing in type '{ clientVersion: any; }' but required in type '{ clientVersion: any; batchRequestIdx: any; }'.
generated/prisma/runtime/react-native.js(64,6252): error TS7023: 'instantiateLibrary' implicitly has return type 'any' because it does not have a return type annotation and is referenced directly or indirectly in one of its return expressions.
generated/prisma/runtime/react-native.js(64,6567): error TS7006: Parameter 't' implicitly has an 'any' type.
generated/prisma/runtime/react-native.js(64,6625): error TS2345: Argument of type '{ clientVersion: any; }' is not assignable to parameter of type '{ clientVersion: any; batchRequestIdx: any; }'.
  Property 'batchRequestIdx' is missing in type '{ clientVersion: any; }' but required in type '{ clientVersion: any; batchRequestIdx: any; }'.
generated/prisma/runtime/react-native.js(64,6755): error TS2345: Argument of type '{ clientVersion: any; }' is not assignable to parameter of type '{ clientVersion: any; batchRequestIdx: any; }'.
  Property 'batchRequestIdx' is missing in type '{ clientVersion: any; }' but required in type '{ clientVersion: any; batchRequestIdx: any; }'.
generated/prisma/runtime/react-native.js(64,6996): error TS7005: Variable 'b' implicitly has an 'any' type.
generated/prisma/runtime/react-native.js(64,7246): error TS7005: Variable 'y' implicitly has an 'any' type.
generated/prisma/runtime/react-native.js(64,7478): error TS7006: Parameter 'n' implicitly has an 'any' type.
generated/prisma/runtime/react-native.js(64,7547): error TS18046: 'r' is of type 'unknown'.
generated/prisma/runtime/react-native.js(64,7650): error TS7006: Parameter 't' implicitly has an 'any' type.
generated/prisma/runtime/react-native.js(64,8111): error TS7006: Parameter 't' implicitly has an 'any' type.
generated/prisma/runtime/react-native.js(64,8173): error TS7006: Parameter 't' implicitly has an 'any' type.
generated/prisma/runtime/react-native.js(64,9150): error TS18046: 'r' is of type 'unknown'.
generated/prisma/runtime/react-native.js(64,10371): error TS7006: Parameter 't' implicitly has an 'any' type.
generated/prisma/runtime/react-native.js(64,10423): error TS7006: Parameter 't' implicitly has an 'any' type.
generated/prisma/runtime/react-native.js(64,10438): error TS7031: Binding element 'r' implicitly has an 'any' type.
generated/prisma/runtime/react-native.js(64,10463): error TS7031: Binding element 'n' implicitly has an 'any' type.
generated/prisma/runtime/react-native.js(64,10906): error TS2345: Argument of type '{ clientVersion: any; }' is not assignable to parameter of type '{ clientVersion: any; batchRequestIdx: any; }'.
  Property 'batchRequestIdx' is missing in type '{ clientVersion: any; }' but required in type '{ clientVersion: any; batchRequestIdx: any; }'.
generated/prisma/runtime/react-native.js(64,11053): error TS18046: 's' is of type 'unknown'.
generated/prisma/runtime/react-native.js(64,11080): error TS18046: 's' is of type 'unknown'.
generated/prisma/runtime/react-native.js(64,11133): error TS18046: 's' is of type 'unknown'.
generated/prisma/runtime/react-native.js(64,11200): error TS18046: 's' is of type 'unknown'.
generated/prisma/runtime/react-native.js(65,17): error TS2345: Argument of type '{ clientVersion: any; }' is not assignable to parameter of type '{ clientVersion: any; batchRequestIdx: any; }'.
  Property 'batchRequestIdx' is missing in type '{ clientVersion: any; }' but required in type '{ clientVersion: any; batchRequestIdx: any; }'.
generated/prisma/runtime/react-native.js(65,80): error TS7006: Parameter 't' implicitly has an 'any' type.
generated/prisma/runtime/react-native.js(65,95): error TS7031: Binding element 'r' implicitly has an 'any' type.
generated/prisma/runtime/react-native.js(65,109): error TS7031: Binding element 'n' implicitly has an 'any' type.
generated/prisma/runtime/react-native.js(65,519): error TS2345: Argument of type '{ clientVersion: any; }' is not assignable to parameter of type '{ clientVersion: any; batchRequestIdx: any; }'.
  Property 'batchRequestIdx' is missing in type '{ clientVersion: any; }' but required in type '{ clientVersion: any; batchRequestIdx: any; }'.
generated/prisma/runtime/react-native.js(65,828): error TS7006: Parameter 't' implicitly has an 'any' type.
generated/prisma/runtime/react-native.js(65,830): error TS7006: Parameter 'r' implicitly has an 'any' type.
generated/prisma/runtime/react-native.js(65,1101): error TS7006: Parameter 't' implicitly has an 'any' type.
generated/prisma/runtime/react-native.js(65,1103): error TS7006: Parameter 'r' implicitly has an 'any' type.
generated/prisma/runtime/react-native.js(65,1333): error TS7006: Parameter 't' implicitly has an 'any' type.
generated/prisma/runtime/react-native.js(65,1481): error TS7006: Parameter 'e' implicitly has an 'any' type.
generated/prisma/runtime/react-native.js(65,1555): error TS7006: Parameter 'e' implicitly has an 'any' type.
generated/prisma/runtime/react-native.js(65,1557): error TS7006: Parameter 't' implicitly has an 'any' type.
generated/prisma/runtime/react-native.js(65,1570): error TS2345: Argument of type '{ binaryTarget: any; title: any; version: any; engineVersion: any; database: any; query: any; }' is not assignable to parameter of type '{ version: any; binaryTarget: any; title: any; description: any; engineVersion: any; database: any; query: any; }'.
  Property 'description' is missing in type '{ binaryTarget: any; title: any; version: any; engineVersion: any; database: any; query: any; }' but required in type '{ version: any; binaryTarget: any; title: any; description: any; engineVersion: any; database: any; query: any; }'.
generated/prisma/runtime/react-native.js(65,1764): error TS7031: Binding element 'e' implicitly has an 'any' type.
generated/prisma/runtime/react-native.js(65,1774): error TS7031: Binding element 't' implicitly has an 'any' type.
generated/prisma/runtime/react-native.js(65,1787): error TS7031: Binding element 'r' implicitly has an 'any' type.
generated/prisma/runtime/react-native.js(65,1805): error TS7031: Binding element 'n' implicitly has an 'any' type.
generated/prisma/runtime/react-native.js(65,1813): error TS7034: Variable 'i' implicitly has type 'any[]' in some locations where its type cannot be determined.
generated/prisma/runtime/react-native.js(65,1818): error TS7034: Variable 'o' implicitly has type 'any[]' in some locations where its type cannot be determined.
generated/prisma/runtime/react-native.js(65,1825): error TS7006: Parameter 'S' implicitly has an 'any' type.
generated/prisma/runtime/react-native.js(65,1865): error TS7006: Parameter 'S' implicitly has an 'any' type.
generated/prisma/runtime/react-native.js(66,1045): error TS7006: Parameter 'S' implicitly has an 'any' type.
generated/prisma/runtime/react-native.js(66,1075): error TS7005: Variable 'o' implicitly has an 'any[]' type.
generated/prisma/runtime/react-native.js(66,1107): error TS7005: Variable 'i' implicitly has an 'any[]' type.
generated/prisma/runtime/react-native.js(66,1116): error TS7005: Variable 'o' implicitly has an 'any[]' type.
generated/prisma/runtime/react-native.js(66,1159): error TS7005: Variable 'i' implicitly has an 'any[]' type.
generated/prisma/runtime/react-native.js(66,1203): error TS7006: Parameter 't' implicitly has an 'any' type.
generated/prisma/runtime/react-native.js(66,1319): error TS7005: Variable 'y' implicitly has an 'any' type.
generated/prisma/runtime/react-native.js(66,1525): error TS18048: 'o.errors' is possibly 'undefined'.
generated/prisma/runtime/react-native.js(66,1762): error TS7031: Binding element 'e' implicitly has an 'any' type.
generated/prisma/runtime/react-native.js(66,1823): error TS7006: Parameter 'e' implicitly has an 'any' type.
generated/prisma/runtime/react-native.js(66,1887): error TS7006: Parameter 'e' implicitly has an 'any' type.
generated/prisma/runtime/react-native.js(66,1908): error TS7006: Parameter 't' implicitly has an 'any' type.
generated/prisma/runtime/react-native.js(66,1910): error TS7006: Parameter 'r' implicitly has an 'any' type.
generated/prisma/runtime/react-native.js(66,1912): error TS7006: Parameter 'n' implicitly has an 'any' type.
generated/prisma/runtime/react-native.js(66,1966): error TS7006: Parameter 'e' implicitly has an 'any' type.
generated/prisma/runtime/react-native.js(66,2032): error TS7006: Parameter 'e' implicitly has an 'any' type.
generated/prisma/runtime/react-native.js(66,2034): error TS7006: Parameter 't' implicitly has an 'any' type.
generated/prisma/runtime/react-native.js(66,2065): error TS7006: Parameter 'r' implicitly has an 'any' type.
generated/prisma/runtime/react-native.js(66,2087): error TS7023: 'Js' implicitly has return type 'any' because it does not have a return type annotation and is referenced directly or indirectly in one of its return expressions.
generated/prisma/runtime/react-native.js(66,2090): error TS7006: Parameter 'e' implicitly has an 'any' type.
generated/prisma/runtime/react-native.js(66,2092): error TS7006: Parameter 't' implicitly has an 'any' type.
generated/prisma/runtime/react-native.js(66,2128): error TS7024: Function implicitly has return type 'any' because it does not have a return type annotation and is referenced directly or indirectly in one of its return expressions.
generated/prisma/runtime/react-native.js(66,2359): error TS7005: Variable 'w' implicitly has an 'any' type.
generated/prisma/runtime/react-native.js(66,2495): error TS7005: Variable 'w' implicitly has an 'any' type.
generated/prisma/runtime/react-native.js(66,2642): error TS7005: Variable 'w' implicitly has an 'any' type.
generated/prisma/runtime/react-native.js(66,2741): error TS7006: Parameter 'e' implicitly has an 'any' type.
generated/prisma/runtime/react-native.js(66,2935): error TS7023: 'Gs' implicitly has return type 'any' because it does not have a return type annotation and is referenced directly or indirectly in one of its return expressions.
generated/prisma/runtime/react-native.js(66,2938): error TS7006: Parameter 'e' implicitly has an 'any' type.
generated/prisma/runtime/react-native.js(66,3105): error TS7053: Element implicitly has an 'any' type because expression of type 'string' can't be used to index type '{}'.
  No index signature with a parameter of type 'string' was found on type '{}'.
generated/prisma/runtime/react-native.js(66,3137): error TS7023: 'Qs' implicitly has return type 'any' because it does not have a return type annotation and is referenced directly or indirectly in one of its return expressions.
generated/prisma/runtime/react-native.js(66,3140): error TS7006: Parameter 'e' implicitly has an 'any' type.
generated/prisma/runtime/react-native.js(66,3246): error TS7006: Parameter 'e' implicitly has an 'any' type.
generated/prisma/runtime/react-native.js(66,3248): error TS7006: Parameter 't' implicitly has an 'any' type.
generated/prisma/runtime/react-native.js(66,3250): error TS7006: Parameter 'r' implicitly has an 'any' type.
generated/prisma/runtime/react-native.js(66,3252): error TS7006: Parameter 'n' implicitly has an 'any' type.
generated/prisma/runtime/react-native.js(73,26): error TS7031: Binding element 'e' implicitly has an 'any' type.
generated/prisma/runtime/react-native.js(73,43): error TS7031: Binding element 't' implicitly has an 'any' type.
generated/prisma/runtime/react-native.js(73,48): error TS7006: Parameter 'r' implicitly has an 'any' type.
generated/prisma/runtime/react-native.js(73,729): error TS7006: Parameter 'e' implicitly has an 'any' type.
generated/prisma/runtime/react-native.js(73,791): error TS7006: Parameter 'e' implicitly has an 'any' type.
generated/prisma/runtime/react-native.js(73,861): error TS7006: Parameter 'e' implicitly has an 'any' type.
generated/prisma/runtime/react-native.js(73,903): error TS7006: Parameter 'e' implicitly has an 'any' type.
generated/prisma/runtime/react-native.js(73,952): error TS7006: Parameter 'e' implicitly has an 'any' type.
generated/prisma/runtime/react-native.js(73,971): error TS7006: Parameter 'r' implicitly has an 'any' type.
generated/prisma/runtime/react-native.js(73,973): error TS7006: Parameter 'n' implicitly has an 'any' type.
generated/prisma/runtime/react-native.js(73,1122): error TS7006: Parameter 's' implicitly has an 'any' type.
generated/prisma/runtime/react-native.js(73,1124): error TS7006: Parameter 'a' implicitly has an 'any' type.
generated/prisma/runtime/react-native.js(73,1155): error TS7006: Parameter 's' implicitly has an 'any' type.
generated/prisma/runtime/react-native.js(73,1187): error TS7006: Parameter 's' implicitly has an 'any' type.
generated/prisma/runtime/react-native.js(73,1232): error TS7006: Parameter 's' implicitly has an 'any' type.
generated/prisma/runtime/react-native.js(73,1352): error TS7006: Parameter 'e' implicitly has an 'any' type.
generated/prisma/runtime/react-native.js(73,1577): error TS7006: Parameter 'e' implicitly has an 'any' type.
generated/prisma/runtime/react-native.js(73,1579): error TS7006: Parameter 't' implicitly has an 'any' type.
generated/prisma/runtime/react-native.js(73,1680): error TS7006: Parameter 't' implicitly has an 'any' type.
generated/prisma/runtime/react-native.js(73,1758): error TS7006: Parameter 't' implicitly has an 'any' type.
generated/prisma/runtime/react-native.js(73,1911): error TS7006: Parameter 't' implicitly has an 'any' type.
generated/prisma/runtime/react-native.js(73,1913): error TS7006: Parameter 'r' implicitly has an 'any' type.
generated/prisma/runtime/react-native.js(73,2004): error TS7053: Element implicitly has an 'any' type because expression of type '`V${any}_PRISMA_INSTRUMENTATION`' can't be used to index type 'typeof globalThis'.
generated/prisma/runtime/react-native.js(73,2061): error TS7017: Element implicitly has an 'any' type because type 'typeof globalThis' has no index signature.
generated/prisma/runtime/react-native.js(73,2178): error TS7006: Parameter 'e' implicitly has an 'any' type.
generated/prisma/runtime/react-native.js(73,2194): error TS7034: Variable 'r' implicitly has type 'any' in some locations where its type cannot be determined.
generated/prisma/runtime/react-native.js(73,2230): error TS7006: Parameter 'i' implicitly has an 'any' type.
generated/prisma/runtime/react-native.js(73,2248): error TS7005: Variable 'r' implicitly has an 'any' type.
generated/prisma/runtime/react-native.js(73,2296): error TS7006: Parameter 'e' implicitly has an 'any' type.
generated/prisma/runtime/react-native.js(73,2337): error TS7006: Parameter 't' implicitly has an 'any' type.
generated/prisma/runtime/react-native.js(73,2339): error TS7006: Parameter 'r' implicitly has an 'any' type.
generated/prisma/runtime/react-native.js(73,2498): error TS7006: Parameter 'e' implicitly has an 'any' type.
generated/prisma/runtime/react-native.js(73,2575): error TS7006: Parameter 'e' implicitly has an 'any' type.
generated/prisma/runtime/react-native.js(73,2792): error TS7023: 'ti' implicitly has return type 'any' because it does not have a return type annotation and is referenced directly or indirectly in one of its return expressions.
generated/prisma/runtime/react-native.js(73,2795): error TS7006: Parameter 'e' implicitly has an 'any' type.
generated/prisma/runtime/react-native.js(73,2834): error TS7024: Function implicitly has return type 'any' because it does not have a return type annotation and is referenced directly or indirectly in one of its return expressions.
generated/prisma/runtime/react-native.js(73,3275): error TS7006: Parameter 'e' implicitly has an 'any' type.
generated/prisma/runtime/react-native.js(73,3285): error TS7053: Element implicitly has an 'any' type because expression of type 'any' can't be used to index type '{ aggregate: boolean; aggregateRaw: boolean; createMany: boolean; createManyAndReturn: boolean; createOne: boolean; deleteMany: boolean; deleteOne: boolean; executeRaw: boolean; findFirst: boolean; ... 11 more ...; upsertOne: boolean; }'.
generated/prisma/runtime/react-native.js(73,3336): error TS7006: Parameter 't' implicitly has an 'any' type.
generated/prisma/runtime/react-native.js(73,3400): error TS7006: Parameter 't' implicitly has an 'any' type.
generated/prisma/runtime/react-native.js(73,3443): error TS7053: Element implicitly has an 'any' type because expression of type 'any' can't be used to index type '{}'.
generated/prisma/runtime/react-native.js(73,3461): error TS7053: Element implicitly has an 'any' type because expression of type 'any' can't be used to index type '{}'.
generated/prisma/runtime/react-native.js(73,3517): error TS7005: Variable 'y' implicitly has an 'any' type.
generated/prisma/runtime/react-native.js(73,3599): error TS7053: Element implicitly has an 'any' type because expression of type 'any' can't be used to index type '{}'.
generated/prisma/runtime/react-native.js(73,3735): error TS7053: Element implicitly has an 'any' type because expression of type 'string' can't be used to index type '{}'.
  No index signature with a parameter of type 'string' was found on type '{}'.
generated/prisma/runtime/react-native.js(73,3758): error TS7053: Element implicitly has an 'any' type because expression of type 'string' can't be used to index type '{}'.
  No index signature with a parameter of type 'string' was found on type '{}'.
generated/prisma/runtime/react-native.js(73,3832): error TS7006: Parameter 'n' implicitly has an 'any' type.
generated/prisma/runtime/react-native.js(73,3894): error TS7006: Parameter 'n' implicitly has an 'any' type.
generated/prisma/runtime/react-native.js(73,3924): error TS7006: Parameter 'n' implicitly has an 'any' type.
generated/prisma/runtime/react-native.js(73,3926): error TS7006: Parameter 'i' implicitly has an 'any' type.
generated/prisma/runtime/react-native.js(73,4007): error TS7006: Parameter 'n' implicitly has an 'any' type.
generated/prisma/runtime/react-native.js(73,4027): error TS7006: Parameter 'n' implicitly has an 'any' type.
generated/prisma/runtime/react-native.js(73,4198): error TS7006: Parameter 'n' implicitly has an 'any' type.
generated/prisma/runtime/react-native.js(73,4327): error TS7006: Parameter 'e' implicitly has an 'any' type.
generated/prisma/runtime/react-native.js(73,4329): error TS7006: Parameter 't' implicitly has an 'any' type.
generated/prisma/runtime/react-native.js(73,4446): error TS7005: Variable 'w' implicitly has an 'any' type.
generated/prisma/runtime/react-native.js(73,4656): error TS7006: Parameter 'r' implicitly has an 'any' type.
generated/prisma/runtime/react-native.js(73,4706): error TS7006: Parameter 'r' implicitly has an 'any' type.
generated/prisma/runtime/react-native.js(73,4757): error TS7006: Parameter 'r' implicitly has an 'any' type.
generated/prisma/runtime/react-native.js(73,4811): error TS7006: Parameter 'r' implicitly has an 'any' type.
generated/prisma/runtime/react-native.js(73,4862): error TS7006: Parameter 'r' implicitly has an 'any' type.
generated/prisma/runtime/react-native.js(73,4909): error TS7006: Parameter 'r' implicitly has an 'any' type.
generated/prisma/runtime/react-native.js(73,4956): error TS7006: Parameter 'e' implicitly has an 'any' type.
generated/prisma/runtime/react-native.js(73,5061): error TS7053: Element implicitly has an 'any' type because expression of type 'any' can't be used to index type '{}'.
generated/prisma/runtime/react-native.js(73,5128): error TS7006: Parameter 'e' implicitly has an 'any' type.
generated/prisma/runtime/react-native.js(73,5175): error TS7053: Element implicitly has an 'any' type because expression of type 'any' can't be used to index type '{}'.
generated/prisma/runtime/react-native.js(73,5297): error TS7006: Parameter 't' implicitly has an 'any' type.
generated/prisma/runtime/react-native.js(73,5299): error TS7006: Parameter 'r' implicitly has an 'any' type.
generated/prisma/runtime/react-native.js(73,5389): error TS7031: Binding element 'n' implicitly has an 'any' type.
generated/prisma/runtime/react-native.js(73,5412): error TS7031: Binding element 'i' implicitly has an 'any' type.
generated/prisma/runtime/react-native.js(73,5466): error TS7006: Parameter 'h' implicitly has an 'any' type.
generated/prisma/runtime/react-native.js(73,5542): error TS7006: Parameter 'h' implicitly has an 'any' type.
generated/prisma/runtime/react-native.js(73,5701): error TS7006: Parameter 'h' implicitly has an 'any' type.
generated/prisma/runtime/react-native.js(73,5703): error TS7006: Parameter 'T' implicitly has an 'any' type.
generated/prisma/runtime/react-native.js(73,5826): error TS7006: Parameter 'n' implicitly has an 'any' type.
generated/prisma/runtime/react-native.js(73,6151): error TS7006: Parameter 'n' implicitly has an 'any' type.
generated/prisma/runtime/react-native.js(73,6237): error TS7006: Parameter 'n' implicitly has an 'any' type.
generated/prisma/runtime/react-native.js(73,6239): error TS7006: Parameter 'i' implicitly has an 'any' type.
generated/prisma/runtime/react-native.js(73,6369): error TS7006: Parameter 't' implicitly has an 'any' type.
generated/prisma/runtime/react-native.js(73,6647): error TS7031: Binding element 't' implicitly has an 'any' type.
generated/prisma/runtime/react-native.js(73,6658): error TS7031: Binding element 'r' implicitly has an 'any' type.
generated/prisma/runtime/react-native.js(73,6661): error TS7006: Parameter 'n' implicitly has an 'any' type.
generated/prisma/runtime/react-native.js(73,6706): error TS7005: Variable 'y' implicitly has an 'any' type.
generated/prisma/runtime/react-native.js(73,6771): error TS7006: Parameter 't' implicitly has an 'any' type.
generated/prisma/runtime/react-native.js(73,6875): error TS18046: 'r' is of type 'unknown'.
generated/prisma/runtime/react-native.js(73,6957): error TS7031: Binding element 't' implicitly has an 'any' type.
generated/prisma/runtime/react-native.js(73,6972): error TS7031: Binding element 'r' implicitly has an 'any' type.
generated/prisma/runtime/react-native.js(73,6983): error TS7031: Binding element 'n' implicitly has an 'any' type.
generated/prisma/runtime/react-native.js(73,6997): error TS7031: Binding element 'i' implicitly has an 'any' type.
generated/prisma/runtime/react-native.js(73,7004): error TS7031: Binding element 'o' implicitly has an 'any' type.
generated/prisma/runtime/react-native.js(73,7016): error TS7031: Binding element 's' implicitly has an 'any' type.
generated/prisma/runtime/react-native.js(73,7029): error TS7031: Binding element 'a' implicitly has an 'any' type.
generated/prisma/runtime/react-native.js(73,7925): error TS7006: Parameter 't' implicitly has an 'any' type.
generated/prisma/runtime/react-native.js(73,8012): error TS7006: Parameter 't' implicitly has an 'any' type.
generated/prisma/runtime/react-native.js(73,8014): error TS7006: Parameter 'r' implicitly has an 'any' type.
generated/prisma/runtime/react-native.js(73,8016): error TS7006: Parameter 'n' implicitly has an 'any' type.
generated/prisma/runtime/react-native.js(73,8116): error TS7006: Parameter 'u' implicitly has an 'any' type.
generated/prisma/runtime/react-native.js(73,8266): error TS7006: Parameter 'e' implicitly has an 'any' type.
generated/prisma/runtime/react-native.js(73,8455): error TS7006: Parameter 'e' implicitly has an 'any' type.
generated/prisma/runtime/react-native.js(73,8504): error TS7006: Parameter 'e' implicitly has an 'any' type.
generated/prisma/runtime/react-native.js(73,8506): error TS7006: Parameter 't' implicitly has an 'any' type.
generated/prisma/runtime/react-native.js(73,8582): error TS7006: Parameter 'e' implicitly has an 'any' type.
generated/prisma/runtime/react-native.js(73,8639): error TS7006: Parameter 'e' implicitly has an 'any' type.
generated/prisma/runtime/react-native.js(73,8931): error TS7006: Parameter 't' implicitly has an 'any' type.
generated/prisma/runtime/react-native.js(74,424): error TS7006: Parameter 'e' implicitly has an 'any' type.
generated/prisma/runtime/react-native.js(74,443): error TS7031: Binding element 't' implicitly has an 'any' type.
generated/prisma/runtime/react-native.js(77,71): error TS7006: Parameter 'e' implicitly has an 'any' type.
generated/prisma/runtime/react-native.js(77,73): error TS7006: Parameter 't' implicitly has an 'any' type.
generated/prisma/runtime/react-native.js(77,519): error TS7006: Parameter 'e' implicitly has an 'any' type.
generated/prisma/runtime/react-native.js(78,46): error TS7006: Parameter 'e' implicitly has an 'any' type.
generated/prisma/runtime/react-native.js(78,308): error TS7006: Parameter 'e' implicitly has an 'any' type.
generated/prisma/runtime/react-native.js(78,455): error TS7006: Parameter 'r' implicitly has an 'any' type.
generated/prisma/runtime/react-native.js(78,637): error TS7006: Parameter 'i' implicitly has an 'any' type.
generated/prisma/runtime/react-native.js(78,878): error TS7053: Element implicitly has an 'any' type because expression of type 'string' can't be used to index type '{ level: (r: any) => void; emit: (i: any) => void; }'.
  No index signature with a parameter of type 'string' was found on type '{ level: (r: any) => void; emit: (i: any) => void; }'.
generated/prisma/runtime/react-native.js(78,883): error TS7053: Element implicitly has an 'any' type because expression of type 'string' can't be used to index type '{ level: (r: any) => void; emit: (i: any) => void; }'.
  No index signature with a parameter of type 'string' was found on type '{ level: (r: any) => void; emit: (i: any) => void; }'.
generated/prisma/runtime/react-native.js(78,1001): error TS7006: Parameter 'e' implicitly has an 'any' type.
generated/prisma/runtime/react-native.js(78,1377): error TS7006: Parameter 'e' implicitly has an 'any' type.
generated/prisma/runtime/react-native.js(78,1379): error TS7006: Parameter 't' implicitly has an 'any' type.
generated/prisma/runtime/react-native.js(78,1708): error TS7006: Parameter 'u' implicitly has an 'any' type.
generated/prisma/runtime/react-native.js(78,2002): error TS7006: Parameter 'e' implicitly has an 'any' type.
generated/prisma/runtime/react-native.js(78,2369): error TS7006: Parameter 'e' implicitly has an 'any' type.
generated/prisma/runtime/react-native.js(78,2371): error TS7006: Parameter 't' implicitly has an 'any' type.
generated/prisma/runtime/react-native.js(78,2522): error TS7053: Element implicitly has an 'any' type because expression of type 'string' can't be used to index type '{ datasources: (e: any, { datasourceNames: t }: { datasourceNames: any; }) => void; adapter: (e: any, t: any) => void; datasourceUrl: (e: any) => void; errorFormat: (e: any) => void; log: (e: any) => void; transactionOptions: (e: any) => void; omit: (e: any, t: any) => void; __internal: (e: any) => void; }'.
  No index signature with a parameter of type 'string' was found on type '{ datasources: (e: any, { datasourceNames: t }: { datasourceNames: any; }) => void; adapter: (e: any, t: any) => void; datasourceUrl: (e: any) => void; errorFormat: (e: any) => void; log: (e: any) => void; transactionOptions: (e: any) => void; omit: (e: any, t: any) => void; __internal: (e: any) => void; }'.
generated/prisma/runtime/react-native.js(78,2683): error TS7006: Parameter 'e' implicitly has an 'any' type.
generated/prisma/runtime/react-native.js(78,2685): error TS7006: Parameter 't' implicitly has an 'any' type.
generated/prisma/runtime/react-native.js(78,2795): error TS7006: Parameter 'e' implicitly has an 'any' type.
generated/prisma/runtime/react-native.js(78,2797): error TS7006: Parameter 't' implicitly has an 'any' type.
generated/prisma/runtime/react-native.js(78,2840): error TS7006: Parameter 'i' implicitly has an 'any' type.
generated/prisma/runtime/react-native.js(78,2893): error TS7006: Parameter 'i' implicitly has an 'any' type.
generated/prisma/runtime/react-native.js(78,2895): error TS7006: Parameter 'o' implicitly has an 'any' type.
generated/prisma/runtime/react-native.js(78,2983): error TS7006: Parameter 'e' implicitly has an 'any' type.
generated/prisma/runtime/react-native.js(78,2985): error TS7006: Parameter 't' implicitly has an 'any' type.
generated/prisma/runtime/react-native.js(78,3037): error TS7006: Parameter 'e' implicitly has an 'any' type.
generated/prisma/runtime/react-native.js(78,3039): error TS7006: Parameter 't' implicitly has an 'any' type.
generated/prisma/runtime/react-native.js(78,3111): error TS7006: Parameter 'e' implicitly has an 'any' type.
generated/prisma/runtime/react-native.js(78,3113): error TS7006: Parameter 't' implicitly has an 'any' type.
generated/prisma/runtime/react-native.js(82,39): error TS7006: Parameter 'e' implicitly has an 'any' type.
generated/prisma/runtime/react-native.js(82,128): error TS7034: Variable 'i' implicitly has type 'any' in some locations where its type cannot be determined.
generated/prisma/runtime/react-native.js(82,179): error TS7005: Variable 'i' implicitly has an 'any' type.
generated/prisma/runtime/react-native.js(82,196): error TS7006: Parameter 'u' implicitly has an 'any' type.
generated/prisma/runtime/react-native.js(82,253): error TS7006: Parameter 'g' implicitly has an 'any' type.
generated/prisma/runtime/react-native.js(82,269): error TS7006: Parameter 'g' implicitly has an 'any' type.
generated/prisma/runtime/react-native.js(82,324): error TS7005: Variable 'i' implicitly has an 'any' type.
generated/prisma/runtime/react-native.js(82,409): error TS7017: Element implicitly has an 'any' type because type 'typeof globalThis' has no index signature.
generated/prisma/runtime/react-native.js(82,461): error TS7006: Parameter 'e' implicitly has an 'any' type.
generated/prisma/runtime/react-native.js(82,494): error TS7006: Parameter 'e' implicitly has an 'any' type.
generated/prisma/runtime/react-native.js(82,594): error TS7006: Parameter 'e' implicitly has an 'any' type.
generated/prisma/runtime/react-native.js(82,660): error TS7008: Member '_connectionPromise' implicitly has an 'any' type.
generated/prisma/runtime/react-native.js(82,679): error TS7008: Member '_disconnectionPromise' implicitly has an 'any' type.
generated/prisma/runtime/react-native.js(82,900): error TS7006: Parameter 'n' implicitly has an 'any' type.
generated/prisma/runtime/react-native.js(82,970): error TS7005: Variable 'jr' implicitly has an 'any' type.
generated/prisma/runtime/react-native.js(82,1249): error TS7005: Variable 'Re' implicitly has an 'any' type.
generated/prisma/runtime/react-native.js(82,1350): error TS7005: Variable 'Re' implicitly has an 'any' type.
generated/prisma/runtime/react-native.js(82,2067): error TS2339: Property 'enable' does not exist on type '(e: any) => (...n: any[]) => void'.
generated/prisma/runtime/react-native.js(82,2097): error TS7005: Variable 'Re' implicitly has an 'any' type.
generated/prisma/runtime/react-native.js(82,2134): error TS7005: Variable 'sr' implicitly has an 'any' type.
generated/prisma/runtime/react-native.js(82,2304): error TS7005: Variable 'y' implicitly has an 'any' type.
generated/prisma/runtime/react-native.js(82,2362): error TS7005: Variable 'y' implicitly has an 'any' type.
generated/prisma/runtime/react-native.js(82,2796): error TS7006: Parameter 'O' implicitly has an 'any' type.
generated/prisma/runtime/react-native.js(82,3997): error TS7006: Parameter 'S' implicitly has an 'any' type.
generated/prisma/runtime/react-native.js(82,4004): error TS2339: Property 'log' does not exist on type '{}'.
generated/prisma/runtime/react-native.js(82,4014): error TS2339: Property 'tags' does not exist on type '{}'.
generated/prisma/runtime/react-native.js(82,4066): error TS18046: 'l' is of type 'unknown'.
generated/prisma/runtime/react-native.js(82,4191): error TS7006: Parameter 'n' implicitly has an 'any' type.
generated/prisma/runtime/react-native.js(82,4193): error TS7006: Parameter 'i' implicitly has an 'any' type.
generated/prisma/runtime/react-native.js(82,4246): error TS2554: Expected 0 arguments, but got 1.
generated/prisma/runtime/react-native.js(82,4353): error TS18046: 'n' is of type 'unknown'.
generated/prisma/runtime/react-native.js(82,4457): error TS18046: 'n' is of type 'unknown'.
generated/prisma/runtime/react-native.js(82,4529): error TS7006: Parameter 'n' implicitly has an 'any' type.
generated/prisma/runtime/react-native.js(82,4531): error TS7006: Parameter 'i' implicitly has an 'any' type.
generated/prisma/runtime/react-native.js(82,4533): error TS7006: Parameter 'o' implicitly has an 'any' type.
generated/prisma/runtime/react-native.js(82,4535): error TS7006: Parameter 's' implicitly has an 'any' type.
generated/prisma/runtime/react-native.js(82,4772): error TS7006: Parameter 'n' implicitly has an 'any' type.
generated/prisma/runtime/react-native.js(82,4774): error TS7019: Rest parameter 'i' implicitly has an 'any[]' type.
generated/prisma/runtime/react-native.js(82,4813): error TS7006: Parameter 'o' implicitly has an 'any' type.
generated/prisma/runtime/react-native.js(82,5415): error TS7006: Parameter 'n' implicitly has an 'any' type.
generated/prisma/runtime/react-native.js(82,5417): error TS7019: Rest parameter 'i' implicitly has an 'any[]' type.
generated/prisma/runtime/react-native.js(82,5456): error TS7006: Parameter 'o' implicitly has an 'any' type.
generated/prisma/runtime/react-native.js(82,5610): error TS7006: Parameter 'n' implicitly has an 'any' type.
generated/prisma/runtime/react-native.js(82,5822): error TS7006: Parameter 'i' implicitly has an 'any' type.
generated/prisma/runtime/react-native.js(82,5998): error TS7006: Parameter 'n' implicitly has an 'any' type.
generated/prisma/runtime/react-native.js(82,6000): error TS7006: Parameter 'i' implicitly has an 'any' type.
generated/prisma/runtime/react-native.js(82,6002): error TS7006: Parameter 'o' implicitly has an 'any' type.
generated/prisma/runtime/react-native.js(82,6004): error TS7006: Parameter 's' implicitly has an 'any' type.
generated/prisma/runtime/react-native.js(82,6237): error TS7006: Parameter 'n' implicitly has an 'any' type.
generated/prisma/runtime/react-native.js(82,6239): error TS7019: Rest parameter 'i' implicitly has an 'any[]' type.
generated/prisma/runtime/react-native.js(82,6278): error TS7006: Parameter 'o' implicitly has an 'any' type.
generated/prisma/runtime/react-native.js(82,6738): error TS7006: Parameter 'n' implicitly has an 'any' type.
generated/prisma/runtime/react-native.js(82,6774): error TS7006: Parameter 'i' implicitly has an 'any' type.
generated/prisma/runtime/react-native.js(82,7018): error TS7006: Parameter 'n' implicitly has an 'any' type.
generated/prisma/runtime/react-native.js(82,7020): error TS7019: Rest parameter 'i' implicitly has an 'any[]' type.
generated/prisma/runtime/react-native.js(82,7059): error TS7006: Parameter 'o' implicitly has an 'any' type.
generated/prisma/runtime/react-native.js(82,7148): error TS7031: Binding element 'n' implicitly has an 'any' type.
generated/prisma/runtime/react-native.js(82,7158): error TS7031: Binding element 'i' implicitly has an 'any' type.
generated/prisma/runtime/react-native.js(82,7204): error TS7006: Parameter 'l' implicitly has an 'any' type.
generated/prisma/runtime/react-native.js(82,7206): error TS7006: Parameter 'u' implicitly has an 'any' type.
generated/prisma/runtime/react-native.js(82,7679): error TS7031: Binding element 'n' implicitly has an 'any' type.
generated/prisma/runtime/react-native.js(82,7689): error TS7031: Binding element 'i' implicitly has an 'any' type.
generated/prisma/runtime/react-native.js(82,8234): error TS7006: Parameter 'n' implicitly has an 'any' type.
generated/prisma/runtime/react-native.js(82,8407): error TS7006: Parameter 'n' implicitly has an 'any' type.
generated/prisma/runtime/react-native.js(82,8409): error TS7006: Parameter 'i' implicitly has an 'any' type.
generated/prisma/runtime/react-native.js(82,8970): error TS7006: Parameter 'n' implicitly has an 'any' type.
generated/prisma/runtime/react-native.js(82,9322): error TS7006: Parameter 'l' implicitly has an 'any' type.
generated/prisma/runtime/react-native.js(82,9750): error TS7031: Binding element 'n' implicitly has an 'any' type.
generated/prisma/runtime/react-native.js(82,9765): error TS7031: Binding element 'i' implicitly has an 'any' type.
generated/prisma/runtime/react-native.js(82,9776): error TS7031: Binding element 'o' implicitly has an 'any' type.
generated/prisma/runtime/react-native.js(82,9787): error TS7031: Binding element 's' implicitly has an 'any' type.
generated/prisma/runtime/react-native.js(82,9796): error TS7031: Binding element 'a' implicitly has an 'any' type.
generated/prisma/runtime/react-native.js(82,9804): error TS7031: Binding element 'l' implicitly has an 'any' type.
generated/prisma/runtime/react-native.js(82,9817): error TS7031: Binding element 'u' implicitly has an 'any' type.
generated/prisma/runtime/react-native.js(82,9831): error TS7031: Binding element 'g' implicitly has an 'any' type.
generated/prisma/runtime/react-native.js(82,9842): error TS7031: Binding element 'h' implicitly has an 'any' type.
generated/prisma/runtime/react-native.js(82,9858): error TS7031: Binding element 'T' implicitly has an 'any' type.
generated/prisma/runtime/react-native.js(82,9881): error TS7031: Binding element 'O' implicitly has an 'any' type.
generated/prisma/runtime/react-native.js(82,10236): error TS2339: Property 'enabled' does not exist on type '(e: any) => (...n: any[]) => void'.
generated/prisma/runtime/react-native.js(83,337): error TS18046: 'C' is of type 'unknown'.
generated/prisma/runtime/react-native.js(83,414): error TS7006: Parameter 'n' implicitly has an 'any' type.
generated/prisma/runtime/react-native.js(83,577): error TS7006: Parameter 'e' implicitly has an 'any' type.
generated/prisma/runtime/react-native.js(83,579): error TS7006: Parameter 't' implicitly has an 'any' type.
generated/prisma/runtime/react-native.js(83,631): error TS7006: Parameter 'e' implicitly has an 'any' type.
generated/prisma/runtime/react-native.js(83,675): error TS2339: Property 'raw' does not exist on type 'any[]'.
generated/prisma/runtime/react-native.js(83,848): error TS7006: Parameter 'e' implicitly has an 'any' type.
generated/prisma/runtime/react-native.js(83,1015): error TS2303: Circular definition of import alias 'DMMF'.
generated/prisma/runtime/react-native.js(83,1015): error TS18004: No value exists in scope for the shorthand property 'DMMF'. Either declare one or provide an initializer.
generated/prisma/runtime/react-native.js(83,1020): error TS2303: Circular definition of import alias 'Debug'.
generated/prisma/runtime/react-native.js(83,1020): error TS18004: No value exists in scope for the shorthand property 'Debug'. Either declare one or provide an initializer.
generated/prisma/runtime/react-native.js(83,1026): error TS2303: Circular definition of import alias 'Decimal'.
generated/prisma/runtime/react-native.js(83,1026): error TS18004: No value exists in scope for the shorthand property 'Decimal'. Either declare one or provide an initializer.
generated/prisma/runtime/react-native.js(83,1034): error TS2303: Circular definition of import alias 'Extensions'.
generated/prisma/runtime/react-native.js(83,1034): error TS18004: No value exists in scope for the shorthand property 'Extensions'. Either declare one or provide an initializer.
generated/prisma/runtime/react-native.js(83,1045): error TS2303: Circular definition of import alias 'MetricsClient'.
generated/prisma/runtime/react-native.js(83,1045): error TS18004: No value exists in scope for the shorthand property 'MetricsClient'. Either declare one or provide an initializer.
generated/prisma/runtime/react-native.js(83,1059): error TS2303: Circular definition of import alias 'PrismaClientInitializationError'.
generated/prisma/runtime/react-native.js(83,1059): error TS18004: No value exists in scope for the shorthand property 'PrismaClientInitializationError'. Either declare one or provide an initializer.
generated/prisma/runtime/react-native.js(83,1091): error TS2303: Circular definition of import alias 'PrismaClientKnownRequestError'.
generated/prisma/runtime/react-native.js(83,1091): error TS18004: No value exists in scope for the shorthand property 'PrismaClientKnownRequestError'. Either declare one or provide an initializer.
generated/prisma/runtime/react-native.js(83,1121): error TS2303: Circular definition of import alias 'PrismaClientRustPanicError'.
generated/prisma/runtime/react-native.js(83,1121): error TS18004: No value exists in scope for the shorthand property 'PrismaClientRustPanicError'. Either declare one or provide an initializer.
generated/prisma/runtime/react-native.js(83,1148): error TS2303: Circular definition of import alias 'PrismaClientUnknownRequestError'.
generated/prisma/runtime/react-native.js(83,1148): error TS18004: No value exists in scope for the shorthand property 'PrismaClientUnknownRequestError'. Either declare one or provide an initializer.
generated/prisma/runtime/react-native.js(83,1180): error TS2303: Circular definition of import alias 'PrismaClientValidationError'.
generated/prisma/runtime/react-native.js(83,1180): error TS18004: No value exists in scope for the shorthand property 'PrismaClientValidationError'. Either declare one or provide an initializer.
generated/prisma/runtime/react-native.js(83,1208): error TS2303: Circular definition of import alias 'Public'.
generated/prisma/runtime/react-native.js(83,1208): error TS18004: No value exists in scope for the shorthand property 'Public'. Either declare one or provide an initializer.
generated/prisma/runtime/react-native.js(83,1215): error TS2303: Circular definition of import alias 'Sql'.
generated/prisma/runtime/react-native.js(83,1215): error TS18004: No value exists in scope for the shorthand property 'Sql'. Either declare one or provide an initializer.
generated/prisma/runtime/react-native.js(83,1219): error TS2303: Circular definition of import alias 'createParam'.
generated/prisma/runtime/react-native.js(83,1219): error TS18004: No value exists in scope for the shorthand property 'createParam'. Either declare one or provide an initializer.
generated/prisma/runtime/react-native.js(83,1231): error TS2303: Circular definition of import alias 'defineDmmfProperty'.
generated/prisma/runtime/react-native.js(83,1231): error TS18004: No value exists in scope for the shorthand property 'defineDmmfProperty'. Either declare one or provide an initializer.
generated/prisma/runtime/react-native.js(83,1250): error TS2303: Circular definition of import alias 'deserializeJsonResponse'.
generated/prisma/runtime/react-native.js(83,1250): error TS18004: No value exists in scope for the shorthand property 'deserializeJsonResponse'. Either declare one or provide an initializer.
generated/prisma/runtime/react-native.js(83,1274): error TS2303: Circular definition of import alias 'deserializeRawResult'.
generated/prisma/runtime/react-native.js(83,1274): error TS18004: No value exists in scope for the shorthand property 'deserializeRawResult'. Either declare one or provide an initializer.
generated/prisma/runtime/react-native.js(83,1295): error TS2303: Circular definition of import alias 'dmmfToRuntimeDataModel'.
generated/prisma/runtime/react-native.js(83,1295): error TS18004: No value exists in scope for the shorthand property 'dmmfToRuntimeDataModel'. Either declare one or provide an initializer.
generated/prisma/runtime/react-native.js(83,1318): error TS2303: Circular definition of import alias 'empty'.
generated/prisma/runtime/react-native.js(83,1318): error TS18004: No value exists in scope for the shorthand property 'empty'. Either declare one or provide an initializer.
generated/prisma/runtime/react-native.js(83,1324): error TS2303: Circular definition of import alias 'getPrismaClient'.
generated/prisma/runtime/react-native.js(83,1324): error TS18004: No value exists in scope for the shorthand property 'getPrismaClient'. Either declare one or provide an initializer.
generated/prisma/runtime/react-native.js(83,1340): error TS2303: Circular definition of import alias 'getRuntime'.
generated/prisma/runtime/react-native.js(83,1340): error TS18004: No value exists in scope for the shorthand property 'getRuntime'. Either declare one or provide an initializer.
generated/prisma/runtime/react-native.js(83,1351): error TS2303: Circular definition of import alias 'join'.
generated/prisma/runtime/react-native.js(83,1351): error TS18004: No value exists in scope for the shorthand property 'join'. Either declare one or provide an initializer.
generated/prisma/runtime/react-native.js(83,1356): error TS2303: Circular definition of import alias 'makeStrictEnum'.
generated/prisma/runtime/react-native.js(83,1356): error TS18004: No value exists in scope for the shorthand property 'makeStrictEnum'. Either declare one or provide an initializer.
generated/prisma/runtime/react-native.js(83,1371): error TS2303: Circular definition of import alias 'makeTypedQueryFactory'.
generated/prisma/runtime/react-native.js(83,1371): error TS18004: No value exists in scope for the shorthand property 'makeTypedQueryFactory'. Either declare one or provide an initializer.
generated/prisma/runtime/react-native.js(83,1393): error TS2303: Circular definition of import alias 'objectEnumValues'.
generated/prisma/runtime/react-native.js(83,1393): error TS18004: No value exists in scope for the shorthand property 'objectEnumValues'. Either declare one or provide an initializer.
generated/prisma/runtime/react-native.js(83,1410): error TS2303: Circular definition of import alias 'raw'.
generated/prisma/runtime/react-native.js(83,1410): error TS18004: No value exists in scope for the shorthand property 'raw'. Either declare one or provide an initializer.
generated/prisma/runtime/react-native.js(83,1414): error TS2303: Circular definition of import alias 'serializeJsonQuery'.
generated/prisma/runtime/react-native.js(83,1414): error TS18004: No value exists in scope for the shorthand property 'serializeJsonQuery'. Either declare one or provide an initializer.
generated/prisma/runtime/react-native.js(83,1433): error TS2303: Circular definition of import alias 'skip'.
generated/prisma/runtime/react-native.js(83,1433): error TS18004: No value exists in scope for the shorthand property 'skip'. Either declare one or provide an initializer.
generated/prisma/runtime/react-native.js(83,1438): error TS2303: Circular definition of import alias 'sqltag'.
generated/prisma/runtime/react-native.js(83,1438): error TS18004: No value exists in scope for the shorthand property 'sqltag'. Either declare one or provide an initializer.
generated/prisma/runtime/react-native.js(83,1445): error TS2303: Circular definition of import alias 'warnEnvConflicts'.
generated/prisma/runtime/react-native.js(83,1445): error TS18004: No value exists in scope for the shorthand property 'warnEnvConflicts'. Either declare one or provide an initializer.
generated/prisma/runtime/react-native.js(83,1462): error TS2303: Circular definition of import alias 'warnOnce'.
generated/prisma/runtime/react-native.js(83,1462): error TS18004: No value exists in scope for the shorthand property 'warnOnce'. Either declare one or provide an initializer.
generated/prisma/runtime/wasm-compiler-edge.js(5,209): error TS7006: Parameter 'e' implicitly has an 'any' type.
generated/prisma/runtime/wasm-compiler-edge.js(5,211): error TS7006: Parameter 't' implicitly has an 'any' type.
generated/prisma/runtime/wasm-compiler-edge.js(5,245): error TS7006: Parameter 'e' implicitly has an 'any' type.
generated/prisma/runtime/wasm-compiler-edge.js(5,247): error TS7006: Parameter 't' implicitly has an 'any' type.
generated/prisma/runtime/wasm-compiler-edge.js(5,304): error TS7006: Parameter 'e' implicitly has an 'any' type.
generated/prisma/runtime/wasm-compiler-edge.js(5,306): error TS7006: Parameter 't' implicitly has an 'any' type.
generated/prisma/runtime/wasm-compiler-edge.js(5,364): error TS7006: Parameter 'e' implicitly has an 'any' type.
generated/prisma/runtime/wasm-compiler-edge.js(5,366): error TS7006: Parameter 't' implicitly has an 'any' type.
generated/prisma/runtime/wasm-compiler-edge.js(5,368): error TS7006: Parameter 'r' implicitly has an 'any' type.
generated/prisma/runtime/wasm-compiler-edge.js(5,370): error TS7006: Parameter 'n' implicitly has an 'any' type.
generated/prisma/runtime/wasm-compiler-edge.js(5,542): error TS7006: Parameter 'e' implicitly has an 'any' type.
generated/prisma/runtime/wasm-compiler-edge.js(5,544): error TS7006: Parameter 't' implicitly has an 'any' type.
generated/prisma/runtime/wasm-compiler-edge.js(5,546): error TS7006: Parameter 'r' implicitly has an 'any' type.
generated/prisma/runtime/wasm-compiler-edge.js(5,647): error TS7006: Parameter 'e' implicitly has an 'any' type.
generated/prisma/runtime/wasm-compiler-edge.js(5,699): error TS7006: Parameter 'e' implicitly has an 'any' type.
generated/prisma/runtime/wasm-compiler-edge.js(5,701): error TS7006: Parameter 't' implicitly has an 'any' type.
generated/prisma/runtime/wasm-compiler-edge.js(5,760): error TS7005: Variable 'h' implicitly has an 'any' type.
generated/prisma/runtime/wasm-compiler-edge.js(5,762): error TS7005: Variable 'du' implicitly has an 'any' type.
generated/prisma/runtime/wasm-compiler-edge.js(5,894): error TS7005: Variable 'h' implicitly has an 'any' type.
generated/prisma/runtime/wasm-compiler-edge.js(5,1003): error TS7005: Variable 'h' implicitly has an 'any' type.
generated/prisma/runtime/wasm-compiler-edge.js(5,1106): error TS7005: Variable 'h' implicitly has an 'any' type.
generated/prisma/runtime/wasm-compiler-edge.js(5,1241): error TS7005: Variable 'h' implicitly has an 'any' type.
generated/prisma/runtime/wasm-compiler-edge.js(5,1367): error TS7006: Parameter 'e' implicitly has an 'any' type.
generated/prisma/runtime/wasm-compiler-edge.js(5,1537): error TS7006: Parameter 'a' implicitly has an 'any' type.
generated/prisma/runtime/wasm-compiler-edge.js(5,1539): error TS7006: Parameter 'f' implicitly has an 'any' type.
generated/prisma/runtime/wasm-compiler-edge.js(5,1607): error TS2683: 'this' implicitly has type 'any' because it does not have a type annotation.
generated/prisma/runtime/wasm-compiler-edge.js(5,1635): error TS2683: 'this' implicitly has type 'any' because it does not have a type annotation.
generated/prisma/runtime/wasm-compiler-edge.js(5,1648): error TS2538: Type 'undefined' cannot be used as an index type.
generated/prisma/runtime/wasm-compiler-edge.js(5,1663): error TS7006: Parameter 'a' implicitly has an 'any' type.
generated/prisma/runtime/wasm-compiler-edge.js(5,1665): error TS7006: Parameter 'f' implicitly has an 'any' type.
generated/prisma/runtime/wasm-compiler-edge.js(5,1678): error TS7006: Parameter 'w' implicitly has an 'any' type.
generated/prisma/runtime/wasm-compiler-edge.js(5,1691): error TS2532: Object is possibly 'undefined'.
generated/prisma/runtime/wasm-compiler-edge.js(5,1691): error TS2531: Object is possibly 'null'.
generated/prisma/runtime/wasm-compiler-edge.js(5,1691): error TS2532: Object is possibly 'undefined'.
generated/prisma/runtime/wasm-compiler-edge.js(5,1736): error TS7005: Variable 'mu' implicitly has an 'any' type.
generated/prisma/runtime/wasm-compiler-edge.js(5,1792): error TS2683: 'this' implicitly has type 'any' because it does not have a type annotation.
generated/prisma/runtime/wasm-compiler-edge.js(5,1844): error TS2683: 'this' implicitly has type 'any' because it does not have a type annotation.
generated/prisma/runtime/wasm-compiler-edge.js(5,1857): error TS2538: Type 'undefined' cannot be used as an index type.
generated/prisma/runtime/wasm-compiler-edge.js(5,1881): error TS2532: Object is possibly 'undefined'.
generated/prisma/runtime/wasm-compiler-edge.js(5,1881): error TS2531: Object is possibly 'null'.
generated/prisma/runtime/wasm-compiler-edge.js(5,1908): error TS7006: Parameter 'a' implicitly has an 'any' type.
generated/prisma/runtime/wasm-compiler-edge.js(5,1922): error TS7006: Parameter 'f' implicitly has an 'any' type.
generated/prisma/runtime/wasm-compiler-edge.js(5,2309): error TS7006: Parameter 'e' implicitly has an 'any' type.
generated/prisma/runtime/wasm-compiler-edge.js(5,2385): error TS7006: Parameter 'e' implicitly has an 'any' type.
generated/prisma/runtime/wasm-compiler-edge.js(5,2387): error TS7006: Parameter 't' implicitly has an 'any' type.
generated/prisma/runtime/wasm-compiler-edge.js(5,2519): error TS7006: Parameter 'e' implicitly has an 'any' type.
generated/prisma/runtime/wasm-compiler-edge.js(5,2521): error TS7006: Parameter 't' implicitly has an 'any' type.
generated/prisma/runtime/wasm-compiler-edge.js(5,2525): error TS7005: Variable 'yu' implicitly has an 'any' type.
generated/prisma/runtime/wasm-compiler-edge.js(5,2655): error TS2339: Property 'code' does not exist on type 'RangeError'.
generated/prisma/runtime/wasm-compiler-edge.js(5,2693): error TS7006: Parameter 'e' implicitly has an 'any' type.
generated/prisma/runtime/wasm-compiler-edge.js(5,2695): error TS7006: Parameter 't' implicitly has an 'any' type.
generated/prisma/runtime/wasm-compiler-edge.js(5,2823): error TS2339: Property 'code' does not exist on type 'TypeError'.
generated/prisma/runtime/wasm-compiler-edge.js(5,2866): error TS7006: Parameter 'e' implicitly has an 'any' type.
generated/prisma/runtime/wasm-compiler-edge.js(5,2868): error TS7006: Parameter 't' implicitly has an 'any' type.
generated/prisma/runtime/wasm-compiler-edge.js(5,3019): error TS2339: Property 'code' does not exist on type 'RangeError'.
generated/prisma/runtime/wasm-compiler-edge.js(5,3058): error TS7006: Parameter 'e' implicitly has an 'any' type.
generated/prisma/runtime/wasm-compiler-edge.js(5,3060): error TS7006: Parameter 't' implicitly has an 'any' type.
generated/prisma/runtime/wasm-compiler-edge.js(5,3062): error TS7006: Parameter 'r' implicitly has an 'any' type.
generated/prisma/runtime/wasm-compiler-edge.js(5,3064): error TS7006: Parameter 'n' implicitly has an 'any' type.
generated/prisma/runtime/wasm-compiler-edge.js(5,3195): error TS2339: Property 'code' does not exist on type 'RangeError'.
generated/prisma/runtime/wasm-compiler-edge.js(5,3234): error TS7006: Parameter 'e' implicitly has an 'any' type.
generated/prisma/runtime/wasm-compiler-edge.js(5,3236): error TS7006: Parameter 't' implicitly has an 'any' type.
generated/prisma/runtime/wasm-compiler-edge.js(5,3363): error TS2339: Property 'code' does not exist on type 'TypeError'.
generated/prisma/runtime/wasm-compiler-edge.js(5,3406): error TS7006: Parameter 'e' implicitly has an 'any' type.
generated/prisma/runtime/wasm-compiler-edge.js(5,3425): error TS7005: Variable 'h' implicitly has an 'any' type.
generated/prisma/runtime/wasm-compiler-edge.js(5,3441): error TS7034: Variable 'h' implicitly has type 'any' in some locations where its type cannot be determined.
generated/prisma/runtime/wasm-compiler-edge.js(5,3443): error TS7034: Variable 'mu' implicitly has type 'any' in some locations where its type cannot be determined.
generated/prisma/runtime/wasm-compiler-edge.js(5,3446): error TS7034: Variable 'du' implicitly has type 'any' in some locations where its type cannot be determined.
generated/prisma/runtime/wasm-compiler-edge.js(5,3449): error TS7034: Variable 'fu' implicitly has type 'any' in some locations where its type cannot be determined.
generated/prisma/runtime/wasm-compiler-edge.js(5,3452): error TS7034: Variable 'gu' implicitly has type 'any' in some locations where its type cannot be determined.
generated/prisma/runtime/wasm-compiler-edge.js(5,3455): error TS7034: Variable 'yu' implicitly has type 'any' in some locations where its type cannot be determined.
generated/prisma/runtime/wasm-compiler-edge.js(5,3458): error TS7034: Variable 'y' implicitly has type 'any' in some locations where its type cannot be determined.
generated/prisma/runtime/wasm-compiler-edge.js(5,3460): error TS7034: Variable 'pi' implicitly has type 'any' in some locations where its type cannot be determined.
generated/prisma/runtime/wasm-compiler-edge.js(5,3577): error TS7006: Parameter 't' implicitly has an 'any' type.
generated/prisma/runtime/wasm-compiler-edge.js(5,3663): error TS7006: Parameter 't' implicitly has an 'any' type.
generated/prisma/runtime/wasm-compiler-edge.js(5,3706): error TS7006: Parameter 't' implicitly has an 'any' type.
generated/prisma/runtime/wasm-compiler-edge.js(5,3742): error TS7006: Parameter 't' implicitly has an 'any' type.
generated/prisma/runtime/wasm-compiler-edge.js(5,3787): error TS7006: Parameter 't' implicitly has an 'any' type.
generated/prisma/runtime/wasm-compiler-edge.js(5,4003): error TS2339: Property 'code' does not exist on type 'TypeError'.
generated/prisma/runtime/wasm-compiler-edge.js(5,4051): error TS7006: Parameter 't' implicitly has an 'any' type.
generated/prisma/runtime/wasm-compiler-edge.js(5,4061): error TS7005: Variable 'gu' implicitly has an 'any' type.
generated/prisma/runtime/wasm-compiler-edge.js(5,4091): error TS7006: Parameter 't' implicitly has an 'any' type.
generated/prisma/runtime/wasm-compiler-edge.js(5,4093): error TS7006: Parameter 'r' implicitly has an 'any' type.
generated/prisma/runtime/wasm-compiler-edge.js(5,4260): error TS7006: Parameter 't' implicitly has an 'any' type.
generated/prisma/runtime/wasm-compiler-edge.js(5,4550): error TS7006: Parameter 's' implicitly has an 'any' type.
generated/prisma/runtime/wasm-compiler-edge.js(5,4571): error TS2769: No overload matches this call.
  Overload 1 of 7, '(buffer: ArrayBuffer, byteOffset?: number | undefined, length?: number | undefined): e', gave the following error.
    Argument of type 'ArrayBufferLike' is not assignable to parameter of type 'ArrayBuffer'.
      Type 'SharedArrayBuffer' is not assignable to type 'ArrayBuffer'.
        Types of property '[Symbol.toStringTag]' are incompatible.
          Type '"SharedArrayBuffer"' is not assignable to type '"ArrayBuffer"'.
  Overload 2 of 7, '(buffer: ArrayBuffer, byteOffset?: number | undefined, length?: number | undefined): e', gave the following error.
    Argument of type 'ArrayBufferLike' is not assignable to parameter of type 'ArrayBuffer'.
      Type 'SharedArrayBuffer' is not assignable to type 'ArrayBuffer'.
        Types of property '[Symbol.toStringTag]' are incompatible.
          Type '"SharedArrayBuffer"' is not assignable to type '"ArrayBuffer"'.
generated/prisma/runtime/wasm-compiler-edge.js(5,4787): error TS7006: Parameter 't' implicitly has an 'any' type.
generated/prisma/runtime/wasm-compiler-edge.js(5,4789): error TS7006: Parameter 'r' implicitly has an 'any' type.
generated/prisma/runtime/wasm-compiler-edge.js(5,4830): error TS7005: Variable 'n' implicitly has an 'any[]' type.
generated/prisma/runtime/wasm-compiler-edge.js(5,4851): error TS7006: Parameter 'o' implicitly has an 'any' type.
generated/prisma/runtime/wasm-compiler-edge.js(5,5127): error TS7006: Parameter 't' implicitly has an 'any' type.
generated/prisma/runtime/wasm-compiler-edge.js(5,5129): error TS7006: Parameter 'r' implicitly has an 'any' type.
generated/prisma/runtime/wasm-compiler-edge.js(5,5368): error TS7006: Parameter 't' implicitly has an 'any' type.
generated/prisma/runtime/wasm-compiler-edge.js(5,5370): error TS7006: Parameter 'r' implicitly has an 'any' type.
generated/prisma/runtime/wasm-compiler-edge.js(5,5623): error TS7006: Parameter 't' implicitly has an 'any' type.
generated/prisma/runtime/wasm-compiler-edge.js(5,5625): error TS7006: Parameter 'r' implicitly has an 'any' type.
generated/prisma/runtime/wasm-compiler-edge.js(5,5825): error TS7006: Parameter 't' implicitly has an 'any' type.
generated/prisma/runtime/wasm-compiler-edge.js(5,5827): error TS7006: Parameter 'r' implicitly has an 'any' type.
generated/prisma/runtime/wasm-compiler-edge.js(5,5869): error TS7006: Parameter 't' implicitly has an 'any' type.
generated/prisma/runtime/wasm-compiler-edge.js(5,5871): error TS7006: Parameter 'r' implicitly has an 'any' type.
generated/prisma/runtime/wasm-compiler-edge.js(5,6082): error TS7006: Parameter 't' implicitly has an 'any' type.
generated/prisma/runtime/wasm-compiler-edge.js(5,6084): error TS7006: Parameter 'r' implicitly has an 'any' type.
generated/prisma/runtime/wasm-compiler-edge.js(5,6126): error TS7006: Parameter 't' implicitly has an 'any' type.
generated/prisma/runtime/wasm-compiler-edge.js(5,6128): error TS7006: Parameter 'r' implicitly has an 'any' type.
generated/prisma/runtime/wasm-compiler-edge.js(5,6130): error TS7006: Parameter 'n' implicitly has an 'any' type.
generated/prisma/runtime/wasm-compiler-edge.js(5,6201): error TS7006: Parameter 't' implicitly has an 'any' type.
generated/prisma/runtime/wasm-compiler-edge.js(5,6203): error TS7006: Parameter 'r' implicitly has an 'any' type.
generated/prisma/runtime/wasm-compiler-edge.js(5,6205): error TS7006: Parameter 'n' implicitly has an 'any' type.
generated/prisma/runtime/wasm-compiler-edge.js(5,6277): error TS7006: Parameter 't' implicitly has an 'any' type.
generated/prisma/runtime/wasm-compiler-edge.js(5,6279): error TS7006: Parameter 'r' implicitly has an 'any' type.
generated/prisma/runtime/wasm-compiler-edge.js(5,6281): error TS7006: Parameter 'n' implicitly has an 'any' type.
generated/prisma/runtime/wasm-compiler-edge.js(5,6489): error TS7006: Parameter 't' implicitly has an 'any' type.
generated/prisma/runtime/wasm-compiler-edge.js(5,6491): error TS7006: Parameter 'r' implicitly has an 'any' type.
generated/prisma/runtime/wasm-compiler-edge.js(5,6493): error TS7006: Parameter 'n' implicitly has an 'any' type.
generated/prisma/runtime/wasm-compiler-edge.js(5,6539): error TS7006: Parameter 't' implicitly has an 'any' type.
generated/prisma/runtime/wasm-compiler-edge.js(5,6541): error TS7006: Parameter 'r' implicitly has an 'any' type.
generated/prisma/runtime/wasm-compiler-edge.js(5,6543): error TS7006: Parameter 'n' implicitly has an 'any' type.
generated/prisma/runtime/wasm-compiler-edge.js(5,6748): error TS7006: Parameter 't' implicitly has an 'any' type.
generated/prisma/runtime/wasm-compiler-edge.js(5,6750): error TS7006: Parameter 'r' implicitly has an 'any' type.
generated/prisma/runtime/wasm-compiler-edge.js(5,6752): error TS7006: Parameter 'n' implicitly has an 'any' type.
generated/prisma/runtime/wasm-compiler-edge.js(5,7309): error TS7006: Parameter 't' implicitly has an 'any' type.
generated/prisma/runtime/wasm-compiler-edge.js(5,7583): error TS7006: Parameter 't' implicitly has an 'any' type.
generated/prisma/runtime/wasm-compiler-edge.js(5,7670): error TS7006: Parameter 't' implicitly has an 'any' type.
generated/prisma/runtime/wasm-compiler-edge.js(5,7880): error TS7006: Parameter 't' implicitly has an 'any' type.
generated/prisma/runtime/wasm-compiler-edge.js(5,7882): error TS7006: Parameter 'r' implicitly has an 'any' type.
generated/prisma/runtime/wasm-compiler-edge.js(5,7884): error TS7006: Parameter 'n' implicitly has an 'any' type.
generated/prisma/runtime/wasm-compiler-edge.js(5,8470): error TS2339: Property 'length' does not exist on type 'number'.
generated/prisma/runtime/wasm-compiler-edge.js(5,8502): error TS2339: Property 'length' does not exist on type 'number'.
generated/prisma/runtime/wasm-compiler-edge.js(5,8521): error TS2339: Property 'slice' does not exist on type 'number'.
generated/prisma/runtime/wasm-compiler-edge.js(5,8531): error TS2339: Property 'length' does not exist on type 'number'.
generated/prisma/runtime/wasm-compiler-edge.js(5,8569): error TS2339: Property 'length' does not exist on type 'number'.
generated/prisma/runtime/wasm-compiler-edge.js(5,8592): error TS2416: Property 'includes' in type 'e' is not assignable to the same property in base type 'Uint8Array<ArrayBuffer>'.
  Type '(t: any, r?: null, n?: string) => boolean' is not assignable to type '(searchElement: number, fromIndex?: number | undefined) => boolean'.
    Types of parameters 'r' and 'fromIndex' are incompatible.
      Type 'number | undefined' is not assignable to type 'null | undefined'.
        Type 'number' is not assignable to type 'null | undefined'.
generated/prisma/runtime/wasm-compiler-edge.js(5,8601): error TS7006: Parameter 't' implicitly has an 'any' type.
generated/prisma/runtime/wasm-compiler-edge.js(5,8653): error TS2416: Property 'lastIndexOf' in type 'e' is not assignable to the same property in base type 'Uint8Array<ArrayBuffer>'.
  Type '(t: any, r?: null, n?: string) => any' is not assignable to type '(searchElement: number, fromIndex?: number | undefined) => number'.
    Types of parameters 'r' and 'fromIndex' are incompatible.
      Type 'number | undefined' is not assignable to type 'null | undefined'.
        Type 'number' is not assignable to type 'null | undefined'.
generated/prisma/runtime/wasm-compiler-edge.js(5,8665): error TS7006: Parameter 't' implicitly has an 'any' type.
generated/prisma/runtime/wasm-compiler-edge.js(5,8715): error TS2416: Property 'indexOf' in type 'e' is not assignable to the same property in base type 'Uint8Array<ArrayBuffer>'.
  Type '(t: any, r?: null, n?: string, i?: boolean) => any' is not assignable to type '(searchElement: number, fromIndex?: number | undefined) => number'.
    Types of parameters 'r' and 'fromIndex' are incompatible.
      Type 'number | undefined' is not assignable to type 'null | undefined'.
        Type 'number' is not assignable to type 'null | undefined'.
generated/prisma/runtime/wasm-compiler-edge.js(5,8723): error TS7006: Parameter 't' implicitly has an 'any' type.
generated/prisma/runtime/wasm-compiler-edge.js(5,8761): error TS2551: Property 'findLastIndex' does not exist on type 'e'. Did you mean 'findIndex'?
generated/prisma/runtime/wasm-compiler-edge.js(5,9123): error TS7006: Parameter 'f' implicitly has an 'any' type.
generated/prisma/runtime/wasm-compiler-edge.js(5,9125): error TS7006: Parameter 'w' implicitly has an 'any' type.
generated/prisma/runtime/wasm-compiler-edge.js(5,9169): error TS7006: Parameter 'R' implicitly has an 'any' type.
generated/prisma/runtime/wasm-compiler-edge.js(5,9171): error TS7006: Parameter 'S' implicitly has an 'any' type.
generated/prisma/runtime/wasm-compiler-edge.js(5,9318): error TS7005: Variable 'fu' implicitly has an 'any' type.
generated/prisma/runtime/wasm-compiler-edge.js(5,9411): error TS7005: Variable 'pi' implicitly has an 'any' type.
generated/prisma/runtime/wasm-compiler-edge.js(5,9594): error TS7006: Parameter 'i' implicitly has an 'any' type.
generated/prisma/runtime/wasm-compiler-edge.js(5,9596): error TS7006: Parameter 'o' implicitly has an 'any' type.
generated/prisma/runtime/wasm-compiler-edge.js(5,9602): error TS7005: Variable 'pi' implicitly has an 'any' type.
generated/prisma/runtime/wasm-compiler-edge.js(5,9804): error TS7005: Variable 'pi' implicitly has an 'any' type.
generated/prisma/runtime/wasm-compiler-edge.js(5,9885): error TS7006: Parameter 'i' implicitly has an 'any' type.
generated/prisma/runtime/wasm-compiler-edge.js(5,9887): error TS7006: Parameter 'o' implicitly has an 'any' type.
generated/prisma/runtime/wasm-compiler-edge.js(5,10550): error TS7005: Variable 'h' implicitly has an 'any' type.
generated/prisma/runtime/wasm-compiler-edge.js(5,10579): error TS7005: Variable 'h' implicitly has an 'any' type.
generated/prisma/runtime/wasm-compiler-edge.js(5,10617): error TS7034: Variable 'g' implicitly has type 'any' in some locations where its type cannot be determined.
generated/prisma/runtime/wasm-compiler-edge.js(5,10657): error TS7006: Parameter 'e' implicitly has an 'any' type.
generated/prisma/runtime/wasm-compiler-edge.js(5,10659): error TS7019: Rest parameter 't' implicitly has an 'any[]' type.
generated/prisma/runtime/wasm-compiler-edge.js(5,10780): error TS7034: Variable 'b' implicitly has type 'any' in some locations where its type cannot be determined.
generated/prisma/runtime/wasm-compiler-edge.js(5,10984): error TS7006: Parameter 'e' implicitly has an 'any' type.
generated/prisma/runtime/wasm-compiler-edge.js(5,10986): error TS7006: Parameter 't' implicitly has an 'any' type.
generated/prisma/runtime/wasm-compiler-edge.js(5,11078): error TS7005: Variable 'W' implicitly has an 'any' type.
generated/prisma/runtime/wasm-compiler-edge.js(5,11202): error TS7005: Variable 'H' implicitly has an 'any' type.
generated/prisma/runtime/wasm-compiler-edge.js(5,11361): error TS7005: Variable 'te' implicitly has an 'any' type.
generated/prisma/runtime/wasm-compiler-edge.js(5,11372): error TS7005: Variable 'te' implicitly has an 'any' type.
generated/prisma/runtime/wasm-compiler-edge.js(5,11450): error TS7005: Variable 'W' implicitly has an 'any' type.
generated/prisma/runtime/wasm-compiler-edge.js(5,11473): error TS7006: Parameter 'e' implicitly has an 'any' type.
generated/prisma/runtime/wasm-compiler-edge.js(5,11475): error TS7006: Parameter 't' implicitly has an 'any' type.
generated/prisma/runtime/wasm-compiler-edge.js(5,11477): error TS7006: Parameter 'r' implicitly has an 'any' type.
generated/prisma/runtime/wasm-compiler-edge.js(5,11513): error TS7005: Variable 'Ye' implicitly has an 'any' type.
generated/prisma/runtime/wasm-compiler-edge.js(5,11531): error TS7006: Parameter 'e' implicitly has an 'any' type.
generated/prisma/runtime/wasm-compiler-edge.js(5,11610): error TS7005: Variable 'H' implicitly has an 'any' type.
generated/prisma/runtime/wasm-compiler-edge.js(5,11656): error TS7005: Variable 'H' implicitly has an 'any' type.
generated/prisma/runtime/wasm-compiler-edge.js(5,11749): error TS7006: Parameter 'e' implicitly has an 'any' type.
generated/prisma/runtime/wasm-compiler-edge.js(5,11751): error TS7006: Parameter 't' implicitly has an 'any' type.
generated/prisma/runtime/wasm-compiler-edge.js(5,11831): error TS7005: Variable 'di' implicitly has an 'any' type.
generated/prisma/runtime/wasm-compiler-edge.js(5,11861): error TS7005: Variable 'he' implicitly has an 'any' type.
generated/prisma/runtime/wasm-compiler-edge.js(5,11958): error TS7005: Variable 'ze' implicitly has an 'any' type.
generated/prisma/runtime/wasm-compiler-edge.js(5,12000): error TS7005: Variable 'he' implicitly has an 'any' type.
generated/prisma/runtime/wasm-compiler-edge.js(5,12066): error TS7005: Variable '_e' implicitly has an 'any' type.
generated/prisma/runtime/wasm-compiler-edge.js(5,12207): error TS7006: Parameter 'e' implicitly has an 'any' type.
generated/prisma/runtime/wasm-compiler-edge.js(5,12224): error TS7005: Variable 'H' implicitly has an 'any' type.
generated/prisma/runtime/wasm-compiler-edge.js(5,12272): error TS7006: Parameter 'e' implicitly has an 'any' type.
generated/prisma/runtime/wasm-compiler-edge.js(5,12274): error TS7006: Parameter 't' implicitly has an 'any' type.
generated/prisma/runtime/wasm-compiler-edge.js(5,12276): error TS7006: Parameter 'r' implicitly has an 'any' type.
generated/prisma/runtime/wasm-compiler-edge.js(5,12332): error TS7005: Variable 'be' implicitly has an 'any' type.
generated/prisma/runtime/wasm-compiler-edge.js(5,12406): error TS7006: Parameter 'e' implicitly has an 'any' type.
generated/prisma/runtime/wasm-compiler-edge.js(5,12452): error TS7023: 'Kt' implicitly has return type 'any' because it does not have a return type annotation and is referenced directly or indirectly in one of its return expressions.
generated/prisma/runtime/wasm-compiler-edge.js(5,12455): error TS7006: Parameter 'e' implicitly has an 'any' type.
generated/prisma/runtime/wasm-compiler-edge.js(5,12457): error TS7006: Parameter 't' implicitly has an 'any' type.
generated/prisma/runtime/wasm-compiler-edge.js(5,12552): error TS7005: Variable 'be' implicitly has an 'any' type.
generated/prisma/runtime/wasm-compiler-edge.js(5,12588): error TS7005: Variable 'he' implicitly has an 'any' type.
generated/prisma/runtime/wasm-compiler-edge.js(5,12749): error TS2365: Operator '<' cannot be applied to types 'string' and 'number'.
generated/prisma/runtime/wasm-compiler-edge.js(5,12754): error TS2367: This comparison appears to be unintentional because the types 'string' and 'number' have no overlap.
generated/prisma/runtime/wasm-compiler-edge.js(5,12760): error TS2367: This comparison appears to be unintentional because the types 'string' and 'number' have no overlap.
generated/prisma/runtime/wasm-compiler-edge.js(5,12766): error TS2365: Operator '>' cannot be applied to types 'string' and 'number'.
generated/prisma/runtime/wasm-compiler-edge.js(5,12829): error TS2365: Operator '>' cannot be applied to types 'string' and 'number'.
generated/prisma/runtime/wasm-compiler-edge.js(5,13009): error TS7005: Variable '_e' implicitly has an 'any' type.
generated/prisma/runtime/wasm-compiler-edge.js(5,13020): error TS7005: Variable 'he' implicitly has an 'any' type.
generated/prisma/runtime/wasm-compiler-edge.js(5,13031): error TS7005: Variable 'he' implicitly has an 'any' type.
generated/prisma/runtime/wasm-compiler-edge.js(5,13093): error TS7005: Variable '_e' implicitly has an 'any' type.
generated/prisma/runtime/wasm-compiler-edge.js(5,13216): error TS7005: Variable '_e' implicitly has an 'any' type.
generated/prisma/runtime/wasm-compiler-edge.js(5,13293): error TS7006: Parameter 'e' implicitly has an 'any' type.
generated/prisma/runtime/wasm-compiler-edge.js(5,13295): error TS7006: Parameter 't' implicitly has an 'any' type.
generated/prisma/runtime/wasm-compiler-edge.js(5,13559): error TS7005: Variable 'dt' implicitly has an 'any' type.
generated/prisma/runtime/wasm-compiler-edge.js(5,13564): error TS7005: Variable 'H' implicitly has an 'any' type.
generated/prisma/runtime/wasm-compiler-edge.js(5,13582): error TS7005: Variable 'H' implicitly has an 'any' type.
generated/prisma/runtime/wasm-compiler-edge.js(5,13593): error TS7005: Variable 'H' implicitly has an 'any' type.
generated/prisma/runtime/wasm-compiler-edge.js(5,13635): error TS7005: Variable 'H' implicitly has an 'any' type.
generated/prisma/runtime/wasm-compiler-edge.js(5,13665): error TS7005: Variable 'H' implicitly has an 'any' type.
generated/prisma/runtime/wasm-compiler-edge.js(5,13684): error TS7005: Variable 'H' implicitly has an 'any' type.
generated/prisma/runtime/wasm-compiler-edge.js(5,13738): error TS7005: Variable 'W' implicitly has an 'any' type.
generated/prisma/runtime/wasm-compiler-edge.js(5,13746): error TS7005: Variable 'Yr' implicitly has an 'any' type.
generated/prisma/runtime/wasm-compiler-edge.js(5,13755): error TS7005: Variable 'Yr' implicitly has an 'any' type.
generated/prisma/runtime/wasm-compiler-edge.js(5,13771): error TS7005: Variable 'di' implicitly has an 'any' type.
generated/prisma/runtime/wasm-compiler-edge.js(5,13822): error TS7006: Parameter 'e' implicitly has an 'any' type.
generated/prisma/runtime/wasm-compiler-edge.js(5,13824): error TS7006: Parameter 't' implicitly has an 'any' type.
generated/prisma/runtime/wasm-compiler-edge.js(5,13826): error TS7006: Parameter 'r' implicitly has an 'any' type.
generated/prisma/runtime/wasm-compiler-edge.js(5,13902): error TS7005: Variable 'H' implicitly has an 'any' type.
generated/prisma/runtime/wasm-compiler-edge.js(5,13943): error TS7005: Variable 'H' implicitly has an 'any' type.
generated/prisma/runtime/wasm-compiler-edge.js(5,14007): error TS7005: Variable 'H' implicitly has an 'any' type.
generated/prisma/runtime/wasm-compiler-edge.js(5,14013): error TS7005: Variable 'H' implicitly has an 'any' type.
generated/prisma/runtime/wasm-compiler-edge.js(5,14035): error TS7005: Variable 'ze' implicitly has an 'any' type.
generated/prisma/runtime/wasm-compiler-edge.js(5,14162): error TS7005: Variable 'ze' implicitly has an 'any' type.
generated/prisma/runtime/wasm-compiler-edge.js(5,14258): error TS7005: Variable 'ze' implicitly has an 'any' type.
generated/prisma/runtime/wasm-compiler-edge.js(5,14265): error TS7005: Variable 'H' implicitly has an 'any' type.
generated/prisma/runtime/wasm-compiler-edge.js(5,14269): error TS7005: Variable 'H' implicitly has an 'any' type.
generated/prisma/runtime/wasm-compiler-edge.js(5,14272): error TS7005: Variable 'H' implicitly has an 'any' type.
generated/prisma/runtime/wasm-compiler-edge.js(5,14279): error TS7005: Variable 'dt' implicitly has an 'any' type.
generated/prisma/runtime/wasm-compiler-edge.js(5,14285): error TS7005: Variable 'H' implicitly has an 'any' type.
generated/prisma/runtime/wasm-compiler-edge.js(5,14367): error TS7005: Variable 'ze' implicitly has an 'any' type.
generated/prisma/runtime/wasm-compiler-edge.js(5,14373): error TS7005: Variable 'H' implicitly has an 'any' type.
generated/prisma/runtime/wasm-compiler-edge.js(5,14390): error TS7005: Variable 'ze' implicitly has an 'any' type.
generated/prisma/runtime/wasm-compiler-edge.js(5,14401): error TS7005: Variable 'ze' implicitly has an 'any' type.
generated/prisma/runtime/wasm-compiler-edge.js(5,14447): error TS7005: Variable 'te' implicitly has an 'any' type.
generated/prisma/runtime/wasm-compiler-edge.js(5,14494): error TS7005: Variable 'te' implicitly has an 'any' type.
generated/prisma/runtime/wasm-compiler-edge.js(5,14554): error TS7005: Variable 'W' implicitly has an 'any' type.
generated/prisma/runtime/wasm-compiler-edge.js(5,14562): error TS7005: Variable 'Yr' implicitly has an 'any' type.
generated/prisma/runtime/wasm-compiler-edge.js(5,14571): error TS7005: Variable 'Yr' implicitly has an 'any' type.
generated/prisma/runtime/wasm-compiler-edge.js(5,14587): error TS7005: Variable 'di' implicitly has an 'any' type.
generated/prisma/runtime/wasm-compiler-edge.js(5,14617): error TS7006: Parameter 'e' implicitly has an 'any' type.
generated/prisma/runtime/wasm-compiler-edge.js(5,14619): error TS7006: Parameter 't' implicitly has an 'any' type.
generated/prisma/runtime/wasm-compiler-edge.js(5,14721): error TS7005: Variable 'W' implicitly has an 'any' type.
generated/prisma/runtime/wasm-compiler-edge.js(5,14858): error TS7005: Variable 'H' implicitly has an 'any' type.
generated/prisma/runtime/wasm-compiler-edge.js(5,15162): error TS7005: Variable 'te' implicitly has an 'any' type.
generated/prisma/runtime/wasm-compiler-edge.js(5,15180): error TS7005: Variable 'te' implicitly has an 'any' type.
generated/prisma/runtime/wasm-compiler-edge.js(5,15272): error TS7005: Variable 'W' implicitly has an 'any' type.
generated/prisma/runtime/wasm-compiler-edge.js(5,15305): error TS7006: Parameter 'e' implicitly has an 'any' type.
generated/prisma/runtime/wasm-compiler-edge.js(5,15307): error TS7006: Parameter 't' implicitly has an 'any' type.
generated/prisma/runtime/wasm-compiler-edge.js(5,15309): error TS7006: Parameter 'r' implicitly has an 'any' type.
generated/prisma/runtime/wasm-compiler-edge.js(5,15677): error TS7006: Parameter 'e' implicitly has an 'any' type.
generated/prisma/runtime/wasm-compiler-edge.js(5,15679): error TS7006: Parameter 't' implicitly has an 'any' type.
generated/prisma/runtime/wasm-compiler-edge.js(5,15729): error TS7006: Parameter 'e' implicitly has an 'any' type.
generated/prisma/runtime/wasm-compiler-edge.js(5,15753): error TS7006: Parameter 'o' implicitly has an 'any' type.
generated/prisma/runtime/wasm-compiler-edge.js(5,15849): error TS2339: Property 'e' does not exist on type 'i'.
generated/prisma/runtime/wasm-compiler-edge.js(5,15853): error TS2339: Property 'e' does not exist on type 'i'.
generated/prisma/runtime/wasm-compiler-edge.js(5,15857): error TS2339: Property 'd' does not exist on type 'i'.
generated/prisma/runtime/wasm-compiler-edge.js(5,15864): error TS2339: Property 'd' does not exist on type 'i'.
generated/prisma/runtime/wasm-compiler-edge.js(5,15932): error TS7005: Variable 'Ye' implicitly has an 'any' type.
generated/prisma/runtime/wasm-compiler-edge.js(5,15988): error TS2339: Property 'e' does not exist on type 'i'.
generated/prisma/runtime/wasm-compiler-edge.js(5,15994): error TS2339: Property 'd' does not exist on type 'i'.
generated/prisma/runtime/wasm-compiler-edge.js(5,16028): error TS2339: Property 'e' does not exist on type 'i'.
generated/prisma/runtime/wasm-compiler-edge.js(5,16034): error TS2339: Property 'd' does not exist on type 'i'.
generated/prisma/runtime/wasm-compiler-edge.js(5,16112): error TS7005: Variable 'Ye' implicitly has an 'any' type.
generated/prisma/runtime/wasm-compiler-edge.js(5,16170): error TS7005: Variable 'bu' implicitly has an 'any' type.
generated/prisma/runtime/wasm-compiler-edge.js(5,16206): error TS7005: Variable 'Ye' implicitly has an 'any' type.
generated/prisma/runtime/wasm-compiler-edge.js(5,16227): error TS7005: Variable 'I' implicitly has an 'any' type.
generated/prisma/runtime/wasm-compiler-edge.js(5,16544): error TS2538: Type 'undefined' cannot be used as an index type.
generated/prisma/runtime/wasm-compiler-edge.js(5,16547): error TS2683: 'this' implicitly has type 'any' because it does not have a type annotation.
generated/prisma/runtime/wasm-compiler-edge.js(5,16552): error TS2538: Type 'undefined' cannot be used as an index type.
generated/prisma/runtime/wasm-compiler-edge.js(5,16589): error TS7006: Parameter 'e' implicitly has an 'any' type.
generated/prisma/runtime/wasm-compiler-edge.js(5,16630): error TS7005: Variable 'be' implicitly has an 'any' type.
generated/prisma/runtime/wasm-compiler-edge.js(5,16679): error TS7005: Variable 'mt' implicitly has an 'any' type.
generated/prisma/runtime/wasm-compiler-edge.js(5,16786): error TS7005: Variable 'dt' implicitly has an 'any' type.
generated/prisma/runtime/wasm-compiler-edge.js(5,16818): error TS7053: Element implicitly has an 'any' type because expression of type 'any' can't be used to index type 'Eu'.
generated/prisma/runtime/wasm-compiler-edge.js(5,16845): error TS7005: Variable 'Ye' implicitly has an 'any' type.
generated/prisma/runtime/wasm-compiler-edge.js(5,16902): error TS7053: Element implicitly has an 'any' type because expression of type 'string' can't be used to index type 'Eu'.
  No index signature with a parameter of type 'string' was found on type 'Eu'.
generated/prisma/runtime/wasm-compiler-edge.js(5,16914): error TS2351: This expression is not constructable.
  Type 'Eu' has no construct signatures.
generated/prisma/runtime/wasm-compiler-edge.js(5,16939): error TS7005: Variable 'Ye' implicitly has an 'any' type.
generated/prisma/runtime/wasm-compiler-edge.js(5,16968): error TS7034: Variable 'mt' implicitly has type 'any' in some locations where its type cannot be determined.
generated/prisma/runtime/wasm-compiler-edge.js(5,16977): error TS7034: Variable 'W' implicitly has type 'any' in some locations where its type cannot be determined.
generated/prisma/runtime/wasm-compiler-edge.js(5,16979): error TS7034: Variable 'be' implicitly has type 'any' in some locations where its type cannot be determined.
generated/prisma/runtime/wasm-compiler-edge.js(5,16982): error TS7034: Variable 'Ye' implicitly has type 'any' in some locations where its type cannot be determined.
generated/prisma/runtime/wasm-compiler-edge.js(5,16985): error TS7034: Variable 'di' implicitly has type 'any' in some locations where its type cannot be determined.
generated/prisma/runtime/wasm-compiler-edge.js(5,16988): error TS7034: Variable 'dt' implicitly has type 'any' in some locations where its type cannot be determined.
generated/prisma/runtime/wasm-compiler-edge.js(5,16991): error TS7034: Variable 'ze' implicitly has type 'any' in some locations where its type cannot be determined.
generated/prisma/runtime/wasm-compiler-edge.js(5,16994): error TS7034: Variable 'bu' implicitly has type 'any' in some locations where its type cannot be determined.
generated/prisma/runtime/wasm-compiler-edge.js(5,16997): error TS7034: Variable 'he' implicitly has type 'any' in some locations where its type cannot be determined.
generated/prisma/runtime/wasm-compiler-edge.js(5,17000): error TS7034: Variable 'te' implicitly has type 'any' in some locations where its type cannot be determined.
generated/prisma/runtime/wasm-compiler-edge.js(5,17003): error TS7034: Variable 'H' implicitly has type 'any' in some locations where its type cannot be determined.
generated/prisma/runtime/wasm-compiler-edge.js(5,17005): error TS7034: Variable 'Go' implicitly has type 'any' in some locations where its type cannot be determined.
generated/prisma/runtime/wasm-compiler-edge.js(5,17008): error TS7034: Variable 'Yr' implicitly has type 'any' in some locations where its type cannot be determined.
generated/prisma/runtime/wasm-compiler-edge.js(5,17011): error TS7034: Variable 'I' implicitly has type 'any' in some locations where its type cannot be determined.
generated/prisma/runtime/wasm-compiler-edge.js(5,17013): error TS7034: Variable '_e' implicitly has type 'any' in some locations where its type cannot be determined.
generated/prisma/runtime/wasm-compiler-edge.js(5,17019): error TS7034: Variable 'Zr' implicitly has type 'any' in some locations where its type cannot be determined.
generated/prisma/runtime/wasm-compiler-edge.js(5,17455): error TS2339: Property 'absoluteValue' does not exist on type '{}'.
generated/prisma/runtime/wasm-compiler-edge.js(5,17471): error TS2339: Property 'abs' does not exist on type '{}'.
generated/prisma/runtime/wasm-compiler-edge.js(5,17496): error TS2351: This expression is not constructable.
  Type 'Function' has no construct signatures.
generated/prisma/runtime/wasm-compiler-edge.js(5,17544): error TS2339: Property 'comparedTo' does not exist on type '{}'.
generated/prisma/runtime/wasm-compiler-edge.js(5,17557): error TS2339: Property 'cmp' does not exist on type '{}'.
generated/prisma/runtime/wasm-compiler-edge.js(5,17570): error TS7006: Parameter 'e' implicitly has an 'any' type.
generated/prisma/runtime/wasm-compiler-edge.js(5,17601): error TS2351: This expression is not constructable.
  Type 'Function' has no construct signatures.
generated/prisma/runtime/wasm-compiler-edge.js(5,17620): error TS2339: Property 's' does not exist on type '{}'.
generated/prisma/runtime/wasm-compiler-edge.js(5,17637): error TS2339: Property 's' does not exist on type '{}'.
generated/prisma/runtime/wasm-compiler-edge.js(5,17650): error TS2339: Property 'e' does not exist on type '{}'.
generated/prisma/runtime/wasm-compiler-edge.js(5,17665): error TS2447: The '^' operator is not allowed for boolean types. Consider using '!==' instead.
generated/prisma/runtime/wasm-compiler-edge.js(5,17667): error TS2339: Property 'e' does not exist on type '{}'.
generated/prisma/runtime/wasm-compiler-edge.js(5,17675): error TS2339: Property 's' does not exist on type '{}'.
generated/prisma/runtime/wasm-compiler-edge.js(5,17692): error TS2339: Property 'd' does not exist on type '{}'.
generated/prisma/runtime/wasm-compiler-edge.js(5,17741): error TS2339: Property 'd' does not exist on type '{}'.
generated/prisma/runtime/wasm-compiler-edge.js(5,17762): error TS2447: The '^' operator is not allowed for boolean types. Consider using '!==' instead.
generated/prisma/runtime/wasm-compiler-edge.js(5,17764): error TS2339: Property 'd' does not exist on type '{}'.
generated/prisma/runtime/wasm-compiler-edge.js(5,17778): error TS2339: Property 's' does not exist on type '{}'.
generated/prisma/runtime/wasm-compiler-edge.js(5,17802): error TS2447: The '^' operator is not allowed for boolean types. Consider using '!==' instead.
generated/prisma/runtime/wasm-compiler-edge.js(5,17808): error TS2339: Property 's' does not exist on type '{}'.
generated/prisma/runtime/wasm-compiler-edge.js(5,17820): error TS2339: Property 'decimalPlaces' does not exist on type '{}'.
generated/prisma/runtime/wasm-compiler-edge.js(5,17836): error TS2339: Property 'dp' does not exist on type '{}'.
generated/prisma/runtime/wasm-compiler-edge.js(5,17865): error TS2339: Property 'd' does not exist on type '{}'.
generated/prisma/runtime/wasm-compiler-edge.js(5,17883): error TS2339: Property 'e' does not exist on type '{}'.
generated/prisma/runtime/wasm-compiler-edge.js(5,17886): error TS7005: Variable 'H' implicitly has an 'any' type.
generated/prisma/runtime/wasm-compiler-edge.js(5,17895): error TS2339: Property 'd' does not exist on type '{}'.
generated/prisma/runtime/wasm-compiler-edge.js(5,17943): error TS2339: Property 'dividedBy' does not exist on type '{}'.
generated/prisma/runtime/wasm-compiler-edge.js(5,17955): error TS2339: Property 'div' does not exist on type '{}'.
generated/prisma/runtime/wasm-compiler-edge.js(5,17968): error TS7006: Parameter 'e' implicitly has an 'any' type.
generated/prisma/runtime/wasm-compiler-edge.js(5,17978): error TS7005: Variable '_e' implicitly has an 'any' type.
generated/prisma/runtime/wasm-compiler-edge.js(5,17990): error TS2351: This expression is not constructable.
  Type 'Function' has no construct signatures.
generated/prisma/runtime/wasm-compiler-edge.js(5,18014): error TS2339: Property 'dividedToIntegerBy' does not exist on type '{}'.
generated/prisma/runtime/wasm-compiler-edge.js(5,18035): error TS2339: Property 'idiv' does not exist on type '{}'.
generated/prisma/runtime/wasm-compiler-edge.js(5,18049): error TS7006: Parameter 'e' implicitly has an 'any' type.
generated/prisma/runtime/wasm-compiler-edge.js(5,18088): error TS7005: Variable '_e' implicitly has an 'any' type.
generated/prisma/runtime/wasm-compiler-edge.js(5,18097): error TS2351: This expression is not constructable.
  Type 'Function' has no construct signatures.
generated/prisma/runtime/wasm-compiler-edge.js(5,18109): error TS2339: Property 'precision' does not exist on type 'Function'.
generated/prisma/runtime/wasm-compiler-edge.js(5,18123): error TS2339: Property 'equals' does not exist on type '{}'.
generated/prisma/runtime/wasm-compiler-edge.js(5,18132): error TS2339: Property 'eq' does not exist on type '{}'.
generated/prisma/runtime/wasm-compiler-edge.js(5,18144): error TS7006: Parameter 'e' implicitly has an 'any' type.
generated/prisma/runtime/wasm-compiler-edge.js(5,18159): error TS2339: Property 'cmp' does not exist on type '{}'.
generated/prisma/runtime/wasm-compiler-edge.js(5,18169): error TS2339: Property 'exponent' does not exist on type '{}'.
generated/prisma/runtime/wasm-compiler-edge.js(5,18207): error TS2339: Property 'greaterThan' does not exist on type '{}'.
generated/prisma/runtime/wasm-compiler-edge.js(5,18221): error TS2339: Property 'gt' does not exist on type '{}'.
generated/prisma/runtime/wasm-compiler-edge.js(5,18233): error TS7006: Parameter 'e' implicitly has an 'any' type.
generated/prisma/runtime/wasm-compiler-edge.js(5,18248): error TS2339: Property 'cmp' does not exist on type '{}'.
generated/prisma/runtime/wasm-compiler-edge.js(5,18260): error TS2339: Property 'greaterThanOrEqualTo' does not exist on type '{}'.
generated/prisma/runtime/wasm-compiler-edge.js(5,18283): error TS2339: Property 'gte' does not exist on type '{}'.
generated/prisma/runtime/wasm-compiler-edge.js(5,18296): error TS7006: Parameter 'e' implicitly has an 'any' type.
generated/prisma/runtime/wasm-compiler-edge.js(5,18311): error TS2339: Property 'cmp' does not exist on type '{}'.
generated/prisma/runtime/wasm-compiler-edge.js(5,18324): error TS2339: Property 'isInteger' does not exist on type '{}'.
generated/prisma/runtime/wasm-compiler-edge.js(5,18336): error TS2339: Property 'isint' does not exist on type '{}'.
generated/prisma/runtime/wasm-compiler-edge.js(5,18365): error TS2339: Property 'e' does not exist on type '{}'.
generated/prisma/runtime/wasm-compiler-edge.js(5,18372): error TS2339: Property 'd' does not exist on type '{}'.
generated/prisma/runtime/wasm-compiler-edge.js(5,18386): error TS2339: Property 'isNegative' does not exist on type '{}'.
generated/prisma/runtime/wasm-compiler-edge.js(5,18399): error TS2339: Property 'isneg' does not exist on type '{}'.
generated/prisma/runtime/wasm-compiler-edge.js(5,18428): error TS2339: Property 's' does not exist on type '{}'.
generated/prisma/runtime/wasm-compiler-edge.js(5,18435): error TS2339: Property 'isPositive' does not exist on type '{}'.
generated/prisma/runtime/wasm-compiler-edge.js(5,18448): error TS2339: Property 'ispos' does not exist on type '{}'.
generated/prisma/runtime/wasm-compiler-edge.js(5,18477): error TS2339: Property 's' does not exist on type '{}'.
generated/prisma/runtime/wasm-compiler-edge.js(5,18484): error TS2339: Property 'isZero' does not exist on type '{}'.
generated/prisma/runtime/wasm-compiler-edge.js(5,18514): error TS2339: Property 's' does not exist on type '{}'.
generated/prisma/runtime/wasm-compiler-edge.js(5,18523): error TS2339: Property 'lessThan' does not exist on type '{}'.
generated/prisma/runtime/wasm-compiler-edge.js(5,18534): error TS2339: Property 'lt' does not exist on type '{}'.
generated/prisma/runtime/wasm-compiler-edge.js(5,18546): error TS7006: Parameter 'e' implicitly has an 'any' type.
generated/prisma/runtime/wasm-compiler-edge.js(5,18561): error TS2339: Property 'cmp' does not exist on type '{}'.
generated/prisma/runtime/wasm-compiler-edge.js(5,18573): error TS2339: Property 'lessThanOrEqualTo' does not exist on type '{}'.
generated/prisma/runtime/wasm-compiler-edge.js(5,18593): error TS2339: Property 'lte' does not exist on type '{}'.
generated/prisma/runtime/wasm-compiler-edge.js(5,18606): error TS7006: Parameter 'e' implicitly has an 'any' type.
generated/prisma/runtime/wasm-compiler-edge.js(5,18621): error TS2339: Property 'cmp' does not exist on type '{}'.
generated/prisma/runtime/wasm-compiler-edge.js(5,18633): error TS2339: Property 'logarithm' does not exist on type '{}'.
generated/prisma/runtime/wasm-compiler-edge.js(5,18645): error TS2339: Property 'log' does not exist on type '{}'.
generated/prisma/runtime/wasm-compiler-edge.js(5,18658): error TS7006: Parameter 'e' implicitly has an 'any' type.
generated/prisma/runtime/wasm-compiler-edge.js(5,18694): error TS2339: Property 'precision' does not exist on type 'Function'.
generated/prisma/runtime/wasm-compiler-edge.js(5,18730): error TS2351: This expression is not constructable.
  Type 'Function' has no construct signatures.
generated/prisma/runtime/wasm-compiler-edge.js(5,18750): error TS2351: This expression is not constructable.
  Type 'Function' has no construct signatures.
generated/prisma/runtime/wasm-compiler-edge.js(5,18767): error TS7005: Variable 'he' implicitly has an 'any' type.
generated/prisma/runtime/wasm-compiler-edge.js(5,18783): error TS7005: Variable 'be' implicitly has an 'any' type.
generated/prisma/runtime/wasm-compiler-edge.js(5,18798): error TS2339: Property 's' does not exist on type '{}'.
generated/prisma/runtime/wasm-compiler-edge.js(5,18814): error TS7005: Variable 'be' implicitly has an 'any' type.
generated/prisma/runtime/wasm-compiler-edge.js(5,18820): error TS2339: Property 's' does not exist on type '{}'.
generated/prisma/runtime/wasm-compiler-edge.js(5,18851): error TS2339: Property 'eq' does not exist on type '{}'.
generated/prisma/runtime/wasm-compiler-edge.js(5,18854): error TS7005: Variable 'he' implicitly has an 'any' type.
generated/prisma/runtime/wasm-compiler-edge.js(5,18862): error TS2351: This expression is not constructable.
  Type 'Function' has no construct signatures.
generated/prisma/runtime/wasm-compiler-edge.js(5,18875): error TS7005: Variable '_e' implicitly has an 'any' type.
generated/prisma/runtime/wasm-compiler-edge.js(5,18913): error TS2339: Property 'minus' does not exist on type '{}'.
generated/prisma/runtime/wasm-compiler-edge.js(5,18921): error TS2339: Property 'sub' does not exist on type '{}'.
generated/prisma/runtime/wasm-compiler-edge.js(5,18934): error TS7006: Parameter 'e' implicitly has an 'any' type.
generated/prisma/runtime/wasm-compiler-edge.js(5,18961): error TS2351: This expression is not constructable.
  Type 'Function' has no construct signatures.
generated/prisma/runtime/wasm-compiler-edge.js(5,18980): error TS2339: Property 's' does not exist on type '{}'.
generated/prisma/runtime/wasm-compiler-edge.js(5,19017): error TS2339: Property 'modulo' does not exist on type '{}'.
generated/prisma/runtime/wasm-compiler-edge.js(5,19026): error TS2339: Property 'mod' does not exist on type '{}'.
generated/prisma/runtime/wasm-compiler-edge.js(5,19039): error TS7006: Parameter 'e' implicitly has an 'any' type.
generated/prisma/runtime/wasm-compiler-edge.js(5,19075): error TS2339: Property 'precision' does not exist on type 'Function'.
generated/prisma/runtime/wasm-compiler-edge.js(5,19094): error TS2351: This expression is not constructable.
  Type 'Function' has no construct signatures.
generated/prisma/runtime/wasm-compiler-edge.js(5,19116): error TS7005: Variable 'be' implicitly has an 'any' type.
generated/prisma/runtime/wasm-compiler-edge.js(5,19135): error TS2339: Property 's' does not exist on type '{}'.
generated/prisma/runtime/wasm-compiler-edge.js(5,19145): error TS7005: Variable '_e' implicitly has an 'any' type.
generated/prisma/runtime/wasm-compiler-edge.js(5,19173): error TS2339: Property 'minus' does not exist on type '{}'.
generated/prisma/runtime/wasm-compiler-edge.js(5,19189): error TS2351: This expression is not constructable.
  Type 'Function' has no construct signatures.
generated/prisma/runtime/wasm-compiler-edge.js(5,19200): error TS2339: Property 'naturalExponential' does not exist on type '{}'.
generated/prisma/runtime/wasm-compiler-edge.js(5,19221): error TS2339: Property 'exp' does not exist on type '{}'.
generated/prisma/runtime/wasm-compiler-edge.js(5,19255): error TS2339: Property 'naturalLogarithm' does not exist on type '{}'.
generated/prisma/runtime/wasm-compiler-edge.js(5,19274): error TS2339: Property 'ln' does not exist on type '{}'.
generated/prisma/runtime/wasm-compiler-edge.js(5,19307): error TS2339: Property 'negated' does not exist on type '{}'.
generated/prisma/runtime/wasm-compiler-edge.js(5,19317): error TS2339: Property 'neg' does not exist on type '{}'.
generated/prisma/runtime/wasm-compiler-edge.js(5,19342): error TS2351: This expression is not constructable.
  Type 'Function' has no construct signatures.
generated/prisma/runtime/wasm-compiler-edge.js(5,19389): error TS2339: Property 'plus' does not exist on type '{}'.
generated/prisma/runtime/wasm-compiler-edge.js(5,19396): error TS2339: Property 'add' does not exist on type '{}'.
generated/prisma/runtime/wasm-compiler-edge.js(5,19409): error TS7006: Parameter 'e' implicitly has an 'any' type.
generated/prisma/runtime/wasm-compiler-edge.js(5,19436): error TS2351: This expression is not constructable.
  Type 'Function' has no construct signatures.
generated/prisma/runtime/wasm-compiler-edge.js(5,19455): error TS2339: Property 's' does not exist on type '{}'.
generated/prisma/runtime/wasm-compiler-edge.js(5,19492): error TS2339: Property 'precision' does not exist on type '{}'.
generated/prisma/runtime/wasm-compiler-edge.js(5,19504): error TS2339: Property 'sd' does not exist on type '{}'.
generated/prisma/runtime/wasm-compiler-edge.js(5,19516): error TS7006: Parameter 'e' implicitly has an 'any' type.
generated/prisma/runtime/wasm-compiler-edge.js(5,19585): error TS7005: Variable 'Ye' implicitly has an 'any' type.
generated/prisma/runtime/wasm-compiler-edge.js(5,19607): error TS2339: Property 'd' does not exist on type '{}'.
generated/prisma/runtime/wasm-compiler-edge.js(5,19622): error TS7005: Variable 'H' implicitly has an 'any' type.
generated/prisma/runtime/wasm-compiler-edge.js(5,19630): error TS2339: Property 'd' does not exist on type '{}'.
generated/prisma/runtime/wasm-compiler-edge.js(5,19669): error TS2339: Property 'd' does not exist on type '{}'.
generated/prisma/runtime/wasm-compiler-edge.js(5,19711): error TS2339: Property 'squareRoot' does not exist on type '{}'.
generated/prisma/runtime/wasm-compiler-edge.js(5,19724): error TS2339: Property 'sqrt' does not exist on type '{}'.
generated/prisma/runtime/wasm-compiler-edge.js(5,19786): error TS2339: Property 's' does not exist on type '{}'.
generated/prisma/runtime/wasm-compiler-edge.js(5,19797): error TS2339: Property 's' does not exist on type '{}'.
generated/prisma/runtime/wasm-compiler-edge.js(5,19810): error TS2351: This expression is not constructable.
  Type 'Function' has no construct signatures.
generated/prisma/runtime/wasm-compiler-edge.js(5,19827): error TS7005: Variable 'be' implicitly has an 'any' type.
generated/prisma/runtime/wasm-compiler-edge.js(5,19890): error TS2339: Property 'd' does not exist on type '{}'.
generated/prisma/runtime/wasm-compiler-edge.js(5,19933): error TS2345: Argument of type 'string' is not assignable to parameter of type 'number'.
generated/prisma/runtime/wasm-compiler-edge.js(5,19938): error TS7005: Variable 'dt' implicitly has an 'any' type.
generated/prisma/runtime/wasm-compiler-edge.js(5,19950): error TS2363: The right-hand side of an arithmetic operation must be of type 'any', 'number', 'bigint' or an enum type.
generated/prisma/runtime/wasm-compiler-edge.js(5,20037): error TS2351: This expression is not constructable.
  Type 'Function' has no construct signatures.
generated/prisma/runtime/wasm-compiler-edge.js(5,20049): error TS2351: This expression is not constructable.
  Type 'Function' has no construct signatures.
generated/prisma/runtime/wasm-compiler-edge.js(5,20069): error TS2339: Property 'precision' does not exist on type 'Function'.
generated/prisma/runtime/wasm-compiler-edge.js(5,20105): error TS7005: Variable '_e' implicitly has an 'any' type.
generated/prisma/runtime/wasm-compiler-edge.js(5,20306): error TS2339: Property 'times' does not exist on type '{}'.
generated/prisma/runtime/wasm-compiler-edge.js(5,20314): error TS2339: Property 'mul' does not exist on type '{}'.
generated/prisma/runtime/wasm-compiler-edge.js(5,20327): error TS7006: Parameter 'e' implicitly has an 'any' type.
generated/prisma/runtime/wasm-compiler-edge.js(5,20379): error TS2339: Property 'd' does not exist on type '{}'.
generated/prisma/runtime/wasm-compiler-edge.js(5,20390): error TS2351: This expression is not constructable.
  Type 'Function' has no construct signatures.
generated/prisma/runtime/wasm-compiler-edge.js(5,20404): error TS2339: Property 's' does not exist on type '{}'.
generated/prisma/runtime/wasm-compiler-edge.js(5,20423): error TS2351: This expression is not constructable.
  Type 'Function' has no construct signatures.
generated/prisma/runtime/wasm-compiler-edge.js(5,20439): error TS2339: Property 's' does not exist on type '{}'.
generated/prisma/runtime/wasm-compiler-edge.js(5,20445): error TS2339: Property 'e' does not exist on type '{}'.
generated/prisma/runtime/wasm-compiler-edge.js(5,20572): error TS2532: Object is possibly 'undefined'.
generated/prisma/runtime/wasm-compiler-edge.js(5,20602): error TS7005: Variable 'te' implicitly has an 'any' type.
generated/prisma/runtime/wasm-compiler-edge.js(5,20611): error TS7005: Variable 'te' implicitly has an 'any' type.
generated/prisma/runtime/wasm-compiler-edge.js(5,20622): error TS2532: Object is possibly 'undefined'.
generated/prisma/runtime/wasm-compiler-edge.js(5,20630): error TS7005: Variable 'te' implicitly has an 'any' type.
generated/prisma/runtime/wasm-compiler-edge.js(5,20692): error TS7005: Variable 'W' implicitly has an 'any' type.
generated/prisma/runtime/wasm-compiler-edge.js(5,20700): error TS2339: Property 'precision' does not exist on type 'Function'.
generated/prisma/runtime/wasm-compiler-edge.js(5,20716): error TS2339: Property 'toDecimalPlaces' does not exist on type '{}'.
generated/prisma/runtime/wasm-compiler-edge.js(5,20734): error TS2339: Property 'todp' does not exist on type '{}'.
generated/prisma/runtime/wasm-compiler-edge.js(5,20748): error TS7006: Parameter 'e' implicitly has an 'any' type.
generated/prisma/runtime/wasm-compiler-edge.js(5,20750): error TS7006: Parameter 't' implicitly has an 'any' type.
generated/prisma/runtime/wasm-compiler-edge.js(5,20793): error TS2351: This expression is not constructable.
  Type 'Function' has no construct signatures.
generated/prisma/runtime/wasm-compiler-edge.js(5,20819): error TS7005: Variable 'mt' implicitly has an 'any' type.
generated/prisma/runtime/wasm-compiler-edge.js(5,20838): error TS2339: Property 'rounding' does not exist on type 'Function'.
generated/prisma/runtime/wasm-compiler-edge.js(5,20877): error TS2339: Property 'toExponential' does not exist on type '{}'.
generated/prisma/runtime/wasm-compiler-edge.js(5,20900): error TS7006: Parameter 'e' implicitly has an 'any' type.
generated/prisma/runtime/wasm-compiler-edge.js(5,20902): error TS7006: Parameter 't' implicitly has an 'any' type.
generated/prisma/runtime/wasm-compiler-edge.js(5,20971): error TS7005: Variable 'mt' implicitly has an 'any' type.
generated/prisma/runtime/wasm-compiler-edge.js(5,20990): error TS2339: Property 'rounding' does not exist on type 'Function'.
generated/prisma/runtime/wasm-compiler-edge.js(5,21017): error TS2351: This expression is not constructable.
  Type 'Function' has no construct signatures.
generated/prisma/runtime/wasm-compiler-edge.js(5,21050): error TS2339: Property 'toFixed' does not exist on type '{}'.
generated/prisma/runtime/wasm-compiler-edge.js(5,21067): error TS7006: Parameter 'e' implicitly has an 'any' type.
generated/prisma/runtime/wasm-compiler-edge.js(5,21069): error TS7006: Parameter 't' implicitly has an 'any' type.
generated/prisma/runtime/wasm-compiler-edge.js(5,21135): error TS7005: Variable 'mt' implicitly has an 'any' type.
generated/prisma/runtime/wasm-compiler-edge.js(5,21154): error TS2339: Property 'rounding' does not exist on type 'Function'.
generated/prisma/runtime/wasm-compiler-edge.js(5,21181): error TS2351: This expression is not constructable.
  Type 'Function' has no construct signatures.
generated/prisma/runtime/wasm-compiler-edge.js(5,21226): error TS2339: Property 'isneg' does not exist on type '{}'.
generated/prisma/runtime/wasm-compiler-edge.js(5,21238): error TS2339: Property 'isZero' does not exist on type '{}'.
generated/prisma/runtime/wasm-compiler-edge.js(5,21259): error TS2339: Property 'toInteger' does not exist on type '{}'.
generated/prisma/runtime/wasm-compiler-edge.js(5,21271): error TS2339: Property 'toint' does not exist on type '{}'.
generated/prisma/runtime/wasm-compiler-edge.js(5,21328): error TS2351: This expression is not constructable.
  Type 'Function' has no construct signatures.
generated/prisma/runtime/wasm-compiler-edge.js(5,21342): error TS2339: Property 'rounding' does not exist on type 'Function'.
generated/prisma/runtime/wasm-compiler-edge.js(5,21355): error TS2339: Property 'toNumber' does not exist on type '{}'.
generated/prisma/runtime/wasm-compiler-edge.js(5,21390): error TS2339: Property 'toPower' does not exist on type '{}'.
generated/prisma/runtime/wasm-compiler-edge.js(5,21400): error TS2339: Property 'pow' does not exist on type '{}'.
generated/prisma/runtime/wasm-compiler-edge.js(5,21413): error TS7006: Parameter 'e' implicitly has an 'any' type.
generated/prisma/runtime/wasm-compiler-edge.js(5,21470): error TS2351: This expression is not constructable.
  Type 'Function' has no construct signatures.
generated/prisma/runtime/wasm-compiler-edge.js(5,21495): error TS2351: This expression is not constructable.
  Type 'Function' has no construct signatures.
generated/prisma/runtime/wasm-compiler-edge.js(5,21497): error TS7005: Variable 'he' implicitly has an 'any' type.
generated/prisma/runtime/wasm-compiler-edge.js(5,21510): error TS2351: This expression is not constructable.
  Type 'Function' has no construct signatures.
generated/prisma/runtime/wasm-compiler-edge.js(5,21542): error TS7005: Variable 'be' implicitly has an 'any' type.
generated/prisma/runtime/wasm-compiler-edge.js(5,21571): error TS2339: Property 'eq' does not exist on type 'pow'.
generated/prisma/runtime/wasm-compiler-edge.js(5,21574): error TS7005: Variable 'he' implicitly has an 'any' type.
generated/prisma/runtime/wasm-compiler-edge.js(5,21594): error TS2339: Property 'precision' does not exist on type 'Function'.
generated/prisma/runtime/wasm-compiler-edge.js(5,21609): error TS7005: Variable 'he' implicitly has an 'any' type.
generated/prisma/runtime/wasm-compiler-edge.js(5,21684): error TS7005: Variable 'Go' implicitly has an 'any' type.
generated/prisma/runtime/wasm-compiler-edge.js(5,21698): error TS2351: This expression is not constructable.
  Type 'Function' has no construct signatures.
generated/prisma/runtime/wasm-compiler-edge.js(5,21700): error TS7005: Variable 'he' implicitly has an 'any' type.
generated/prisma/runtime/wasm-compiler-edge.js(5,21718): error TS7005: Variable 'H' implicitly has an 'any' type.
generated/prisma/runtime/wasm-compiler-edge.js(5,21760): error TS7005: Variable 'dt' implicitly has an 'any' type.
generated/prisma/runtime/wasm-compiler-edge.js(5,21779): error TS2339: Property 'times' does not exist on type 'pow'.
generated/prisma/runtime/wasm-compiler-edge.js(5,21793): error TS2339: Property 'd' does not exist on type 'pow'.
generated/prisma/runtime/wasm-compiler-edge.js(5,21820): error TS2351: This expression is not constructable.
  Type 'Function' has no construct signatures.
generated/prisma/runtime/wasm-compiler-edge.js(5,21822): error TS7005: Variable 'he' implicitly has an 'any' type.
generated/prisma/runtime/wasm-compiler-edge.js(5,21865): error TS7005: Variable 'be' implicitly has an 'any' type.
generated/prisma/runtime/wasm-compiler-edge.js(5,21971): error TS2339: Property 'toPrecision' does not exist on type '{}'.
generated/prisma/runtime/wasm-compiler-edge.js(5,21992): error TS7006: Parameter 'e' implicitly has an 'any' type.
generated/prisma/runtime/wasm-compiler-edge.js(5,21994): error TS7006: Parameter 't' implicitly has an 'any' type.
generated/prisma/runtime/wasm-compiler-edge.js(5,22066): error TS2339: Property 'toExpNeg' does not exist on type 'Function'.
generated/prisma/runtime/wasm-compiler-edge.js(5,22081): error TS2339: Property 'toExpPos' does not exist on type 'Function'.
generated/prisma/runtime/wasm-compiler-edge.js(5,22100): error TS7005: Variable 'mt' implicitly has an 'any' type.
generated/prisma/runtime/wasm-compiler-edge.js(5,22119): error TS2339: Property 'rounding' does not exist on type 'Function'.
generated/prisma/runtime/wasm-compiler-edge.js(5,22146): error TS2351: This expression is not constructable.
  Type 'Function' has no construct signatures.
generated/prisma/runtime/wasm-compiler-edge.js(5,22181): error TS2339: Property 'toExpNeg' does not exist on type 'Function'.
generated/prisma/runtime/wasm-compiler-edge.js(5,22199): error TS2339: Property 'toSignificantDigits' does not exist on type '{}'.
generated/prisma/runtime/wasm-compiler-edge.js(5,22221): error TS2339: Property 'tosd' does not exist on type '{}'.
generated/prisma/runtime/wasm-compiler-edge.js(5,22235): error TS7006: Parameter 'e' implicitly has an 'any' type.
generated/prisma/runtime/wasm-compiler-edge.js(5,22237): error TS7006: Parameter 't' implicitly has an 'any' type.
generated/prisma/runtime/wasm-compiler-edge.js(5,22290): error TS2339: Property 'precision' does not exist on type 'Function'.
generated/prisma/runtime/wasm-compiler-edge.js(5,22304): error TS2339: Property 'rounding' does not exist on type 'Function'.
generated/prisma/runtime/wasm-compiler-edge.js(5,22322): error TS7005: Variable 'mt' implicitly has an 'any' type.
generated/prisma/runtime/wasm-compiler-edge.js(5,22341): error TS2339: Property 'rounding' does not exist on type 'Function'.
generated/prisma/runtime/wasm-compiler-edge.js(5,22367): error TS2351: This expression is not constructable.
  Type 'Function' has no construct signatures.
generated/prisma/runtime/wasm-compiler-edge.js(5,22401): error TS2339: Property 'val' does not exist on type '{}'.
generated/prisma/runtime/wasm-compiler-edge.js(5,22407): error TS2339: Property 'toJSON' does not exist on type '{}'.
generated/prisma/runtime/wasm-compiler-edge.js(5,22414): error TS7053: Element implicitly has an 'any' type because expression of type 'symbol' can't be used to index type '{}'.
generated/prisma/runtime/wasm-compiler-edge.js(5,22520): error TS2339: Property 'toExpNeg' does not exist on type 'Function'.
generated/prisma/runtime/wasm-compiler-edge.js(5,22535): error TS2339: Property 'toExpPos' does not exist on type 'Function'.
generated/prisma/runtime/wasm-compiler-edge.js(5,22571): error TS7006: Parameter 'n' implicitly has an 'any' type.
generated/prisma/runtime/wasm-compiler-edge.js(5,22573): error TS7006: Parameter 'i' implicitly has an 'any' type.
generated/prisma/runtime/wasm-compiler-edge.js(5,22636): error TS7005: Variable 'te' implicitly has an 'any' type.
generated/prisma/runtime/wasm-compiler-edge.js(5,22645): error TS7005: Variable 'te' implicitly has an 'any' type.
generated/prisma/runtime/wasm-compiler-edge.js(5,22686): error TS7006: Parameter 'n' implicitly has an 'any' type.
generated/prisma/runtime/wasm-compiler-edge.js(5,22688): error TS7006: Parameter 'i' implicitly has an 'any' type.
generated/prisma/runtime/wasm-compiler-edge.js(5,22690): error TS7006: Parameter 'o' implicitly has an 'any' type.
generated/prisma/runtime/wasm-compiler-edge.js(5,22692): error TS7006: Parameter 's' implicitly has an 'any' type.
generated/prisma/runtime/wasm-compiler-edge.js(5,22803): error TS7006: Parameter 'n' implicitly has an 'any' type.
generated/prisma/runtime/wasm-compiler-edge.js(5,22805): error TS7006: Parameter 'i' implicitly has an 'any' type.
generated/prisma/runtime/wasm-compiler-edge.js(5,22807): error TS7006: Parameter 'o' implicitly has an 'any' type.
generated/prisma/runtime/wasm-compiler-edge.js(5,22858): error TS7005: Variable 'te' implicitly has an 'any' type.
generated/prisma/runtime/wasm-compiler-edge.js(5,22921): error TS7006: Parameter 'n' implicitly has an 'any' type.
generated/prisma/runtime/wasm-compiler-edge.js(5,22923): error TS7006: Parameter 'i' implicitly has an 'any' type.
generated/prisma/runtime/wasm-compiler-edge.js(5,22925): error TS7006: Parameter 'o' implicitly has an 'any' type.
generated/prisma/runtime/wasm-compiler-edge.js(5,22927): error TS7006: Parameter 's' implicitly has an 'any' type.
generated/prisma/runtime/wasm-compiler-edge.js(5,23069): error TS7005: Variable 'be' implicitly has an 'any' type.
generated/prisma/runtime/wasm-compiler-edge.js(5,23286): error TS7005: Variable 'H' implicitly has an 'any' type.
generated/prisma/runtime/wasm-compiler-edge.js(5,23346): error TS7005: Variable 'te' implicitly has an 'any' type.
generated/prisma/runtime/wasm-compiler-edge.js(5,23360): error TS2322: Type 'number' is not assignable to type 'never'.
generated/prisma/runtime/wasm-compiler-edge.js(5,23390): error TS7005: Variable 'te' implicitly has an 'any' type.
generated/prisma/runtime/wasm-compiler-edge.js(5,23546): error TS7005: Variable 'te' implicitly has an 'any' type.
generated/prisma/runtime/wasm-compiler-edge.js(5,23605): error TS7005: Variable 'te' implicitly has an 'any' type.
generated/prisma/runtime/wasm-compiler-edge.js(5,23637): error TS7005: Variable 'te' implicitly has an 'any' type.
generated/prisma/runtime/wasm-compiler-edge.js(5,23644): error TS7005: Variable 'te' implicitly has an 'any' type.
generated/prisma/runtime/wasm-compiler-edge.js(5,23883): error TS2322: Type 'number' is not assignable to type 'never'.
generated/prisma/runtime/wasm-compiler-edge.js(5,24058): error TS7034: Variable 'v' implicitly has type 'any' in some locations where its type cannot be determined.
generated/prisma/runtime/wasm-compiler-edge.js(5,24060): error TS7034: Variable 'se' implicitly has type 'any' in some locations where its type cannot be determined.
generated/prisma/runtime/wasm-compiler-edge.js(5,24107): error TS7005: Variable 'Zr' implicitly has an 'any' type.
generated/prisma/runtime/wasm-compiler-edge.js(5,24127): error TS7006: Parameter 't' implicitly has an 'any' type.
generated/prisma/runtime/wasm-compiler-edge.js(5,24150): error TS7005: Variable 'Zr' implicitly has an 'any' type.
generated/prisma/runtime/wasm-compiler-edge.js(5,24266): error TS7005: Variable 'Zr' implicitly has an 'any' type.
generated/prisma/runtime/wasm-compiler-edge.js(5,24586): error TS7006: Parameter 'e' implicitly has an 'any' type.
generated/prisma/runtime/wasm-compiler-edge.js(5,24849): error TS7006: Parameter 'e' implicitly has an 'any' type.
generated/prisma/runtime/wasm-compiler-edge.js(5,24851): error TS7006: Parameter 't' implicitly has an 'any' type.
generated/prisma/runtime/wasm-compiler-edge.js(5,24877): error TS7034: Variable 'fs' implicitly has type 'any' in some locations where its type cannot be determined.
generated/prisma/runtime/wasm-compiler-edge.js(5,25243): error TS7006: Parameter 'Vy' implicitly has an 'any' type.
generated/prisma/runtime/wasm-compiler-edge.js(5,25246): error TS7006: Parameter 'Qu' implicitly has an 'any' type.
generated/prisma/runtime/wasm-compiler-edge.js(5,27589): error TS7019: Rest parameter 'e' implicitly has an 'any[]' type.
generated/prisma/runtime/wasm-compiler-edge.js(5,27626): error TS7019: Rest parameter 'e' implicitly has an 'any[]' type.
generated/prisma/runtime/wasm-compiler-edge.js(5,27663): error TS7006: Parameter 'e' implicitly has an 'any' type.
generated/prisma/runtime/wasm-compiler-edge.js(5,27760): error TS7006: Parameter 'e' implicitly has an 'any' type.
generated/prisma/runtime/wasm-compiler-edge.js(5,27815): error TS7006: Parameter 'e' implicitly has an 'any' type.
generated/prisma/runtime/wasm-compiler-edge.js(5,27872): error TS7006: Parameter 'e' implicitly has an 'any' type.
generated/prisma/runtime/wasm-compiler-edge.js(5,27901): error TS7006: Parameter 'i' implicitly has an 'any' type.
generated/prisma/runtime/wasm-compiler-edge.js(5,28035): error TS7034: Variable 'rn' implicitly has type 'any' in some locations where its type cannot be determined.
generated/prisma/runtime/wasm-compiler-edge.js(5,28244): error TS7005: Variable 'Zt' implicitly has an 'any' type.
generated/prisma/runtime/wasm-compiler-edge.js(5,28277): error TS7005: Variable 'yt' implicitly has an 'any' type.
generated/prisma/runtime/wasm-compiler-edge.js(5,28334): error TS7005: Variable 'Xt' implicitly has an 'any' type.
generated/prisma/runtime/wasm-compiler-edge.js(5,28403): error TS7006: Parameter 'e' implicitly has an 'any' type.
generated/prisma/runtime/wasm-compiler-edge.js(5,28405): error TS7006: Parameter 't' implicitly has an 'any' type.
generated/prisma/runtime/wasm-compiler-edge.js(5,28407): error TS7006: Parameter 'r' implicitly has an 'any' type.
generated/prisma/runtime/wasm-compiler-edge.js(5,28527): error TS7006: Parameter 'e' implicitly has an 'any' type.
generated/prisma/runtime/wasm-compiler-edge.js(5,28541): error TS7005: Variable 'Zt' implicitly has an 'any' type.
generated/prisma/runtime/wasm-compiler-edge.js(5,28551): error TS7034: Variable 'Xt' implicitly has type 'any' in some locations where its type cannot be determined.
generated/prisma/runtime/wasm-compiler-edge.js(5,28554): error TS7034: Variable 'Zt' implicitly has type 'any' in some locations where its type cannot be determined.
generated/prisma/runtime/wasm-compiler-edge.js(5,28557): error TS7034: Variable 'yt' implicitly has type 'any' in some locations where its type cannot be determined.
generated/prisma/runtime/wasm-compiler-edge.js(5,28638): error TS7008: Member '#t' implicitly has an 'any[]' type.
generated/prisma/runtime/wasm-compiler-edge.js(5,28659): error TS7006: Parameter 't' implicitly has an 'any' type.
generated/prisma/runtime/wasm-compiler-edge.js(5,28679): error TS7006: Parameter 't' implicitly has an 'any' type.
generated/prisma/runtime/wasm-compiler-edge.js(5,28986): error TS7006: Parameter '$h' implicitly has an 'any' type.
generated/prisma/runtime/wasm-compiler-edge.js(5,28989): error TS7006: Parameter 'tp' implicitly has an 'any' type.
generated/prisma/runtime/wasm-compiler-edge.js(5,29508): error TS7006: Parameter 'an' implicitly has an 'any' type.
generated/prisma/runtime/wasm-compiler-edge.js(5,29683): error TS7006: Parameter 'ew' implicitly has an 'any' type.
generated/prisma/runtime/wasm-compiler-edge.js(5,29686): error TS7006: Parameter 'As' implicitly has an 'any' type.
generated/prisma/runtime/wasm-compiler-edge.js(5,29741): error TS7006: Parameter 'e' implicitly has an 'any' type.
generated/prisma/runtime/wasm-compiler-edge.js(5,29747): error TS7006: Parameter 'r' implicitly has an 'any' type.
generated/prisma/runtime/wasm-compiler-edge.js(5,30245): error TS7006: Parameter 'Lw' implicitly has an 'any' type.
generated/prisma/runtime/wasm-compiler-edge.js(5,30248): error TS7006: Parameter 'un' implicitly has an 'any' type.
generated/prisma/runtime/wasm-compiler-edge.js(5,30322): error TS2339: Property 'repoUrl' does not exist on type '{}'.
generated/prisma/runtime/wasm-compiler-edge.js(5,30334): error TS2339: Property 'repoUrl' does not exist on type '{}'.
generated/prisma/runtime/wasm-compiler-edge.js(5,30352): error TS2339: Property 'user' does not exist on type '{}'.
generated/prisma/runtime/wasm-compiler-edge.js(5,30360): error TS2339: Property 'repo' does not exist on type '{}'.
generated/prisma/runtime/wasm-compiler-edge.js(5,30391): error TS2339: Property 'user' does not exist on type '{}'.
generated/prisma/runtime/wasm-compiler-edge.js(5,30401): error TS2339: Property 'repo' does not exist on type '{}'.
generated/prisma/runtime/wasm-compiler-edge.js(5,30646): error TS7053: Element implicitly has an 'any' type because expression of type 'string' can't be used to index type '{}'.
  No index signature with a parameter of type 'string' was found on type '{}'.
generated/prisma/runtime/wasm-compiler-edge.js(5,30885): error TS7006: Parameter 'SP' implicitly has an 'any' type.
generated/prisma/runtime/wasm-compiler-edge.js(5,30888): error TS7006: Parameter '_s' implicitly has an 'any' type.
generated/prisma/runtime/wasm-compiler-edge.js(5,30964): error TS7006: Parameter 't' implicitly has an 'any' type.
generated/prisma/runtime/wasm-compiler-edge.js(5,30966): error TS7006: Parameter 'r' implicitly has an 'any' type.
generated/prisma/runtime/wasm-compiler-edge.js(5,30968): error TS7006: Parameter 'n' implicitly has an 'any' type.
generated/prisma/runtime/wasm-compiler-edge.js(5,30970): error TS7006: Parameter 'i' implicitly has an 'any' type.
generated/prisma/runtime/wasm-compiler-edge.js(5,30972): error TS7006: Parameter 'o' implicitly has an 'any' type.
generated/prisma/runtime/wasm-compiler-edge.js(5,31031): error TS7006: Parameter 't' implicitly has an 'any' type.
generated/prisma/runtime/wasm-compiler-edge.js(5,31033): error TS7006: Parameter 'r' implicitly has an 'any' type.
generated/prisma/runtime/wasm-compiler-edge.js(5,31846): error TS7034: Variable 'kn' implicitly has type 'any' in some locations where its type cannot be determined.
generated/prisma/runtime/wasm-compiler-edge.js(5,31919): error TS7006: Parameter 't' implicitly has an 'any' type.
generated/prisma/runtime/wasm-compiler-edge.js(5,31921): error TS7006: Parameter 'r' implicitly has an 'any' type.
generated/prisma/runtime/wasm-compiler-edge.js(5,31931): error TS7053: Element implicitly has an 'any' type because expression of type 'any' can't be used to index type '{}'.
generated/prisma/runtime/wasm-compiler-edge.js(5,31948): error TS7053: Element implicitly has an 'any' type because expression of type 'any' can't be used to index type '{}'.
generated/prisma/runtime/wasm-compiler-edge.js(5,31967): error TS7053: Element implicitly has an 'any' type because expression of type 'any' can't be used to index type '{}'.
generated/prisma/runtime/wasm-compiler-edge.js(5,32000): error TS7006: Parameter 't' implicitly has an 'any' type.
generated/prisma/runtime/wasm-compiler-edge.js(5,32002): error TS7019: Rest parameter 'r' implicitly has an 'any[]' type.
generated/prisma/runtime/wasm-compiler-edge.js(5,32015): error TS7053: Element implicitly has an 'any' type because expression of type 'any' can't be used to index type '{}'.
generated/prisma/runtime/wasm-compiler-edge.js(5,32031): error TS7053: Element implicitly has an 'any' type because expression of type 'any' can't be used to index type '{}'.
generated/prisma/runtime/wasm-compiler-edge.js(5,32054): error TS7006: Parameter 'n' implicitly has an 'any' type.
generated/prisma/runtime/wasm-compiler-edge.js(5,32089): error TS7006: Parameter 'rt' implicitly has an 'any' type.
generated/prisma/runtime/wasm-compiler-edge.js(5,32260): error TS7006: Parameter 'e' implicitly has an 'any' type.
generated/prisma/runtime/wasm-compiler-edge.js(5,32361): error TS7006: Parameter 'e' implicitly has an 'any' type.
generated/prisma/runtime/wasm-compiler-edge.js(5,32465): error TS7006: Parameter 'e' implicitly has an 'any' type.
generated/prisma/runtime/wasm-compiler-edge.js(5,32467): error TS7019: Rest parameter 't' implicitly has an 'any[]' type.
generated/prisma/runtime/wasm-compiler-edge.js(5,32648): error TS7006: Parameter 'e' implicitly has an 'any' type.
generated/prisma/runtime/wasm-compiler-edge.js(5,32814): error TS7006: Parameter 'e' implicitly has an 'any' type.
generated/prisma/runtime/wasm-compiler-edge.js(5,32975): error TS7006: Parameter 'e' implicitly has an 'any' type.
generated/prisma/runtime/wasm-compiler-edge.js(5,32977): error TS7006: Parameter 't' implicitly has an 'any' type.
generated/prisma/runtime/wasm-compiler-edge.js(5,33107): error TS7006: Parameter '_' implicitly has an 'any' type.
generated/prisma/runtime/wasm-compiler-edge.js(5,33450): error TS7006: Parameter 'e' implicitly has an 'any' type.
generated/prisma/runtime/wasm-compiler-edge.js(5,33555): error TS7006: Parameter 'e' implicitly has an 'any' type.
generated/prisma/runtime/wasm-compiler-edge.js(5,33713): error TS7006: Parameter 'e' implicitly has an 'any' type.
generated/prisma/runtime/wasm-compiler-edge.js(5,33715): error TS7006: Parameter 't' implicitly has an 'any' type.
generated/prisma/runtime/wasm-compiler-edge.js(5,33770): error TS7006: Parameter 'e' implicitly has an 'any' type.
generated/prisma/runtime/wasm-compiler-edge.js(5,33772): error TS7006: Parameter 't' implicitly has an 'any' type.
generated/prisma/runtime/wasm-compiler-edge.js(5,33774): error TS7006: Parameter 'r' implicitly has an 'any' type.
generated/prisma/runtime/wasm-compiler-edge.js(5,33803): error TS7006: Parameter 'e' implicitly has an 'any' type.
generated/prisma/runtime/wasm-compiler-edge.js(5,33805): error TS7006: Parameter 't' implicitly has an 'any' type.
generated/prisma/runtime/wasm-compiler-edge.js(5,33807): error TS7006: Parameter 'r' implicitly has an 'any' type.
generated/prisma/runtime/wasm-compiler-edge.js(5,33844): error TS7006: Parameter 'e' implicitly has an 'any' type.
generated/prisma/runtime/wasm-compiler-edge.js(5,33846): error TS7006: Parameter 't' implicitly has an 'any' type.
generated/prisma/runtime/wasm-compiler-edge.js(5,33848): error TS7006: Parameter 'r' implicitly has an 'any' type.
generated/prisma/runtime/wasm-compiler-edge.js(5,33886): error TS7006: Parameter 'e' implicitly has an 'any' type.
generated/prisma/runtime/wasm-compiler-edge.js(5,33888): error TS7006: Parameter 't' implicitly has an 'any' type.
generated/prisma/runtime/wasm-compiler-edge.js(5,33890): error TS7006: Parameter 'r' implicitly has an 'any' type.
generated/prisma/runtime/wasm-compiler-edge.js(5,33928): error TS7006: Parameter 'e' implicitly has an 'any' type.
generated/prisma/runtime/wasm-compiler-edge.js(5,33930): error TS7006: Parameter 't' implicitly has an 'any' type.
generated/prisma/runtime/wasm-compiler-edge.js(5,33932): error TS7006: Parameter 'r' implicitly has an 'any' type.
generated/prisma/runtime/wasm-compiler-edge.js(5,33973): error TS7006: Parameter 'e' implicitly has an 'any' type.
generated/prisma/runtime/wasm-compiler-edge.js(5,33975): error TS7006: Parameter 't' implicitly has an 'any' type.
generated/prisma/runtime/wasm-compiler-edge.js(5,33977): error TS7006: Parameter 'r' implicitly has an 'any' type.
generated/prisma/runtime/wasm-compiler-edge.js(5,34018): error TS7006: Parameter 'e' implicitly has an 'any' type.
generated/prisma/runtime/wasm-compiler-edge.js(5,34020): error TS7006: Parameter 't' implicitly has an 'any' type.
generated/prisma/runtime/wasm-compiler-edge.js(5,34047): error TS7006: Parameter 'e' implicitly has an 'any' type.
generated/prisma/runtime/wasm-compiler-edge.js(5,34049): error TS7006: Parameter 't' implicitly has an 'any' type.
generated/prisma/runtime/wasm-compiler-edge.js(5,34076): error TS7006: Parameter 'e' implicitly has an 'any' type.
generated/prisma/runtime/wasm-compiler-edge.js(5,34078): error TS7006: Parameter 't' implicitly has an 'any' type.
generated/prisma/runtime/wasm-compiler-edge.js(5,34080): error TS7006: Parameter 'r' implicitly has an 'any' type.
generated/prisma/runtime/wasm-compiler-edge.js(5,34118): error TS7006: Parameter 'e' implicitly has an 'any' type.
generated/prisma/runtime/wasm-compiler-edge.js(5,34120): error TS7006: Parameter 't' implicitly has an 'any' type.
generated/prisma/runtime/wasm-compiler-edge.js(5,34122): error TS7006: Parameter 'r' implicitly has an 'any' type.
generated/prisma/runtime/wasm-compiler-edge.js(5,34160): error TS7006: Parameter 'e' implicitly has an 'any' type.
generated/prisma/runtime/wasm-compiler-edge.js(5,34162): error TS7006: Parameter 't' implicitly has an 'any' type.
generated/prisma/runtime/wasm-compiler-edge.js(5,34164): error TS7006: Parameter 'r' implicitly has an 'any' type.
generated/prisma/runtime/wasm-compiler-edge.js(5,34205): error TS7006: Parameter 'e' implicitly has an 'any' type.
generated/prisma/runtime/wasm-compiler-edge.js(5,34207): error TS7006: Parameter 't' implicitly has an 'any' type.
generated/prisma/runtime/wasm-compiler-edge.js(5,34209): error TS7006: Parameter 'r' implicitly has an 'any' type.
generated/prisma/runtime/wasm-compiler-edge.js(5,34254): error TS7006: Parameter 'e' implicitly has an 'any' type.
generated/prisma/runtime/wasm-compiler-edge.js(5,34256): error TS7006: Parameter 't' implicitly has an 'any' type.
generated/prisma/runtime/wasm-compiler-edge.js(5,34258): error TS7006: Parameter 'r' implicitly has an 'any' type.
generated/prisma/runtime/wasm-compiler-edge.js(5,34260): error TS7006: Parameter 'n' implicitly has an 'any' type.
generated/prisma/runtime/wasm-compiler-edge.js(5,34327): error TS7006: Parameter 'e' implicitly has an 'any' type.
generated/prisma/runtime/wasm-compiler-edge.js(5,34329): error TS7006: Parameter 't' implicitly has an 'any' type.
generated/prisma/runtime/wasm-compiler-edge.js(5,34331): error TS7006: Parameter 'r' implicitly has an 'any' type.
generated/prisma/runtime/wasm-compiler-edge.js(5,34378): error TS7006: Parameter 'e' implicitly has an 'any' type.
generated/prisma/runtime/wasm-compiler-edge.js(5,34380): error TS7006: Parameter 't' implicitly has an 'any' type.
generated/prisma/runtime/wasm-compiler-edge.js(5,34382): error TS7006: Parameter 'r' implicitly has an 'any' type.
generated/prisma/runtime/wasm-compiler-edge.js(5,34384): error TS7006: Parameter 'n' implicitly has an 'any' type.
generated/prisma/runtime/wasm-compiler-edge.js(5,34427): error TS7006: Parameter 'e' implicitly has an 'any' type.
generated/prisma/runtime/wasm-compiler-edge.js(5,34429): error TS7006: Parameter 't' implicitly has an 'any' type.
generated/prisma/runtime/wasm-compiler-edge.js(5,34431): error TS7006: Parameter 'r' implicitly has an 'any' type.
generated/prisma/runtime/wasm-compiler-edge.js(5,34433): error TS7006: Parameter 'n' implicitly has an 'any' type.
generated/prisma/runtime/wasm-compiler-edge.js(5,34488): error TS7006: Parameter 'e' implicitly has an 'any' type.
generated/prisma/runtime/wasm-compiler-edge.js(5,34490): error TS7006: Parameter 't' implicitly has an 'any' type.
generated/prisma/runtime/wasm-compiler-edge.js(5,34492): error TS7006: Parameter 'r' implicitly has an 'any' type.
generated/prisma/runtime/wasm-compiler-edge.js(5,34494): error TS7006: Parameter 'n' implicitly has an 'any' type.
generated/prisma/runtime/wasm-compiler-edge.js(5,34496): error TS7006: Parameter 'i' implicitly has an 'any' type.
generated/prisma/runtime/wasm-compiler-edge.js(5,34541): error TS7006: Parameter 'e' implicitly has an 'any' type.
generated/prisma/runtime/wasm-compiler-edge.js(5,34543): error TS7006: Parameter 't' implicitly has an 'any' type.
generated/prisma/runtime/wasm-compiler-edge.js(5,34545): error TS7006: Parameter 'r' implicitly has an 'any' type.
generated/prisma/runtime/wasm-compiler-edge.js(5,34547): error TS7006: Parameter 'n' implicitly has an 'any' type.
generated/prisma/runtime/wasm-compiler-edge.js(5,34549): error TS7006: Parameter 'i' implicitly has an 'any' type.
generated/prisma/runtime/wasm-compiler-edge.js(5,34612): error TS7006: Parameter 'e' implicitly has an 'any' type.
generated/prisma/runtime/wasm-compiler-edge.js(5,34614): error TS7006: Parameter 't' implicitly has an 'any' type.
generated/prisma/runtime/wasm-compiler-edge.js(5,34616): error TS7006: Parameter 'r' implicitly has an 'any' type.
generated/prisma/runtime/wasm-compiler-edge.js(5,34618): error TS7006: Parameter 'n' implicitly has an 'any' type.
generated/prisma/runtime/wasm-compiler-edge.js(5,34620): error TS7006: Parameter 'i' implicitly has an 'any' type.
generated/prisma/runtime/wasm-compiler-edge.js(5,34622): error TS7006: Parameter 'o' implicitly has an 'any' type.
generated/prisma/runtime/wasm-compiler-edge.js(5,34905): error TS7006: Parameter '$n' implicitly has an 'any' type.
generated/prisma/runtime/wasm-compiler-edge.js(5,35166): error TS7006: Parameter 'U' implicitly has an 'any' type.
generated/prisma/runtime/wasm-compiler-edge.js(5,35639): error TS7006: Parameter 'e' implicitly has an 'any' type.
generated/prisma/runtime/wasm-compiler-edge.js(5,35743): error TS7006: Parameter 'e' implicitly has an 'any' type.
generated/prisma/runtime/wasm-compiler-edge.js(5,35816): error TS7006: Parameter 'e' implicitly has an 'any' type.
generated/prisma/runtime/wasm-compiler-edge.js(5,35904): error TS7006: Parameter 'e' implicitly has an 'any' type.
generated/prisma/runtime/wasm-compiler-edge.js(5,35975): error TS7006: Parameter 'e' implicitly has an 'any' type.
generated/prisma/runtime/wasm-compiler-edge.js(5,35977): error TS7006: Parameter 't' implicitly has an 'any' type.
generated/prisma/runtime/wasm-compiler-edge.js(5,36013): error TS7006: Parameter 'e' implicitly has an 'any' type.
generated/prisma/runtime/wasm-compiler-edge.js(5,36015): error TS7006: Parameter 't' implicitly has an 'any' type.
generated/prisma/runtime/wasm-compiler-edge.js(5,36122): error TS7006: Parameter 'e' implicitly has an 'any' type.
generated/prisma/runtime/wasm-compiler-edge.js(5,36208): error TS7006: Parameter 'e' implicitly has an 'any' type.
generated/prisma/runtime/wasm-compiler-edge.js(5,36213): error TS7006: Parameter 'e' implicitly has an 'any' type.
generated/prisma/runtime/wasm-compiler-edge.js(5,36234): error TS7006: Parameter 'e' implicitly has an 'any' type.
generated/prisma/runtime/wasm-compiler-edge.js(5,36360): error TS7006: Parameter 'e' implicitly has an 'any' type.
generated/prisma/runtime/wasm-compiler-edge.js(5,36491): error TS7006: Parameter 'e' implicitly has an 'any' type.
generated/prisma/runtime/wasm-compiler-edge.js(5,36621): error TS7006: Parameter 'e' implicitly has an 'any' type.
generated/prisma/runtime/wasm-compiler-edge.js(5,36935): error TS2532: Object is possibly 'undefined'.
generated/prisma/runtime/wasm-compiler-edge.js(5,36940): error TS2532: Object is possibly 'undefined'.
generated/prisma/runtime/wasm-compiler-edge.js(5,37101): error TS7006: Parameter 'e' implicitly has an 'any' type.
generated/prisma/runtime/wasm-compiler-edge.js(5,37103): error TS7006: Parameter 't' implicitly has an 'any' type.
generated/prisma/runtime/wasm-compiler-edge.js(5,37105): error TS7006: Parameter 'r' implicitly has an 'any' type.
generated/prisma/runtime/wasm-compiler-edge.js(5,37223): error TS7006: Parameter 'e' implicitly has an 'any' type.
generated/prisma/runtime/wasm-compiler-edge.js(5,37373): error TS7006: Parameter 'e' implicitly has an 'any' type.
generated/prisma/runtime/wasm-compiler-edge.js(5,37444): error TS7019: Rest parameter 'e' implicitly has an 'any[]' type.
generated/prisma/runtime/wasm-compiler-edge.js(5,37658): error TS2339: Property '_cloneInto' does not exist on type 'ro'.
generated/prisma/runtime/wasm-compiler-edge.js(5,37695): error TS7006: Parameter 'e' implicitly has an 'any' type.
generated/prisma/runtime/wasm-compiler-edge.js(5,37697): error TS7006: Parameter 't' implicitly has an 'any' type.
generated/prisma/runtime/wasm-compiler-edge.js(5,37850): error TS7006: Parameter 'e' implicitly has an 'any' type.
generated/prisma/runtime/wasm-compiler-edge.js(5,37859): error TS7006: Parameter 'n' implicitly has an 'any' type.
generated/prisma/runtime/wasm-compiler-edge.js(5,37979): error TS7006: Parameter 'e' implicitly has an 'any' type.
generated/prisma/runtime/wasm-compiler-edge.js(5,37989): error TS7006: Parameter 'n' implicitly has an 'any' type.
generated/prisma/runtime/wasm-compiler-edge.js(5,37991): error TS7006: Parameter 'i' implicitly has an 'any' type.
generated/prisma/runtime/wasm-compiler-edge.js(5,38093): error TS7006: Parameter 'n' implicitly has an 'any' type.
generated/prisma/runtime/wasm-compiler-edge.js(5,38115): error TS7006: Parameter 'e' implicitly has an 'any' type.
generated/prisma/runtime/wasm-compiler-edge.js(5,38125): error TS7006: Parameter 'n' implicitly has an 'any' type.
generated/prisma/runtime/wasm-compiler-edge.js(5,38127): error TS7006: Parameter 'i' implicitly has an 'any' type.
generated/prisma/runtime/wasm-compiler-edge.js(5,38229): error TS7006: Parameter 'n' implicitly has an 'any' type.
generated/prisma/runtime/wasm-compiler-edge.js(5,38526): error TS7006: Parameter 'J' implicitly has an 'any' type.
generated/prisma/runtime/wasm-compiler-edge.js(5,38791): error TS7034: Variable 'Ml' implicitly has type 'any[]' in some locations where its type cannot be determined.
generated/prisma/runtime/wasm-compiler-edge.js(5,38797): error TS7034: Variable 'Nl' implicitly has type 'any[]' in some locations where its type cannot be determined.
generated/prisma/runtime/wasm-compiler-edge.js(5,39126): error TS7006: Parameter 'e' implicitly has an 'any' type.
generated/prisma/runtime/wasm-compiler-edge.js(5,39128): error TS7006: Parameter 't' implicitly has an 'any' type.
generated/prisma/runtime/wasm-compiler-edge.js(5,39130): error TS7006: Parameter 'r' implicitly has an 'any' type.
generated/prisma/runtime/wasm-compiler-edge.js(5,39185): error TS7006: Parameter 'e' implicitly has an 'any' type.
generated/prisma/runtime/wasm-compiler-edge.js(5,39187): error TS7006: Parameter 't' implicitly has an 'any' type.
generated/prisma/runtime/wasm-compiler-edge.js(5,39189): error TS7006: Parameter 'r' implicitly has an 'any' type.
generated/prisma/runtime/wasm-compiler-edge.js(5,39252): error TS7006: Parameter 'e' implicitly has an 'any' type.
generated/prisma/runtime/wasm-compiler-edge.js(5,39451): error TS2532: Object is possibly 'undefined'.
generated/prisma/runtime/wasm-compiler-edge.js(5,39468): error TS2532: Object is possibly 'undefined'.
generated/prisma/runtime/wasm-compiler-edge.js(5,39566): error TS7005: Variable 'Nl' implicitly has an 'any[]' type.
generated/prisma/runtime/wasm-compiler-edge.js(5,39598): error TS7005: Variable 'Ml' implicitly has an 'any[]' type.
generated/prisma/runtime/wasm-compiler-edge.js(5,39723): error TS2532: Object is possibly 'undefined'.
generated/prisma/runtime/wasm-compiler-edge.js(5,39735): error TS2532: Object is possibly 'undefined'.
generated/prisma/runtime/wasm-compiler-edge.js(5,39824): error TS7006: Parameter 't' implicitly has an 'any' type.
generated/prisma/runtime/wasm-compiler-edge.js(5,39826): error TS7006: Parameter 'r' implicitly has an 'any' type.
generated/prisma/runtime/wasm-compiler-edge.js(5,39828): error TS7006: Parameter 'n' implicitly has an 'any' type.
generated/prisma/runtime/wasm-compiler-edge.js(5,40324): error TS7006: Parameter 't' implicitly has an 'any' type.
generated/prisma/runtime/wasm-compiler-edge.js(5,40481): error TS2532: Object is possibly 'undefined'.
generated/prisma/runtime/wasm-compiler-edge.js(5,40637): error TS2532: Object is possibly 'undefined'.
generated/prisma/runtime/wasm-compiler-edge.js(5,40681): error TS2532: Object is possibly 'undefined'.
generated/prisma/runtime/wasm-compiler-edge.js(5,40717): error TS7006: Parameter 't' implicitly has an 'any' type.
generated/prisma/runtime/wasm-compiler-edge.js(5,40987): error TS7006: Parameter 't' implicitly has an 'any' type.
generated/prisma/runtime/wasm-compiler-edge.js(5,41095): error TS7006: Parameter 't' implicitly has an 'any' type.
generated/prisma/runtime/wasm-compiler-edge.js(5,41165): error TS7006: Parameter 't' implicitly has an 'any' type.
generated/prisma/runtime/wasm-compiler-edge.js(5,41419): error TS7006: Parameter 't' implicitly has an 'any' type.
generated/prisma/runtime/wasm-compiler-edge.js(5,41706): error TS7006: Parameter 'e' implicitly has an 'any' type.
generated/prisma/runtime/wasm-compiler-edge.js(5,41708): error TS7006: Parameter 't' implicitly has an 'any' type.
generated/prisma/runtime/wasm-compiler-edge.js(5,41710): error TS7006: Parameter 'r' implicitly has an 'any' type.
generated/prisma/runtime/wasm-compiler-edge.js(5,41986): error TS7006: Parameter 'e' implicitly has an 'any' type.
generated/prisma/runtime/wasm-compiler-edge.js(5,41988): error TS7006: Parameter 't' implicitly has an 'any' type.
generated/prisma/runtime/wasm-compiler-edge.js(5,41990): error TS7006: Parameter 'r' implicitly has an 'any' type.
generated/prisma/runtime/wasm-compiler-edge.js(5,42049): error TS2339: Property 'dkLen' does not exist on type '{}'.
generated/prisma/runtime/wasm-compiler-edge.js(5,42068): error TS2339: Property 'dkLen' does not exist on type '{}'.
generated/prisma/runtime/wasm-compiler-edge.js(5,42148): error TS7006: Parameter 'RL' implicitly has an 'any' type.
generated/prisma/runtime/wasm-compiler-edge.js(5,42151): error TS7006: Parameter 'Je' implicitly has an 'any' type.
generated/prisma/runtime/wasm-compiler-edge.js(5,42337): error TS7006: Parameter 'e' implicitly has an 'any' type.
generated/prisma/runtime/wasm-compiler-edge.js(5,42525): error TS7006: Parameter 'e' implicitly has an 'any' type.
generated/prisma/runtime/wasm-compiler-edge.js(5,42760): error TS7006: Parameter 'e' implicitly has an 'any' type.
generated/prisma/runtime/wasm-compiler-edge.js(5,43030): error TS7006: Parameter 'e' implicitly has an 'any' type.
generated/prisma/runtime/wasm-compiler-edge.js(5,43401): error TS7006: Parameter '_L' implicitly has an 'any' type.
generated/prisma/runtime/wasm-compiler-edge.js(5,43404): error TS7006: Parameter 'Ar' implicitly has an 'any' type.
generated/prisma/runtime/wasm-compiler-edge.js(5,43648): error TS7005: Variable 'se' implicitly has an 'any' type.
generated/prisma/runtime/wasm-compiler-edge.js(5,44456): error TS7006: Parameter 'e' implicitly has an 'any' type.
generated/prisma/runtime/wasm-compiler-edge.js(5,44489): error TS7006: Parameter 't' implicitly has an 'any' type.
generated/prisma/runtime/wasm-compiler-edge.js(5,44542): error TS7006: Parameter 'e' implicitly has an 'any' type.
generated/prisma/runtime/wasm-compiler-edge.js(5,44650): error TS7019: Rest parameter 'e' implicitly has an 'any[]' type.
generated/prisma/runtime/wasm-compiler-edge.js(5,44663): error TS7006: Parameter 't' implicitly has an 'any' type.
generated/prisma/runtime/wasm-compiler-edge.js(5,44837): error TS18048: 'g' is possibly 'undefined'.
generated/prisma/runtime/wasm-compiler-edge.js(5,44850): error TS18048: 'g' is possibly 'undefined'.
generated/prisma/runtime/wasm-compiler-edge.js(5,44860): error TS18048: 'g' is possibly 'undefined'.
generated/prisma/runtime/wasm-compiler-edge.js(5,44957): error TS7006: Parameter 'e' implicitly has an 'any' type.
generated/prisma/runtime/wasm-compiler-edge.js(5,44959): error TS7006: Parameter 't' implicitly has an 'any' type.
generated/prisma/runtime/wasm-compiler-edge.js(5,45046): error TS7006: Parameter 'o' implicitly has an 'any' type.
generated/prisma/runtime/wasm-compiler-edge.js(5,45517): error TS7034: Variable 'zt' implicitly has type 'any[]' in some locations where its type cannot be determined.
generated/prisma/runtime/wasm-compiler-edge.js(5,45558): error TS18048: 'g' is possibly 'undefined'.
generated/prisma/runtime/wasm-compiler-edge.js(5,45578): error TS7017: Element implicitly has an 'any' type because type 'typeof globalThis' has no index signature.
generated/prisma/runtime/wasm-compiler-edge.js(5,45610): error TS7017: Element implicitly has an 'any' type because type 'typeof globalThis' has no index signature.
generated/prisma/runtime/wasm-compiler-edge.js(5,45684): error TS7006: Parameter 'e' implicitly has an 'any' type.
generated/prisma/runtime/wasm-compiler-edge.js(5,45719): error TS7017: Element implicitly has an 'any' type because type 'typeof globalThis' has no index signature.
generated/prisma/runtime/wasm-compiler-edge.js(5,45756): error TS7017: Element implicitly has an 'any' type because type 'typeof globalThis' has no index signature.
generated/prisma/runtime/wasm-compiler-edge.js(5,45780): error TS7017: Element implicitly has an 'any' type because type 'typeof globalThis' has no index signature.
generated/prisma/runtime/wasm-compiler-edge.js(5,45800): error TS7006: Parameter 'e' implicitly has an 'any' type.
generated/prisma/runtime/wasm-compiler-edge.js(5,45820): error TS7017: Element implicitly has an 'any' type because type 'typeof globalThis' has no index signature.
generated/prisma/runtime/wasm-compiler-edge.js(5,45841): error TS7006: Parameter 'i' implicitly has an 'any' type.
generated/prisma/runtime/wasm-compiler-edge.js(5,45893): error TS7006: Parameter 'i' implicitly has an 'any' type.
generated/prisma/runtime/wasm-compiler-edge.js(5,45973): error TS7006: Parameter 'i' implicitly has an 'any' type.
generated/prisma/runtime/wasm-compiler-edge.js(5,46072): error TS7019: Rest parameter 'e' implicitly has an 'any[]' type.
generated/prisma/runtime/wasm-compiler-edge.js(5,46170): error TS7006: Parameter 'e' implicitly has an 'any' type.
generated/prisma/runtime/wasm-compiler-edge.js(5,46268): error TS7019: Rest parameter 'n' implicitly has an 'any[]' type.
generated/prisma/runtime/wasm-compiler-edge.js(5,46368): error TS7005: Variable 'zt' implicitly has an 'any[]' type.
generated/prisma/runtime/wasm-compiler-edge.js(5,46523): error TS7053: Element implicitly has an 'any' type because expression of type 'string | symbol' can't be used to index type '{ color: string | undefined; enabled: any; namespace: any; log: (...e: any[]) => void; extend: () => void; }'.
  No index signature with a parameter of type 'string' was found on type '{ color: string | undefined; enabled: any; namespace: any; log: (...e: any[]) => void; extend: () => void; }'.
generated/prisma/runtime/wasm-compiler-edge.js(5,46541): error TS7053: Element implicitly has an 'any' type because expression of type 'string | symbol' can't be used to index type '{ color: string | undefined; enabled: any; namespace: any; log: (...e: any[]) => void; extend: () => void; }'.
  No index signature with a parameter of type 'string' was found on type '{ color: string | undefined; enabled: any; namespace: any; log: (...e: any[]) => void; extend: () => void; }'.
generated/prisma/runtime/wasm-compiler-edge.js(5,46581): error TS7053: Element implicitly has an 'any' type because expression of type 'string | symbol' can't be used to index type '{ enable(e: any): void; disable(): any; enabled(e: any): any; log: (...e: any[]) => void; formatters: {}; }'.
  No index signature with a parameter of type 'string' was found on type '{ enable(e: any): void; disable(): any; enabled(e: any): any; log: (...e: any[]) => void; formatters: {}; }'.
generated/prisma/runtime/wasm-compiler-edge.js(5,46600): error TS7053: Element implicitly has an 'any' type because expression of type 'string | symbol' can't be used to index type '{ enable(e: any): void; disable(): any; enabled(e: any): any; log: (...e: any[]) => void; formatters: {}; }'.
  No index signature with a parameter of type 'string' was found on type '{ enable(e: any): void; disable(): any; enabled(e: any): any; log: (...e: any[]) => void; formatters: {}; }'.
generated/prisma/runtime/wasm-compiler-edge.js(5,46622): error TS7006: Parameter 'e' implicitly has an 'any' type.
generated/prisma/runtime/wasm-compiler-edge.js(5,46836): error TS7005: Variable 'zt' implicitly has an 'any[]' type.
generated/prisma/runtime/wasm-compiler-edge.js(5,46869): error TS7006: Parameter 'i' implicitly has an 'any' type.
generated/prisma/runtime/wasm-compiler-edge.js(6,172): error TS7006: Parameter 'e' implicitly has an 'any' type.
generated/prisma/runtime/wasm-compiler-edge.js(6,348): error TS7005: Variable 'g' implicitly has an 'any' type.
generated/prisma/runtime/wasm-compiler-edge.js(6,552): error TS7006: Parameter 'e' implicitly has an 'any' type.
generated/prisma/runtime/wasm-compiler-edge.js(6,1095): error TS7006: Parameter 'e' implicitly has an 'any' type.
generated/prisma/runtime/wasm-compiler-edge.js(6,1157): error TS7006: Parameter 'e' implicitly has an 'any' type.
generated/prisma/runtime/wasm-compiler-edge.js(6,1528): error TS7005: Variable 'g' implicitly has an 'any' type.
generated/prisma/runtime/wasm-compiler-edge.js(6,1571): error TS7019: Rest parameter 'e' implicitly has an 'any[]' type.
generated/prisma/runtime/wasm-compiler-edge.js(6,1607): error TS7006: Parameter 'e' implicitly has an 'any' type.
generated/prisma/runtime/wasm-compiler-edge.js(6,1609): error TS7019: Rest parameter 't' implicitly has an 'any[]' type.
generated/prisma/runtime/wasm-compiler-edge.js(6,1675): error TS7006: Parameter 'e' implicitly has an 'any' type.
generated/prisma/runtime/wasm-compiler-edge.js(6,1677): error TS7019: Rest parameter 't' implicitly has an 'any[]' type.
generated/prisma/runtime/wasm-compiler-edge.js(6,1732): error TS7006: Parameter 'e' implicitly has an 'any' type.
generated/prisma/runtime/wasm-compiler-edge.js(6,1734): error TS7019: Rest parameter 't' implicitly has an 'any[]' type.
generated/prisma/runtime/wasm-compiler-edge.js(6,1791): error TS7006: Parameter 'e' implicitly has an 'any' type.
generated/prisma/runtime/wasm-compiler-edge.js(6,1793): error TS7019: Rest parameter 't' implicitly has an 'any[]' type.
generated/prisma/runtime/wasm-compiler-edge.js(6,1872): error TS7006: Parameter 'e' implicitly has an 'any' type.
generated/prisma/runtime/wasm-compiler-edge.js(6,1874): error TS7006: Parameter 't' implicitly has an 'any' type.
generated/prisma/runtime/wasm-compiler-edge.js(6,2266): error TS7006: Parameter 'e' implicitly has an 'any' type.
generated/prisma/runtime/wasm-compiler-edge.js(6,2417): error TS7006: Parameter 'e' implicitly has an 'any' type.
generated/prisma/runtime/wasm-compiler-edge.js(6,2419): error TS7006: Parameter 't' implicitly has an 'any' type.
generated/prisma/runtime/wasm-compiler-edge.js(6,2507): error TS7006: Parameter 'e' implicitly has an 'any' type.
generated/prisma/runtime/wasm-compiler-edge.js(6,2509): error TS7006: Parameter 't' implicitly has an 'any' type.
generated/prisma/runtime/wasm-compiler-edge.js(6,2549): error TS7053: Element implicitly has an 'any' type because expression of type 'string' can't be used to index type '{}'.
  No index signature with a parameter of type 'string' was found on type '{}'.
generated/prisma/runtime/wasm-compiler-edge.js(6,2609): error TS7006: Parameter 'e' implicitly has an 'any' type.
generated/prisma/runtime/wasm-compiler-edge.js(6,2611): error TS7006: Parameter 't' implicitly has an 'any' type.
generated/prisma/runtime/wasm-compiler-edge.js(6,2741): error TS7006: Parameter 'e' implicitly has an 'any' type.
generated/prisma/runtime/wasm-compiler-edge.js(6,2743): error TS7006: Parameter 't' implicitly has an 'any' type.
generated/prisma/runtime/wasm-compiler-edge.js(6,2847): error TS7006: Parameter 'e' implicitly has an 'any' type.
generated/prisma/runtime/wasm-compiler-edge.js(6,2849): error TS7006: Parameter 't' implicitly has an 'any' type.
generated/prisma/runtime/wasm-compiler-edge.js(6,2851): error TS7019: Rest parameter 'r' implicitly has an 'any[]' type.
generated/prisma/runtime/wasm-compiler-edge.js(6,2946): error TS7008: Member 'retryable' implicitly has an 'any' type.
generated/prisma/runtime/wasm-compiler-edge.js(6,2968): error TS7006: Parameter 't' implicitly has an 'any' type.
generated/prisma/runtime/wasm-compiler-edge.js(6,2970): error TS7006: Parameter 'r' implicitly has an 'any' type.
generated/prisma/runtime/wasm-compiler-edge.js(6,2972): error TS7006: Parameter 'n' implicitly has an 'any' type.
generated/prisma/runtime/wasm-compiler-edge.js(6,3274): error TS7008: Member 'batchRequestIdx' implicitly has an 'any' type.
generated/prisma/runtime/wasm-compiler-edge.js(6,3302): error TS7006: Parameter 't' implicitly has an 'any' type.
generated/prisma/runtime/wasm-compiler-edge.js(6,3310): error TS7031: Binding element 'r' implicitly has an 'any' type.
generated/prisma/runtime/wasm-compiler-edge.js(6,3326): error TS7031: Binding element 'n' implicitly has an 'any' type.
generated/prisma/runtime/wasm-compiler-edge.js(6,3333): error TS7031: Binding element 'i' implicitly has an 'any' type.
generated/prisma/runtime/wasm-compiler-edge.js(6,3351): error TS7031: Binding element 'o' implicitly has an 'any' type.
generated/prisma/runtime/wasm-compiler-edge.js(6,3713): error TS7006: Parameter 't' implicitly has an 'any' type.
generated/prisma/runtime/wasm-compiler-edge.js(6,3715): error TS7006: Parameter 'r' implicitly has an 'any' type.
generated/prisma/runtime/wasm-compiler-edge.js(6,3950): error TS7008: Member 'batchRequestIdx' implicitly has an 'any' type.
generated/prisma/runtime/wasm-compiler-edge.js(6,3978): error TS7006: Parameter 't' implicitly has an 'any' type.
generated/prisma/runtime/wasm-compiler-edge.js(6,3995): error TS7031: Binding element 'r' implicitly has an 'any' type.
generated/prisma/runtime/wasm-compiler-edge.js(6,4013): error TS7031: Binding element 'n' implicitly has an 'any' type.
generated/prisma/runtime/wasm-compiler-edge.js(6,4393): error TS7006: Parameter 't' implicitly has an 'any' type.
generated/prisma/runtime/wasm-compiler-edge.js(6,4410): error TS7031: Binding element 'r' implicitly has an 'any' type.
generated/prisma/runtime/wasm-compiler-edge.js(6,4646): error TS7006: Parameter 't' implicitly has an 'any' type.
generated/prisma/runtime/wasm-compiler-edge.js(6,4684): error TS7006: Parameter 't' implicitly has an 'any' type.
generated/prisma/runtime/wasm-compiler-edge.js(6,4686): error TS7006: Parameter 'r' implicitly has an 'any' type.
generated/prisma/runtime/wasm-compiler-edge.js(6,4728): error TS7006: Parameter 't' implicitly has an 'any' type.
generated/prisma/runtime/wasm-compiler-edge.js(6,4730): error TS7006: Parameter 'r' implicitly has an 'any' type.
generated/prisma/runtime/wasm-compiler-edge.js(6,4847): error TS7006: Parameter 'e' implicitly has an 'any' type.
generated/prisma/runtime/wasm-compiler-edge.js(6,4939): error TS7006: Parameter 'e' implicitly has an 'any' type.
generated/prisma/runtime/wasm-compiler-edge.js(6,4941): error TS7006: Parameter 't' implicitly has an 'any' type.
generated/prisma/runtime/wasm-compiler-edge.js(6,4980): error TS7053: Element implicitly has an 'any' type because expression of type 'any' can't be used to index type '{}'.
generated/prisma/runtime/wasm-compiler-edge.js(6,5032): error TS7006: Parameter 'e' implicitly has an 'any' type.
generated/prisma/runtime/wasm-compiler-edge.js(6,5039): error TS7034: Variable 't' implicitly has type 'any' in some locations where its type cannot be determined.
generated/prisma/runtime/wasm-compiler-edge.js(6,5061): error TS7005: Variable 't' implicitly has an 'any' type.
generated/prisma/runtime/wasm-compiler-edge.js(6,5126): error TS7006: Parameter 'e' implicitly has an 'any' type.
generated/prisma/runtime/wasm-compiler-edge.js(6,5205): error TS7006: Parameter 'e' implicitly has an 'any' type.
generated/prisma/runtime/wasm-compiler-edge.js(6,5242): error TS7053: Element implicitly has an 'any' type because expression of type 'any' can't be used to index type '{}'.
generated/prisma/runtime/wasm-compiler-edge.js(6,5294): error TS7006: Parameter 'e' implicitly has an 'any' type.
generated/prisma/runtime/wasm-compiler-edge.js(6,5387): error TS7006: Parameter 'e' implicitly has an 'any' type.
generated/prisma/runtime/wasm-compiler-edge.js(6,5467): error TS7006: Parameter 'e' implicitly has an 'any' type.
generated/prisma/runtime/wasm-compiler-edge.js(6,5477): error TS7005: Variable 'v' implicitly has an 'any' type.
generated/prisma/runtime/wasm-compiler-edge.js(6,5797): error TS7006: Parameter 'e' implicitly has an 'any' type.
generated/prisma/runtime/wasm-compiler-edge.js(6,5839): error TS7006: Parameter 't' implicitly has an 'any' type.
generated/prisma/runtime/wasm-compiler-edge.js(6,5879): error TS7022: 'ir' implicitly has type 'any' because it does not have a type annotation and is referenced directly or indirectly in its own initializer.
generated/prisma/runtime/wasm-compiler-edge.js(6,6480): error TS7006: Parameter 'e' implicitly has an 'any' type.
generated/prisma/runtime/wasm-compiler-edge.js(6,6506): error TS7006: Parameter 'e' implicitly has an 'any' type.
generated/prisma/runtime/wasm-compiler-edge.js(6,6516): error TS7006: Parameter 'e' implicitly has an 'any' type.
generated/prisma/runtime/wasm-compiler-edge.js(6,6525): error TS7006: Parameter 'e' implicitly has an 'any' type.
generated/prisma/runtime/wasm-compiler-edge.js(6,6535): error TS7006: Parameter 'e' implicitly has an 'any' type.
generated/prisma/runtime/wasm-compiler-edge.js(6,6550): error TS7006: Parameter 'e' implicitly has an 'any' type.
generated/prisma/runtime/wasm-compiler-edge.js(6,6571): error TS7006: Parameter 'e' implicitly has an 'any' type.
generated/prisma/runtime/wasm-compiler-edge.js(6,6598): error TS7031: Binding element 'e' implicitly has an 'any' type.
generated/prisma/runtime/wasm-compiler-edge.js(6,6615): error TS7031: Binding element 't' implicitly has an 'any' type.
generated/prisma/runtime/wasm-compiler-edge.js(6,6625): error TS7031: Binding element 'r' implicitly has an 'any' type.
generated/prisma/runtime/wasm-compiler-edge.js(6,6641): error TS7031: Binding element 'n' implicitly has an 'any' type.
generated/prisma/runtime/wasm-compiler-edge.js(6,6748): error TS7031: Binding element 'e' implicitly has an 'any' type.
generated/prisma/runtime/wasm-compiler-edge.js(6,6759): error TS7031: Binding element 't' implicitly has an 'any' type.
generated/prisma/runtime/wasm-compiler-edge.js(6,6769): error TS7031: Binding element 'r' implicitly has an 'any' type.
generated/prisma/runtime/wasm-compiler-edge.js(6,6779): error TS7031: Binding element 'n' implicitly has an 'any' type.
generated/prisma/runtime/wasm-compiler-edge.js(6,6794): error TS7031: Binding element 'i' implicitly has an 'any' type.
generated/prisma/runtime/wasm-compiler-edge.js(6,6810): error TS7031: Binding element 'o' implicitly has an 'any' type.
generated/prisma/runtime/wasm-compiler-edge.js(6,6813): error TS7006: Parameter 's' implicitly has an 'any' type.
generated/prisma/runtime/wasm-compiler-edge.js(7,16): error TS7006: Parameter 'e' implicitly has an 'any' type.
generated/prisma/runtime/wasm-compiler-edge.js(7,159): error TS7006: Parameter 'e' implicitly has an 'any' type.
generated/prisma/runtime/wasm-compiler-edge.js(7,203): error TS2304: Cannot find name '$getTemplateParameters'.
generated/prisma/runtime/wasm-compiler-edge.js(7,232): error TS2304: Cannot find name '$getTemplateParameters'.
generated/prisma/runtime/wasm-compiler-edge.js(7,352): error TS7006: Parameter 'e' implicitly has an 'any' type.
generated/prisma/runtime/wasm-compiler-edge.js(7,354): error TS7006: Parameter 't' implicitly has an 'any' type.
generated/prisma/runtime/wasm-compiler-edge.js(7,356): error TS7006: Parameter 'r' implicitly has an 'any' type.
generated/prisma/runtime/wasm-compiler-edge.js(7,450): error TS7006: Parameter 'e' implicitly has an 'any' type.
generated/prisma/runtime/wasm-compiler-edge.js(7,477): error TS7006: Parameter 't' implicitly has an 'any' type.
generated/prisma/runtime/wasm-compiler-edge.js(7,520): error TS7006: Parameter 'e' implicitly has an 'any' type.
generated/prisma/runtime/wasm-compiler-edge.js(7,841): error TS7006: Parameter 'e' implicitly has an 'any' type.
generated/prisma/runtime/wasm-compiler-edge.js(7,843): error TS7006: Parameter 't' implicitly has an 'any' type.
generated/prisma/runtime/wasm-compiler-edge.js(7,890): error TS7006: Parameter 'e' implicitly has an 'any' type.
generated/prisma/runtime/wasm-compiler-edge.js(7,906): error TS7006: Parameter 't' implicitly has an 'any' type.
generated/prisma/runtime/wasm-compiler-edge.js(7,908): error TS7006: Parameter 'r' implicitly has an 'any' type.
generated/prisma/runtime/wasm-compiler-edge.js(7,976): error TS7006: Parameter 'e' implicitly has an 'any' type.
generated/prisma/runtime/wasm-compiler-edge.js(7,1126): error TS7006: Parameter 'e' implicitly has an 'any' type.
generated/prisma/runtime/wasm-compiler-edge.js(7,1344): error TS7006: Parameter 't' implicitly has an 'any' type.
generated/prisma/runtime/wasm-compiler-edge.js(7,1346): error TS7006: Parameter 'r' implicitly has an 'any' type.
generated/prisma/runtime/wasm-compiler-edge.js(7,1440): error TS7006: Parameter 't' implicitly has an 'any' type.
generated/prisma/runtime/wasm-compiler-edge.js(7,1772): error TS7006: Parameter 'r' implicitly has an 'any' type.
generated/prisma/runtime/wasm-compiler-edge.js(7,1811): error TS7008: Member 'lines' implicitly has an 'any[]' type.
generated/prisma/runtime/wasm-compiler-edge.js(7,1851): error TS7008: Member 'marginSymbol' implicitly has an 'any' type.
generated/prisma/runtime/wasm-compiler-edge.js(7,1864): error TS7008: Member 'afterNextNewLineCallback' implicitly has an 'any' type.
generated/prisma/runtime/wasm-compiler-edge.js(7,1895): error TS7006: Parameter 't' implicitly has an 'any' type.
generated/prisma/runtime/wasm-compiler-edge.js(7,1975): error TS7006: Parameter 't' implicitly has an 'any' type.
generated/prisma/runtime/wasm-compiler-edge.js(7,1977): error TS7006: Parameter 'r' implicitly has an 'any' type.
generated/prisma/runtime/wasm-compiler-edge.js(7,1982): error TS7006: Parameter 'i' implicitly has an 'any' type.
generated/prisma/runtime/wasm-compiler-edge.js(7,1984): error TS7006: Parameter 'o' implicitly has an 'any' type.
generated/prisma/runtime/wasm-compiler-edge.js(7,2100): error TS7006: Parameter 't' implicitly has an 'any' type.
generated/prisma/runtime/wasm-compiler-edge.js(7,2335): error TS7006: Parameter 't' implicitly has an 'any' type.
generated/prisma/runtime/wasm-compiler-edge.js(7,2405): error TS7006: Parameter 't' implicitly has an 'any' type.
generated/prisma/runtime/wasm-compiler-edge.js(7,2576): error TS7006: Parameter 't' implicitly has an 'any' type.
generated/prisma/runtime/wasm-compiler-edge.js(8,294): error TS7006: Parameter 't' implicitly has an 'any' type.
generated/prisma/runtime/wasm-compiler-edge.js(8,316): error TS7006: Parameter 't' implicitly has an 'any' type.
generated/prisma/runtime/wasm-compiler-edge.js(8,411): error TS7006: Parameter 'e' implicitly has an 'any' type.
generated/prisma/runtime/wasm-compiler-edge.js(8,520): error TS7006: Parameter 'e' implicitly has an 'any' type.
generated/prisma/runtime/wasm-compiler-edge.js(8,591): error TS7006: Parameter 't' implicitly has an 'any' type.
generated/prisma/runtime/wasm-compiler-edge.js(8,632): error TS7006: Parameter 't' implicitly has an 'any' type.
generated/prisma/runtime/wasm-compiler-edge.js(8,691): error TS7006: Parameter 't' implicitly has an 'any' type.
generated/prisma/runtime/wasm-compiler-edge.js(8,725): error TS7006: Parameter 't' implicitly has an 'any' type.
generated/prisma/runtime/wasm-compiler-edge.js(8,1038): error TS7008: Member 'items' implicitly has an 'any[]' type.
generated/prisma/runtime/wasm-compiler-edge.js(8,1055): error TS7006: Parameter 't' implicitly has an 'any' type.
generated/prisma/runtime/wasm-compiler-edge.js(8,1106): error TS7006: Parameter 't' implicitly has an 'any' type.
generated/prisma/runtime/wasm-compiler-edge.js(8,1241): error TS7006: Parameter 't' implicitly has an 'any' type.
generated/prisma/runtime/wasm-compiler-edge.js(8,1330): error TS7006: Parameter 't' implicitly has an 'any' type.
generated/prisma/runtime/wasm-compiler-edge.js(8,1438): error TS7006: Parameter 't' implicitly has an 'any' type.
generated/prisma/runtime/wasm-compiler-edge.js(8,1692): error TS7008: Member 'suggestions' implicitly has an 'any[]' type.
generated/prisma/runtime/wasm-compiler-edge.js(8,1716): error TS7006: Parameter 't' implicitly has an 'any' type.
generated/prisma/runtime/wasm-compiler-edge.js(8,1719): error TS7053: Element implicitly has an 'any' type because expression of type 'any' can't be used to index type '{}'.
generated/prisma/runtime/wasm-compiler-edge.js(8,1755): error TS7006: Parameter 't' implicitly has an 'any' type.
generated/prisma/runtime/wasm-compiler-edge.js(8,1792): error TS7006: Parameter 't' implicitly has an 'any' type.
generated/prisma/runtime/wasm-compiler-edge.js(8,1802): error TS7053: Element implicitly has an 'any' type because expression of type 'any' can't be used to index type '{}'.
generated/prisma/runtime/wasm-compiler-edge.js(8,1830): error TS7006: Parameter 't' implicitly has an 'any' type.
generated/prisma/runtime/wasm-compiler-edge.js(8,2051): error TS7006: Parameter 't' implicitly has an 'any' type.
generated/prisma/runtime/wasm-compiler-edge.js(8,2116): error TS7006: Parameter 't' implicitly has an 'any' type.
generated/prisma/runtime/wasm-compiler-edge.js(8,2189): error TS7006: Parameter 't' implicitly has an 'any' type.
generated/prisma/runtime/wasm-compiler-edge.js(8,2199): error TS7053: Element implicitly has an 'any' type because expression of type 'any' can't be used to index type '{}'.
generated/prisma/runtime/wasm-compiler-edge.js(8,2312): error TS7006: Parameter 't' implicitly has an 'any' type.
generated/prisma/runtime/wasm-compiler-edge.js(8,2371): error TS7006: Parameter 't' implicitly has an 'any' type.
generated/prisma/runtime/wasm-compiler-edge.js(8,2510): error TS7006: Parameter 't' implicitly has an 'any' type.
generated/prisma/runtime/wasm-compiler-edge.js(8,2910): error TS7006: Parameter 't' implicitly has an 'any' type.
generated/prisma/runtime/wasm-compiler-edge.js(8,3088): error TS7006: Parameter 't' implicitly has an 'any' type.
generated/prisma/runtime/wasm-compiler-edge.js(8,3258): error TS7006: Parameter 't' implicitly has an 'any' type.
generated/prisma/runtime/wasm-compiler-edge.js(8,3369): error TS7006: Parameter 't' implicitly has an 'any' type.
generated/prisma/runtime/wasm-compiler-edge.js(8,3371): error TS7006: Parameter 'r' implicitly has an 'any' type.
generated/prisma/runtime/wasm-compiler-edge.js(8,3648): error TS7006: Parameter 'r' implicitly has an 'any' type.
generated/prisma/runtime/wasm-compiler-edge.js(8,3717): error TS7006: Parameter 'r' implicitly has an 'any' type.
generated/prisma/runtime/wasm-compiler-edge.js(8,3866): error TS7008: Member 'fields' implicitly has an 'any[]' type.
generated/prisma/runtime/wasm-compiler-edge.js(8,3885): error TS7006: Parameter 't' implicitly has an 'any' type.
generated/prisma/runtime/wasm-compiler-edge.js(8,3887): error TS7006: Parameter 'r' implicitly has an 'any' type.
generated/prisma/runtime/wasm-compiler-edge.js(8,3921): error TS7006: Parameter 'n' implicitly has an 'any' type.
generated/prisma/runtime/wasm-compiler-edge.js(8,4029): error TS7006: Parameter 't' implicitly has an 'any' type.
generated/prisma/runtime/wasm-compiler-edge.js(8,4194): error TS7006: Parameter 'e' implicitly has an 'any' type.
generated/prisma/runtime/wasm-compiler-edge.js(8,4196): error TS7006: Parameter 't' implicitly has an 'any' type.
generated/prisma/runtime/wasm-compiler-edge.js(8,4198): error TS7006: Parameter 'r' implicitly has an 'any' type.
generated/prisma/runtime/wasm-compiler-edge.js(8,4820): error TS7006: Parameter 'e' implicitly has an 'any' type.
generated/prisma/runtime/wasm-compiler-edge.js(8,4822): error TS7006: Parameter 't' implicitly has an 'any' type.
generated/prisma/runtime/wasm-compiler-edge.js(8,5001): error TS7006: Parameter 'n' implicitly has an 'any' type.
generated/prisma/runtime/wasm-compiler-edge.js(8,5166): error TS7006: Parameter 'e' implicitly has an 'any' type.
generated/prisma/runtime/wasm-compiler-edge.js(8,5168): error TS7006: Parameter 't' implicitly has an 'any' type.
generated/prisma/runtime/wasm-compiler-edge.js(8,5394): error TS7006: Parameter 's' implicitly has an 'any' type.
generated/prisma/runtime/wasm-compiler-edge.js(9,89): error TS7006: Parameter 'e' implicitly has an 'any' type.
generated/prisma/runtime/wasm-compiler-edge.js(9,91): error TS7006: Parameter 't' implicitly has an 'any' type.
generated/prisma/runtime/wasm-compiler-edge.js(9,93): error TS7006: Parameter 'r' implicitly has an 'any' type.
generated/prisma/runtime/wasm-compiler-edge.js(9,422): error TS7006: Parameter 'e' implicitly has an 'any' type.
generated/prisma/runtime/wasm-compiler-edge.js(9,424): error TS7006: Parameter 't' implicitly has an 'any' type.
generated/prisma/runtime/wasm-compiler-edge.js(9,426): error TS7006: Parameter 'r' implicitly has an 'any' type.
generated/prisma/runtime/wasm-compiler-edge.js(9,540): error TS7006: Parameter 'n' implicitly has an 'any' type.
generated/prisma/runtime/wasm-compiler-edge.js(9,703): error TS7006: Parameter 'e' implicitly has an 'any' type.
generated/prisma/runtime/wasm-compiler-edge.js(9,705): error TS7006: Parameter 't' implicitly has an 'any' type.
generated/prisma/runtime/wasm-compiler-edge.js(9,858): error TS7006: Parameter 'o' implicitly has an 'any' type.
generated/prisma/runtime/wasm-compiler-edge.js(9,1078): error TS7006: Parameter 'e' implicitly has an 'any' type.
generated/prisma/runtime/wasm-compiler-edge.js(9,1080): error TS7006: Parameter 't' implicitly has an 'any' type.
generated/prisma/runtime/wasm-compiler-edge.js(9,1460): error TS7006: Parameter 'i' implicitly has an 'any' type.
generated/prisma/runtime/wasm-compiler-edge.js(9,1634): error TS7006: Parameter 'e' implicitly has an 'any' type.
generated/prisma/runtime/wasm-compiler-edge.js(9,1636): error TS7006: Parameter 't' implicitly has an 'any' type.
generated/prisma/runtime/wasm-compiler-edge.js(9,1886): error TS7006: Parameter 'n' implicitly has an 'any' type.
generated/prisma/runtime/wasm-compiler-edge.js(9,2124): error TS7006: Parameter 'e' implicitly has an 'any' type.
generated/prisma/runtime/wasm-compiler-edge.js(9,2126): error TS7006: Parameter 't' implicitly has an 'any' type.
generated/prisma/runtime/wasm-compiler-edge.js(9,2229): error TS7006: Parameter 'n' implicitly has an 'any' type.
generated/prisma/runtime/wasm-compiler-edge.js(9,2329): error TS7006: Parameter 'e' implicitly has an 'any' type.
generated/prisma/runtime/wasm-compiler-edge.js(9,2331): error TS7006: Parameter 't' implicitly has an 'any' type.
generated/prisma/runtime/wasm-compiler-edge.js(9,2496): error TS7006: Parameter 'i' implicitly has an 'any' type.
generated/prisma/runtime/wasm-compiler-edge.js(9,2522): error TS7006: Parameter 'o' implicitly has an 'any' type.
generated/prisma/runtime/wasm-compiler-edge.js(9,2547): error TS7006: Parameter 'e' implicitly has an 'any' type.
generated/prisma/runtime/wasm-compiler-edge.js(9,2549): error TS7006: Parameter 't' implicitly has an 'any' type.
generated/prisma/runtime/wasm-compiler-edge.js(9,2780): error TS7006: Parameter 'o' implicitly has an 'any' type.
generated/prisma/runtime/wasm-compiler-edge.js(9,2813): error TS7006: Parameter 's' implicitly has an 'any' type.
generated/prisma/runtime/wasm-compiler-edge.js(9,2838): error TS7006: Parameter 'e' implicitly has an 'any' type.
generated/prisma/runtime/wasm-compiler-edge.js(9,2840): error TS7006: Parameter 't' implicitly has an 'any' type.
generated/prisma/runtime/wasm-compiler-edge.js(9,2842): error TS7006: Parameter 'r' implicitly has an 'any' type.
generated/prisma/runtime/wasm-compiler-edge.js(9,3001): error TS7006: Parameter 'e' implicitly has an 'any' type.
generated/prisma/runtime/wasm-compiler-edge.js(9,3003): error TS7006: Parameter 't' implicitly has an 'any' type.
generated/prisma/runtime/wasm-compiler-edge.js(9,3010): error TS7034: Variable 'r' implicitly has type 'any' in some locations where its type cannot be determined.
generated/prisma/runtime/wasm-compiler-edge.js(9,3030): error TS7006: Parameter 'f' implicitly has an 'any' type.
generated/prisma/runtime/wasm-compiler-edge.js(9,3033): error TS7005: Variable 'r' implicitly has an 'any' type.
generated/prisma/runtime/wasm-compiler-edge.js(9,3790): error TS7006: Parameter 'w' implicitly has an 'any' type.
generated/prisma/runtime/wasm-compiler-edge.js(9,3895): error TS7023: 'js' implicitly has return type 'any' because it does not have a return type annotation and is referenced directly or indirectly in one of its return expressions.
generated/prisma/runtime/wasm-compiler-edge.js(9,3898): error TS7006: Parameter 'e' implicitly has an 'any' type.
generated/prisma/runtime/wasm-compiler-edge.js(9,3968): error TS7006: Parameter 'e' implicitly has an 'any' type.
generated/prisma/runtime/wasm-compiler-edge.js(9,3970): error TS7006: Parameter 't' implicitly has an 'any' type.
generated/prisma/runtime/wasm-compiler-edge.js(9,4135): error TS7006: Parameter 'i' implicitly has an 'any' type.
generated/prisma/runtime/wasm-compiler-edge.js(9,4178): error TS7006: Parameter 's' implicitly has an 'any' type.
generated/prisma/runtime/wasm-compiler-edge.js(9,4317): error TS7006: Parameter 'e' implicitly has an 'any' type.
generated/prisma/runtime/wasm-compiler-edge.js(9,4319): error TS7006: Parameter 't' implicitly has an 'any' type.
generated/prisma/runtime/wasm-compiler-edge.js(9,4484): error TS7006: Parameter 'i' implicitly has an 'any' type.
generated/prisma/runtime/wasm-compiler-edge.js(9,4679): error TS7006: Parameter 'a' implicitly has an 'any' type.
generated/prisma/runtime/wasm-compiler-edge.js(9,4753): error TS7006: Parameter 'e' implicitly has an 'any' type.
generated/prisma/runtime/wasm-compiler-edge.js(9,4755): error TS7006: Parameter 't' implicitly has an 'any' type.
generated/prisma/runtime/wasm-compiler-edge.js(9,4848): error TS7034: Variable 'i' implicitly has type 'any' in some locations where its type cannot be determined.
generated/prisma/runtime/wasm-compiler-edge.js(9,4963): error TS7006: Parameter 'o' implicitly has an 'any' type.
generated/prisma/runtime/wasm-compiler-edge.js(9,5004): error TS7005: Variable 'i' implicitly has an 'any' type.
generated/prisma/runtime/wasm-compiler-edge.js(9,5116): error TS7006: Parameter 'e' implicitly has an 'any' type.
generated/prisma/runtime/wasm-compiler-edge.js(9,5118): error TS7006: Parameter 't' implicitly has an 'any' type.
generated/prisma/runtime/wasm-compiler-edge.js(9,5334): error TS7006: Parameter 'i' implicitly has an 'any' type.
generated/prisma/runtime/wasm-compiler-edge.js(9,5565): error TS7006: Parameter 's' implicitly has an 'any' type.
generated/prisma/runtime/wasm-compiler-edge.js(9,5765): error TS7006: Parameter 'e' implicitly has an 'any' type.
generated/prisma/runtime/wasm-compiler-edge.js(9,5767): error TS7006: Parameter 't' implicitly has an 'any' type.
generated/prisma/runtime/wasm-compiler-edge.js(9,5884): error TS7034: Variable 'i' implicitly has type 'any[]' in some locations where its type cannot be determined.
generated/prisma/runtime/wasm-compiler-edge.js(9,6017): error TS7006: Parameter 'o' implicitly has an 'any' type.
generated/prisma/runtime/wasm-compiler-edge.js(9,6403): error TS7005: Variable 'i' implicitly has an 'any[]' type.
generated/prisma/runtime/wasm-compiler-edge.js(9,6556): error TS7006: Parameter 'e' implicitly has an 'any' type.
generated/prisma/runtime/wasm-compiler-edge.js(9,6558): error TS7006: Parameter 't' implicitly has an 'any' type.
generated/prisma/runtime/wasm-compiler-edge.js(9,6654): error TS7006: Parameter 'e' implicitly has an 'any' type.
generated/prisma/runtime/wasm-compiler-edge.js(9,6656): error TS7006: Parameter 't' implicitly has an 'any' type.
generated/prisma/runtime/wasm-compiler-edge.js(9,6767): error TS7006: Parameter 'e' implicitly has an 'any' type.
generated/prisma/runtime/wasm-compiler-edge.js(9,6769): error TS7006: Parameter 't' implicitly has an 'any' type.
generated/prisma/runtime/wasm-compiler-edge.js(9,6881): error TS7006: Parameter 'e' implicitly has an 'any' type.
generated/prisma/runtime/wasm-compiler-edge.js(9,6883): error TS7006: Parameter 't' implicitly has an 'any' type.
generated/prisma/runtime/wasm-compiler-edge.js(9,6989): error TS7006: Parameter 'e' implicitly has an 'any' type.
generated/prisma/runtime/wasm-compiler-edge.js(9,6991): error TS7006: Parameter 't' implicitly has an 'any' type.
generated/prisma/runtime/wasm-compiler-edge.js(9,7509): error TS7006: Parameter 'e' implicitly has an 'any' type.
generated/prisma/runtime/wasm-compiler-edge.js(9,7511): error TS7006: Parameter 't' implicitly has an 'any' type.
generated/prisma/runtime/wasm-compiler-edge.js(9,7645): error TS7006: Parameter 'e' implicitly has an 'any' type.
generated/prisma/runtime/wasm-compiler-edge.js(9,7749): error TS7031: Binding element 'e' implicitly has an 'any' type.
generated/prisma/runtime/wasm-compiler-edge.js(9,7759): error TS7031: Binding element 't' implicitly has an 'any' type.
generated/prisma/runtime/wasm-compiler-edge.js(9,7856): error TS7006: Parameter 'e' implicitly has an 'any' type.
generated/prisma/runtime/wasm-compiler-edge.js(9,7858): error TS7006: Parameter 't' implicitly has an 'any' type.
generated/prisma/runtime/wasm-compiler-edge.js(9,7967): error TS7006: Parameter 'e' implicitly has an 'any' type.
generated/prisma/runtime/wasm-compiler-edge.js(9,7969): error TS7006: Parameter 't' implicitly has an 'any' type.
generated/prisma/runtime/wasm-compiler-edge.js(9,8167): error TS7006: Parameter 't' implicitly has an 'any' type.
generated/prisma/runtime/wasm-compiler-edge.js(9,8169): error TS7006: Parameter 'r' implicitly has an 'any' type.
generated/prisma/runtime/wasm-compiler-edge.js(9,8171): error TS7006: Parameter 'n' implicitly has an 'any' type.
generated/prisma/runtime/wasm-compiler-edge.js(9,8173): error TS7006: Parameter 'i' implicitly has an 'any' type.
generated/prisma/runtime/wasm-compiler-edge.js(9,8175): error TS7006: Parameter 'o' implicitly has an 'any' type.
generated/prisma/runtime/wasm-compiler-edge.js(9,8404): error TS7006: Parameter 'e' implicitly has an 'any' type.
generated/prisma/runtime/wasm-compiler-edge.js(9,8506): error TS7006: Parameter 't' implicitly has an 'any' type.
generated/prisma/runtime/wasm-compiler-edge.js(9,8588): error TS2339: Property '_getNamespace' does not exist on type 'Ne'.
generated/prisma/runtime/wasm-compiler-edge.js(9,8777): error TS7008: Member '#t' implicitly has an 'any' type.
generated/prisma/runtime/wasm-compiler-edge.js(9,8821): error TS7008: Member '#t' implicitly has an 'any' type.
generated/prisma/runtime/wasm-compiler-edge.js(9,8867): error TS7008: Member '#t' implicitly has an 'any' type.
generated/prisma/runtime/wasm-compiler-edge.js(9,9021): error TS7006: Parameter 'e' implicitly has an 'any' type.
generated/prisma/runtime/wasm-compiler-edge.js(9,9023): error TS7006: Parameter 't' implicitly has an 'any' type.
generated/prisma/runtime/wasm-compiler-edge.js(9,9141): error TS7006: Parameter 't' implicitly has an 'any' type.
generated/prisma/runtime/wasm-compiler-edge.js(9,9143): error TS7006: Parameter 'r' implicitly has an 'any' type.
generated/prisma/runtime/wasm-compiler-edge.js(9,9297): error TS7006: Parameter 't' implicitly has an 'any' type.
generated/prisma/runtime/wasm-compiler-edge.js(9,9448): error TS7008: Member 'errorMessages' implicitly has an 'any[]' type.
generated/prisma/runtime/wasm-compiler-edge.js(9,9477): error TS7006: Parameter 't' implicitly has an 'any' type.
generated/prisma/runtime/wasm-compiler-edge.js(9,9503): error TS7006: Parameter 't' implicitly has an 'any' type.
generated/prisma/runtime/wasm-compiler-edge.js(9,9546): error TS7006: Parameter 't' implicitly has an 'any' type.
generated/prisma/runtime/wasm-compiler-edge.js(9,9594): error TS7006: Parameter 't' implicitly has an 'any' type.
generated/prisma/runtime/wasm-compiler-edge.js(10,18): error TS7006: Parameter 'e' implicitly has an 'any' type.
generated/prisma/runtime/wasm-compiler-edge.js(10,54): error TS7006: Parameter 'e' implicitly has an 'any' type.
generated/prisma/runtime/wasm-compiler-edge.js(10,161): error TS7006: Parameter 'e' implicitly has an 'any' type.
generated/prisma/runtime/wasm-compiler-edge.js(10,504): error TS7005: Variable 'y' implicitly has an 'any' type.
generated/prisma/runtime/wasm-compiler-edge.js(10,917): error TS7006: Parameter 'e' implicitly has an 'any' type.
generated/prisma/runtime/wasm-compiler-edge.js(10,986): error TS7006: Parameter 'e' implicitly has an 'any' type.
generated/prisma/runtime/wasm-compiler-edge.js(10,988): error TS7006: Parameter 't' implicitly has an 'any' type.
generated/prisma/runtime/wasm-compiler-edge.js(10,1127): error TS7031: Binding element 'e' implicitly has an 'any' type.
generated/prisma/runtime/wasm-compiler-edge.js(10,1136): error TS7031: Binding element 't' implicitly has an 'any' type.
generated/prisma/runtime/wasm-compiler-edge.js(10,1150): error TS7031: Binding element 'r' implicitly has an 'any' type.
generated/prisma/runtime/wasm-compiler-edge.js(10,1161): error TS7031: Binding element 'n' implicitly has an 'any' type.
generated/prisma/runtime/wasm-compiler-edge.js(10,1178): error TS7031: Binding element 'i' implicitly has an 'any' type.
generated/prisma/runtime/wasm-compiler-edge.js(10,1194): error TS7031: Binding element 'o' implicitly has an 'any' type.
generated/prisma/runtime/wasm-compiler-edge.js(10,1207): error TS7031: Binding element 's' implicitly has an 'any' type.
generated/prisma/runtime/wasm-compiler-edge.js(10,1458): error TS7006: Parameter 'e' implicitly has an 'any' type.
generated/prisma/runtime/wasm-compiler-edge.js(10,1483): error TS7006: Parameter 't' implicitly has an 'any' type.
generated/prisma/runtime/wasm-compiler-edge.js(10,1539): error TS7006: Parameter 'e' implicitly has an 'any' type.
generated/prisma/runtime/wasm-compiler-edge.js(10,1541): error TS7006: Parameter 't' implicitly has an 'any' type.
generated/prisma/runtime/wasm-compiler-edge.js(10,1543): error TS7006: Parameter 'r' implicitly has an 'any' type.
generated/prisma/runtime/wasm-compiler-edge.js(10,1700): error TS7006: Parameter 'e' implicitly has an 'any' type.
generated/prisma/runtime/wasm-compiler-edge.js(10,1719): error TS7006: Parameter 'n' implicitly has an 'any' type.
generated/prisma/runtime/wasm-compiler-edge.js(10,1721): error TS7006: Parameter 'i' implicitly has an 'any' type.
generated/prisma/runtime/wasm-compiler-edge.js(10,1792): error TS7006: Parameter 'o' implicitly has an 'any' type.
generated/prisma/runtime/wasm-compiler-edge.js(10,1821): error TS7006: Parameter 'n' implicitly has an 'any' type.
generated/prisma/runtime/wasm-compiler-edge.js(10,1870): error TS7006: Parameter 'e' implicitly has an 'any' type.
generated/prisma/runtime/wasm-compiler-edge.js(10,1872): error TS7006: Parameter 't' implicitly has an 'any' type.
generated/prisma/runtime/wasm-compiler-edge.js(10,1874): error TS7006: Parameter 'r' implicitly has an 'any' type.
generated/prisma/runtime/wasm-compiler-edge.js(10,1899): error TS7031: Binding element 'n' implicitly has an 'any' type.
generated/prisma/runtime/wasm-compiler-edge.js(10,1909): error TS7031: Binding element 'i' implicitly has an 'any' type.
generated/prisma/runtime/wasm-compiler-edge.js(10,1912): error TS7006: Parameter 'o' implicitly has an 'any' type.
generated/prisma/runtime/wasm-compiler-edge.js(10,2003): error TS7006: Parameter 'e' implicitly has an 'any' type.
generated/prisma/runtime/wasm-compiler-edge.js(10,2005): error TS7006: Parameter 't' implicitly has an 'any' type.
generated/prisma/runtime/wasm-compiler-edge.js(10,2007): error TS7006: Parameter 'r' implicitly has an 'any' type.
generated/prisma/runtime/wasm-compiler-edge.js(10,2041): error TS7006: Parameter 'i' implicitly has an 'any' type.
generated/prisma/runtime/wasm-compiler-edge.js(10,2077): error TS7006: Parameter 'e' implicitly has an 'any' type.
generated/prisma/runtime/wasm-compiler-edge.js(10,2079): error TS7006: Parameter 't' implicitly has an 'any' type.
generated/prisma/runtime/wasm-compiler-edge.js(10,2203): error TS7006: Parameter 'e' implicitly has an 'any' type.
generated/prisma/runtime/wasm-compiler-edge.js(10,2205): error TS7006: Parameter 't' implicitly has an 'any' type.
generated/prisma/runtime/wasm-compiler-edge.js(10,2347): error TS7006: Parameter 't' implicitly has an 'any' type.
generated/prisma/runtime/wasm-compiler-edge.js(10,2349): error TS7006: Parameter 'r' implicitly has an 'any' type.
generated/prisma/runtime/wasm-compiler-edge.js(10,2787): error TS7006: Parameter 't' implicitly has an 'any' type.
generated/prisma/runtime/wasm-compiler-edge.js(10,2983): error TS7006: Parameter 't' implicitly has an 'any' type.
generated/prisma/runtime/wasm-compiler-edge.js(10,3309): error TS7006: Parameter 't' implicitly has an 'any' type.
generated/prisma/runtime/wasm-compiler-edge.js(10,3311): error TS7006: Parameter 'r' implicitly has an 'any' type.
generated/prisma/runtime/wasm-compiler-edge.js(10,3965): error TS7006: Parameter 't' implicitly has an 'any' type.
generated/prisma/runtime/wasm-compiler-edge.js(10,4022): error TS7006: Parameter 't' implicitly has an 'any' type.
generated/prisma/runtime/wasm-compiler-edge.js(10,4092): error TS7006: Parameter 't' implicitly has an 'any' type.
generated/prisma/runtime/wasm-compiler-edge.js(10,4150): error TS7006: Parameter 't' implicitly has an 'any' type.
generated/prisma/runtime/wasm-compiler-edge.js(10,4285): error TS7006: Parameter 't' implicitly has an 'any' type.
generated/prisma/runtime/wasm-compiler-edge.js(10,4352): error TS7006: Parameter 't' implicitly has an 'any' type.
generated/prisma/runtime/wasm-compiler-edge.js(10,4354): error TS7006: Parameter 'r' implicitly has an 'any' type.
generated/prisma/runtime/wasm-compiler-edge.js(10,4534): error TS7006: Parameter 't' implicitly has an 'any' type.
generated/prisma/runtime/wasm-compiler-edge.js(10,4563): error TS7006: Parameter 'e' implicitly has an 'any' type.
generated/prisma/runtime/wasm-compiler-edge.js(10,4601): error TS7006: Parameter 'e' implicitly has an 'any' type.
generated/prisma/runtime/wasm-compiler-edge.js(10,4706): error TS7006: Parameter 't' implicitly has an 'any' type.
generated/prisma/runtime/wasm-compiler-edge.js(10,4796): error TS7006: Parameter 't' implicitly has an 'any' type.
generated/prisma/runtime/wasm-compiler-edge.js(10,4850): error TS7006: Parameter 'e' implicitly has an 'any' type.
generated/prisma/runtime/wasm-compiler-edge.js(10,5509): error TS7031: Binding element 'e' implicitly has an 'any' type.
generated/prisma/runtime/wasm-compiler-edge.js(10,5518): error TS7031: Binding element 't' implicitly has an 'any' type.
generated/prisma/runtime/wasm-compiler-edge.js(10,5525): error TS7031: Binding element 'r' implicitly has an 'any' type.
generated/prisma/runtime/wasm-compiler-edge.js(10,5544): error TS7031: Binding element 'n' implicitly has an 'any' type.
generated/prisma/runtime/wasm-compiler-edge.js(10,5579): error TS7031: Binding element 'o' implicitly has an 'any' type.
generated/prisma/runtime/wasm-compiler-edge.js(10,5594): error TS7031: Binding element 's' implicitly has an 'any' type.
generated/prisma/runtime/wasm-compiler-edge.js(10,5608): error TS7031: Binding element 'a' implicitly has an 'any' type.
generated/prisma/runtime/wasm-compiler-edge.js(10,5624): error TS7031: Binding element 'f' implicitly has an 'any' type.
generated/prisma/runtime/wasm-compiler-edge.js(10,5642): error TS7031: Binding element 'w' implicitly has an 'any' type.
generated/prisma/runtime/wasm-compiler-edge.js(10,5655): error TS7031: Binding element 'A' implicitly has an 'any' type.
generated/prisma/runtime/wasm-compiler-edge.js(10,5887): error TS7053: Element implicitly has an 'any' type because expression of type 'any' can't be used to index type '{ findUnique: string; findUniqueOrThrow: string; findFirst: string; findFirstOrThrow: string; findMany: string; count: string; create: string; createMany: string; createManyAndReturn: string; ... 12 more ...; aggregateRaw: string; }'.
generated/prisma/runtime/wasm-compiler-edge.js(10,5921): error TS2339: Property 'select' does not exist on type '{}'.
generated/prisma/runtime/wasm-compiler-edge.js(10,5930): error TS2339: Property 'include' does not exist on type '{}'.
generated/prisma/runtime/wasm-compiler-edge.js(10,5949): error TS7006: Parameter 'n' implicitly has an 'any' type.
generated/prisma/runtime/wasm-compiler-edge.js(10,5960): error TS2339: Property 'omit' does not exist on type '{}'.
generated/prisma/runtime/wasm-compiler-edge.js(10,5981): error TS2339: Property 'omit' does not exist on type '{}'.
generated/prisma/runtime/wasm-compiler-edge.js(10,6040): error TS7006: Parameter 'e' implicitly has an 'any' type.
generated/prisma/runtime/wasm-compiler-edge.js(10,6042): error TS7006: Parameter 't' implicitly has an 'any' type.
generated/prisma/runtime/wasm-compiler-edge.js(10,6044): error TS7006: Parameter 'r' implicitly has an 'any' type.
generated/prisma/runtime/wasm-compiler-edge.js(10,6046): error TS7006: Parameter 'n' implicitly has an 'any' type.
generated/prisma/runtime/wasm-compiler-edge.js(10,6360): error TS7006: Parameter 'e' implicitly has an 'any' type.
generated/prisma/runtime/wasm-compiler-edge.js(10,6362): error TS7006: Parameter 't' implicitly has an 'any' type.
generated/prisma/runtime/wasm-compiler-edge.js(10,6364): error TS7006: Parameter 'r' implicitly has an 'any' type.
generated/prisma/runtime/wasm-compiler-edge.js(10,6486): error TS7006: Parameter 'e' implicitly has an 'any' type.
generated/prisma/runtime/wasm-compiler-edge.js(10,6488): error TS7006: Parameter 't' implicitly has an 'any' type.
generated/prisma/runtime/wasm-compiler-edge.js(10,6490): error TS7006: Parameter 'r' implicitly has an 'any' type.
generated/prisma/runtime/wasm-compiler-edge.js(10,6887): error TS7006: Parameter 'e' implicitly has an 'any' type.
generated/prisma/runtime/wasm-compiler-edge.js(10,6889): error TS7006: Parameter 't' implicitly has an 'any' type.
generated/prisma/runtime/wasm-compiler-edge.js(10,6891): error TS7006: Parameter 'r' implicitly has an 'any' type.
generated/prisma/runtime/wasm-compiler-edge.js(10,7095): error TS7006: Parameter 'e' implicitly has an 'any' type.
generated/prisma/runtime/wasm-compiler-edge.js(10,7097): error TS7006: Parameter 't' implicitly has an 'any' type.
generated/prisma/runtime/wasm-compiler-edge.js(10,7297): error TS7053: Element implicitly has an 'any' type because expression of type 'string' can't be used to index type '{}'.
  No index signature with a parameter of type 'string' was found on type '{}'.
generated/prisma/runtime/wasm-compiler-edge.js(10,7344): error TS7053: Element implicitly has an 'any' type because expression of type 'string' can't be used to index type '{}'.
  No index signature with a parameter of type 'string' was found on type '{}'.
generated/prisma/runtime/wasm-compiler-edge.js(10,7358): error TS7053: Element implicitly has an 'any' type because expression of type 'string' can't be used to index type '{}'.
  No index signature with a parameter of type 'string' was found on type '{}'.
generated/prisma/runtime/wasm-compiler-edge.js(10,7375): error TS7053: Element implicitly has an 'any' type because expression of type 'string' can't be used to index type '{}'.
  No index signature with a parameter of type 'string' was found on type '{}'.
generated/prisma/runtime/wasm-compiler-edge.js(10,7407): error TS7023: 'ia' implicitly has return type 'any' because it does not have a return type annotation and is referenced directly or indirectly in one of its return expressions.
generated/prisma/runtime/wasm-compiler-edge.js(10,7410): error TS7006: Parameter 'e' implicitly has an 'any' type.
generated/prisma/runtime/wasm-compiler-edge.js(10,7412): error TS7006: Parameter 't' implicitly has an 'any' type.
generated/prisma/runtime/wasm-compiler-edge.js(10,8116): error TS7005: Variable 'y' implicitly has an 'any' type.
generated/prisma/runtime/wasm-compiler-edge.js(10,8253): error TS7053: Element implicitly has an 'any' type because expression of type 'string' can't be used to index type '{ DbNull: ur; JsonNull: pr; AnyNull: mr; }'.
  No index signature with a parameter of type 'string' was found on type '{ DbNull: ur; JsonNull: pr; AnyNull: mr; }'.
generated/prisma/runtime/wasm-compiler-edge.js(10,8764): error TS7006: Parameter 'e' implicitly has an 'any' type.
generated/prisma/runtime/wasm-compiler-edge.js(10,8766): error TS7006: Parameter 't' implicitly has an 'any' type.
generated/prisma/runtime/wasm-compiler-edge.js(10,8883): error TS7053: Element implicitly has an 'any' type because expression of type 'string' can't be used to index type '{}'.
  No index signature with a parameter of type 'string' was found on type '{}'.
generated/prisma/runtime/wasm-compiler-edge.js(10,9152): error TS7023: 'Jp' implicitly has return type 'any' because it does not have a return type annotation and is referenced directly or indirectly in one of its return expressions.
generated/prisma/runtime/wasm-compiler-edge.js(10,9155): error TS7006: Parameter 'e' implicitly has an 'any' type.
generated/prisma/runtime/wasm-compiler-edge.js(10,9157): error TS7006: Parameter 't' implicitly has an 'any' type.
generated/prisma/runtime/wasm-compiler-edge.js(10,9622): error TS7006: Parameter 'e' implicitly has an 'any' type.
generated/prisma/runtime/wasm-compiler-edge.js(10,9705): error TS7006: Parameter 'e' implicitly has an 'any' type.
generated/prisma/runtime/wasm-compiler-edge.js(10,9785): error TS7006: Parameter 'e' implicitly has an 'any' type.
generated/prisma/runtime/wasm-compiler-edge.js(10,9787): error TS7006: Parameter 't' implicitly has an 'any' type.
generated/prisma/runtime/wasm-compiler-edge.js(10,9985): error TS7006: Parameter 't' implicitly has an 'any' type.
generated/prisma/runtime/wasm-compiler-edge.js(10,10195): error TS7006: Parameter 't' implicitly has an 'any' type.
generated/prisma/runtime/wasm-compiler-edge.js(10,10758): error TS7006: Parameter 't' implicitly has an 'any' type.
generated/prisma/runtime/wasm-compiler-edge.js(10,10962): error TS7006: Parameter 't' implicitly has an 'any' type.
generated/prisma/runtime/wasm-compiler-edge.js(10,11141): error TS7006: Parameter 't' implicitly has an 'any' type.
generated/prisma/runtime/wasm-compiler-edge.js(10,11181): error TS7006: Parameter 'r' implicitly has an 'any' type.
generated/prisma/runtime/wasm-compiler-edge.js(10,11210): error TS7006: Parameter 't' implicitly has an 'any' type.
generated/prisma/runtime/wasm-compiler-edge.js(10,12007): error TS7006: Parameter 't' implicitly has an 'any' type.
generated/prisma/runtime/wasm-compiler-edge.js(10,12127): error TS7006: Parameter 'e' implicitly has an 'any' type.
generated/prisma/runtime/wasm-compiler-edge.js(10,12318): error TS7006: Parameter 't' implicitly has an 'any' type.
generated/prisma/runtime/wasm-compiler-edge.js(10,12347): error TS7006: Parameter 't' implicitly has an 'any' type.
generated/prisma/runtime/wasm-compiler-edge.js(10,12436): error TS7006: Parameter 't' implicitly has an 'any' type.
generated/prisma/runtime/wasm-compiler-edge.js(10,12552): error TS7006: Parameter 'e' implicitly has an 'any' type.
generated/prisma/runtime/wasm-compiler-edge.js(10,12554): error TS7006: Parameter 't' implicitly has an 'any' type.
generated/prisma/runtime/wasm-compiler-edge.js(10,12639): error TS7006: Parameter 'e' implicitly has an 'any' type.
generated/prisma/runtime/wasm-compiler-edge.js(10,12733): error TS7006: Parameter 'e' implicitly has an 'any' type.
generated/prisma/runtime/wasm-compiler-edge.js(10,12877): error TS7006: Parameter 't' implicitly has an 'any' type.
generated/prisma/runtime/wasm-compiler-edge.js(10,12879): error TS7006: Parameter 'r' implicitly has an 'any' type.
generated/prisma/runtime/wasm-compiler-edge.js(10,13042): error TS7006: Parameter 'e' implicitly has an 'any' type.
generated/prisma/runtime/wasm-compiler-edge.js(10,13052): error TS7019: Rest parameter 't' implicitly has an 'any[]' type.
generated/prisma/runtime/wasm-compiler-edge.js(10,13083): error TS7006: Parameter 'e' implicitly has an 'any' type.
generated/prisma/runtime/wasm-compiler-edge.js(10,13243): error TS7006: Parameter 't' implicitly has an 'any' type.
generated/prisma/runtime/wasm-compiler-edge.js(10,13245): error TS7006: Parameter 'r' implicitly has an 'any' type.
generated/prisma/runtime/wasm-compiler-edge.js(10,13427): error TS7006: Parameter 's' implicitly has an 'any' type.
generated/prisma/runtime/wasm-compiler-edge.js(10,13429): error TS7006: Parameter 'a' implicitly has an 'any' type.
generated/prisma/runtime/wasm-compiler-edge.js(10,14231): error TS7006: Parameter 'e' implicitly has an 'any' type.
generated/prisma/runtime/wasm-compiler-edge.js(10,14445): error TS7006: Parameter 'e' implicitly has an 'any' type.
generated/prisma/runtime/wasm-compiler-edge.js(10,14496): error TS7006: Parameter 'e' implicitly has an 'any' type.
generated/prisma/runtime/wasm-compiler-edge.js(10,14498): error TS7019: Rest parameter 't' implicitly has an 'any[]' type.
generated/prisma/runtime/wasm-compiler-edge.js(10,14583): error TS7006: Parameter 'e' implicitly has an 'any' type.
generated/prisma/runtime/wasm-compiler-edge.js(10,14643): error TS7006: Parameter 't' implicitly has an 'any' type.
generated/prisma/runtime/wasm-compiler-edge.js(10,14696): error TS7006: Parameter 'e' implicitly has an 'any' type.
generated/prisma/runtime/wasm-compiler-edge.js(10,14698): error TS7006: Parameter 't' implicitly has an 'any' type.
generated/prisma/runtime/wasm-compiler-edge.js(10,14797): error TS7006: Parameter 'e' implicitly has an 'any' type.
generated/prisma/runtime/wasm-compiler-edge.js(10,14867): error TS7006: Parameter 'r' implicitly has an 'any' type.
generated/prisma/runtime/wasm-compiler-edge.js(10,14943): error TS7006: Parameter 'r' implicitly has an 'any' type.
generated/prisma/runtime/wasm-compiler-edge.js(10,15095): error TS7006: Parameter 'e' implicitly has an 'any' type.
generated/prisma/runtime/wasm-compiler-edge.js(10,15195): error TS7006: Parameter 'r' implicitly has an 'any' type.
generated/prisma/runtime/wasm-compiler-edge.js(10,15197): error TS7006: Parameter 'n' implicitly has an 'any' type.
generated/prisma/runtime/wasm-compiler-edge.js(10,15215): error TS7006: Parameter 'r' implicitly has an 'any' type.
generated/prisma/runtime/wasm-compiler-edge.js(10,15217): error TS7006: Parameter 'n' implicitly has an 'any' type.
generated/prisma/runtime/wasm-compiler-edge.js(10,15219): error TS7006: Parameter 'i' implicitly has an 'any' type.
generated/prisma/runtime/wasm-compiler-edge.js(10,15332): error TS7006: Parameter 'e' implicitly has an 'any' type.
generated/prisma/runtime/wasm-compiler-edge.js(10,15334): error TS7006: Parameter 't' implicitly has an 'any' type.
generated/prisma/runtime/wasm-compiler-edge.js(10,16141): error TS7006: Parameter 'e' implicitly has an 'any' type.
generated/prisma/runtime/wasm-compiler-edge.js(10,16239): error TS7006: Parameter 'e' implicitly has an 'any' type.
generated/prisma/runtime/wasm-compiler-edge.js(10,16241): error TS7006: Parameter 't' implicitly has an 'any' type.
generated/prisma/runtime/wasm-compiler-edge.js(10,16260): error TS7006: Parameter 'r' implicitly has an 'any' type.
generated/prisma/runtime/wasm-compiler-edge.js(10,16323): error TS7006: Parameter 'e' implicitly has an 'any' type.
generated/prisma/runtime/wasm-compiler-edge.js(10,16427): error TS7006: Parameter 'e' implicitly has an 'any' type.
generated/prisma/runtime/wasm-compiler-edge.js(10,16429): error TS7006: Parameter 't' implicitly has an 'any' type.
generated/prisma/runtime/wasm-compiler-edge.js(10,16563): error TS7006: Parameter 'e' implicitly has an 'any' type.
generated/prisma/runtime/wasm-compiler-edge.js(10,16708): error TS7031: Binding element 'e' implicitly has an 'any' type.
generated/prisma/runtime/wasm-compiler-edge.js(10,16728): error TS7031: Binding element 't' implicitly has an 'any' type.
generated/prisma/runtime/wasm-compiler-edge.js(10,16731): error TS7006: Parameter 'r' implicitly has an 'any' type.
generated/prisma/runtime/wasm-compiler-edge.js(10,16733): error TS7006: Parameter 'n' implicitly has an 'any' type.
generated/prisma/runtime/wasm-compiler-edge.js(10,16931): error TS7006: Parameter 'e' implicitly has an 'any' type.
generated/prisma/runtime/wasm-compiler-edge.js(10,16933): error TS7006: Parameter 't' implicitly has an 'any' type.
generated/prisma/runtime/wasm-compiler-edge.js(11,292): error TS7006: Parameter 'e' implicitly has an 'any' type.
generated/prisma/runtime/wasm-compiler-edge.js(11,309): error TS2304: Cannot find name '$EnabledCallSite'.
generated/prisma/runtime/wasm-compiler-edge.js(11,357): error TS2304: Cannot find name '$EnabledCallSite'.
generated/prisma/runtime/wasm-compiler-edge.js(11,578): error TS7053: Element implicitly has an 'any' type because expression of type 'string' can't be used to index type '{ _avg: boolean; _count: boolean; _sum: boolean; _min: boolean; _max: boolean; }'.
  No index signature with a parameter of type 'string' was found on type '{ _avg: boolean; _count: boolean; _sum: boolean; _min: boolean; _max: boolean; }'.
generated/prisma/runtime/wasm-compiler-edge.js(11,593): error TS7053: Element implicitly has an 'any' type because expression of type 'string' can't be used to index type '{}'.
  No index signature with a parameter of type 'string' was found on type '{}'.
generated/prisma/runtime/wasm-compiler-edge.js(11,616): error TS7053: Element implicitly has an 'any' type because expression of type 'string' can't be used to index type '{ select: {}; }'.
  No index signature with a parameter of type 'string' was found on type '{ select: {}; }'.
generated/prisma/runtime/wasm-compiler-edge.js(11,673): error TS2339: Property '_count' does not exist on type '{}'.
generated/prisma/runtime/wasm-compiler-edge.js(11,712): error TS2339: Property '_count' does not exist on type '{}'.
generated/prisma/runtime/wasm-compiler-edge.js(11,748): error TS7006: Parameter 't' implicitly has an 'any' type.
generated/prisma/runtime/wasm-compiler-edge.js(11,761): error TS2339: Property '_count' does not exist on type '{}'.
generated/prisma/runtime/wasm-compiler-edge.js(11,820): error TS7006: Parameter 'e' implicitly has an 'any' type.
generated/prisma/runtime/wasm-compiler-edge.js(11,822): error TS7006: Parameter 't' implicitly has an 'any' type.
generated/prisma/runtime/wasm-compiler-edge.js(11,942): error TS2339: Property 'select' does not exist on type '{}'.
generated/prisma/runtime/wasm-compiler-edge.js(11,1067): error TS2339: Property 'select' does not exist on type '{}'.
generated/prisma/runtime/wasm-compiler-edge.js(11,1084): error TS7006: Parameter 't' implicitly has an 'any' type.
generated/prisma/runtime/wasm-compiler-edge.js(11,1103): error TS7006: Parameter 't' implicitly has an 'any' type.
generated/prisma/runtime/wasm-compiler-edge.js(11,1139): error TS7006: Parameter 'e' implicitly has an 'any' type.
generated/prisma/runtime/wasm-compiler-edge.js(11,1141): error TS7006: Parameter 't' implicitly has an 'any' type.
generated/prisma/runtime/wasm-compiler-edge.js(11,1276): error TS2339: Property 'by' does not exist on type '{ select: {}; }'.
generated/prisma/runtime/wasm-compiler-edge.js(11,1295): error TS2339: Property 'by' does not exist on type '{ select: {}; }'.
generated/prisma/runtime/wasm-compiler-edge.js(11,1319): error TS7053: Element implicitly has an 'any' type because expression of type 'string' can't be used to index type '{}'.
  No index signature with a parameter of type 'string' was found on type '{}'.
generated/prisma/runtime/wasm-compiler-edge.js(11,1349): error TS2339: Property 'by' does not exist on type '{ select: {}; }'.
generated/prisma/runtime/wasm-compiler-edge.js(11,1364): error TS7053: Element implicitly has an 'any' type because expression of type 'any' can't be used to index type '{}'.
generated/prisma/runtime/wasm-compiler-edge.js(11,1375): error TS2339: Property 'by' does not exist on type '{ select: {}; }'.
generated/prisma/runtime/wasm-compiler-edge.js(11,1417): error TS7006: Parameter 't' implicitly has an 'any' type.
generated/prisma/runtime/wasm-compiler-edge.js(11,1431): error TS2339: Property '_count' does not exist on type '{}'.
generated/prisma/runtime/wasm-compiler-edge.js(11,1460): error TS7006: Parameter 'r' implicitly has an 'any' type.
generated/prisma/runtime/wasm-compiler-edge.js(11,1504): error TS7006: Parameter 'e' implicitly has an 'any' type.
generated/prisma/runtime/wasm-compiler-edge.js(11,1506): error TS7006: Parameter 't' implicitly has an 'any' type.
generated/prisma/runtime/wasm-compiler-edge.js(11,1582): error TS7006: Parameter 'e' implicitly has an 'any' type.
generated/prisma/runtime/wasm-compiler-edge.js(11,1584): error TS7006: Parameter 't' implicitly has an 'any' type.
generated/prisma/runtime/wasm-compiler-edge.js(11,1586): error TS7006: Parameter 'r' implicitly has an 'any' type.
generated/prisma/runtime/wasm-compiler-edge.js(11,1615): error TS7006: Parameter 'n' implicitly has an 'any' type.
generated/prisma/runtime/wasm-compiler-edge.js(11,1648): error TS7006: Parameter 'n' implicitly has an 'any' type.
generated/prisma/runtime/wasm-compiler-edge.js(11,1683): error TS7006: Parameter 'n' implicitly has an 'any' type.
generated/prisma/runtime/wasm-compiler-edge.js(11,1730): error TS7006: Parameter 'e' implicitly has an 'any' type.
generated/prisma/runtime/wasm-compiler-edge.js(11,1732): error TS7006: Parameter 't' implicitly has an 'any' type.
generated/prisma/runtime/wasm-compiler-edge.js(11,1757): error TS7006: Parameter 'i' implicitly has an 'any' type.
generated/prisma/runtime/wasm-compiler-edge.js(11,1870): error TS7053: Element implicitly has an 'any' type because expression of type 'string' can't be used to index type '{}'.
  No index signature with a parameter of type 'string' was found on type '{}'.
generated/prisma/runtime/wasm-compiler-edge.js(11,2011): error TS7006: Parameter 'e' implicitly has an 'any' type.
generated/prisma/runtime/wasm-compiler-edge.js(11,2050): error TS7006: Parameter 'e' implicitly has an 'any' type.
generated/prisma/runtime/wasm-compiler-edge.js(11,2052): error TS7006: Parameter 't' implicitly has an 'any' type.
generated/prisma/runtime/wasm-compiler-edge.js(11,2070): error TS7006: Parameter 'r' implicitly has an 'any' type.
generated/prisma/runtime/wasm-compiler-edge.js(11,2072): error TS7006: Parameter 'n' implicitly has an 'any' type.
generated/prisma/runtime/wasm-compiler-edge.js(11,2091): error TS7006: Parameter 'e' implicitly has an 'any' type.
generated/prisma/runtime/wasm-compiler-edge.js(11,2093): error TS7006: Parameter 't' implicitly has an 'any' type.
generated/prisma/runtime/wasm-compiler-edge.js(11,2095): error TS7006: Parameter 'r' implicitly has an 'any' type.
generated/prisma/runtime/wasm-compiler-edge.js(11,2118): error TS7006: Parameter 'n' implicitly has an 'any' type.
generated/prisma/runtime/wasm-compiler-edge.js(11,2120): error TS7006: Parameter 'i' implicitly has an 'any' type.
generated/prisma/runtime/wasm-compiler-edge.js(11,2122): error TS7006: Parameter 'o' implicitly has an 'any' type.
generated/prisma/runtime/wasm-compiler-edge.js(11,2124): error TS7006: Parameter 's' implicitly has an 'any' type.
generated/prisma/runtime/wasm-compiler-edge.js(11,2188): error TS7006: Parameter 'e' implicitly has an 'any' type.
generated/prisma/runtime/wasm-compiler-edge.js(11,2190): error TS7006: Parameter 't' implicitly has an 'any' type.
generated/prisma/runtime/wasm-compiler-edge.js(11,2256): error TS7006: Parameter 'e' implicitly has an 'any' type.
generated/prisma/runtime/wasm-compiler-edge.js(11,2258): error TS7006: Parameter 't' implicitly has an 'any' type.
generated/prisma/runtime/wasm-compiler-edge.js(11,2260): error TS7006: Parameter 'r' implicitly has an 'any' type.
generated/prisma/runtime/wasm-compiler-edge.js(11,2313): error TS7006: Parameter 'e' implicitly has an 'any' type.
generated/prisma/runtime/wasm-compiler-edge.js(11,2315): error TS7006: Parameter 't' implicitly has an 'any' type.
generated/prisma/runtime/wasm-compiler-edge.js(11,2317): error TS7006: Parameter 'r' implicitly has an 'any' type.
generated/prisma/runtime/wasm-compiler-edge.js(11,2319): error TS7006: Parameter 'n' implicitly has an 'any' type.
generated/prisma/runtime/wasm-compiler-edge.js(11,2321): error TS7006: Parameter 'i' implicitly has an 'any' type.
generated/prisma/runtime/wasm-compiler-edge.js(11,2323): error TS7006: Parameter 'o' implicitly has an 'any' type.
generated/prisma/runtime/wasm-compiler-edge.js(11,2377): error TS7006: Parameter 'f' implicitly has an 'any' type.
generated/prisma/runtime/wasm-compiler-edge.js(11,2379): error TS7006: Parameter 'w' implicitly has an 'any' type.
generated/prisma/runtime/wasm-compiler-edge.js(11,2414): error TS7006: Parameter 'f' implicitly has an 'any' type.
generated/prisma/runtime/wasm-compiler-edge.js(11,2686): error TS7006: Parameter 'e' implicitly has an 'any' type.
generated/prisma/runtime/wasm-compiler-edge.js(11,2688): error TS7006: Parameter 't' implicitly has an 'any' type.
generated/prisma/runtime/wasm-compiler-edge.js(11,2742): error TS7006: Parameter 'r' implicitly has an 'any' type.
generated/prisma/runtime/wasm-compiler-edge.js(11,2768): error TS7006: Parameter 'r' implicitly has an 'any' type.
generated/prisma/runtime/wasm-compiler-edge.js(11,2935): error TS7006: Parameter 'e' implicitly has an 'any' type.
generated/prisma/runtime/wasm-compiler-edge.js(11,2937): error TS7006: Parameter 't' implicitly has an 'any' type.
generated/prisma/runtime/wasm-compiler-edge.js(11,3113): error TS7006: Parameter 'e' implicitly has an 'any' type.
generated/prisma/runtime/wasm-compiler-edge.js(11,3115): error TS7006: Parameter 't' implicitly has an 'any' type.
generated/prisma/runtime/wasm-compiler-edge.js(11,3208): error TS7006: Parameter 'i' implicitly has an 'any' type.
generated/prisma/runtime/wasm-compiler-edge.js(11,3221): error TS7006: Parameter 'a' implicitly has an 'any' type.
generated/prisma/runtime/wasm-compiler-edge.js(11,3224): error TS7006: Parameter 'f' implicitly has an 'any' type.
generated/prisma/runtime/wasm-compiler-edge.js(11,3283): error TS7006: Parameter 'A' implicitly has an 'any' type.
generated/prisma/runtime/wasm-compiler-edge.js(11,3523): error TS7006: Parameter 'e' implicitly has an 'any' type.
generated/prisma/runtime/wasm-compiler-edge.js(11,3560): error TS7006: Parameter 'e' implicitly has an 'any' type.
generated/prisma/runtime/wasm-compiler-edge.js(11,3562): error TS7006: Parameter 't' implicitly has an 'any' type.
generated/prisma/runtime/wasm-compiler-edge.js(11,3682): error TS7006: Parameter 'e' implicitly has an 'any' type.
generated/prisma/runtime/wasm-compiler-edge.js(11,3707): error TS7006: Parameter 't' implicitly has an 'any' type.
generated/prisma/runtime/wasm-compiler-edge.js(11,3755): error TS7006: Parameter 'e' implicitly has an 'any' type.
generated/prisma/runtime/wasm-compiler-edge.js(11,3911): error TS7006: Parameter 'e' implicitly has an 'any' type.
generated/prisma/runtime/wasm-compiler-edge.js(11,4051): error TS7006: Parameter 'n' implicitly has an 'any' type.
generated/prisma/runtime/wasm-compiler-edge.js(11,4080): error TS7006: Parameter 'e' implicitly has an 'any' type.
generated/prisma/runtime/wasm-compiler-edge.js(11,4217): error TS7006: Parameter 'i' implicitly has an 'any' type.
generated/prisma/runtime/wasm-compiler-edge.js(11,4369): error TS7006: Parameter 'i' implicitly has an 'any' type.
generated/prisma/runtime/wasm-compiler-edge.js(11,4427): error TS7006: Parameter 'e' implicitly has an 'any' type.
generated/prisma/runtime/wasm-compiler-edge.js(11,4463): error TS7006: Parameter 'e' implicitly has an 'any' type.
generated/prisma/runtime/wasm-compiler-edge.js(11,4499): error TS2683: 'this' implicitly has type 'any' because it does not have a type annotation.
generated/prisma/runtime/wasm-compiler-edge.js(11,4572): error TS2683: 'this' implicitly has type 'any' because it does not have a type annotation.
generated/prisma/runtime/wasm-compiler-edge.js(11,4607): error TS2683: 'this' implicitly has type 'any' because it does not have a type annotation.
generated/prisma/runtime/wasm-compiler-edge.js(11,4673): error TS2683: 'this' implicitly has type 'any' because it does not have a type annotation.
generated/prisma/runtime/wasm-compiler-edge.js(11,4714): error TS2683: 'this' implicitly has type 'any' because it does not have a type annotation.
generated/prisma/runtime/wasm-compiler-edge.js(11,4764): error TS2683: 'this' implicitly has type 'any' because it does not have a type annotation.
generated/prisma/runtime/wasm-compiler-edge.js(11,4888): error TS7031: Binding element 'e' implicitly has an 'any' type.
generated/prisma/runtime/wasm-compiler-edge.js(11,4900): error TS7031: Binding element 't' implicitly has an 'any' type.
generated/prisma/runtime/wasm-compiler-edge.js(11,4909): error TS7031: Binding element 'r' implicitly has an 'any' type.
generated/prisma/runtime/wasm-compiler-edge.js(11,4916): error TS7031: Binding element 'n' implicitly has an 'any' type.
generated/prisma/runtime/wasm-compiler-edge.js(11,4929): error TS7031: Binding element 'i' implicitly has an 'any' type.
generated/prisma/runtime/wasm-compiler-edge.js(11,4984): error TS7034: Variable 's' implicitly has type 'any[]' in some locations where its type cannot be determined.
generated/prisma/runtime/wasm-compiler-edge.js(11,5074): error TS7006: Parameter 'A' implicitly has an 'any' type.
generated/prisma/runtime/wasm-compiler-edge.js(11,5164): error TS7006: Parameter 'A' implicitly has an 'any' type.
generated/prisma/runtime/wasm-compiler-edge.js(11,5232): error TS7005: Variable 's' implicitly has an 'any[]' type.
generated/prisma/runtime/wasm-compiler-edge.js(11,5299): error TS7006: Parameter 'e' implicitly has an 'any' type.
generated/prisma/runtime/wasm-compiler-edge.js(11,5301): error TS7006: Parameter 't' implicitly has an 'any' type.
generated/prisma/runtime/wasm-compiler-edge.js(11,5319): error TS7006: Parameter 'r' implicitly has an 'any' type.
generated/prisma/runtime/wasm-compiler-edge.js(11,5343): error TS7006: Parameter 'e' implicitly has an 'any' type.
generated/prisma/runtime/wasm-compiler-edge.js(11,5345): error TS7006: Parameter 't' implicitly has an 'any' type.
generated/prisma/runtime/wasm-compiler-edge.js(11,5432): error TS7031: Binding element 'e' implicitly has an 'any' type.
generated/prisma/runtime/wasm-compiler-edge.js(11,5441): error TS7031: Binding element 't' implicitly has an 'any' type.
generated/prisma/runtime/wasm-compiler-edge.js(11,5448): error TS7031: Binding element 'r' implicitly has an 'any' type.
generated/prisma/runtime/wasm-compiler-edge.js(11,5467): error TS7031: Binding element 'n' implicitly has an 'any' type.
generated/prisma/runtime/wasm-compiler-edge.js(11,5479): error TS7031: Binding element 'i' implicitly has an 'any' type.
generated/prisma/runtime/wasm-compiler-edge.js(11,5863): error TS7031: Binding element 'e' implicitly has an 'any' type.
generated/prisma/runtime/wasm-compiler-edge.js(11,5872): error TS7031: Binding element 't' implicitly has an 'any' type.
generated/prisma/runtime/wasm-compiler-edge.js(11,5890): error TS7031: Binding element 'r' implicitly has an 'any' type.
generated/prisma/runtime/wasm-compiler-edge.js(11,5909): error TS7031: Binding element 'n' implicitly has an 'any' type.
generated/prisma/runtime/wasm-compiler-edge.js(11,5919): error TS7031: Binding element 'i' implicitly has an 'any' type.
generated/prisma/runtime/wasm-compiler-edge.js(11,6021): error TS7006: Parameter 'A' implicitly has an 'any' type.
generated/prisma/runtime/wasm-compiler-edge.js(11,6214): error TS7031: Binding element 'e' implicitly has an 'any' type.
generated/prisma/runtime/wasm-compiler-edge.js(11,6226): error TS7031: Binding element 't' implicitly has an 'any' type.
generated/prisma/runtime/wasm-compiler-edge.js(11,6233): error TS7031: Binding element 'r' implicitly has an 'any' type.
generated/prisma/runtime/wasm-compiler-edge.js(11,6246): error TS7031: Binding element 'n' implicitly has an 'any' type.
generated/prisma/runtime/wasm-compiler-edge.js(11,6265): error TS7031: Binding element 'i' implicitly has an 'any' type.
generated/prisma/runtime/wasm-compiler-edge.js(11,6278): error TS7031: Binding element 'o' implicitly has an 'any' type.
generated/prisma/runtime/wasm-compiler-edge.js(11,6410): error TS7006: Parameter 'a' implicitly has an 'any' type.
generated/prisma/runtime/wasm-compiler-edge.js(11,6412): error TS7006: Parameter 'f' implicitly has an 'any' type.
generated/prisma/runtime/wasm-compiler-edge.js(11,6414): error TS7006: Parameter 'w' implicitly has an 'any' type.
generated/prisma/runtime/wasm-compiler-edge.js(11,6700): error TS7006: Parameter 'e' implicitly has an 'any' type.
generated/prisma/runtime/wasm-compiler-edge.js(11,6865): error TS7053: Element implicitly has an 'any' type because expression of type 'string' can't be used to index type '{}'.
  No index signature with a parameter of type 'string' was found on type '{}'.
generated/prisma/runtime/wasm-compiler-edge.js(11,6900): error TS7006: Parameter 'e' implicitly has an 'any' type.
generated/prisma/runtime/wasm-compiler-edge.js(11,6949): error TS7006: Parameter 'e' implicitly has an 'any' type.
generated/prisma/runtime/wasm-compiler-edge.js(11,6994): error TS7006: Parameter 'e' implicitly has an 'any' type.
generated/prisma/runtime/wasm-compiler-edge.js(11,7081): error TS7005: Variable 'se' implicitly has an 'any' type.
generated/prisma/runtime/wasm-compiler-edge.js(11,7160): error TS2339: Property 'slice' does not exist on type 'ArrayBufferView<ArrayBufferLike>'.
generated/prisma/runtime/wasm-compiler-edge.js(11,7399): error TS7053: Element implicitly has an 'any' type because expression of type 'string' can't be used to index type '{}'.
  No index signature with a parameter of type 'string' was found on type '{}'.
generated/prisma/runtime/wasm-compiler-edge.js(11,7456): error TS7006: Parameter 'e' implicitly has an 'any' type.
generated/prisma/runtime/wasm-compiler-edge.js(11,7458): error TS7006: Parameter 't' implicitly has an 'any' type.
generated/prisma/runtime/wasm-compiler-edge.js(11,7460): error TS7006: Parameter 'r' implicitly has an 'any' type.
generated/prisma/runtime/wasm-compiler-edge.js(11,7497): error TS7006: Parameter 'i' implicitly has an 'any' type.
generated/prisma/runtime/wasm-compiler-edge.js(11,7784): error TS7006: Parameter 's' implicitly has an 'any' type.
generated/prisma/runtime/wasm-compiler-edge.js(11,7900): error TS7006: Parameter 'e' implicitly has an 'any' type.
generated/prisma/runtime/wasm-compiler-edge.js(11,7902): error TS7006: Parameter 't' implicitly has an 'any' type.
generated/prisma/runtime/wasm-compiler-edge.js(11,8097): error TS7006: Parameter 'e' implicitly has an 'any' type.
generated/prisma/runtime/wasm-compiler-edge.js(11,8107): error TS7006: Parameter 't' implicitly has an 'any' type.
generated/prisma/runtime/wasm-compiler-edge.js(11,8222): error TS7006: Parameter 'e' implicitly has an 'any' type.
generated/prisma/runtime/wasm-compiler-edge.js(11,8224): error TS7006: Parameter 't' implicitly has an 'any' type.
generated/prisma/runtime/wasm-compiler-edge.js(11,8226): error TS7006: Parameter 'r' implicitly has an 'any' type.
generated/prisma/runtime/wasm-compiler-edge.js(11,8228): error TS7006: Parameter 'n' implicitly has an 'any' type.
generated/prisma/runtime/wasm-compiler-edge.js(11,8358): error TS7006: Parameter 's' implicitly has an 'any' type.
generated/prisma/runtime/wasm-compiler-edge.js(11,8520): error TS7006: Parameter 's' implicitly has an 'any' type.
generated/prisma/runtime/wasm-compiler-edge.js(11,8618): error TS7006: Parameter 'e' implicitly has an 'any' type.
generated/prisma/runtime/wasm-compiler-edge.js(11,8653): error TS7006: Parameter 'r' implicitly has an 'any' type.
generated/prisma/runtime/wasm-compiler-edge.js(11,8783): error TS7031: Binding element 'e' implicitly has an 'any' type.
generated/prisma/runtime/wasm-compiler-edge.js(11,8792): error TS7031: Binding element 't' implicitly has an 'any' type.
generated/prisma/runtime/wasm-compiler-edge.js(11,8808): error TS7031: Binding element 'r' implicitly has an 'any' type.
generated/prisma/runtime/wasm-compiler-edge.js(11,8820): error TS7031: Binding element 'n' implicitly has an 'any' type.
generated/prisma/runtime/wasm-compiler-edge.js(13,32): error TS7053: Element implicitly has an 'any' type because expression of type 'any' can't be used to index type '{ Vercel: string; "Netlify CI": string; }'.
generated/prisma/runtime/wasm-compiler-edge.js(13,117): error TS7006: Parameter 'e' implicitly has an 'any' type.
generated/prisma/runtime/wasm-compiler-edge.js(13,119): error TS7006: Parameter 't' implicitly has an 'any' type.
generated/prisma/runtime/wasm-compiler-edge.js(13,320): error TS7006: Parameter 'e' implicitly has an 'any' type.
generated/prisma/runtime/wasm-compiler-edge.js(13,401): error TS7006: Parameter 't' implicitly has an 'any' type.
generated/prisma/runtime/wasm-compiler-edge.js(13,455): error TS7006: Parameter 'e' implicitly has an 'any' type.
generated/prisma/runtime/wasm-compiler-edge.js(14,8): error TS7006: Parameter 't' implicitly has an 'any' type.
generated/prisma/runtime/wasm-compiler-edge.js(15,63): error TS7031: Binding element 'e' implicitly has an 'any' type.
generated/prisma/runtime/wasm-compiler-edge.js(15,130): error TS7031: Binding element 'i' implicitly has an 'any' type.
generated/prisma/runtime/wasm-compiler-edge.js(15,219): error TS7031: Binding element 'e' implicitly has an 'any' type.
generated/prisma/runtime/wasm-compiler-edge.js(15,234): error TS7031: Binding element 't' implicitly has an 'any' type.
generated/prisma/runtime/wasm-compiler-edge.js(15,242): error TS7031: Binding element 'r' implicitly has an 'any' type.
generated/prisma/runtime/wasm-compiler-edge.js(15,256): error TS7031: Binding element 'n' implicitly has an 'any' type.
generated/prisma/runtime/wasm-compiler-edge.js(15,272): error TS7031: Binding element 'i' implicitly has an 'any' type.
generated/prisma/runtime/wasm-compiler-edge.js(15,283): error TS7031: Binding element 'o' implicitly has an 'any' type.
generated/prisma/runtime/wasm-compiler-edge.js(15,291): error TS7031: Binding element 's' implicitly has an 'any' type.
generated/prisma/runtime/wasm-compiler-edge.js(23,23): error TS7005: Variable 'g' implicitly has an 'any' type.
generated/prisma/runtime/wasm-compiler-edge.js(59,142): error TS7006: Parameter 'e' implicitly has an 'any' type.
generated/prisma/runtime/wasm-compiler-edge.js(59,144): error TS7006: Parameter 't' implicitly has an 'any' type.
generated/prisma/runtime/wasm-compiler-edge.js(59,175): error TS7023: 'Hi' implicitly has return type 'any' because it does not have a return type annotation and is referenced directly or indirectly in one of its return expressions.
generated/prisma/runtime/wasm-compiler-edge.js(59,178): error TS7006: Parameter 'e' implicitly has an 'any' type.
generated/prisma/runtime/wasm-compiler-edge.js(59,180): error TS7006: Parameter 't' implicitly has an 'any' type.
generated/prisma/runtime/wasm-compiler-edge.js(59,355): error TS7006: Parameter 'e' implicitly has an 'any' type.
generated/prisma/runtime/wasm-compiler-edge.js(59,357): error TS7006: Parameter 't' implicitly has an 'any' type.
generated/prisma/runtime/wasm-compiler-edge.js(59,511): error TS7005: Variable 'se' implicitly has an 'any' type.
generated/prisma/runtime/wasm-compiler-edge.js(59,531): error TS7005: Variable 'se' implicitly has an 'any' type.
generated/prisma/runtime/wasm-compiler-edge.js(59,998): error TS7006: Parameter 'e' implicitly has an 'any' type.
generated/prisma/runtime/wasm-compiler-edge.js(59,1008): error TS7005: Variable 'se' implicitly has an 'any' type.
generated/prisma/runtime/wasm-compiler-edge.js(59,1069): error TS7005: Variable 'se' implicitly has an 'any' type.
generated/prisma/runtime/wasm-compiler-edge.js(59,1094): error TS7006: Parameter 'e' implicitly has an 'any' type.
generated/prisma/runtime/wasm-compiler-edge.js(59,1104): error TS7005: Variable 'y' implicitly has an 'any' type.
generated/prisma/runtime/wasm-compiler-edge.js(59,1144): error TS7005: Variable 'y' implicitly has an 'any' type.
generated/prisma/runtime/wasm-compiler-edge.js(59,1206): error TS7005: Variable 'y' implicitly has an 'any' type.
generated/prisma/runtime/wasm-compiler-edge.js(59,1244): error TS7006: Parameter 'e' implicitly has an 'any' type.
generated/prisma/runtime/wasm-compiler-edge.js(59,1344): error TS7006: Parameter 'e' implicitly has an 'any' type.
generated/prisma/runtime/wasm-compiler-edge.js(59,1443): error TS7006: Parameter 'e' implicitly has an 'any' type.
generated/prisma/runtime/wasm-compiler-edge.js(59,1522): error TS7006: Parameter 'e' implicitly has an 'any' type.
generated/prisma/runtime/wasm-compiler-edge.js(59,1610): error TS7005: Variable 'y' implicitly has an 'any' type.
generated/prisma/runtime/wasm-compiler-edge.js(59,1687): error TS7006: Parameter 'e' implicitly has an 'any' type.
generated/prisma/runtime/wasm-compiler-edge.js(59,1764): error TS7006: Parameter 'e' implicitly has an 'any' type.
generated/prisma/runtime/wasm-compiler-edge.js(59,1766): error TS7006: Parameter 't' implicitly has an 'any' type.
generated/prisma/runtime/wasm-compiler-edge.js(59,1806): error TS7053: Element implicitly has an 'any' type because expression of type 'string' can't be used to index type '{}'.
  No index signature with a parameter of type 'string' was found on type '{}'.
generated/prisma/runtime/wasm-compiler-edge.js(59,1839): error TS7023: 'Qe' implicitly has return type 'any' because it does not have a return type annotation and is referenced directly or indirectly in one of its return expressions.
generated/prisma/runtime/wasm-compiler-edge.js(59,1842): error TS7006: Parameter 'e' implicitly has an 'any' type.
generated/prisma/runtime/wasm-compiler-edge.js(59,2005): error TS7031: Binding element 'e' implicitly has an 'any' type.
generated/prisma/runtime/wasm-compiler-edge.js(59,2013): error TS7031: Binding element 't' implicitly has an 'any' type.
generated/prisma/runtime/wasm-compiler-edge.js(59,2110): error TS7005: Variable 'y' implicitly has an 'any' type.
generated/prisma/runtime/wasm-compiler-edge.js(59,2217): error TS7005: Variable 'v' implicitly has an 'any' type.
generated/prisma/runtime/wasm-compiler-edge.js(59,2387): error TS7006: Parameter 't' implicitly has an 'any' type.
generated/prisma/runtime/wasm-compiler-edge.js(59,2389): error TS7006: Parameter 'r' implicitly has an 'any' type.
generated/prisma/runtime/wasm-compiler-edge.js(59,2391): error TS7006: Parameter 'n' implicitly has an 'any' type.
generated/prisma/runtime/wasm-compiler-edge.js(59,2590): error TS7006: Parameter 'e' implicitly has an 'any' type.
generated/prisma/runtime/wasm-compiler-edge.js(59,2692): error TS7006: Parameter 'e' implicitly has an 'any' type.
generated/prisma/runtime/wasm-compiler-edge.js(59,2869): error TS7006: Parameter 'e' implicitly has an 'any' type.
generated/prisma/runtime/wasm-compiler-edge.js(59,3935): error TS7006: Parameter 'e' implicitly has an 'any' type.
generated/prisma/runtime/wasm-compiler-edge.js(59,6672): error TS7006: Parameter 'e' implicitly has an 'any' type.
generated/prisma/runtime/wasm-compiler-edge.js(59,6723): error TS7006: Parameter 't' implicitly has an 'any' type.
generated/prisma/runtime/wasm-compiler-edge.js(59,6860): error TS7006: Parameter 'e' implicitly has an 'any' type.
generated/prisma/runtime/wasm-compiler-edge.js(59,6862): error TS7006: Parameter 't' implicitly has an 'any' type.
generated/prisma/runtime/wasm-compiler-edge.js(59,6877): error TS7006: Parameter 'i' implicitly has an 'any' type.
generated/prisma/runtime/wasm-compiler-edge.js(59,6895): error TS7006: Parameter 'o' implicitly has an 'any' type.
generated/prisma/runtime/wasm-compiler-edge.js(59,6897): error TS7006: Parameter 's' implicitly has an 'any' type.
generated/prisma/runtime/wasm-compiler-edge.js(59,6976): error TS7006: Parameter 'i' implicitly has an 'any' type.
generated/prisma/runtime/wasm-compiler-edge.js(59,6998): error TS7006: Parameter 's' implicitly has an 'any' type.
generated/prisma/runtime/wasm-compiler-edge.js(59,7336): error TS7006: Parameter 'e' implicitly has an 'any' type.
generated/prisma/runtime/wasm-compiler-edge.js(59,7338): error TS7006: Parameter 't' implicitly has an 'any' type.
generated/prisma/runtime/wasm-compiler-edge.js(59,7340): error TS7006: Parameter 'r' implicitly has an 'any' type.
generated/prisma/runtime/wasm-compiler-edge.js(59,7653): error TS7006: Parameter 'e' implicitly has an 'any' type.
generated/prisma/runtime/wasm-compiler-edge.js(59,7655): error TS7006: Parameter 't' implicitly has an 'any' type.
generated/prisma/runtime/wasm-compiler-edge.js(59,7657): error TS7006: Parameter 'r' implicitly has an 'any' type.
generated/prisma/runtime/wasm-compiler-edge.js(59,7659): error TS7006: Parameter 'n' implicitly has an 'any' type.
generated/prisma/runtime/wasm-compiler-edge.js(59,8053): error TS7006: Parameter 'e' implicitly has an 'any' type.
generated/prisma/runtime/wasm-compiler-edge.js(59,8055): error TS7006: Parameter 't' implicitly has an 'any' type.
generated/prisma/runtime/wasm-compiler-edge.js(59,8057): error TS7006: Parameter 'r' implicitly has an 'any' type.
generated/prisma/runtime/wasm-compiler-edge.js(59,8530): error TS7053: Element implicitly has an 'any' type because expression of type 'string' can't be used to index type '{}'.
  No index signature with a parameter of type 'string' was found on type '{}'.
generated/prisma/runtime/wasm-compiler-edge.js(59,8620): error TS7053: Element implicitly has an 'any' type because expression of type 'string' can't be used to index type '{}'.
  No index signature with a parameter of type 'string' was found on type '{}'.
generated/prisma/runtime/wasm-compiler-edge.js(59,8859): error TS7006: Parameter 'e' implicitly has an 'any' type.
generated/prisma/runtime/wasm-compiler-edge.js(59,8861): error TS7006: Parameter 't' implicitly has an 'any' type.
generated/prisma/runtime/wasm-compiler-edge.js(59,8863): error TS7006: Parameter 'r' implicitly has an 'any' type.
generated/prisma/runtime/wasm-compiler-edge.js(59,8865): error TS7006: Parameter 'n' implicitly has an 'any' type.
generated/prisma/runtime/wasm-compiler-edge.js(59,8933): error TS7006: Parameter 'o' implicitly has an 'any' type.
generated/prisma/runtime/wasm-compiler-edge.js(59,8935): error TS7006: Parameter 's' implicitly has an 'any' type.
generated/prisma/runtime/wasm-compiler-edge.js(59,8987): error TS7006: Parameter 'e' implicitly has an 'any' type.
generated/prisma/runtime/wasm-compiler-edge.js(59,8989): error TS7006: Parameter 't' implicitly has an 'any' type.
generated/prisma/runtime/wasm-compiler-edge.js(59,8991): error TS7006: Parameter 'r' implicitly has an 'any' type.
generated/prisma/runtime/wasm-compiler-edge.js(59,8993): error TS7006: Parameter 'n' implicitly has an 'any' type.
generated/prisma/runtime/wasm-compiler-edge.js(59,10561): error TS7005: Variable 'se' implicitly has an 'any' type.
generated/prisma/runtime/wasm-compiler-edge.js(59,11353): error TS7005: Variable 'y' implicitly has an 'any' type.
generated/prisma/runtime/wasm-compiler-edge.js(59,11457): error TS7005: Variable 'y' implicitly has an 'any' type.
generated/prisma/runtime/wasm-compiler-edge.js(59,11541): error TS7005: Variable 'y' implicitly has an 'any' type.
generated/prisma/runtime/wasm-compiler-edge.js(59,12040): error TS7006: Parameter 'e' implicitly has an 'any' type.
generated/prisma/runtime/wasm-compiler-edge.js(59,12403): error TS7034: Variable 'Er' implicitly has type 'any' in some locations where its type cannot be determined.
generated/prisma/runtime/wasm-compiler-edge.js(59,12419): error TS7053: Element implicitly has an 'any' type because expression of type '0' can't be used to index type '{}'.
  Property '0' does not exist on type '{}'.
generated/prisma/runtime/wasm-compiler-edge.js(59,12423): error TS2339: Property 'INTERNAL' does not exist on type '{}'.
generated/prisma/runtime/wasm-compiler-edge.js(59,12446): error TS7053: Element implicitly has an 'any' type because expression of type '1' can't be used to index type '{}'.
  Property '1' does not exist on type '{}'.
generated/prisma/runtime/wasm-compiler-edge.js(59,12450): error TS2339: Property 'SERVER' does not exist on type '{}'.
generated/prisma/runtime/wasm-compiler-edge.js(59,12469): error TS7053: Element implicitly has an 'any' type because expression of type '2' can't be used to index type '{}'.
  Property '2' does not exist on type '{}'.
generated/prisma/runtime/wasm-compiler-edge.js(59,12473): error TS2339: Property 'CLIENT' does not exist on type '{}'.
generated/prisma/runtime/wasm-compiler-edge.js(59,12492): error TS7053: Element implicitly has an 'any' type because expression of type '3' can't be used to index type '{}'.
  Property '3' does not exist on type '{}'.
generated/prisma/runtime/wasm-compiler-edge.js(59,12496): error TS2339: Property 'PRODUCER' does not exist on type '{}'.
generated/prisma/runtime/wasm-compiler-edge.js(59,12519): error TS7053: Element implicitly has an 'any' type because expression of type '4' can't be used to index type '{}'.
  Property '4' does not exist on type '{}'.
generated/prisma/runtime/wasm-compiler-edge.js(59,12523): error TS2339: Property 'CONSUMER' does not exist on type '{}'.
generated/prisma/runtime/wasm-compiler-edge.js(59,12573): error TS7006: Parameter 'e' implicitly has an 'any' type.
generated/prisma/runtime/wasm-compiler-edge.js(59,12819): error TS7031: Binding element 'e' implicitly has an 'any' type.
generated/prisma/runtime/wasm-compiler-edge.js(59,12835): error TS7031: Binding element 't' implicitly has an 'any' type.
generated/prisma/runtime/wasm-compiler-edge.js(59,12846): error TS7031: Binding element 'r' implicitly has an 'any' type.
generated/prisma/runtime/wasm-compiler-edge.js(59,12856): error TS7031: Binding element 'n' implicitly has an 'any' type.
generated/prisma/runtime/wasm-compiler-edge.js(59,12866): error TS7031: Binding element 'i' implicitly has an 'any' type.
generated/prisma/runtime/wasm-compiler-edge.js(59,12922): error TS7005: Variable 'Er' implicitly has an 'any' type.
generated/prisma/runtime/wasm-compiler-edge.js(59,13018): error TS7005: Variable 'b' implicitly has an 'any' type.
generated/prisma/runtime/wasm-compiler-edge.js(59,13040): error TS7005: Variable 'b' implicitly has an 'any' type.
generated/prisma/runtime/wasm-compiler-edge.js(59,13225): error TS7006: Parameter 'e' implicitly has an 'any' type.
generated/prisma/runtime/wasm-compiler-edge.js(59,13227): error TS7006: Parameter 't' implicitly has an 'any' type.
generated/prisma/runtime/wasm-compiler-edge.js(59,13356): error TS7005: Variable 'g' implicitly has an 'any' type.
generated/prisma/runtime/wasm-compiler-edge.js(59,13386): error TS7005: Variable 'g' implicitly has an 'any' type.
generated/prisma/runtime/wasm-compiler-edge.js(59,13433): error TS18048: 'g' is possibly 'undefined'.
generated/prisma/runtime/wasm-compiler-edge.js(59,13512): error TS7006: Parameter 'e' implicitly has an 'any' type.
generated/prisma/runtime/wasm-compiler-edge.js(59,13514): error TS7006: Parameter 't' implicitly has an 'any' type.
generated/prisma/runtime/wasm-compiler-edge.js(59,13655): error TS7006: Parameter 'e' implicitly has an 'any' type.
generated/prisma/runtime/wasm-compiler-edge.js(59,13726): error TS7006: Parameter 'e' implicitly has an 'any' type.
generated/prisma/runtime/wasm-compiler-edge.js(59,14184): error TS7034: Variable 'nt' implicitly has type 'any' in some locations where its type cannot be determined.
generated/prisma/runtime/wasm-compiler-edge.js(59,14187): error TS7034: Variable 'Lt' implicitly has type 'any' in some locations where its type cannot be determined.
generated/prisma/runtime/wasm-compiler-edge.js(59,14202): error TS7006: Parameter 'e' implicitly has an 'any' type.
generated/prisma/runtime/wasm-compiler-edge.js(59,14206): error TS7005: Variable 'nt' implicitly has an 'any' type.
generated/prisma/runtime/wasm-compiler-edge.js(59,14226): error TS7005: Variable 'y' implicitly has an 'any' type.
generated/prisma/runtime/wasm-compiler-edge.js(59,14246): error TS7005: Variable 'Xt' implicitly has an 'any' type.
generated/prisma/runtime/wasm-compiler-edge.js(59,14275): error TS7005: Variable 'Lt' implicitly has an 'any' type.
generated/prisma/runtime/wasm-compiler-edge.js(59,14292): error TS7005: Variable 'Xt' implicitly has an 'any' type.
generated/prisma/runtime/wasm-compiler-edge.js(59,14321): error TS7005: Variable 'Lt' implicitly has an 'any' type.
generated/prisma/runtime/wasm-compiler-edge.js(59,14373): error TS7005: Variable 'Lt' implicitly has an 'any' type.
generated/prisma/runtime/wasm-compiler-edge.js(59,14380): error TS7005: Variable 'Lt' implicitly has an 'any' type.
generated/prisma/runtime/wasm-compiler-edge.js(59,14393): error TS7005: Variable 'nt' implicitly has an 'any' type.
generated/prisma/runtime/wasm-compiler-edge.js(59,14527): error TS7034: Variable 'it' implicitly has type 'any' in some locations where its type cannot be determined.
generated/prisma/runtime/wasm-compiler-edge.js(59,14545): error TS2339: Property 'Base32IncorrectEncoding' does not exist on type '{}'.
generated/prisma/runtime/wasm-compiler-edge.js(59,14589): error TS2339: Property 'DecodeTimeInvalidCharacter' does not exist on type '{}'.
generated/prisma/runtime/wasm-compiler-edge.js(59,14634): error TS2339: Property 'DecodeTimeValueMalformed' does not exist on type '{}'.
generated/prisma/runtime/wasm-compiler-edge.js(59,14682): error TS2339: Property 'EncodeTimeNegative' does not exist on type '{}'.
generated/prisma/runtime/wasm-compiler-edge.js(59,14718): error TS2339: Property 'EncodeTimeSizeExceeded' does not exist on type '{}'.
generated/prisma/runtime/wasm-compiler-edge.js(59,14766): error TS2339: Property 'EncodeTimeValueMalformed' does not exist on type '{}'.
generated/prisma/runtime/wasm-compiler-edge.js(59,14814): error TS2339: Property 'PRNGDetectFailure' does not exist on type '{}'.
generated/prisma/runtime/wasm-compiler-edge.js(59,14848): error TS2339: Property 'ULIDInvalid' does not exist on type '{}'.
generated/prisma/runtime/wasm-compiler-edge.js(59,14877): error TS2339: Property 'Unexpected' does not exist on type '{}'.
generated/prisma/runtime/wasm-compiler-edge.js(59,14903): error TS2339: Property 'UUIDInvalid' does not exist on type '{}'.
generated/prisma/runtime/wasm-compiler-edge.js(59,14984): error TS7006: Parameter 't' implicitly has an 'any' type.
generated/prisma/runtime/wasm-compiler-edge.js(59,14986): error TS7006: Parameter 'r' implicitly has an 'any' type.
generated/prisma/runtime/wasm-compiler-edge.js(59,15058): error TS7006: Parameter 'e' implicitly has an 'any' type.
generated/prisma/runtime/wasm-compiler-edge.js(59,15135): error TS7006: Parameter 'e' implicitly has an 'any' type.
generated/prisma/runtime/wasm-compiler-edge.js(59,15167): error TS7017: Element implicitly has an 'any' type because type 'typeof globalThis' has no index signature.
generated/prisma/runtime/wasm-compiler-edge.js(59,15186): error TS7005: Variable 'yt' implicitly has an 'any' type.
generated/prisma/runtime/wasm-compiler-edge.js(59,15193): error TS7005: Variable 'yt' implicitly has an 'any' type.
generated/prisma/runtime/wasm-compiler-edge.js(59,15306): error TS2532: Object is possibly 'undefined'.
generated/prisma/runtime/wasm-compiler-edge.js(59,15399): error TS7005: Variable 'yt' implicitly has an 'any' type.
generated/prisma/runtime/wasm-compiler-edge.js(59,15425): error TS7005: Variable 'yt' implicitly has an 'any' type.
generated/prisma/runtime/wasm-compiler-edge.js(59,15472): error TS7005: Variable 'it' implicitly has an 'any' type.
generated/prisma/runtime/wasm-compiler-edge.js(59,15656): error TS7006: Parameter 'e' implicitly has an 'any' type.
generated/prisma/runtime/wasm-compiler-edge.js(59,15658): error TS7006: Parameter 't' implicitly has an 'any' type.
generated/prisma/runtime/wasm-compiler-edge.js(59,15714): error TS7006: Parameter 'e' implicitly has an 'any' type.
generated/prisma/runtime/wasm-compiler-edge.js(59,15747): error TS7005: Variable 'it' implicitly has an 'any' type.
generated/prisma/runtime/wasm-compiler-edge.js(59,15827): error TS7005: Variable 'it' implicitly has an 'any' type.
generated/prisma/runtime/wasm-compiler-edge.js(59,15921): error TS7005: Variable 'it' implicitly has an 'any' type.
generated/prisma/runtime/wasm-compiler-edge.js(59,16015): error TS7005: Variable 'it' implicitly has an 'any' type.
generated/prisma/runtime/wasm-compiler-edge.js(59,16179): error TS2304: Cannot find name 'WorkerGlobalScope'.
generated/prisma/runtime/wasm-compiler-edge.js(59,16218): error TS2304: Cannot find name 'WorkerGlobalScope'.
generated/prisma/runtime/wasm-compiler-edge.js(59,16248): error TS7006: Parameter 'e' implicitly has an 'any' type.
generated/prisma/runtime/wasm-compiler-edge.js(59,16250): error TS7006: Parameter 't' implicitly has an 'any' type.
generated/prisma/runtime/wasm-compiler-edge.js(59,16372): error TS7034: Variable 'oe' implicitly has type 'any[]' in some locations where its type cannot be determined.
generated/prisma/runtime/wasm-compiler-edge.js(59,16451): error TS7006: Parameter 'e' implicitly has an 'any' type.
generated/prisma/runtime/wasm-compiler-edge.js(59,16465): error TS7005: Variable 'oe' implicitly has an 'any[]' type.
generated/prisma/runtime/wasm-compiler-edge.js(59,16476): error TS7005: Variable 'oe' implicitly has an 'any[]' type.
generated/prisma/runtime/wasm-compiler-edge.js(59,16487): error TS7005: Variable 'oe' implicitly has an 'any[]' type.
generated/prisma/runtime/wasm-compiler-edge.js(59,16498): error TS7005: Variable 'oe' implicitly has an 'any[]' type.
generated/prisma/runtime/wasm-compiler-edge.js(59,16513): error TS7005: Variable 'oe' implicitly has an 'any[]' type.
generated/prisma/runtime/wasm-compiler-edge.js(59,16524): error TS7005: Variable 'oe' implicitly has an 'any[]' type.
generated/prisma/runtime/wasm-compiler-edge.js(59,16539): error TS7005: Variable 'oe' implicitly has an 'any[]' type.
generated/prisma/runtime/wasm-compiler-edge.js(59,16550): error TS7005: Variable 'oe' implicitly has an 'any[]' type.
generated/prisma/runtime/wasm-compiler-edge.js(59,16565): error TS7005: Variable 'oe' implicitly has an 'any[]' type.
generated/prisma/runtime/wasm-compiler-edge.js(59,16576): error TS7005: Variable 'oe' implicitly has an 'any[]' type.
generated/prisma/runtime/wasm-compiler-edge.js(59,16591): error TS7005: Variable 'oe' implicitly has an 'any[]' type.
generated/prisma/runtime/wasm-compiler-edge.js(59,16603): error TS7005: Variable 'oe' implicitly has an 'any[]' type.
generated/prisma/runtime/wasm-compiler-edge.js(59,16615): error TS7005: Variable 'oe' implicitly has an 'any[]' type.
generated/prisma/runtime/wasm-compiler-edge.js(59,16627): error TS7005: Variable 'oe' implicitly has an 'any[]' type.
generated/prisma/runtime/wasm-compiler-edge.js(59,16639): error TS7005: Variable 'oe' implicitly has an 'any[]' type.
generated/prisma/runtime/wasm-compiler-edge.js(59,16651): error TS7005: Variable 'oe' implicitly has an 'any[]' type.
generated/prisma/runtime/wasm-compiler-edge.js(59,16907): error TS7006: Parameter 'e' implicitly has an 'any' type.
generated/prisma/runtime/wasm-compiler-edge.js(59,16909): error TS7006: Parameter 't' implicitly has an 'any' type.
generated/prisma/runtime/wasm-compiler-edge.js(59,16911): error TS7006: Parameter 'r' implicitly has an 'any' type.
generated/prisma/runtime/wasm-compiler-edge.js(59,17326): error TS7006: Parameter 'e' implicitly has an 'any' type.
generated/prisma/runtime/wasm-compiler-edge.js(59,17328): error TS7006: Parameter 't' implicitly has an 'any' type.
generated/prisma/runtime/wasm-compiler-edge.js(59,17330): error TS7006: Parameter 'r' implicitly has an 'any' type.
generated/prisma/runtime/wasm-compiler-edge.js(59,17444): error TS2339: Property 'msecs' does not exist on type '{}'.
generated/prisma/runtime/wasm-compiler-edge.js(59,17453): error TS2339: Property 'seq' does not exist on type '{}'.
generated/prisma/runtime/wasm-compiler-edge.js(59,17490): error TS7006: Parameter 'e' implicitly has an 'any' type.
generated/prisma/runtime/wasm-compiler-edge.js(59,17492): error TS7006: Parameter 't' implicitly has an 'any' type.
generated/prisma/runtime/wasm-compiler-edge.js(59,17494): error TS7006: Parameter 'r' implicitly has an 'any' type.
generated/prisma/runtime/wasm-compiler-edge.js(59,17641): error TS7006: Parameter 'e' implicitly has an 'any' type.
generated/prisma/runtime/wasm-compiler-edge.js(59,17643): error TS7006: Parameter 't' implicitly has an 'any' type.
generated/prisma/runtime/wasm-compiler-edge.js(59,17645): error TS7006: Parameter 'r' implicitly has an 'any' type.
generated/prisma/runtime/wasm-compiler-edge.js(59,17647): error TS7006: Parameter 'n' implicitly has an 'any' type.
generated/prisma/runtime/wasm-compiler-edge.js(59,18472): error TS7006: Parameter 't' implicitly has an 'any' type.
generated/prisma/runtime/wasm-compiler-edge.js(59,18474): error TS7006: Parameter 'r' implicitly has an 'any' type.
generated/prisma/runtime/wasm-compiler-edge.js(59,18477): error TS7053: Element implicitly has an 'any' type because expression of type 'any' can't be used to index type '{}'.
generated/prisma/runtime/wasm-compiler-edge.js(59,18573): error TS7006: Parameter 't' implicitly has an 'any' type.
generated/prisma/runtime/wasm-compiler-edge.js(59,18690): error TS7006: Parameter 't' implicitly has an 'any' type.
generated/prisma/runtime/wasm-compiler-edge.js(59,18853): error TS7006: Parameter 't' implicitly has an 'any' type.
generated/prisma/runtime/wasm-compiler-edge.js(59,18991): error TS7006: Parameter 't' implicitly has an 'any' type.
generated/prisma/runtime/wasm-compiler-edge.js(59,18993): error TS7006: Parameter 'r' implicitly has an 'any' type.
generated/prisma/runtime/wasm-compiler-edge.js(59,19258): error TS7023: 'Hn' implicitly has return type 'any' because it does not have a return type annotation and is referenced directly or indirectly in one of its return expressions.
generated/prisma/runtime/wasm-compiler-edge.js(59,19261): error TS7006: Parameter 'e' implicitly has an 'any' type.
generated/prisma/runtime/wasm-compiler-edge.js(59,19263): error TS7006: Parameter 't' implicitly has an 'any' type.
generated/prisma/runtime/wasm-compiler-edge.js(59,19367): error TS7006: Parameter 'e' implicitly has an 'any' type.
generated/prisma/runtime/wasm-compiler-edge.js(59,19369): error TS7006: Parameter 't' implicitly has an 'any' type.
generated/prisma/runtime/wasm-compiler-edge.js(59,19520): error TS7006: Parameter 'e' implicitly has an 'any' type.
generated/prisma/runtime/wasm-compiler-edge.js(59,19522): error TS7006: Parameter 't' implicitly has an 'any' type.
generated/prisma/runtime/wasm-compiler-edge.js(59,19595): error TS7006: Parameter 'e' implicitly has an 'any' type.
generated/prisma/runtime/wasm-compiler-edge.js(59,19597): error TS7006: Parameter 't' implicitly has an 'any' type.
generated/prisma/runtime/wasm-compiler-edge.js(59,19831): error TS7006: Parameter 'r' implicitly has an 'any' type.
generated/prisma/runtime/wasm-compiler-edge.js(59,19862): error TS7006: Parameter 'e' implicitly has an 'any' type.
generated/prisma/runtime/wasm-compiler-edge.js(59,19864): error TS7006: Parameter 't' implicitly has an 'any' type.
generated/prisma/runtime/wasm-compiler-edge.js(59,19968): error TS7006: Parameter 'e' implicitly has an 'any' type.
generated/prisma/runtime/wasm-compiler-edge.js(59,19970): error TS7006: Parameter 't' implicitly has an 'any' type.
generated/prisma/runtime/wasm-compiler-edge.js(59,19972): error TS7006: Parameter 'r' implicitly has an 'any' type.
generated/prisma/runtime/wasm-compiler-edge.js(59,20195): error TS7006: Parameter 'e' implicitly has an 'any' type.
generated/prisma/runtime/wasm-compiler-edge.js(59,20205): error TS7031: Binding element 't' implicitly has an 'any' type.
generated/prisma/runtime/wasm-compiler-edge.js(59,20212): error TS7031: Binding element 'r' implicitly has an 'any' type.
generated/prisma/runtime/wasm-compiler-edge.js(59,20219): error TS7031: Binding element 'n' implicitly has an 'any' type.
generated/prisma/runtime/wasm-compiler-edge.js(59,20250): error TS7006: Parameter 'a' implicitly has an 'any' type.
generated/prisma/runtime/wasm-compiler-edge.js(59,20354): error TS7006: Parameter 'e' implicitly has an 'any' type.
generated/prisma/runtime/wasm-compiler-edge.js(59,20356): error TS7006: Parameter 't' implicitly has an 'any' type.
generated/prisma/runtime/wasm-compiler-edge.js(59,20387): error TS7006: Parameter 'r' implicitly has an 'any' type.
generated/prisma/runtime/wasm-compiler-edge.js(59,20457): error TS7006: Parameter 'e' implicitly has an 'any' type.
generated/prisma/runtime/wasm-compiler-edge.js(59,20534): error TS7006: Parameter 'e' implicitly has an 'any' type.
generated/prisma/runtime/wasm-compiler-edge.js(59,20619): error TS7006: Parameter 'e' implicitly has an 'any' type.
generated/prisma/runtime/wasm-compiler-edge.js(59,20621): error TS7006: Parameter 't' implicitly has an 'any' type.
generated/prisma/runtime/wasm-compiler-edge.js(59,20623): error TS7006: Parameter 'r' implicitly has an 'any' type.
generated/prisma/runtime/wasm-compiler-edge.js(59,20625): error TS7006: Parameter 'n' implicitly has an 'any' type.
generated/prisma/runtime/wasm-compiler-edge.js(59,20645): error TS7006: Parameter 'o' implicitly has an 'any' type.
generated/prisma/runtime/wasm-compiler-edge.js(59,21011): error TS7023: 'Te' implicitly has return type 'any' because it does not have a return type annotation and is referenced directly or indirectly in one of its return expressions.
generated/prisma/runtime/wasm-compiler-edge.js(59,21014): error TS7006: Parameter 'e' implicitly has an 'any' type.
generated/prisma/runtime/wasm-compiler-edge.js(59,21016): error TS7006: Parameter 't' implicitly has an 'any' type.
generated/prisma/runtime/wasm-compiler-edge.js(59,21018): error TS7006: Parameter 'r' implicitly has an 'any' type.
generated/prisma/runtime/wasm-compiler-edge.js(59,21311): error TS7006: Parameter 's' implicitly has an 'any' type.
generated/prisma/runtime/wasm-compiler-edge.js(59,21412): error TS7024: Function implicitly has return type 'any' because it does not have a return type annotation and is referenced directly or indirectly in one of its return expressions.
generated/prisma/runtime/wasm-compiler-edge.js(59,21441): error TS7006: Parameter 'e' implicitly has an 'any' type.
generated/prisma/runtime/wasm-compiler-edge.js(59,21443): error TS7006: Parameter 't' implicitly has an 'any' type.
generated/prisma/runtime/wasm-compiler-edge.js(59,21445): error TS7006: Parameter 'r' implicitly has an 'any' type.
generated/prisma/runtime/wasm-compiler-edge.js(59,21447): error TS7006: Parameter 'n' implicitly has an 'any' type.
generated/prisma/runtime/wasm-compiler-edge.js(59,22009): error TS7006: Parameter 'e' implicitly has an 'any' type.
generated/prisma/runtime/wasm-compiler-edge.js(59,22011): error TS7006: Parameter 't' implicitly has an 'any' type.
generated/prisma/runtime/wasm-compiler-edge.js(59,22013): error TS7006: Parameter 'r' implicitly has an 'any' type.
generated/prisma/runtime/wasm-compiler-edge.js(59,22281): error TS7006: Parameter 'i' implicitly has an 'any' type.
generated/prisma/runtime/wasm-compiler-edge.js(59,22470): error TS7006: Parameter 'e' implicitly has an 'any' type.
generated/prisma/runtime/wasm-compiler-edge.js(59,22472): error TS7006: Parameter 't' implicitly has an 'any' type.
generated/prisma/runtime/wasm-compiler-edge.js(59,22536): error TS7006: Parameter 'e' implicitly has an 'any' type.
generated/prisma/runtime/wasm-compiler-edge.js(59,22538): error TS7006: Parameter 't' implicitly has an 'any' type.
generated/prisma/runtime/wasm-compiler-edge.js(59,22540): error TS7006: Parameter 'r' implicitly has an 'any' type.
generated/prisma/runtime/wasm-compiler-edge.js(59,22587): error TS7006: Parameter 'e' implicitly has an 'any' type.
generated/prisma/runtime/wasm-compiler-edge.js(59,22622): error TS7006: Parameter 'e' implicitly has an 'any' type.
generated/prisma/runtime/wasm-compiler-edge.js(59,22624): error TS7006: Parameter 't' implicitly has an 'any' type.
generated/prisma/runtime/wasm-compiler-edge.js(59,22626): error TS7006: Parameter 'r' implicitly has an 'any' type.
generated/prisma/runtime/wasm-compiler-edge.js(59,23578): error TS7006: Parameter 'e' implicitly has an 'any' type.
generated/prisma/runtime/wasm-compiler-edge.js(59,23770): error TS7006: Parameter 'e' implicitly has an 'any' type.
generated/prisma/runtime/wasm-compiler-edge.js(59,23772): error TS7006: Parameter 't' implicitly has an 'any' type.
generated/prisma/runtime/wasm-compiler-edge.js(59,23774): error TS7006: Parameter 'r' implicitly has an 'any' type.
generated/prisma/runtime/wasm-compiler-edge.js(59,23963): error TS2345: Argument of type 'any' is not assignable to parameter of type 'never'.
generated/prisma/runtime/wasm-compiler-edge.js(59,24136): error TS2322: Type 'any[][]' is not assignable to type 'never[][]'.
  Type 'any[]' is not assignable to type 'never[]'.
    Type 'any' is not assignable to type 'never'.
generated/prisma/runtime/wasm-compiler-edge.js(59,24225): error TS7006: Parameter 'R' implicitly has an 'any' type.
generated/prisma/runtime/wasm-compiler-edge.js(59,24227): error TS7006: Parameter 'S' implicitly has an 'any' type.
generated/prisma/runtime/wasm-compiler-edge.js(59,24250): error TS7034: Variable 'w' implicitly has type 'any[]' in some locations where its type cannot be determined.
generated/prisma/runtime/wasm-compiler-edge.js(59,24342): error TS7005: Variable 'w' implicitly has an 'any[]' type.
generated/prisma/runtime/wasm-compiler-edge.js(59,24399): error TS2322: Type 'any[][][]' is not assignable to type 'never[][]'.
  Type 'any[][]' is not assignable to type 'never[]'.
    Type 'any[]' is not assignable to type 'never'.
generated/prisma/runtime/wasm-compiler-edge.js(59,24462): error TS7006: Parameter 'e' implicitly has an 'any' type.
generated/prisma/runtime/wasm-compiler-edge.js(59,24464): error TS7006: Parameter 't' implicitly has an 'any' type.
generated/prisma/runtime/wasm-compiler-edge.js(59,24572): error TS7006: Parameter 'e' implicitly has an 'any' type.
generated/prisma/runtime/wasm-compiler-edge.js(59,24593): error TS7006: Parameter 't' implicitly has an 'any' type.
generated/prisma/runtime/wasm-compiler-edge.js(59,24606): error TS7006: Parameter 'r' implicitly has an 'any' type.
generated/prisma/runtime/wasm-compiler-edge.js(59,24608): error TS7006: Parameter 'n' implicitly has an 'any' type.
generated/prisma/runtime/wasm-compiler-edge.js(59,24610): error TS7006: Parameter 'i' implicitly has an 'any' type.
generated/prisma/runtime/wasm-compiler-edge.js(59,24657): error TS7006: Parameter 'e' implicitly has an 'any' type.
generated/prisma/runtime/wasm-compiler-edge.js(59,24713): error TS7006: Parameter 't' implicitly has an 'any' type.
generated/prisma/runtime/wasm-compiler-edge.js(59,24739): error TS7006: Parameter 't' implicitly has an 'any' type.
generated/prisma/runtime/wasm-compiler-edge.js(59,24749): error TS7006: Parameter 'r' implicitly has an 'any' type.
generated/prisma/runtime/wasm-compiler-edge.js(59,24751): error TS7006: Parameter 'n' implicitly has an 'any' type.
generated/prisma/runtime/wasm-compiler-edge.js(59,24790): error TS7023: '$t' implicitly has return type 'any' because it does not have a return type annotation and is referenced directly or indirectly in one of its return expressions.
generated/prisma/runtime/wasm-compiler-edge.js(59,24793): error TS7006: Parameter 'e' implicitly has an 'any' type.
generated/prisma/runtime/wasm-compiler-edge.js(59,24795): error TS7006: Parameter 't' implicitly has an 'any' type.
generated/prisma/runtime/wasm-compiler-edge.js(59,25145): error TS7024: Function implicitly has return type 'any' because it does not have a return type annotation and is referenced directly or indirectly in one of its return expressions.
generated/prisma/runtime/wasm-compiler-edge.js(59,25464): error TS7024: Function implicitly has return type 'any' because it does not have a return type annotation and is referenced directly or indirectly in one of its return expressions.
generated/prisma/runtime/wasm-compiler-edge.js(59,25749): error TS7024: Function implicitly has return type 'any' because it does not have a return type annotation and is referenced directly or indirectly in one of its return expressions.
generated/prisma/runtime/wasm-compiler-edge.js(59,26023): error TS7024: Function implicitly has return type 'any' because it does not have a return type annotation and is referenced directly or indirectly in one of its return expressions.
generated/prisma/runtime/wasm-compiler-edge.js(59,26375): error TS7024: Function implicitly has return type 'any' because it does not have a return type annotation and is referenced directly or indirectly in one of its return expressions.
generated/prisma/runtime/wasm-compiler-edge.js(59,26425): error TS7006: Parameter 'e' implicitly has an 'any' type.
generated/prisma/runtime/wasm-compiler-edge.js(59,27569): error TS7006: Parameter 'e' implicitly has an 'any' type.
generated/prisma/runtime/wasm-compiler-edge.js(59,27571): error TS7006: Parameter 't' implicitly has an 'any' type.
generated/prisma/runtime/wasm-compiler-edge.js(59,27573): error TS7006: Parameter 'r' implicitly has an 'any' type.
generated/prisma/runtime/wasm-compiler-edge.js(59,27588): error TS7006: Parameter 'n' implicitly has an 'any' type.
generated/prisma/runtime/wasm-compiler-edge.js(59,27664): error TS7006: Parameter 'e' implicitly has an 'any' type.
generated/prisma/runtime/wasm-compiler-edge.js(59,27666): error TS7006: Parameter 't' implicitly has an 'any' type.
generated/prisma/runtime/wasm-compiler-edge.js(59,27986): error TS7006: Parameter 'e' implicitly has an 'any' type.
generated/prisma/runtime/wasm-compiler-edge.js(59,27988): error TS7006: Parameter 't' implicitly has an 'any' type.
generated/prisma/runtime/wasm-compiler-edge.js(59,29470): error TS7006: Parameter 'e' implicitly has an 'any' type.
generated/prisma/runtime/wasm-compiler-edge.js(59,29850): error TS7031: Binding element 't' implicitly has an 'any' type.
generated/prisma/runtime/wasm-compiler-edge.js(59,29870): error TS7031: Binding element 'r' implicitly has an 'any' type.
generated/prisma/runtime/wasm-compiler-edge.js(59,29880): error TS7031: Binding element 'n' implicitly has an 'any' type.
generated/prisma/runtime/wasm-compiler-edge.js(59,29896): error TS7031: Binding element 'i' implicitly has an 'any' type.
generated/prisma/runtime/wasm-compiler-edge.js(59,29909): error TS7031: Binding element 'o' implicitly has an 'any' type.
generated/prisma/runtime/wasm-compiler-edge.js(59,29925): error TS7031: Binding element 's' implicitly has an 'any' type.
generated/prisma/runtime/wasm-compiler-edge.js(59,29936): error TS7031: Binding element 'a' implicitly has an 'any' type.
generated/prisma/runtime/wasm-compiler-edge.js(59,29953): error TS7031: Binding element 'f' implicitly has an 'any' type.
generated/prisma/runtime/wasm-compiler-edge.js(59,30054): error TS7006: Parameter 't' implicitly has an 'any' type.
generated/prisma/runtime/wasm-compiler-edge.js(59,30292): error TS7006: Parameter 't' implicitly has an 'any' type.
generated/prisma/runtime/wasm-compiler-edge.js(59,30294): error TS7006: Parameter 'r' implicitly has an 'any' type.
generated/prisma/runtime/wasm-compiler-edge.js(59,30373): error TS7006: Parameter 'i' implicitly has an 'any' type.
generated/prisma/runtime/wasm-compiler-edge.js(59,30398): error TS7023: 'interpretNode' implicitly has return type 'any' because it does not have a return type annotation and is referenced directly or indirectly in one of its return expressions.
generated/prisma/runtime/wasm-compiler-edge.js(59,30412): error TS7006: Parameter 't' implicitly has an 'any' type.
generated/prisma/runtime/wasm-compiler-edge.js(59,30414): error TS7006: Parameter 'r' implicitly has an 'any' type.
generated/prisma/runtime/wasm-compiler-edge.js(59,30416): error TS7006: Parameter 'n' implicitly has an 'any' type.
generated/prisma/runtime/wasm-compiler-edge.js(59,30418): error TS7006: Parameter 'i' implicitly has an 'any' type.
generated/prisma/runtime/wasm-compiler-edge.js(59,30941): error TS7006: Parameter 's' implicitly has an 'any' type.
generated/prisma/runtime/wasm-compiler-edge.js(59,30977): error TS7006: Parameter 'a' implicitly has an 'any' type.
generated/prisma/runtime/wasm-compiler-edge.js(59,31101): error TS7006: Parameter 's' implicitly has an 'any' type.
generated/prisma/runtime/wasm-compiler-edge.js(59,31137): error TS7006: Parameter 'a' implicitly has an 'any' type.
generated/prisma/runtime/wasm-compiler-edge.js(59,31270): error TS18048: 'o' is possibly 'undefined'.
generated/prisma/runtime/wasm-compiler-edge.js(59,31319): error TS7006: Parameter 'f' implicitly has an 'any' type.
generated/prisma/runtime/wasm-compiler-edge.js(59,31434): error TS18048: 'o' is possibly 'undefined'.
generated/prisma/runtime/wasm-compiler-edge.js(59,31485): error TS7006: Parameter 'w' implicitly has an 'any' type.
generated/prisma/runtime/wasm-compiler-edge.js(59,31708): error TS7022: 'o' implicitly has type 'any' because it does not have a type annotation and is referenced directly or indirectly in its own initializer.
generated/prisma/runtime/wasm-compiler-edge.js(59,31723): error TS7022: 's' implicitly has type 'any' because it does not have a type annotation and is referenced directly or indirectly in its own initializer.
generated/prisma/runtime/wasm-compiler-edge.js(59,31849): error TS7022: 'o' implicitly has type 'any' because it does not have a type annotation and is referenced directly or indirectly in its own initializer.
generated/prisma/runtime/wasm-compiler-edge.js(59,31864): error TS7022: 's' implicitly has type 'any' because it does not have a type annotation and is referenced directly or indirectly in its own initializer.
generated/prisma/runtime/wasm-compiler-edge.js(59,32103): error TS7022: 'o' implicitly has type 'any' because it does not have a type annotation and is referenced directly or indirectly in its own initializer.
generated/prisma/runtime/wasm-compiler-edge.js(59,32118): error TS7022: 's' implicitly has type 'any' because it does not have a type annotation and is referenced directly or indirectly in its own initializer.
generated/prisma/runtime/wasm-compiler-edge.js(59,32269): error TS7022: 'o' implicitly has type 'any' because it does not have a type annotation and is referenced directly or indirectly in its own initializer.
generated/prisma/runtime/wasm-compiler-edge.js(59,32284): error TS7022: 's' implicitly has type 'any' because it does not have a type annotation and is referenced directly or indirectly in its own initializer.
generated/prisma/runtime/wasm-compiler-edge.js(59,32404): error TS7022: 'o' implicitly has type 'any' because it does not have a type annotation and is referenced directly or indirectly in its own initializer.
generated/prisma/runtime/wasm-compiler-edge.js(59,32419): error TS7022: 's' implicitly has type 'any' because it does not have a type annotation and is referenced directly or indirectly in its own initializer.
generated/prisma/runtime/wasm-compiler-edge.js(59,32564): error TS7006: Parameter 'f' implicitly has an 'any' type.
generated/prisma/runtime/wasm-compiler-edge.js(59,32864): error TS7022: 'f' implicitly has type 'any' because it does not have a type annotation and is referenced directly or indirectly in its own initializer.
generated/prisma/runtime/wasm-compiler-edge.js(59,33023): error TS7022: 'o' implicitly has type 'any' because it does not have a type annotation and is referenced directly or indirectly in its own initializer.
generated/prisma/runtime/wasm-compiler-edge.js(59,33038): error TS7022: 's' implicitly has type 'any' because it does not have a type annotation and is referenced directly or indirectly in its own initializer.
generated/prisma/runtime/wasm-compiler-edge.js(59,33176): error TS7022: 'o' implicitly has type 'any' because it does not have a type annotation and is referenced directly or indirectly in its own initializer.
generated/prisma/runtime/wasm-compiler-edge.js(59,33191): error TS7022: 's' implicitly has type 'any' because it does not have a type annotation and is referenced directly or indirectly in its own initializer.
generated/prisma/runtime/wasm-compiler-edge.js(59,33316): error TS7022: 'o' implicitly has type 'any' because it does not have a type annotation and is referenced directly or indirectly in its own initializer.
generated/prisma/runtime/wasm-compiler-edge.js(59,33531): error TS7022: 'o' implicitly has type 'any' because it does not have a type annotation and is referenced directly or indirectly in its own initializer.
generated/prisma/runtime/wasm-compiler-edge.js(59,33585): error TS7022: 's' implicitly has type 'any' because it does not have a type annotation and is referenced directly or indirectly in its own initializer.
generated/prisma/runtime/wasm-compiler-edge.js(59,33632): error TS7006: Parameter 'w' implicitly has an 'any' type.
generated/prisma/runtime/wasm-compiler-edge.js(59,33673): error TS7022: 'f' implicitly has type 'any' because it does not have a type annotation and is referenced directly or indirectly in its own initializer.
generated/prisma/runtime/wasm-compiler-edge.js(59,33766): error TS7022: 'o' implicitly has type 'any' because it does not have a type annotation and is referenced directly or indirectly in its own initializer.
generated/prisma/runtime/wasm-compiler-edge.js(59,33781): error TS7022: 's' implicitly has type 'any' because it does not have a type annotation and is referenced directly or indirectly in its own initializer.
generated/prisma/runtime/wasm-compiler-edge.js(59,33922): error TS7022: 'o' implicitly has type 'any' because it does not have a type annotation and is referenced directly or indirectly in its own initializer.
generated/prisma/runtime/wasm-compiler-edge.js(59,34019): error TS7053: Element implicitly has an 'any' type because expression of type 'string' can't be used to index type '{}'.
  No index signature with a parameter of type 'string' was found on type '{}'.
generated/prisma/runtime/wasm-compiler-edge.js(59,34094): error TS7022: 'o' implicitly has type 'any' because it does not have a type annotation and is referenced directly or indirectly in its own initializer.
generated/prisma/runtime/wasm-compiler-edge.js(59,34109): error TS7022: 's' implicitly has type 'any' because it does not have a type annotation and is referenced directly or indirectly in its own initializer.
generated/prisma/runtime/wasm-compiler-edge.js(59,34156): error TS7022: 'a' implicitly has type 'any' because it does not have a type annotation and is referenced directly or indirectly in its own initializer.
generated/prisma/runtime/wasm-compiler-edge.js(59,34677): error TS7006: Parameter 't' implicitly has an 'any' type.
generated/prisma/runtime/wasm-compiler-edge.js(59,34679): error TS7006: Parameter 'r' implicitly has an 'any' type.
generated/prisma/runtime/wasm-compiler-edge.js(59,34681): error TS7006: Parameter 'n' implicitly has an 'any' type.
generated/prisma/runtime/wasm-compiler-edge.js(59,34796): error TS7006: Parameter 'e' implicitly has an 'any' type.
generated/prisma/runtime/wasm-compiler-edge.js(59,34856): error TS7006: Parameter 'e' implicitly has an 'any' type.
generated/prisma/runtime/wasm-compiler-edge.js(59,34901): error TS7006: Parameter 'e' implicitly has an 'any' type.
generated/prisma/runtime/wasm-compiler-edge.js(59,35038): error TS7006: Parameter 'e' implicitly has an 'any' type.
generated/prisma/runtime/wasm-compiler-edge.js(59,35143): error TS7023: 'cc' implicitly has return type 'any' because it does not have a return type annotation and is referenced directly or indirectly in one of its return expressions.
generated/prisma/runtime/wasm-compiler-edge.js(59,35146): error TS7006: Parameter 'e' implicitly has an 'any' type.
generated/prisma/runtime/wasm-compiler-edge.js(59,35148): error TS7006: Parameter 't' implicitly has an 'any' type.
generated/prisma/runtime/wasm-compiler-edge.js(59,35181): error TS7024: Function implicitly has return type 'any' because it does not have a return type annotation and is referenced directly or indirectly in one of its return expressions.
generated/prisma/runtime/wasm-compiler-edge.js(59,35247): error TS7006: Parameter 'e' implicitly has an 'any' type.
generated/prisma/runtime/wasm-compiler-edge.js(59,35249): error TS7006: Parameter 't' implicitly has an 'any' type.
generated/prisma/runtime/wasm-compiler-edge.js(59,35309): error TS7031: Binding element 'a' implicitly has an 'any' type.
generated/prisma/runtime/wasm-compiler-edge.js(59,35331): error TS7031: Binding element 'a' implicitly has an 'any' type.
generated/prisma/runtime/wasm-compiler-edge.js(59,35403): error TS7053: Element implicitly has an 'any' type because expression of type 'string' can't be used to index type '{}'.
  No index signature with a parameter of type 'string' was found on type '{}'.
generated/prisma/runtime/wasm-compiler-edge.js(59,35410): error TS7053: Element implicitly has an 'any' type because expression of type 'string' can't be used to index type '{}'.
  No index signature with a parameter of type 'string' was found on type '{}'.
generated/prisma/runtime/wasm-compiler-edge.js(59,35419): error TS7053: Element implicitly has an 'any' type because expression of type 'string' can't be used to index type '{}'.
  No index signature with a parameter of type 'string' was found on type '{}'.
generated/prisma/runtime/wasm-compiler-edge.js(59,35582): error TS7053: Element implicitly has an 'any' type because expression of type 'string' can't be used to index type '{}'.
  No index signature with a parameter of type 'string' was found on type '{}'.
generated/prisma/runtime/wasm-compiler-edge.js(59,35676): error TS7006: Parameter 'e' implicitly has an 'any' type.
generated/prisma/runtime/wasm-compiler-edge.js(59,35678): error TS7006: Parameter 't' implicitly has an 'any' type.
generated/prisma/runtime/wasm-compiler-edge.js(59,35680): error TS7006: Parameter 'r' implicitly has an 'any' type.
generated/prisma/runtime/wasm-compiler-edge.js(59,35682): error TS7006: Parameter 'n' implicitly has an 'any' type.
generated/prisma/runtime/wasm-compiler-edge.js(59,35836): error TS7006: Parameter 'e' implicitly has an 'any' type.
generated/prisma/runtime/wasm-compiler-edge.js(59,35838): error TS7006: Parameter 't' implicitly has an 'any' type.
generated/prisma/runtime/wasm-compiler-edge.js(59,35840): error TS7006: Parameter 'r' implicitly has an 'any' type.
generated/prisma/runtime/wasm-compiler-edge.js(59,35842): error TS7006: Parameter 'n' implicitly has an 'any' type.
generated/prisma/runtime/wasm-compiler-edge.js(59,36442): error TS7006: Parameter 't' implicitly has an 'any' type.
generated/prisma/runtime/wasm-compiler-edge.js(59,36444): error TS7006: Parameter 'r' implicitly has an 'any' type.
generated/prisma/runtime/wasm-compiler-edge.js(59,36742): error TS7006: Parameter 't' implicitly has an 'any' type.
generated/prisma/runtime/wasm-compiler-edge.js(59,36870): error TS7006: Parameter 't' implicitly has an 'any' type.
generated/prisma/runtime/wasm-compiler-edge.js(59,37103): error TS7006: Parameter 't' implicitly has an 'any' type.
generated/prisma/runtime/wasm-compiler-edge.js(59,37114): error TS7031: Binding element 'r' implicitly has an 'any' type.
generated/prisma/runtime/wasm-compiler-edge.js(59,37126): error TS7031: Binding element 'n' implicitly has an 'any' type.
generated/prisma/runtime/wasm-compiler-edge.js(59,37462): error TS7006: Parameter 't' implicitly has an 'any' type.
generated/prisma/runtime/wasm-compiler-edge.js(59,37541): error TS7006: Parameter 't' implicitly has an 'any' type.
generated/prisma/runtime/wasm-compiler-edge.js(59,37950): error TS7008: Member 'closedTransactions' implicitly has an 'any[]' type.
generated/prisma/runtime/wasm-compiler-edge.js(59,38052): error TS7031: Binding element 't' implicitly has an 'any' type.
generated/prisma/runtime/wasm-compiler-edge.js(59,38073): error TS7031: Binding element 'r' implicitly has an 'any' type.
generated/prisma/runtime/wasm-compiler-edge.js(59,38089): error TS7031: Binding element 'n' implicitly has an 'any' type.
generated/prisma/runtime/wasm-compiler-edge.js(59,38099): error TS7031: Binding element 'i' implicitly has an 'any' type.
generated/prisma/runtime/wasm-compiler-edge.js(59,38110): error TS7031: Binding element 'o' implicitly has an 'any' type.
generated/prisma/runtime/wasm-compiler-edge.js(59,38233): error TS7006: Parameter 't' implicitly has an 'any' type.
generated/prisma/runtime/wasm-compiler-edge.js(59,38373): error TS7006: Parameter 't' implicitly has an 'any' type.
generated/prisma/runtime/wasm-compiler-edge.js(59,38519): error TS7006: Parameter 't' implicitly has an 'any' type.
generated/prisma/runtime/wasm-compiler-edge.js(59,38913): error TS2322: Type 'Timeout | undefined' is not assignable to type 'undefined'.
  Type 'Timeout' is not assignable to type 'undefined'.
generated/prisma/runtime/wasm-compiler-edge.js(59,39186): error TS7006: Parameter 't' implicitly has an 'any' type.
generated/prisma/runtime/wasm-compiler-edge.js(59,39350): error TS7006: Parameter 't' implicitly has an 'any' type.
generated/prisma/runtime/wasm-compiler-edge.js(59,39515): error TS7006: Parameter 't' implicitly has an 'any' type.
generated/prisma/runtime/wasm-compiler-edge.js(59,39517): error TS7006: Parameter 'r' implicitly has an 'any' type.
generated/prisma/runtime/wasm-compiler-edge.js(59,39655): error TS7006: Parameter 't' implicitly has an 'any' type.
generated/prisma/runtime/wasm-compiler-edge.js(59,39657): error TS7006: Parameter 'r' implicitly has an 'any' type.
generated/prisma/runtime/wasm-compiler-edge.js(59,40412): error TS7006: Parameter 't' implicitly has an 'any' type.
generated/prisma/runtime/wasm-compiler-edge.js(59,40414): error TS7006: Parameter 'r' implicitly has an 'any' type.
generated/prisma/runtime/wasm-compiler-edge.js(59,40739): error TS7006: Parameter 't' implicitly has an 'any' type.
generated/prisma/runtime/wasm-compiler-edge.js(59,40741): error TS7006: Parameter 'r' implicitly has an 'any' type.
generated/prisma/runtime/wasm-compiler-edge.js(59,41653): error TS7006: Parameter 't' implicitly has an 'any' type.
generated/prisma/runtime/wasm-compiler-edge.js(59,41872): error TS7006: Parameter 't' implicitly has an 'any' type.
generated/prisma/runtime/wasm-compiler-edge.js(59,41874): error TS7006: Parameter 'r' implicitly has an 'any' type.
generated/prisma/runtime/wasm-compiler-edge.js(59,41876): error TS7006: Parameter 'n' implicitly has an 'any' type.
generated/prisma/runtime/wasm-compiler-edge.js(59,42002): error TS7006: Parameter 'e' implicitly has an 'any' type.
generated/prisma/runtime/wasm-compiler-edge.js(59,42004): error TS7006: Parameter 't' implicitly has an 'any' type.
generated/prisma/runtime/wasm-compiler-edge.js(59,42127): error TS7006: Parameter 't' implicitly has an 'any' type.
generated/prisma/runtime/wasm-compiler-edge.js(59,42129): error TS7006: Parameter 'r' implicitly has an 'any' type.
generated/prisma/runtime/wasm-compiler-edge.js(59,42131): error TS7006: Parameter 'n' implicitly has an 'any' type.
generated/prisma/runtime/wasm-compiler-edge.js(59,42217): error TS7006: Parameter 't' implicitly has an 'any' type.
generated/prisma/runtime/wasm-compiler-edge.js(59,42616): error TS7031: Binding element 't' implicitly has an 'any' type.
generated/prisma/runtime/wasm-compiler-edge.js(59,42636): error TS7031: Binding element 'r' implicitly has an 'any' type.
generated/prisma/runtime/wasm-compiler-edge.js(59,42650): error TS7031: Binding element 'n' implicitly has an 'any' type.
generated/prisma/runtime/wasm-compiler-edge.js(59,42663): error TS7031: Binding element 'i' implicitly has an 'any' type.
generated/prisma/runtime/wasm-compiler-edge.js(59,42998): error TS7006: Parameter 't' implicitly has an 'any' type.
generated/prisma/runtime/wasm-compiler-edge.js(59,43085): error TS7006: Parameter 't' implicitly has an 'any' type.
generated/prisma/runtime/wasm-compiler-edge.js(59,43152): error TS7006: Parameter 't' implicitly has an 'any' type.
generated/prisma/runtime/wasm-compiler-edge.js(59,43419): error TS7006: Parameter 'e' implicitly has an 'any' type.
generated/prisma/runtime/wasm-compiler-edge.js(59,43421): error TS7006: Parameter 't' implicitly has an 'any' type.
generated/prisma/runtime/wasm-compiler-edge.js(59,43423): error TS7006: Parameter 'r' implicitly has an 'any' type.
generated/prisma/runtime/wasm-compiler-edge.js(59,44904): error TS7006: Parameter 'e' implicitly has an 'any' type.
generated/prisma/runtime/wasm-compiler-edge.js(59,44997): error TS7006: Parameter 'e' implicitly has an 'any' type.
generated/prisma/runtime/wasm-compiler-edge.js(59,44999): error TS7006: Parameter 't' implicitly has an 'any' type.
generated/prisma/runtime/wasm-compiler-edge.js(59,45034): error TS7006: Parameter 'f' implicitly has an 'any' type.
generated/prisma/runtime/wasm-compiler-edge.js(59,45320): error TS2339: Property 'expires' does not exist on type '{ name: string; value: string; }'.
generated/prisma/runtime/wasm-compiler-edge.js(59,45363): error TS2339: Property 'maxAge' does not exist on type '{ name: string; value: string; }'.
generated/prisma/runtime/wasm-compiler-edge.js(59,45414): error TS2339: Property 'secure' does not exist on type '{ name: string; value: string; }'.
generated/prisma/runtime/wasm-compiler-edge.js(59,45448): error TS2339: Property 'httpOnly' does not exist on type '{ name: string; value: string; }'.
generated/prisma/runtime/wasm-compiler-edge.js(59,45484): error TS2339: Property 'sameSite' does not exist on type '{ name: string; value: string; }'.
generated/prisma/runtime/wasm-compiler-edge.js(59,45509): error TS7053: Element implicitly has an 'any' type because expression of type 'any' can't be used to index type '{ name: string; value: string; }'.
generated/prisma/runtime/wasm-compiler-edge.js(59,45538): error TS7006: Parameter 'e' implicitly has an 'any' type.
generated/prisma/runtime/wasm-compiler-edge.js(59,45783): error TS7017: Element implicitly has an 'any' type because type 'typeof globalThis' has no index signature.
generated/prisma/runtime/wasm-compiler-edge.js(59,45844): error TS7017: Element implicitly has an 'any' type because type 'typeof globalThis' has no index signature.
generated/prisma/runtime/wasm-compiler-edge.js(59,45874): error TS7017: Element implicitly has an 'any' type because type 'typeof globalThis' has no index signature.
generated/prisma/runtime/wasm-compiler-edge.js(59,45917): error TS7017: Element implicitly has an 'any' type because type 'typeof globalThis' has no index signature.
generated/prisma/runtime/wasm-compiler-edge.js(59,46117): error TS2349: This expression is not callable.
  Not all constituents of type 'string | (() => boolean)' are callable.
    Type 'string' has no call signatures.
generated/prisma/runtime/wasm-compiler-edge.js(59,46117): error TS2722: Cannot invoke an object which is possibly 'undefined'.
generated/prisma/runtime/wasm-compiler-edge.js(59,46487): error TS7053: Element implicitly has an 'any' type because expression of type 'string | (() => boolean)' can't be used to index type '{ node: string; workerd: string; deno: string; netlify: string; "edge-light": string; }'.
  No index signature with a parameter of type 'string' was found on type '{ node: string; workerd: string; deno: string; netlify: string; "edge-light": string; }'.
generated/prisma/runtime/wasm-compiler-edge.js(59,46490): error TS2538: Type '() => boolean' cannot be used as an index type.
generated/prisma/runtime/wasm-compiler-edge.js(59,46554): error TS2345: Argument of type 'string | (() => boolean)' is not assignable to parameter of type 'string'.
  Type '() => boolean' is not assignable to type 'string'.
generated/prisma/runtime/wasm-compiler-edge.js(59,46589): error TS7031: Binding element 'e' implicitly has an 'any' type.
generated/prisma/runtime/wasm-compiler-edge.js(59,46611): error TS7031: Binding element 't' implicitly has an 'any' type.
generated/prisma/runtime/wasm-compiler-edge.js(59,46617): error TS7031: Binding element 'r' implicitly has an 'any' type.
generated/prisma/runtime/wasm-compiler-edge.js(59,46633): error TS7031: Binding element 'n' implicitly has an 'any' type.
generated/prisma/runtime/wasm-compiler-edge.js(59,46667): error TS2538: Type 'undefined' cannot be used as an index type.
generated/prisma/runtime/wasm-compiler-edge.js(59,46679): error TS2538: Type 'undefined' cannot be used as an index type.
generated/prisma/runtime/wasm-compiler-edge.js(62,403): error TS7006: Parameter 't' implicitly has an 'any' type.
generated/prisma/runtime/wasm-compiler-edge.js(62,405): error TS7006: Parameter 'r' implicitly has an 'any' type.
generated/prisma/runtime/wasm-compiler-edge.js(62,564): error TS7006: Parameter 't' implicitly has an 'any' type.
generated/prisma/runtime/wasm-compiler-edge.js(62,566): error TS7006: Parameter 'r' implicitly has an 'any' type.
generated/prisma/runtime/wasm-compiler-edge.js(62,652): error TS7006: Parameter 'e' implicitly has an 'any' type.
generated/prisma/runtime/wasm-compiler-edge.js(62,654): error TS7006: Parameter 't' implicitly has an 'any' type.
generated/prisma/runtime/wasm-compiler-edge.js(62,763): error TS7006: Parameter 't' implicitly has an 'any' type.
generated/prisma/runtime/wasm-compiler-edge.js(62,765): error TS7006: Parameter 'r' implicitly has an 'any' type.
generated/prisma/runtime/wasm-compiler-edge.js(62,830): error TS7006: Parameter 'e' implicitly has an 'any' type.
generated/prisma/runtime/wasm-compiler-edge.js(62,1049): error TS7005: Variable 'g' implicitly has an 'any' type.
generated/prisma/runtime/wasm-compiler-edge.js(62,1055): error TS7005: Variable 'g' implicitly has an 'any' type.
generated/prisma/runtime/wasm-compiler-edge.js(62,1559): error TS7005: Variable 'g' implicitly has an 'any' type.
generated/prisma/runtime/wasm-compiler-edge.js(62,1824): error TS7031: Binding element 't' implicitly has an 'any' type.
generated/prisma/runtime/wasm-compiler-edge.js(62,1840): error TS7031: Binding element 'r' implicitly has an 'any' type.
generated/prisma/runtime/wasm-compiler-edge.js(62,1851): error TS7031: Binding element 'n' implicitly has an 'any' type.
generated/prisma/runtime/wasm-compiler-edge.js(62,1864): error TS7031: Binding element 'i' implicitly has an 'any' type.
generated/prisma/runtime/wasm-compiler-edge.js(62,1877): error TS7031: Binding element 'o' implicitly has an 'any' type.
generated/prisma/runtime/wasm-compiler-edge.js(62,1975): error TS2339: Property 'traceparent' does not exist on type '{}'.
generated/prisma/runtime/wasm-compiler-edge.js(62,1989): error TS2339: Property 'transactionId' does not exist on type '{}'.
generated/prisma/runtime/wasm-compiler-edge.js(62,2230): error TS2339: Property 'traceparent' does not exist on type '{ Accept: string; Authorization: string; "Content-Type": string; "Prisma-Engine-Hash": any; "Prisma-Engine-Version": any; }'.
generated/prisma/runtime/wasm-compiler-edge.js(62,2286): error TS7053: Element implicitly has an 'any' type because expression of type '"X-Transaction-Id"' can't be used to index type '{ Accept: string; Authorization: string; "Content-Type": string; "Prisma-Engine-Hash": any; "Prisma-Engine-Version": any; }'.
  Property 'X-Transaction-Id' does not exist on type '{ Accept: string; Authorization: string; "Content-Type": string; "Prisma-Engine-Hash": any; "Prisma-Engine-Version": any; }'.
generated/prisma/runtime/wasm-compiler-edge.js(62,2347): error TS7053: Element implicitly has an 'any' type because expression of type '"X-Capture-Telemetry"' can't be used to index type '{ Accept: string; Authorization: string; "Content-Type": string; "Prisma-Engine-Hash": any; "Prisma-Engine-Version": any; }'.
  Property 'X-Capture-Telemetry' does not exist on type '{ Accept: string; Authorization: string; "Content-Type": string; "Prisma-Engine-Hash": any; "Prisma-Engine-Version": any; }'.
generated/prisma/runtime/wasm-compiler-edge.js(62,2569): error TS7006: Parameter 'e' implicitly has an 'any' type.
generated/prisma/runtime/wasm-compiler-edge.js(62,2609): error TS7006: Parameter 'e' implicitly has an 'any' type.
generated/prisma/runtime/wasm-compiler-edge.js(62,2725): error TS7006: Parameter 't' implicitly has an 'any' type.
generated/prisma/runtime/wasm-compiler-edge.js(62,3136): error TS2345: Argument of type '{ path: string; method: string; }' is not assignable to parameter of type '{ path: any; method: any; body: any; fetch?: { (input: URL | RequestInfo, init?: RequestInit | undefined): Promise<Response>; (input: string | ... 1 more ... | URL, init?: RequestInit | undefined): Promise<...>; } | undefined; batchRequestIdx: any; }'.
  Type '{ path: string; method: string; }' is missing the following properties from type '{ path: any; method: any; body: any; fetch?: { (input: URL | RequestInfo, init?: RequestInit | undefined): Promise<Response>; (input: string | ... 1 more ... | URL, init?: RequestInit | undefined): Promise<...>; } | undefined; batchRequestIdx: any; }': body, batchRequestIdx
generated/prisma/runtime/wasm-compiler-edge.js(62,3196): error TS7031: Binding element 't' implicitly has an 'any' type.
generated/prisma/runtime/wasm-compiler-edge.js(62,3216): error TS7031: Binding element 'r' implicitly has an 'any' type.
generated/prisma/runtime/wasm-compiler-edge.js(62,3229): error TS7031: Binding element 'n' implicitly has an 'any' type.
generated/prisma/runtime/wasm-compiler-edge.js(62,3237): error TS7031: Binding element 'i' implicitly has an 'any' type.
generated/prisma/runtime/wasm-compiler-edge.js(62,3249): error TS7031: Binding element 'o' implicitly has an 'any' type.
generated/prisma/runtime/wasm-compiler-edge.js(62,3263): error TS7031: Binding element 's' implicitly has an 'any' type.
generated/prisma/runtime/wasm-compiler-edge.js(62,3277): error TS7031: Binding element 'a' implicitly has an 'any' type.
generated/prisma/runtime/wasm-compiler-edge.js(62,3462): error TS7006: Parameter 't' implicitly has an 'any' type.
generated/prisma/runtime/wasm-compiler-edge.js(62,3489): error TS2345: Argument of type '{ path: string; method: string; body: any; }' is not assignable to parameter of type '{ path: any; method: any; body: any; fetch?: { (input: URL | RequestInfo, init?: RequestInit | undefined): Promise<Response>; (input: string | ... 1 more ... | URL, init?: RequestInit | undefined): Promise<...>; } | undefined; batchRequestIdx: any; }'.
  Property 'batchRequestIdx' is missing in type '{ path: string; method: string; body: any; }' but required in type '{ path: any; method: any; body: any; fetch?: { (input: URL | RequestInfo, init?: RequestInit | undefined): Promise<Response>; (input: string | ... 1 more ... | URL, init?: RequestInit | undefined): Promise<...>; } | undefined; batchRequestIdx: any; }'.
generated/prisma/runtime/wasm-compiler-edge.js(62,3579): error TS7006: Parameter 't' implicitly has an 'any' type.
generated/prisma/runtime/wasm-compiler-edge.js(62,3596): error TS2345: Argument of type '{ path: string; method: string; }' is not assignable to parameter of type '{ path: any; method: any; body: any; fetch?: { (input: URL | RequestInfo, init?: RequestInit | undefined): Promise<Response>; (input: string | ... 1 more ... | URL, init?: RequestInit | undefined): Promise<...>; } | undefined; batchRequestIdx: any; }'.
  Type '{ path: string; method: string; }' is missing the following properties from type '{ path: any; method: any; body: any; fetch?: { (input: URL | RequestInfo, init?: RequestInit | undefined): Promise<Response>; (input: string | ... 1 more ... | URL, init?: RequestInit | undefined): Promise<...>; } | undefined; batchRequestIdx: any; }': body, batchRequestIdx
generated/prisma/runtime/wasm-compiler-edge.js(62,3674): error TS7006: Parameter 't' implicitly has an 'any' type.
generated/prisma/runtime/wasm-compiler-edge.js(62,3691): error TS2345: Argument of type '{ path: string; method: string; }' is not assignable to parameter of type '{ path: any; method: any; body: any; fetch?: { (input: URL | RequestInfo, init?: RequestInit | undefined): Promise<Response>; (input: string | ... 1 more ... | URL, init?: RequestInit | undefined): Promise<...>; } | undefined; batchRequestIdx: any; }'.
  Type '{ path: string; method: string; }' is missing the following properties from type '{ path: any; method: any; body: any; fetch?: { (input: URL | RequestInfo, init?: RequestInit | undefined): Promise<Response>; (input: string | ... 1 more ... | URL, init?: RequestInit | undefined): Promise<...>; } | undefined; batchRequestIdx: any; }': body, batchRequestIdx
generated/prisma/runtime/wasm-compiler-edge.js(62,3828): error TS7031: Binding element 't' implicitly has an 'any' type.
generated/prisma/runtime/wasm-compiler-edge.js(62,3837): error TS7031: Binding element 'r' implicitly has an 'any' type.
generated/prisma/runtime/wasm-compiler-edge.js(62,3844): error TS7031: Binding element 'n' implicitly has an 'any' type.
generated/prisma/runtime/wasm-compiler-edge.js(62,3887): error TS7031: Binding element 'o' implicitly has an 'any' type.
generated/prisma/runtime/wasm-compiler-edge.js(62,4114): error TS7006: Parameter 't' implicitly has an 'any' type.
generated/prisma/runtime/wasm-compiler-edge.js(62,4116): error TS7006: Parameter 'r' implicitly has an 'any' type.
generated/prisma/runtime/wasm-compiler-edge.js(62,4652): error TS7006: Parameter 't' implicitly has an 'any' type.
generated/prisma/runtime/wasm-compiler-edge.js(62,4747): error TS7006: Parameter 't' implicitly has an 'any' type.
generated/prisma/runtime/wasm-compiler-edge.js(62,5238): error TS7008: Member '#r' implicitly has an 'any' type.
generated/prisma/runtime/wasm-compiler-edge.js(62,5253): error TS7006: Parameter 't' implicitly has an 'any' type.
generated/prisma/runtime/wasm-compiler-edge.js(62,5304): error TS7031: Binding element 't' implicitly has an 'any' type.
generated/prisma/runtime/wasm-compiler-edge.js(62,5311): error TS7031: Binding element 'r' implicitly has an 'any' type.
generated/prisma/runtime/wasm-compiler-edge.js(62,5321): error TS7031: Binding element 'n' implicitly has an 'any' type.
generated/prisma/runtime/wasm-compiler-edge.js(62,5328): error TS7031: Binding element 'i' implicitly has an 'any' type.
generated/prisma/runtime/wasm-compiler-edge.js(62,5336): error TS7031: Binding element 'o' implicitly has an 'any' type.
generated/prisma/runtime/wasm-compiler-edge.js(62,5646): error TS7006: Parameter 't' implicitly has an 'any' type.
generated/prisma/runtime/wasm-compiler-edge.js(62,5906): error TS7006: Parameter 't' implicitly has an 'any' type.
generated/prisma/runtime/wasm-compiler-edge.js(62,5908): error TS7006: Parameter 'r' implicitly has an 'any' type.
generated/prisma/runtime/wasm-compiler-edge.js(62,6044): error TS2339: Property 'domain' does not exist on type '{ name: string; value: string; }'.
generated/prisma/runtime/wasm-compiler-edge.js(62,6067): error TS2339: Property 'path' does not exist on type '{ name: string; value: string; }'.
generated/prisma/runtime/wasm-compiler-edge.js(62,6168): error TS2339: Property 'expires' does not exist on type '{ name: string; value: string; }'.
generated/prisma/runtime/wasm-compiler-edge.js(62,6243): error TS7006: Parameter 'e' implicitly has an 'any' type.
generated/prisma/runtime/wasm-compiler-edge.js(62,6404): error TS7053: Element implicitly has an 'any' type because expression of type 'any' can't be used to index type '{}'.
generated/prisma/runtime/wasm-compiler-edge.js(62,6747): error TS2349: This expression is not callable.
  No constituent of type 'ExportValue' is callable.
generated/prisma/runtime/wasm-compiler-edge.js(62,6747): error TS2722: Cannot invoke an object which is possibly 'undefined'.
generated/prisma/runtime/wasm-compiler-edge.js(62,6747): error TS18048: 'f' is possibly 'undefined'.
generated/prisma/runtime/wasm-compiler-edge.js(62,6799): error TS7053: Element implicitly has an 'any' type because expression of type 'any' can't be used to index type '{}'.
generated/prisma/runtime/wasm-compiler-edge.js(62,6826): error TS7053: Element implicitly has an 'any' type because expression of type 'any' can't be used to index type '{}'.
generated/prisma/runtime/wasm-compiler-edge.js(62,6924): error TS7017: Element implicitly has an 'any' type because type 'typeof globalThis' has no index signature.
generated/prisma/runtime/wasm-compiler-edge.js(62,6964): error TS7006: Parameter 'e' implicitly has an 'any' type.
generated/prisma/runtime/wasm-compiler-edge.js(62,7021): error TS7008: Member '#t' implicitly has an 'any' type.
generated/prisma/runtime/wasm-compiler-edge.js(62,7132): error TS7006: Parameter 't' implicitly has an 'any' type.
generated/prisma/runtime/wasm-compiler-edge.js(62,7134): error TS7006: Parameter 'r' implicitly has an 'any' type.
generated/prisma/runtime/wasm-compiler-edge.js(62,7136): error TS7006: Parameter 'n' implicitly has an 'any' type.
generated/prisma/runtime/wasm-compiler-edge.js(62,7714): error TS7006: Parameter 'i' implicitly has an 'any' type.
generated/prisma/runtime/wasm-compiler-edge.js(62,7906): error TS7023: '#i' implicitly has return type 'any' because it does not have a return type annotation and is referenced directly or indirectly in one of its return expressions.
generated/prisma/runtime/wasm-compiler-edge.js(62,8208): error TS2353: Object literal may only specify known properties, and 'engine' does not exist in type '{ type: string; }'.
generated/prisma/runtime/wasm-compiler-edge.js(62,8256): error TS2353: Object literal may only specify known properties, and 'promise' does not exist in type '{ type: string; }'.
generated/prisma/runtime/wasm-compiler-edge.js(62,8313): error TS2339: Property 'promise' does not exist on type '{ type: string; }'.
generated/prisma/runtime/wasm-compiler-edge.js(62,8352): error TS2339: Property 'engine' does not exist on type '{ type: string; }'.
generated/prisma/runtime/wasm-compiler-edge.js(62,8400): error TS2339: Property 'promise' does not exist on type '{ type: string; }'.
generated/prisma/runtime/wasm-compiler-edge.js(62,9025): error TS7006: Parameter 't' implicitly has an 'any' type.
generated/prisma/runtime/wasm-compiler-edge.js(62,9300): error TS7006: Parameter 't' implicitly has an 'any' type.
generated/prisma/runtime/wasm-compiler-edge.js(62,9445): error TS7006: Parameter 't' implicitly has an 'any' type.
generated/prisma/runtime/wasm-compiler-edge.js(62,9447): error TS7006: Parameter 'r' implicitly has an 'any' type.
generated/prisma/runtime/wasm-compiler-edge.js(62,9643): error TS2345: Argument of type '{ code: any; meta: any; clientVersion: any; }' is not assignable to parameter of type '{ code: any; clientVersion: any; meta: any; batchRequestIdx: any; }'.
  Property 'batchRequestIdx' is missing in type '{ code: any; meta: any; clientVersion: any; }' but required in type '{ code: any; clientVersion: any; meta: any; batchRequestIdx: any; }'.
generated/prisma/runtime/wasm-compiler-edge.js(63,17): error TS2345: Argument of type '{ clientVersion: any; }' is not assignable to parameter of type '{ clientVersion: any; batchRequestIdx: any; }'.
  Property 'batchRequestIdx' is missing in type '{ clientVersion: any; }' but required in type '{ clientVersion: any; batchRequestIdx: any; }'.
generated/prisma/runtime/wasm-compiler-edge.js(63,79): error TS7006: Parameter 't' implicitly has an 'any' type.
generated/prisma/runtime/wasm-compiler-edge.js(63,175): error TS2345: Argument of type '{ code: any; meta: any; clientVersion: any; }' is not assignable to parameter of type '{ code: any; clientVersion: any; meta: any; batchRequestIdx: any; }'.
  Property 'batchRequestIdx' is missing in type '{ code: any; meta: any; clientVersion: any; }' but required in type '{ code: any; clientVersion: any; meta: any; batchRequestIdx: any; }'.
generated/prisma/runtime/wasm-compiler-edge.js(63,286): error TS2345: Argument of type '{ clientVersion: any; }' is not assignable to parameter of type '{ clientVersion: any; batchRequestIdx: any; }'.
  Property 'batchRequestIdx' is missing in type '{ clientVersion: any; }' but required in type '{ clientVersion: any; batchRequestIdx: any; }'.
generated/prisma/runtime/wasm-compiler-edge.js(63,334): error TS7006: Parameter 't' implicitly has an 'any' type.
generated/prisma/runtime/wasm-compiler-edge.js(63,336): error TS7006: Parameter 'r' implicitly has an 'any' type.
generated/prisma/runtime/wasm-compiler-edge.js(63,353): error TS7017: Element implicitly has an 'any' type because type 'typeof globalThis' has no index signature.
generated/prisma/runtime/wasm-compiler-edge.js(63,405): error TS7017: Element implicitly has an 'any' type because type 'typeof globalThis' has no index signature.
generated/prisma/runtime/wasm-compiler-edge.js(63,444): error TS7006: Parameter 's' implicitly has an 'any' type.
generated/prisma/runtime/wasm-compiler-edge.js(63,490): error TS7017: Element implicitly has an 'any' type because type 'typeof globalThis' has no index signature.
generated/prisma/runtime/wasm-compiler-edge.js(63,575): error TS7006: Parameter 's' implicitly has an 'any' type.
generated/prisma/runtime/wasm-compiler-edge.js(63,917): error TS7023: 'stop' implicitly has return type 'any' because it does not have a return type annotation and is referenced directly or indirectly in one of its return expressions.
generated/prisma/runtime/wasm-compiler-edge.js(63,1009): error TS2339: Property 'promise' does not exist on type '{ type: string; }'.
generated/prisma/runtime/wasm-compiler-edge.js(63,1066): error TS2339: Property 'engine' does not exist on type '{ type: string; }'.
generated/prisma/runtime/wasm-compiler-edge.js(63,1267): error TS2353: Object literal may only specify known properties, and 'promise' does not exist in type '{ type: string; }'.
generated/prisma/runtime/wasm-compiler-edge.js(63,1327): error TS2339: Property 'promise' does not exist on type '{ type: string; }'.
generated/prisma/runtime/wasm-compiler-edge.js(63,1380): error TS7006: Parameter 't' implicitly has an 'any' type.
generated/prisma/runtime/wasm-compiler-edge.js(63,1382): error TS7006: Parameter 'r' implicitly has an 'any' type.
generated/prisma/runtime/wasm-compiler-edge.js(63,1384): error TS7006: Parameter 'n' implicitly has an 'any' type.
generated/prisma/runtime/wasm-compiler-edge.js(63,1770): error TS7006: Parameter 't' implicitly has an 'any' type.
generated/prisma/runtime/wasm-compiler-edge.js(63,1796): error TS7031: Binding element 'r' implicitly has an 'any' type.
generated/prisma/runtime/wasm-compiler-edge.js(63,1819): error TS7031: Binding element 'n' implicitly has an 'any' type.
generated/prisma/runtime/wasm-compiler-edge.js(63,1920): error TS7006: Parameter 'f' implicitly has an 'any' type.
generated/prisma/runtime/wasm-compiler-edge.js(63,2334): error TS7006: Parameter 't' implicitly has an 'any' type.
generated/prisma/runtime/wasm-compiler-edge.js(63,2349): error TS7031: Binding element 'r' implicitly has an 'any' type.
generated/prisma/runtime/wasm-compiler-edge.js(63,2372): error TS7031: Binding element 'n' implicitly has an 'any' type.
generated/prisma/runtime/wasm-compiler-edge.js(63,2496): error TS7006: Parameter 'w' implicitly has an 'any' type.
generated/prisma/runtime/wasm-compiler-edge.js(63,3314): error TS7006: Parameter 'C' implicitly has an 'any' type.
generated/prisma/runtime/wasm-compiler-edge.js(63,3574): error TS7006: Parameter 'C' implicitly has an 'any' type.
generated/prisma/runtime/wasm-compiler-edge.js(63,3634): error TS7006: Parameter 't' implicitly has an 'any' type.
generated/prisma/runtime/wasm-compiler-edge.js(63,3748): error TS7006: Parameter 't' implicitly has an 'any' type.
generated/prisma/runtime/wasm-compiler-edge.js(63,4087): error TS2345: Argument of type '{ code: string; clientVersion: any; meta: { providedIsolationLevel: any; }; }' is not assignable to parameter of type '{ code: any; clientVersion: any; meta: any; batchRequestIdx: any; }'.
  Property 'batchRequestIdx' is missing in type '{ code: string; clientVersion: any; meta: { providedIsolationLevel: any; }; }' but required in type '{ code: any; clientVersion: any; meta: any; batchRequestIdx: any; }'.
generated/prisma/runtime/wasm-compiler-edge.js(63,4188): error TS7031: Binding element 't' implicitly has an 'any' type.
generated/prisma/runtime/wasm-compiler-edge.js(63,4198): error TS7031: Binding element 'r' implicitly has an 'any' type.
generated/prisma/runtime/wasm-compiler-edge.js(63,4284): error TS7006: Parameter 'n' implicitly has an 'any' type.
generated/prisma/runtime/wasm-compiler-edge.js(63,4307): error TS7006: Parameter 'n' implicitly has an 'any' type.
generated/prisma/runtime/wasm-compiler-edge.js(63,4336): error TS7006: Parameter 'n' implicitly has an 'any' type.
generated/prisma/runtime/wasm-compiler-edge.js(63,4368): error TS7006: Parameter 'e' implicitly has an 'any' type.
generated/prisma/runtime/wasm-compiler-edge.js(63,4370): error TS7006: Parameter 't' implicitly has an 'any' type.
generated/prisma/runtime/wasm-compiler-edge.js(63,4372): error TS7006: Parameter 'r' implicitly has an 'any' type.
generated/prisma/runtime/wasm-compiler-edge.js(63,4385): error TS2345: Argument of type '{ binaryTarget: undefined; title: any; version: any; engineVersion: string; database: any; query: any; }' is not assignable to parameter of type '{ version: any; binaryTarget: any; title: any; description: any; engineVersion: any; database: any; query: any; }'.
  Property 'description' is missing in type '{ binaryTarget: undefined; title: any; version: any; engineVersion: string; database: any; query: any; }' but required in type '{ version: any; binaryTarget: any; title: any; description: any; engineVersion: any; database: any; query: any; }'.
generated/prisma/runtime/wasm-compiler-edge.js(63,4633): error TS7006: Parameter 't' implicitly has an 'any' type.
generated/prisma/runtime/wasm-compiler-edge.js(63,4812): error TS7006: Parameter 't' implicitly has an 'any' type.
generated/prisma/runtime/wasm-compiler-edge.js(63,4814): error TS7006: Parameter 'r' implicitly has an 'any' type.
generated/prisma/runtime/wasm-compiler-edge.js(63,4959): error TS7006: Parameter 't' implicitly has an 'any' type.
generated/prisma/runtime/wasm-compiler-edge.js(63,4961): error TS7006: Parameter 'r' implicitly has an 'any' type.
generated/prisma/runtime/wasm-compiler-edge.js(63,5203): error TS7006: Parameter 't' implicitly has an 'any' type.
generated/prisma/runtime/wasm-compiler-edge.js(63,5455): error TS7006: Parameter 't' implicitly has an 'any' type.
generated/prisma/runtime/wasm-compiler-edge.js(63,5457): error TS7006: Parameter 'r' implicitly has an 'any' type.
generated/prisma/runtime/wasm-compiler-edge.js(63,5459): error TS7006: Parameter 'n' implicitly has an 'any' type.
generated/prisma/runtime/wasm-compiler-edge.js(63,5634): error TS7006: Parameter 't' implicitly has an 'any' type.
generated/prisma/runtime/wasm-compiler-edge.js(63,5636): error TS7006: Parameter 'r' implicitly has an 'any' type.
generated/prisma/runtime/wasm-compiler-edge.js(63,5845): error TS7006: Parameter 't' implicitly has an 'any' type.
generated/prisma/runtime/wasm-compiler-edge.js(63,5847): error TS7006: Parameter 'r' implicitly has an 'any' type.
generated/prisma/runtime/wasm-compiler-edge.js(63,5849): error TS7006: Parameter 'n' implicitly has an 'any' type.
generated/prisma/runtime/wasm-compiler-edge.js(63,6020): error TS7006: Parameter 't' implicitly has an 'any' type.
generated/prisma/runtime/wasm-compiler-edge.js(63,6235): error TS7006: Parameter 't' implicitly has an 'any' type.
generated/prisma/runtime/wasm-compiler-edge.js(63,6432): error TS7006: Parameter 't' implicitly has an 'any' type.
generated/prisma/runtime/wasm-compiler-edge.js(63,6630): error TS7006: Parameter 't' implicitly has an 'any' type.
generated/prisma/runtime/wasm-compiler-edge.js(63,6817): error TS7006: Parameter 't' implicitly has an 'any' type.
generated/prisma/runtime/wasm-compiler-edge.js(63,6988): error TS7006: Parameter 't' implicitly has an 'any' type.
generated/prisma/runtime/wasm-compiler-edge.js(63,6990): error TS7006: Parameter 'r' implicitly has an 'any' type.
generated/prisma/runtime/wasm-compiler-edge.js(63,6992): error TS7006: Parameter 'n' implicitly has an 'any' type.
generated/prisma/runtime/wasm-compiler-edge.js(63,7195): error TS7006: Parameter 't' implicitly has an 'any' type.
generated/prisma/runtime/wasm-compiler-edge.js(63,7385): error TS7006: Parameter 't' implicitly has an 'any' type.
generated/prisma/runtime/wasm-compiler-edge.js(63,7457): error TS7006: Parameter 'e' implicitly has an 'any' type.
generated/prisma/runtime/wasm-compiler-edge.js(63,8219): error TS7006: Parameter 'e' implicitly has an 'any' type.
generated/prisma/runtime/wasm-compiler-edge.js(63,8221): error TS7006: Parameter 't' implicitly has an 'any' type.
generated/prisma/runtime/wasm-compiler-edge.js(63,8346): error TS2345: Argument of type '{ code: any; clientVersion: any; }' is not assignable to parameter of type '{ code: any; clientVersion: any; meta: any; batchRequestIdx: any; }'.
  Type '{ code: any; clientVersion: any; }' is missing the following properties from type '{ code: any; clientVersion: any; meta: any; batchRequestIdx: any; }': meta, batchRequestIdx
generated/prisma/runtime/wasm-compiler-edge.js(63,9414): error TS7053: Element implicitly has an 'any' type because expression of type 'any' can't be used to index type '{ IDParseError: string; NoQueryEngineFoundError: string; TransactionStartError: string; }'.
generated/prisma/runtime/wasm-compiler-edge.js(63,9833): error TS7006: Parameter 'e' implicitly has an 'any' type.
generated/prisma/runtime/wasm-compiler-edge.js(63,9835): error TS7006: Parameter 't' implicitly has an 'any' type.
generated/prisma/runtime/wasm-compiler-edge.js(63,9934): error TS7006: Parameter 'e' implicitly has an 'any' type.
generated/prisma/runtime/wasm-compiler-edge.js(63,10166): error TS7006: Parameter 'e' implicitly has an 'any' type.
generated/prisma/runtime/wasm-compiler-edge.js(63,10269): error TS2532: Object is possibly 'undefined'.
generated/prisma/runtime/wasm-compiler-edge.js(63,10278): error TS2532: Object is possibly 'undefined'.
generated/prisma/runtime/wasm-compiler-edge.js(63,10288): error TS2532: Object is possibly 'undefined'.
generated/prisma/runtime/wasm-compiler-edge.js(63,10355): error TS2532: Object is possibly 'undefined'.
generated/prisma/runtime/wasm-compiler-edge.js(63,10361): error TS2532: Object is possibly 'undefined'.
generated/prisma/runtime/wasm-compiler-edge.js(63,10402): error TS18048: 'A' is possibly 'undefined'.
generated/prisma/runtime/wasm-compiler-edge.js(63,10415): error TS18048: 'A' is possibly 'undefined'.
generated/prisma/runtime/wasm-compiler-edge.js(63,10426): error TS2532: Object is possibly 'undefined'.
generated/prisma/runtime/wasm-compiler-edge.js(63,10432): error TS2532: Object is possibly 'undefined'.
generated/prisma/runtime/wasm-compiler-edge.js(63,10453): error TS2532: Object is possibly 'undefined'.
generated/prisma/runtime/wasm-compiler-edge.js(63,10461): error TS2532: Object is possibly 'undefined'.
generated/prisma/runtime/wasm-compiler-edge.js(63,10513): error TS2532: Object is possibly 'undefined'.
generated/prisma/runtime/wasm-compiler-edge.js(63,10519): error TS2532: Object is possibly 'undefined'.
generated/prisma/runtime/wasm-compiler-edge.js(63,10574): error TS7006: Parameter 'e' implicitly has an 'any' type.
generated/prisma/runtime/wasm-compiler-edge.js(63,10616): error TS7006: Parameter 'r' implicitly has an 'any' type.
generated/prisma/runtime/wasm-compiler-edge.js(63,11221): error TS7006: Parameter 't' implicitly has an 'any' type.
generated/prisma/runtime/wasm-compiler-edge.js(63,11223): error TS7006: Parameter 'r' implicitly has an 'any' type.
generated/prisma/runtime/wasm-compiler-edge.js(64,57): error TS7006: Parameter 'e' implicitly has an 'any' type.
generated/prisma/runtime/wasm-compiler-edge.js(64,59): error TS7006: Parameter 't' implicitly has an 'any' type.
generated/prisma/runtime/wasm-compiler-edge.js(64,63): error TS7006: Parameter 'n' implicitly has an 'any' type.
generated/prisma/runtime/wasm-compiler-edge.js(64,147): error TS18046: 's' is of type 'unknown'.
generated/prisma/runtime/wasm-compiler-edge.js(64,312): error TS7006: Parameter 'e' implicitly has an 'any' type.
generated/prisma/runtime/wasm-compiler-edge.js(64,314): error TS7006: Parameter 't' implicitly has an 'any' type.
generated/prisma/runtime/wasm-compiler-edge.js(64,385): error TS7005: Variable 'g' implicitly has an 'any' type.
generated/prisma/runtime/wasm-compiler-edge.js(64,443): error TS7017: Element implicitly has an 'any' type because type 'typeof globalThis' has no index signature.
generated/prisma/runtime/wasm-compiler-edge.js(64,490): error TS7005: Variable 'g' implicitly has an 'any' type.
generated/prisma/runtime/wasm-compiler-edge.js(64,548): error TS7017: Element implicitly has an 'any' type because type 'typeof globalThis' has no index signature.
generated/prisma/runtime/wasm-compiler-edge.js(64,794): error TS18048: 's' is possibly 'undefined'.
generated/prisma/runtime/wasm-compiler-edge.js(64,1342): error TS7006: Parameter 'e' implicitly has an 'any' type.
generated/prisma/runtime/wasm-compiler-edge.js(64,1344): error TS7006: Parameter 't' implicitly has an 'any' type.
generated/prisma/runtime/wasm-compiler-edge.js(64,1404): error TS7006: Parameter 'e' implicitly has an 'any' type.
generated/prisma/runtime/wasm-compiler-edge.js(64,1658): error TS7008: Member 'remoteClientVersion' implicitly has an 'any' type.
generated/prisma/runtime/wasm-compiler-edge.js(64,1678): error TS7008: Member 'host' implicitly has an 'any' type.
generated/prisma/runtime/wasm-compiler-edge.js(64,1683): error TS7008: Member 'headerBuilder' implicitly has an 'any' type.
generated/prisma/runtime/wasm-compiler-edge.js(64,1697): error TS7008: Member 'startPromise' implicitly has an 'any' type.
generated/prisma/runtime/wasm-compiler-edge.js(64,1710): error TS7008: Member 'protocol' implicitly has an 'any' type.
generated/prisma/runtime/wasm-compiler-edge.js(64,1731): error TS7006: Parameter 't' implicitly has an 'any' type.
generated/prisma/runtime/wasm-compiler-edge.js(64,2624): error TS7006: Parameter 't' implicitly has an 'any' type.
generated/prisma/runtime/wasm-compiler-edge.js(64,2659): error TS7006: Parameter 'r' implicitly has an 'any' type.
generated/prisma/runtime/wasm-compiler-edge.js(64,3279): error TS7006: Parameter 't' implicitly has an 'any' type.
generated/prisma/runtime/wasm-compiler-edge.js(64,4000): error TS7006: Parameter 't' implicitly has an 'any' type.
generated/prisma/runtime/wasm-compiler-edge.js(64,4015): error TS7031: Binding element 'r' implicitly has an 'any' type.
generated/prisma/runtime/wasm-compiler-edge.js(64,4040): error TS7031: Binding element 'n' implicitly has an 'any' type.
generated/prisma/runtime/wasm-compiler-edge.js(64,4063): error TS7031: Binding element 'i' implicitly has an 'any' type.
generated/prisma/runtime/wasm-compiler-edge.js(64,4186): error TS7006: Parameter 't' implicitly has an 'any' type.
generated/prisma/runtime/wasm-compiler-edge.js(64,4201): error TS7031: Binding element 'r' implicitly has an 'any' type.
generated/prisma/runtime/wasm-compiler-edge.js(64,4215): error TS7031: Binding element 'n' implicitly has an 'any' type.
generated/prisma/runtime/wasm-compiler-edge.js(64,4238): error TS7031: Binding element 'i' implicitly has an 'any' type.
generated/prisma/runtime/wasm-compiler-edge.js(64,4402): error TS7006: Parameter 'f' implicitly has an 'any' type.
generated/prisma/runtime/wasm-compiler-edge.js(64,4556): error TS7031: Binding element 't' implicitly has an 'any' type.
generated/prisma/runtime/wasm-compiler-edge.js(64,4570): error TS7031: Binding element 'r' implicitly has an 'any' type.
generated/prisma/runtime/wasm-compiler-edge.js(64,4593): error TS7031: Binding element 'n' implicitly has an 'any' type.
generated/prisma/runtime/wasm-compiler-edge.js(64,4618): error TS7031: Binding element 'i' implicitly has an 'any' type.
generated/prisma/runtime/wasm-compiler-edge.js(64,4697): error TS7031: Binding element 'o' implicitly has an 'any' type.
generated/prisma/runtime/wasm-compiler-edge.js(64,5251): error TS7006: Parameter 't' implicitly has an 'any' type.
generated/prisma/runtime/wasm-compiler-edge.js(64,5253): error TS7006: Parameter 'r' implicitly has an 'any' type.
generated/prisma/runtime/wasm-compiler-edge.js(64,5255): error TS7006: Parameter 'n' implicitly has an 'any' type.
generated/prisma/runtime/wasm-compiler-edge.js(64,5366): error TS7053: Element implicitly has an 'any' type because expression of type 'any' can't be used to index type '{ start: string; commit: string; rollback: string; }'.
generated/prisma/runtime/wasm-compiler-edge.js(64,5413): error TS7031: Binding element 'o' implicitly has an 'any' type.
generated/prisma/runtime/wasm-compiler-edge.js(64,6521): error TS7006: Parameter 't' implicitly has an 'any' type.
generated/prisma/runtime/wasm-compiler-edge.js(64,6548): error TS7006: Parameter 'i' implicitly has an 'any' type.
generated/prisma/runtime/wasm-compiler-edge.js(64,7063): error TS7006: Parameter 't' implicitly has an 'any' type.
generated/prisma/runtime/wasm-compiler-edge.js(64,7216): error TS7006: Parameter 't' implicitly has an 'any' type.
generated/prisma/runtime/wasm-compiler-edge.js(64,7326): error TS2345: Argument of type '{ clientVersion: any; }' is not assignable to parameter of type '{ clientVersion: any; batchRequestIdx: any; }'.
  Property 'batchRequestIdx' is missing in type '{ clientVersion: any; }' but required in type '{ clientVersion: any; batchRequestIdx: any; }'.
generated/prisma/runtime/wasm-compiler-edge.js(64,7480): error TS7031: Binding element 'e' implicitly has an 'any' type.
generated/prisma/runtime/wasm-compiler-edge.js(64,7490): error TS7031: Binding element 't' implicitly has an 'any' type.
generated/prisma/runtime/wasm-compiler-edge.js(64,7503): error TS7031: Binding element 'r' implicitly has an 'any' type.
generated/prisma/runtime/wasm-compiler-edge.js(64,7521): error TS7031: Binding element 'n' implicitly has an 'any' type.
generated/prisma/runtime/wasm-compiler-edge.js(64,7529): error TS7034: Variable 'i' implicitly has type 'any[]' in some locations where its type cannot be determined.
generated/prisma/runtime/wasm-compiler-edge.js(64,7534): error TS7034: Variable 'o' implicitly has type 'any[]' in some locations where its type cannot be determined.
generated/prisma/runtime/wasm-compiler-edge.js(64,7541): error TS7006: Parameter 'k' implicitly has an 'any' type.
generated/prisma/runtime/wasm-compiler-edge.js(64,7581): error TS7006: Parameter 'k' implicitly has an 'any' type.
generated/prisma/runtime/wasm-compiler-edge.js(65,1045): error TS7006: Parameter 'k' implicitly has an 'any' type.
generated/prisma/runtime/wasm-compiler-edge.js(65,1075): error TS7005: Variable 'o' implicitly has an 'any[]' type.
generated/prisma/runtime/wasm-compiler-edge.js(65,1107): error TS7005: Variable 'i' implicitly has an 'any[]' type.
generated/prisma/runtime/wasm-compiler-edge.js(65,1116): error TS7005: Variable 'o' implicitly has an 'any[]' type.
generated/prisma/runtime/wasm-compiler-edge.js(65,1159): error TS7005: Variable 'i' implicitly has an 'any[]' type.
generated/prisma/runtime/wasm-compiler-edge.js(65,1203): error TS7006: Parameter 't' implicitly has an 'any' type.
generated/prisma/runtime/wasm-compiler-edge.js(65,1319): error TS7005: Variable 'g' implicitly has an 'any' type.
generated/prisma/runtime/wasm-compiler-edge.js(65,1531): error TS18048: 'o.errors' is possibly 'undefined'.
generated/prisma/runtime/wasm-compiler-edge.js(65,1836): error TS7006: Parameter 't' implicitly has an 'any' type.
generated/prisma/runtime/wasm-compiler-edge.js(67,129): error TS7031: Binding element 'e' implicitly has an 'any' type.
generated/prisma/runtime/wasm-compiler-edge.js(67,194): error TS7006: Parameter 'e' implicitly has an 'any' type.
generated/prisma/runtime/wasm-compiler-edge.js(67,266): error TS7006: Parameter 'e' implicitly has an 'any' type.
generated/prisma/runtime/wasm-compiler-edge.js(67,287): error TS7006: Parameter 't' implicitly has an 'any' type.
generated/prisma/runtime/wasm-compiler-edge.js(67,289): error TS7006: Parameter 'r' implicitly has an 'any' type.
generated/prisma/runtime/wasm-compiler-edge.js(67,291): error TS7006: Parameter 'n' implicitly has an 'any' type.
generated/prisma/runtime/wasm-compiler-edge.js(67,353): error TS7006: Parameter 'e' implicitly has an 'any' type.
generated/prisma/runtime/wasm-compiler-edge.js(67,419): error TS7006: Parameter 'e' implicitly has an 'any' type.
generated/prisma/runtime/wasm-compiler-edge.js(67,421): error TS7006: Parameter 't' implicitly has an 'any' type.
generated/prisma/runtime/wasm-compiler-edge.js(67,452): error TS7006: Parameter 'r' implicitly has an 'any' type.
generated/prisma/runtime/wasm-compiler-edge.js(67,474): error TS7023: '_c' implicitly has return type 'any' because it does not have a return type annotation and is referenced directly or indirectly in one of its return expressions.
generated/prisma/runtime/wasm-compiler-edge.js(67,477): error TS7006: Parameter 'e' implicitly has an 'any' type.
generated/prisma/runtime/wasm-compiler-edge.js(67,479): error TS7006: Parameter 't' implicitly has an 'any' type.
generated/prisma/runtime/wasm-compiler-edge.js(67,515): error TS7024: Function implicitly has return type 'any' because it does not have a return type annotation and is referenced directly or indirectly in one of its return expressions.
generated/prisma/runtime/wasm-compiler-edge.js(67,671): error TS7005: Variable 'se' implicitly has an 'any' type.
generated/prisma/runtime/wasm-compiler-edge.js(67,746): error TS7005: Variable 'y' implicitly has an 'any' type.
generated/prisma/runtime/wasm-compiler-edge.js(67,875): error TS7005: Variable 'y' implicitly has an 'any' type.
generated/prisma/runtime/wasm-compiler-edge.js(67,1015): error TS7005: Variable 'y' implicitly has an 'any' type.
generated/prisma/runtime/wasm-compiler-edge.js(67,1107): error TS7006: Parameter 'e' implicitly has an 'any' type.
generated/prisma/runtime/wasm-compiler-edge.js(67,1301): error TS7023: 'Mc' implicitly has return type 'any' because it does not have a return type annotation and is referenced directly or indirectly in one of its return expressions.
generated/prisma/runtime/wasm-compiler-edge.js(67,1304): error TS7006: Parameter 'e' implicitly has an 'any' type.
generated/prisma/runtime/wasm-compiler-edge.js(67,1471): error TS7053: Element implicitly has an 'any' type because expression of type 'string' can't be used to index type '{}'.
  No index signature with a parameter of type 'string' was found on type '{}'.
generated/prisma/runtime/wasm-compiler-edge.js(67,1503): error TS7023: 'Dc' implicitly has return type 'any' because it does not have a return type annotation and is referenced directly or indirectly in one of its return expressions.
generated/prisma/runtime/wasm-compiler-edge.js(67,1506): error TS7006: Parameter 'e' implicitly has an 'any' type.
generated/prisma/runtime/wasm-compiler-edge.js(67,1612): error TS7006: Parameter 'e' implicitly has an 'any' type.
generated/prisma/runtime/wasm-compiler-edge.js(67,1614): error TS7006: Parameter 't' implicitly has an 'any' type.
generated/prisma/runtime/wasm-compiler-edge.js(67,1616): error TS7006: Parameter 'r' implicitly has an 'any' type.
generated/prisma/runtime/wasm-compiler-edge.js(67,1618): error TS7006: Parameter 'n' implicitly has an 'any' type.
generated/prisma/runtime/wasm-compiler-edge.js(74,26): error TS7031: Binding element 'e' implicitly has an 'any' type.
generated/prisma/runtime/wasm-compiler-edge.js(74,43): error TS7031: Binding element 't' implicitly has an 'any' type.
generated/prisma/runtime/wasm-compiler-edge.js(74,48): error TS7006: Parameter 'r' implicitly has an 'any' type.
generated/prisma/runtime/wasm-compiler-edge.js(74,729): error TS7006: Parameter 'e' implicitly has an 'any' type.
generated/prisma/runtime/wasm-compiler-edge.js(74,791): error TS7006: Parameter 'e' implicitly has an 'any' type.
generated/prisma/runtime/wasm-compiler-edge.js(74,861): error TS7006: Parameter 'e' implicitly has an 'any' type.
generated/prisma/runtime/wasm-compiler-edge.js(74,903): error TS7006: Parameter 'e' implicitly has an 'any' type.
generated/prisma/runtime/wasm-compiler-edge.js(74,956): error TS7006: Parameter 'e' implicitly has an 'any' type.
generated/prisma/runtime/wasm-compiler-edge.js(74,975): error TS7006: Parameter 'r' implicitly has an 'any' type.
generated/prisma/runtime/wasm-compiler-edge.js(74,977): error TS7006: Parameter 'n' implicitly has an 'any' type.
generated/prisma/runtime/wasm-compiler-edge.js(74,1126): error TS7006: Parameter 's' implicitly has an 'any' type.
generated/prisma/runtime/wasm-compiler-edge.js(74,1128): error TS7006: Parameter 'a' implicitly has an 'any' type.
generated/prisma/runtime/wasm-compiler-edge.js(74,1159): error TS7006: Parameter 's' implicitly has an 'any' type.
generated/prisma/runtime/wasm-compiler-edge.js(74,1191): error TS7006: Parameter 's' implicitly has an 'any' type.
generated/prisma/runtime/wasm-compiler-edge.js(74,1236): error TS7006: Parameter 's' implicitly has an 'any' type.
generated/prisma/runtime/wasm-compiler-edge.js(74,1356): error TS7006: Parameter 'e' implicitly has an 'any' type.
generated/prisma/runtime/wasm-compiler-edge.js(74,1585): error TS7006: Parameter 'e' implicitly has an 'any' type.
generated/prisma/runtime/wasm-compiler-edge.js(74,1587): error TS7006: Parameter 't' implicitly has an 'any' type.
generated/prisma/runtime/wasm-compiler-edge.js(74,1688): error TS7006: Parameter 't' implicitly has an 'any' type.
generated/prisma/runtime/wasm-compiler-edge.js(74,1766): error TS7006: Parameter 't' implicitly has an 'any' type.
generated/prisma/runtime/wasm-compiler-edge.js(74,1919): error TS7006: Parameter 't' implicitly has an 'any' type.
generated/prisma/runtime/wasm-compiler-edge.js(74,1921): error TS7006: Parameter 'r' implicitly has an 'any' type.
generated/prisma/runtime/wasm-compiler-edge.js(74,2012): error TS7053: Element implicitly has an 'any' type because expression of type '`V${any}_PRISMA_INSTRUMENTATION`' can't be used to index type 'typeof globalThis'.
generated/prisma/runtime/wasm-compiler-edge.js(74,2069): error TS7017: Element implicitly has an 'any' type because type 'typeof globalThis' has no index signature.
generated/prisma/runtime/wasm-compiler-edge.js(74,2190): error TS7006: Parameter 'e' implicitly has an 'any' type.
generated/prisma/runtime/wasm-compiler-edge.js(74,2206): error TS7034: Variable 'r' implicitly has type 'any' in some locations where its type cannot be determined.
generated/prisma/runtime/wasm-compiler-edge.js(74,2242): error TS7006: Parameter 'i' implicitly has an 'any' type.
generated/prisma/runtime/wasm-compiler-edge.js(74,2260): error TS7005: Variable 'r' implicitly has an 'any' type.
generated/prisma/runtime/wasm-compiler-edge.js(74,2312): error TS7006: Parameter 'e' implicitly has an 'any' type.
generated/prisma/runtime/wasm-compiler-edge.js(74,2353): error TS7006: Parameter 't' implicitly has an 'any' type.
generated/prisma/runtime/wasm-compiler-edge.js(74,2355): error TS7006: Parameter 'r' implicitly has an 'any' type.
generated/prisma/runtime/wasm-compiler-edge.js(74,2522): error TS7006: Parameter 'e' implicitly has an 'any' type.
generated/prisma/runtime/wasm-compiler-edge.js(74,2603): error TS7006: Parameter 'e' implicitly has an 'any' type.
generated/prisma/runtime/wasm-compiler-edge.js(74,2820): error TS7023: 'Fo' implicitly has return type 'any' because it does not have a return type annotation and is referenced directly or indirectly in one of its return expressions.
generated/prisma/runtime/wasm-compiler-edge.js(74,2823): error TS7006: Parameter 'e' implicitly has an 'any' type.
generated/prisma/runtime/wasm-compiler-edge.js(74,2862): error TS7024: Function implicitly has return type 'any' because it does not have a return type annotation and is referenced directly or indirectly in one of its return expressions.
generated/prisma/runtime/wasm-compiler-edge.js(74,3307): error TS7006: Parameter 'e' implicitly has an 'any' type.
generated/prisma/runtime/wasm-compiler-edge.js(74,3317): error TS7053: Element implicitly has an 'any' type because expression of type 'any' can't be used to index type '{ aggregate: boolean; aggregateRaw: boolean; createMany: boolean; createManyAndReturn: boolean; createOne: boolean; deleteMany: boolean; deleteOne: boolean; executeRaw: boolean; findFirst: boolean; ... 11 more ...; upsertOne: boolean; }'.
generated/prisma/runtime/wasm-compiler-edge.js(74,3372): error TS7006: Parameter 't' implicitly has an 'any' type.
generated/prisma/runtime/wasm-compiler-edge.js(74,3436): error TS7006: Parameter 't' implicitly has an 'any' type.
generated/prisma/runtime/wasm-compiler-edge.js(74,3479): error TS7053: Element implicitly has an 'any' type because expression of type 'any' can't be used to index type '{}'.
generated/prisma/runtime/wasm-compiler-edge.js(74,3497): error TS7053: Element implicitly has an 'any' type because expression of type 'any' can't be used to index type '{}'.
generated/prisma/runtime/wasm-compiler-edge.js(74,3553): error TS7005: Variable 'g' implicitly has an 'any' type.
generated/prisma/runtime/wasm-compiler-edge.js(74,3635): error TS7053: Element implicitly has an 'any' type because expression of type 'any' can't be used to index type '{}'.
generated/prisma/runtime/wasm-compiler-edge.js(74,3771): error TS7053: Element implicitly has an 'any' type because expression of type 'string' can't be used to index type '{}'.
  No index signature with a parameter of type 'string' was found on type '{}'.
generated/prisma/runtime/wasm-compiler-edge.js(74,3794): error TS7053: Element implicitly has an 'any' type because expression of type 'string' can't be used to index type '{}'.
  No index signature with a parameter of type 'string' was found on type '{}'.
generated/prisma/runtime/wasm-compiler-edge.js(74,3868): error TS7006: Parameter 'n' implicitly has an 'any' type.
generated/prisma/runtime/wasm-compiler-edge.js(74,3930): error TS7006: Parameter 'n' implicitly has an 'any' type.
generated/prisma/runtime/wasm-compiler-edge.js(74,3960): error TS7006: Parameter 'n' implicitly has an 'any' type.
generated/prisma/runtime/wasm-compiler-edge.js(74,3962): error TS7006: Parameter 'i' implicitly has an 'any' type.
generated/prisma/runtime/wasm-compiler-edge.js(74,4043): error TS7006: Parameter 'n' implicitly has an 'any' type.
generated/prisma/runtime/wasm-compiler-edge.js(74,4063): error TS7006: Parameter 'n' implicitly has an 'any' type.
generated/prisma/runtime/wasm-compiler-edge.js(74,4234): error TS7006: Parameter 'n' implicitly has an 'any' type.
generated/prisma/runtime/wasm-compiler-edge.js(74,4371): error TS7006: Parameter 'e' implicitly has an 'any' type.
generated/prisma/runtime/wasm-compiler-edge.js(74,4373): error TS7006: Parameter 't' implicitly has an 'any' type.
generated/prisma/runtime/wasm-compiler-edge.js(74,4490): error TS7005: Variable 'y' implicitly has an 'any' type.
generated/prisma/runtime/wasm-compiler-edge.js(74,4563): error TS7005: Variable 'se' implicitly has an 'any' type.
generated/prisma/runtime/wasm-compiler-edge.js(74,4693): error TS7006: Parameter 'r' implicitly has an 'any' type.
generated/prisma/runtime/wasm-compiler-edge.js(74,4743): error TS7006: Parameter 'r' implicitly has an 'any' type.
generated/prisma/runtime/wasm-compiler-edge.js(74,4794): error TS7006: Parameter 'r' implicitly has an 'any' type.
generated/prisma/runtime/wasm-compiler-edge.js(74,4848): error TS7006: Parameter 'r' implicitly has an 'any' type.
generated/prisma/runtime/wasm-compiler-edge.js(74,4899): error TS7006: Parameter 'r' implicitly has an 'any' type.
generated/prisma/runtime/wasm-compiler-edge.js(74,4946): error TS7006: Parameter 'r' implicitly has an 'any' type.
generated/prisma/runtime/wasm-compiler-edge.js(74,4993): error TS7006: Parameter 'e' implicitly has an 'any' type.
generated/prisma/runtime/wasm-compiler-edge.js(74,5098): error TS7053: Element implicitly has an 'any' type because expression of type 'any' can't be used to index type '{}'.
generated/prisma/runtime/wasm-compiler-edge.js(74,5165): error TS7006: Parameter 'e' implicitly has an 'any' type.
generated/prisma/runtime/wasm-compiler-edge.js(74,5212): error TS7053: Element implicitly has an 'any' type because expression of type 'any' can't be used to index type '{}'.
generated/prisma/runtime/wasm-compiler-edge.js(74,5334): error TS7006: Parameter 't' implicitly has an 'any' type.
generated/prisma/runtime/wasm-compiler-edge.js(74,5336): error TS7006: Parameter 'r' implicitly has an 'any' type.
generated/prisma/runtime/wasm-compiler-edge.js(74,5426): error TS7031: Binding element 'n' implicitly has an 'any' type.
generated/prisma/runtime/wasm-compiler-edge.js(74,5449): error TS7031: Binding element 'i' implicitly has an 'any' type.
generated/prisma/runtime/wasm-compiler-edge.js(74,5503): error TS7006: Parameter 'R' implicitly has an 'any' type.
generated/prisma/runtime/wasm-compiler-edge.js(74,5579): error TS7006: Parameter 'R' implicitly has an 'any' type.
generated/prisma/runtime/wasm-compiler-edge.js(74,5738): error TS7006: Parameter 'R' implicitly has an 'any' type.
generated/prisma/runtime/wasm-compiler-edge.js(74,5740): error TS7006: Parameter 'S' implicitly has an 'any' type.
generated/prisma/runtime/wasm-compiler-edge.js(74,5863): error TS7006: Parameter 'n' implicitly has an 'any' type.
generated/prisma/runtime/wasm-compiler-edge.js(74,6188): error TS7006: Parameter 'n' implicitly has an 'any' type.
generated/prisma/runtime/wasm-compiler-edge.js(74,6274): error TS7006: Parameter 'n' implicitly has an 'any' type.
generated/prisma/runtime/wasm-compiler-edge.js(74,6276): error TS7006: Parameter 'i' implicitly has an 'any' type.
generated/prisma/runtime/wasm-compiler-edge.js(74,6406): error TS7006: Parameter 't' implicitly has an 'any' type.
generated/prisma/runtime/wasm-compiler-edge.js(74,6684): error TS7031: Binding element 't' implicitly has an 'any' type.
generated/prisma/runtime/wasm-compiler-edge.js(74,6695): error TS7031: Binding element 'r' implicitly has an 'any' type.
generated/prisma/runtime/wasm-compiler-edge.js(74,6698): error TS7006: Parameter 'n' implicitly has an 'any' type.
generated/prisma/runtime/wasm-compiler-edge.js(74,6743): error TS7005: Variable 'g' implicitly has an 'any' type.
generated/prisma/runtime/wasm-compiler-edge.js(74,6808): error TS7006: Parameter 't' implicitly has an 'any' type.
generated/prisma/runtime/wasm-compiler-edge.js(74,6912): error TS18046: 'r' is of type 'unknown'.
generated/prisma/runtime/wasm-compiler-edge.js(74,6994): error TS7031: Binding element 't' implicitly has an 'any' type.
generated/prisma/runtime/wasm-compiler-edge.js(74,7009): error TS7031: Binding element 'r' implicitly has an 'any' type.
generated/prisma/runtime/wasm-compiler-edge.js(74,7020): error TS7031: Binding element 'n' implicitly has an 'any' type.
generated/prisma/runtime/wasm-compiler-edge.js(74,7034): error TS7031: Binding element 'i' implicitly has an 'any' type.
generated/prisma/runtime/wasm-compiler-edge.js(74,7041): error TS7031: Binding element 'o' implicitly has an 'any' type.
generated/prisma/runtime/wasm-compiler-edge.js(74,7053): error TS7031: Binding element 's' implicitly has an 'any' type.
generated/prisma/runtime/wasm-compiler-edge.js(74,7066): error TS7031: Binding element 'a' implicitly has an 'any' type.
generated/prisma/runtime/wasm-compiler-edge.js(74,7962): error TS7006: Parameter 't' implicitly has an 'any' type.
generated/prisma/runtime/wasm-compiler-edge.js(74,8049): error TS7006: Parameter 't' implicitly has an 'any' type.
generated/prisma/runtime/wasm-compiler-edge.js(74,8051): error TS7006: Parameter 'r' implicitly has an 'any' type.
generated/prisma/runtime/wasm-compiler-edge.js(74,8053): error TS7006: Parameter 'n' implicitly has an 'any' type.
generated/prisma/runtime/wasm-compiler-edge.js(74,8153): error TS7006: Parameter 'w' implicitly has an 'any' type.
generated/prisma/runtime/wasm-compiler-edge.js(74,8303): error TS7006: Parameter 'e' implicitly has an 'any' type.
generated/prisma/runtime/wasm-compiler-edge.js(74,8492): error TS7006: Parameter 'e' implicitly has an 'any' type.
generated/prisma/runtime/wasm-compiler-edge.js(74,8541): error TS7006: Parameter 'e' implicitly has an 'any' type.
generated/prisma/runtime/wasm-compiler-edge.js(74,8543): error TS7006: Parameter 't' implicitly has an 'any' type.
generated/prisma/runtime/wasm-compiler-edge.js(74,8619): error TS7006: Parameter 'e' implicitly has an 'any' type.
generated/prisma/runtime/wasm-compiler-edge.js(74,8676): error TS7006: Parameter 'e' implicitly has an 'any' type.
generated/prisma/runtime/wasm-compiler-edge.js(74,8980): error TS7006: Parameter 't' implicitly has an 'any' type.
generated/prisma/runtime/wasm-compiler-edge.js(75,423): error TS7006: Parameter 'e' implicitly has an 'any' type.
generated/prisma/runtime/wasm-compiler-edge.js(75,442): error TS7031: Binding element 't' implicitly has an 'any' type.
generated/prisma/runtime/wasm-compiler-edge.js(78,71): error TS7006: Parameter 'e' implicitly has an 'any' type.
generated/prisma/runtime/wasm-compiler-edge.js(78,73): error TS7006: Parameter 't' implicitly has an 'any' type.
generated/prisma/runtime/wasm-compiler-edge.js(78,519): error TS7006: Parameter 'e' implicitly has an 'any' type.
generated/prisma/runtime/wasm-compiler-edge.js(79,46): error TS7006: Parameter 'e' implicitly has an 'any' type.
generated/prisma/runtime/wasm-compiler-edge.js(79,308): error TS7006: Parameter 'e' implicitly has an 'any' type.
generated/prisma/runtime/wasm-compiler-edge.js(79,455): error TS7006: Parameter 'r' implicitly has an 'any' type.
generated/prisma/runtime/wasm-compiler-edge.js(79,637): error TS7006: Parameter 'i' implicitly has an 'any' type.
generated/prisma/runtime/wasm-compiler-edge.js(79,878): error TS7053: Element implicitly has an 'any' type because expression of type 'string' can't be used to index type '{ level: (r: any) => void; emit: (i: any) => void; }'.
  No index signature with a parameter of type 'string' was found on type '{ level: (r: any) => void; emit: (i: any) => void; }'.
generated/prisma/runtime/wasm-compiler-edge.js(79,883): error TS7053: Element implicitly has an 'any' type because expression of type 'string' can't be used to index type '{ level: (r: any) => void; emit: (i: any) => void; }'.
  No index signature with a parameter of type 'string' was found on type '{ level: (r: any) => void; emit: (i: any) => void; }'.
generated/prisma/runtime/wasm-compiler-edge.js(79,1001): error TS7006: Parameter 'e' implicitly has an 'any' type.
generated/prisma/runtime/wasm-compiler-edge.js(79,1377): error TS7006: Parameter 'e' implicitly has an 'any' type.
generated/prisma/runtime/wasm-compiler-edge.js(79,1379): error TS7006: Parameter 't' implicitly has an 'any' type.
generated/prisma/runtime/wasm-compiler-edge.js(79,1708): error TS7006: Parameter 'w' implicitly has an 'any' type.
generated/prisma/runtime/wasm-compiler-edge.js(79,2002): error TS7006: Parameter 'e' implicitly has an 'any' type.
generated/prisma/runtime/wasm-compiler-edge.js(79,2369): error TS7006: Parameter 'e' implicitly has an 'any' type.
generated/prisma/runtime/wasm-compiler-edge.js(79,2371): error TS7006: Parameter 't' implicitly has an 'any' type.
generated/prisma/runtime/wasm-compiler-edge.js(79,2522): error TS7053: Element implicitly has an 'any' type because expression of type 'string' can't be used to index type '{ datasources: (e: any, { datasourceNames: t }: { datasourceNames: any; }) => void; adapter: (e: any, t: any) => void; datasourceUrl: (e: any) => void; errorFormat: (e: any) => void; log: (e: any) => void; transactionOptions: (e: any) => void; omit: (e: any, t: any) => void; __internal: (e: any) => void; }'.
  No index signature with a parameter of type 'string' was found on type '{ datasources: (e: any, { datasourceNames: t }: { datasourceNames: any; }) => void; adapter: (e: any, t: any) => void; datasourceUrl: (e: any) => void; errorFormat: (e: any) => void; log: (e: any) => void; transactionOptions: (e: any) => void; omit: (e: any, t: any) => void; __internal: (e: any) => void; }'.
generated/prisma/runtime/wasm-compiler-edge.js(79,2683): error TS7006: Parameter 'e' implicitly has an 'any' type.
generated/prisma/runtime/wasm-compiler-edge.js(79,2685): error TS7006: Parameter 't' implicitly has an 'any' type.
generated/prisma/runtime/wasm-compiler-edge.js(79,2795): error TS7006: Parameter 'e' implicitly has an 'any' type.
generated/prisma/runtime/wasm-compiler-edge.js(79,2797): error TS7006: Parameter 't' implicitly has an 'any' type.
generated/prisma/runtime/wasm-compiler-edge.js(79,2840): error TS7006: Parameter 'i' implicitly has an 'any' type.
generated/prisma/runtime/wasm-compiler-edge.js(79,2893): error TS7006: Parameter 'i' implicitly has an 'any' type.
generated/prisma/runtime/wasm-compiler-edge.js(79,2895): error TS7006: Parameter 'o' implicitly has an 'any' type.
generated/prisma/runtime/wasm-compiler-edge.js(79,2983): error TS7006: Parameter 'e' implicitly has an 'any' type.
generated/prisma/runtime/wasm-compiler-edge.js(79,2985): error TS7006: Parameter 't' implicitly has an 'any' type.
generated/prisma/runtime/wasm-compiler-edge.js(79,3037): error TS7006: Parameter 'e' implicitly has an 'any' type.
generated/prisma/runtime/wasm-compiler-edge.js(79,3039): error TS7006: Parameter 't' implicitly has an 'any' type.
generated/prisma/runtime/wasm-compiler-edge.js(79,3111): error TS7006: Parameter 'e' implicitly has an 'any' type.
generated/prisma/runtime/wasm-compiler-edge.js(79,3113): error TS7006: Parameter 't' implicitly has an 'any' type.
generated/prisma/runtime/wasm-compiler-edge.js(83,43): error TS7006: Parameter 'e' implicitly has an 'any' type.
generated/prisma/runtime/wasm-compiler-edge.js(83,132): error TS7034: Variable 'i' implicitly has type 'any' in some locations where its type cannot be determined.
generated/prisma/runtime/wasm-compiler-edge.js(83,183): error TS7005: Variable 'i' implicitly has an 'any' type.
generated/prisma/runtime/wasm-compiler-edge.js(83,200): error TS7006: Parameter 'w' implicitly has an 'any' type.
generated/prisma/runtime/wasm-compiler-edge.js(83,257): error TS7006: Parameter 'A' implicitly has an 'any' type.
generated/prisma/runtime/wasm-compiler-edge.js(83,273): error TS7006: Parameter 'A' implicitly has an 'any' type.
generated/prisma/runtime/wasm-compiler-edge.js(83,328): error TS7005: Variable 'i' implicitly has an 'any' type.
generated/prisma/runtime/wasm-compiler-edge.js(83,413): error TS7017: Element implicitly has an 'any' type because type 'typeof globalThis' has no index signature.
generated/prisma/runtime/wasm-compiler-edge.js(83,465): error TS7006: Parameter 'e' implicitly has an 'any' type.
generated/prisma/runtime/wasm-compiler-edge.js(83,498): error TS7006: Parameter 'e' implicitly has an 'any' type.
generated/prisma/runtime/wasm-compiler-edge.js(83,598): error TS7006: Parameter 'e' implicitly has an 'any' type.
generated/prisma/runtime/wasm-compiler-edge.js(83,664): error TS7008: Member '_connectionPromise' implicitly has an 'any' type.
generated/prisma/runtime/wasm-compiler-edge.js(83,683): error TS7008: Member '_disconnectionPromise' implicitly has an 'any' type.
generated/prisma/runtime/wasm-compiler-edge.js(83,904): error TS7006: Parameter 'n' implicitly has an 'any' type.
generated/prisma/runtime/wasm-compiler-edge.js(83,974): error TS7005: Variable 'kn' implicitly has an 'any' type.
generated/prisma/runtime/wasm-compiler-edge.js(83,1253): error TS7005: Variable 'rn' implicitly has an 'any' type.
generated/prisma/runtime/wasm-compiler-edge.js(83,1354): error TS7005: Variable 'rn' implicitly has an 'any' type.
generated/prisma/runtime/wasm-compiler-edge.js(83,2071): error TS2339: Property 'enable' does not exist on type '(e: any) => (...n: any[]) => void'.
generated/prisma/runtime/wasm-compiler-edge.js(83,2101): error TS7005: Variable 'rn' implicitly has an 'any' type.
generated/prisma/runtime/wasm-compiler-edge.js(83,2138): error TS7005: Variable 'fs' implicitly has an 'any' type.
generated/prisma/runtime/wasm-compiler-edge.js(83,2308): error TS7005: Variable 'g' implicitly has an 'any' type.
generated/prisma/runtime/wasm-compiler-edge.js(83,2366): error TS7005: Variable 'g' implicitly has an 'any' type.
generated/prisma/runtime/wasm-compiler-edge.js(83,2800): error TS7006: Parameter 'C' implicitly has an 'any' type.
generated/prisma/runtime/wasm-compiler-edge.js(83,4001): error TS7006: Parameter 'k' implicitly has an 'any' type.
generated/prisma/runtime/wasm-compiler-edge.js(83,4008): error TS2339: Property 'log' does not exist on type '{}'.
generated/prisma/runtime/wasm-compiler-edge.js(83,4018): error TS2339: Property 'tags' does not exist on type '{}'.
generated/prisma/runtime/wasm-compiler-edge.js(83,4070): error TS18046: 'f' is of type 'unknown'.
generated/prisma/runtime/wasm-compiler-edge.js(83,4195): error TS7006: Parameter 'n' implicitly has an 'any' type.
generated/prisma/runtime/wasm-compiler-edge.js(83,4197): error TS7006: Parameter 'i' implicitly has an 'any' type.
generated/prisma/runtime/wasm-compiler-edge.js(83,4237): error TS2339: Property 'onBeforeExit' does not exist on type 'Dr | Gr | _o'.
  Property 'onBeforeExit' does not exist on type '_o'.
generated/prisma/runtime/wasm-compiler-edge.js(83,4334): error TS2339: Property 'start' does not exist on type 'Dr | Gr | _o'.
  Property 'start' does not exist on type '_o'.
generated/prisma/runtime/wasm-compiler-edge.js(83,4357): error TS18046: 'n' is of type 'unknown'.
generated/prisma/runtime/wasm-compiler-edge.js(83,4439): error TS2339: Property 'stop' does not exist on type 'Dr | Gr | _o'.
  Property 'stop' does not exist on type '_o'.
generated/prisma/runtime/wasm-compiler-edge.js(83,4461): error TS18046: 'n' is of type 'unknown'.
generated/prisma/runtime/wasm-compiler-edge.js(83,4533): error TS7006: Parameter 'n' implicitly has an 'any' type.
generated/prisma/runtime/wasm-compiler-edge.js(83,4535): error TS7006: Parameter 'i' implicitly has an 'any' type.
generated/prisma/runtime/wasm-compiler-edge.js(83,4537): error TS7006: Parameter 'o' implicitly has an 'any' type.
generated/prisma/runtime/wasm-compiler-edge.js(83,4539): error TS7006: Parameter 's' implicitly has an 'any' type.
generated/prisma/runtime/wasm-compiler-edge.js(83,4776): error TS7006: Parameter 'n' implicitly has an 'any' type.
generated/prisma/runtime/wasm-compiler-edge.js(83,4778): error TS7019: Rest parameter 'i' implicitly has an 'any[]' type.
generated/prisma/runtime/wasm-compiler-edge.js(83,4817): error TS7006: Parameter 'o' implicitly has an 'any' type.
generated/prisma/runtime/wasm-compiler-edge.js(83,5419): error TS7006: Parameter 'n' implicitly has an 'any' type.
generated/prisma/runtime/wasm-compiler-edge.js(83,5421): error TS7019: Rest parameter 'i' implicitly has an 'any[]' type.
generated/prisma/runtime/wasm-compiler-edge.js(83,5460): error TS7006: Parameter 'o' implicitly has an 'any' type.
generated/prisma/runtime/wasm-compiler-edge.js(83,5614): error TS7006: Parameter 'n' implicitly has an 'any' type.
generated/prisma/runtime/wasm-compiler-edge.js(83,5826): error TS7006: Parameter 'i' implicitly has an 'any' type.
generated/prisma/runtime/wasm-compiler-edge.js(83,6002): error TS7006: Parameter 'n' implicitly has an 'any' type.
generated/prisma/runtime/wasm-compiler-edge.js(83,6004): error TS7006: Parameter 'i' implicitly has an 'any' type.
generated/prisma/runtime/wasm-compiler-edge.js(83,6006): error TS7006: Parameter 'o' implicitly has an 'any' type.
generated/prisma/runtime/wasm-compiler-edge.js(83,6008): error TS7006: Parameter 's' implicitly has an 'any' type.
generated/prisma/runtime/wasm-compiler-edge.js(83,6241): error TS7006: Parameter 'n' implicitly has an 'any' type.
generated/prisma/runtime/wasm-compiler-edge.js(83,6243): error TS7019: Rest parameter 'i' implicitly has an 'any[]' type.
generated/prisma/runtime/wasm-compiler-edge.js(83,6282): error TS7006: Parameter 'o' implicitly has an 'any' type.
generated/prisma/runtime/wasm-compiler-edge.js(83,6742): error TS7006: Parameter 'n' implicitly has an 'any' type.
generated/prisma/runtime/wasm-compiler-edge.js(83,6778): error TS7006: Parameter 'i' implicitly has an 'any' type.
generated/prisma/runtime/wasm-compiler-edge.js(83,7022): error TS7006: Parameter 'n' implicitly has an 'any' type.
generated/prisma/runtime/wasm-compiler-edge.js(83,7024): error TS7019: Rest parameter 'i' implicitly has an 'any[]' type.
generated/prisma/runtime/wasm-compiler-edge.js(83,7063): error TS7006: Parameter 'o' implicitly has an 'any' type.
generated/prisma/runtime/wasm-compiler-edge.js(83,7152): error TS7031: Binding element 'n' implicitly has an 'any' type.
generated/prisma/runtime/wasm-compiler-edge.js(83,7162): error TS7031: Binding element 'i' implicitly has an 'any' type.
generated/prisma/runtime/wasm-compiler-edge.js(83,7208): error TS7006: Parameter 'f' implicitly has an 'any' type.
generated/prisma/runtime/wasm-compiler-edge.js(83,7210): error TS7006: Parameter 'w' implicitly has an 'any' type.
generated/prisma/runtime/wasm-compiler-edge.js(83,7683): error TS7031: Binding element 'n' implicitly has an 'any' type.
generated/prisma/runtime/wasm-compiler-edge.js(83,7693): error TS7031: Binding element 'i' implicitly has an 'any' type.
generated/prisma/runtime/wasm-compiler-edge.js(83,7998): error TS2339: Property 'transaction' does not exist on type 'Dr | Gr | _o'.
  Property 'transaction' does not exist on type '_o'.
generated/prisma/runtime/wasm-compiler-edge.js(83,8108): error TS2339: Property 'transaction' does not exist on type 'Dr | Gr | _o'.
  Property 'transaction' does not exist on type '_o'.
generated/prisma/runtime/wasm-compiler-edge.js(83,8168): error TS2339: Property 'transaction' does not exist on type 'Dr | Gr | _o'.
  Property 'transaction' does not exist on type '_o'.
generated/prisma/runtime/wasm-compiler-edge.js(83,8238): error TS7006: Parameter 'n' implicitly has an 'any' type.
generated/prisma/runtime/wasm-compiler-edge.js(83,8411): error TS7006: Parameter 'n' implicitly has an 'any' type.
generated/prisma/runtime/wasm-compiler-edge.js(83,8413): error TS7006: Parameter 'i' implicitly has an 'any' type.
generated/prisma/runtime/wasm-compiler-edge.js(83,8974): error TS7006: Parameter 'n' implicitly has an 'any' type.
generated/prisma/runtime/wasm-compiler-edge.js(83,9326): error TS7006: Parameter 'f' implicitly has an 'any' type.
generated/prisma/runtime/wasm-compiler-edge.js(83,9754): error TS7031: Binding element 'n' implicitly has an 'any' type.
generated/prisma/runtime/wasm-compiler-edge.js(83,9769): error TS7031: Binding element 'i' implicitly has an 'any' type.
generated/prisma/runtime/wasm-compiler-edge.js(83,9780): error TS7031: Binding element 'o' implicitly has an 'any' type.
generated/prisma/runtime/wasm-compiler-edge.js(83,9791): error TS7031: Binding element 's' implicitly has an 'any' type.
generated/prisma/runtime/wasm-compiler-edge.js(83,9800): error TS7031: Binding element 'a' implicitly has an 'any' type.
generated/prisma/runtime/wasm-compiler-edge.js(83,9808): error TS7031: Binding element 'f' implicitly has an 'any' type.
generated/prisma/runtime/wasm-compiler-edge.js(83,9821): error TS7031: Binding element 'w' implicitly has an 'any' type.
generated/prisma/runtime/wasm-compiler-edge.js(83,9835): error TS7031: Binding element 'A' implicitly has an 'any' type.
generated/prisma/runtime/wasm-compiler-edge.js(83,9846): error TS7031: Binding element 'R' implicitly has an 'any' type.
generated/prisma/runtime/wasm-compiler-edge.js(83,9862): error TS7031: Binding element 'S' implicitly has an 'any' type.
generated/prisma/runtime/wasm-compiler-edge.js(83,9885): error TS7031: Binding element 'C' implicitly has an 'any' type.
generated/prisma/runtime/wasm-compiler-edge.js(83,10240): error TS2339: Property 'enabled' does not exist on type '(e: any) => (...n: any[]) => void'.
generated/prisma/runtime/wasm-compiler-edge.js(84,337): error TS18046: 'L' is of type 'unknown'.
generated/prisma/runtime/wasm-compiler-edge.js(84,414): error TS7006: Parameter 'n' implicitly has an 'any' type.
generated/prisma/runtime/wasm-compiler-edge.js(84,519): error TS2339: Property 'applyPendingMigrations' does not exist on type 'Dr | Gr | _o'.
  Property 'applyPendingMigrations' does not exist on type '_o'.
generated/prisma/runtime/wasm-compiler-edge.js(84,577): error TS7006: Parameter 'e' implicitly has an 'any' type.
generated/prisma/runtime/wasm-compiler-edge.js(84,579): error TS7006: Parameter 't' implicitly has an 'any' type.
generated/prisma/runtime/wasm-compiler-edge.js(84,631): error TS7006: Parameter 'e' implicitly has an 'any' type.
generated/prisma/runtime/wasm-compiler-edge.js(84,675): error TS2339: Property 'raw' does not exist on type 'any[]'.
generated/prisma/runtime/wasm-compiler-edge.js(84,852): error TS7006: Parameter 'e' implicitly has an 'any' type.
generated/prisma/runtime/wasm-compiler-edge.js(84,1027): error TS2303: Circular definition of import alias 'DMMF'.
generated/prisma/runtime/wasm-compiler-edge.js(84,1027): error TS18004: No value exists in scope for the shorthand property 'DMMF'. Either declare one or provide an initializer.
generated/prisma/runtime/wasm-compiler-edge.js(84,1032): error TS2303: Circular definition of import alias 'Debug'.
generated/prisma/runtime/wasm-compiler-edge.js(84,1032): error TS18004: No value exists in scope for the shorthand property 'Debug'. Either declare one or provide an initializer.
generated/prisma/runtime/wasm-compiler-edge.js(84,1038): error TS2303: Circular definition of import alias 'Decimal'.
generated/prisma/runtime/wasm-compiler-edge.js(84,1038): error TS18004: No value exists in scope for the shorthand property 'Decimal'. Either declare one or provide an initializer.
generated/prisma/runtime/wasm-compiler-edge.js(84,1046): error TS2303: Circular definition of import alias 'Extensions'.
generated/prisma/runtime/wasm-compiler-edge.js(84,1046): error TS18004: No value exists in scope for the shorthand property 'Extensions'. Either declare one or provide an initializer.
generated/prisma/runtime/wasm-compiler-edge.js(84,1057): error TS2303: Circular definition of import alias 'MetricsClient'.
generated/prisma/runtime/wasm-compiler-edge.js(84,1057): error TS18004: No value exists in scope for the shorthand property 'MetricsClient'. Either declare one or provide an initializer.
generated/prisma/runtime/wasm-compiler-edge.js(84,1071): error TS2303: Circular definition of import alias 'PrismaClientInitializationError'.
generated/prisma/runtime/wasm-compiler-edge.js(84,1071): error TS18004: No value exists in scope for the shorthand property 'PrismaClientInitializationError'. Either declare one or provide an initializer.
generated/prisma/runtime/wasm-compiler-edge.js(84,1103): error TS2303: Circular definition of import alias 'PrismaClientKnownRequestError'.
generated/prisma/runtime/wasm-compiler-edge.js(84,1103): error TS18004: No value exists in scope for the shorthand property 'PrismaClientKnownRequestError'. Either declare one or provide an initializer.
generated/prisma/runtime/wasm-compiler-edge.js(84,1133): error TS2303: Circular definition of import alias 'PrismaClientRustPanicError'.
generated/prisma/runtime/wasm-compiler-edge.js(84,1133): error TS18004: No value exists in scope for the shorthand property 'PrismaClientRustPanicError'. Either declare one or provide an initializer.
generated/prisma/runtime/wasm-compiler-edge.js(84,1160): error TS2303: Circular definition of import alias 'PrismaClientUnknownRequestError'.
generated/prisma/runtime/wasm-compiler-edge.js(84,1160): error TS18004: No value exists in scope for the shorthand property 'PrismaClientUnknownRequestError'. Either declare one or provide an initializer.
generated/prisma/runtime/wasm-compiler-edge.js(84,1192): error TS2303: Circular definition of import alias 'PrismaClientValidationError'.
generated/prisma/runtime/wasm-compiler-edge.js(84,1192): error TS18004: No value exists in scope for the shorthand property 'PrismaClientValidationError'. Either declare one or provide an initializer.
generated/prisma/runtime/wasm-compiler-edge.js(84,1220): error TS2303: Circular definition of import alias 'Public'.
generated/prisma/runtime/wasm-compiler-edge.js(84,1220): error TS18004: No value exists in scope for the shorthand property 'Public'. Either declare one or provide an initializer.
generated/prisma/runtime/wasm-compiler-edge.js(84,1227): error TS2303: Circular definition of import alias 'Sql'.
generated/prisma/runtime/wasm-compiler-edge.js(84,1227): error TS18004: No value exists in scope for the shorthand property 'Sql'. Either declare one or provide an initializer.
generated/prisma/runtime/wasm-compiler-edge.js(84,1231): error TS2303: Circular definition of import alias 'createParam'.
generated/prisma/runtime/wasm-compiler-edge.js(84,1231): error TS18004: No value exists in scope for the shorthand property 'createParam'. Either declare one or provide an initializer.
generated/prisma/runtime/wasm-compiler-edge.js(84,1243): error TS2303: Circular definition of import alias 'defineDmmfProperty'.
generated/prisma/runtime/wasm-compiler-edge.js(84,1243): error TS18004: No value exists in scope for the shorthand property 'defineDmmfProperty'. Either declare one or provide an initializer.
generated/prisma/runtime/wasm-compiler-edge.js(84,1262): error TS2303: Circular definition of import alias 'deserializeJsonResponse'.
generated/prisma/runtime/wasm-compiler-edge.js(84,1262): error TS18004: No value exists in scope for the shorthand property 'deserializeJsonResponse'. Either declare one or provide an initializer.
generated/prisma/runtime/wasm-compiler-edge.js(84,1286): error TS2303: Circular definition of import alias 'deserializeRawResult'.
generated/prisma/runtime/wasm-compiler-edge.js(84,1286): error TS18004: No value exists in scope for the shorthand property 'deserializeRawResult'. Either declare one or provide an initializer.
generated/prisma/runtime/wasm-compiler-edge.js(84,1307): error TS2303: Circular definition of import alias 'dmmfToRuntimeDataModel'.
generated/prisma/runtime/wasm-compiler-edge.js(84,1307): error TS18004: No value exists in scope for the shorthand property 'dmmfToRuntimeDataModel'. Either declare one or provide an initializer.
generated/prisma/runtime/wasm-compiler-edge.js(84,1330): error TS2303: Circular definition of import alias 'empty'.
generated/prisma/runtime/wasm-compiler-edge.js(84,1330): error TS18004: No value exists in scope for the shorthand property 'empty'. Either declare one or provide an initializer.
generated/prisma/runtime/wasm-compiler-edge.js(84,1336): error TS2303: Circular definition of import alias 'getPrismaClient'.
generated/prisma/runtime/wasm-compiler-edge.js(84,1336): error TS18004: No value exists in scope for the shorthand property 'getPrismaClient'. Either declare one or provide an initializer.
generated/prisma/runtime/wasm-compiler-edge.js(84,1352): error TS2303: Circular definition of import alias 'getRuntime'.
generated/prisma/runtime/wasm-compiler-edge.js(84,1352): error TS18004: No value exists in scope for the shorthand property 'getRuntime'. Either declare one or provide an initializer.
generated/prisma/runtime/wasm-compiler-edge.js(84,1363): error TS2303: Circular definition of import alias 'join'.
generated/prisma/runtime/wasm-compiler-edge.js(84,1363): error TS18004: No value exists in scope for the shorthand property 'join'. Either declare one or provide an initializer.
generated/prisma/runtime/wasm-compiler-edge.js(84,1368): error TS2303: Circular definition of import alias 'makeStrictEnum'.
generated/prisma/runtime/wasm-compiler-edge.js(84,1368): error TS18004: No value exists in scope for the shorthand property 'makeStrictEnum'. Either declare one or provide an initializer.
generated/prisma/runtime/wasm-compiler-edge.js(84,1383): error TS2303: Circular definition of import alias 'makeTypedQueryFactory'.
generated/prisma/runtime/wasm-compiler-edge.js(84,1383): error TS18004: No value exists in scope for the shorthand property 'makeTypedQueryFactory'. Either declare one or provide an initializer.
generated/prisma/runtime/wasm-compiler-edge.js(84,1405): error TS2303: Circular definition of import alias 'objectEnumValues'.
generated/prisma/runtime/wasm-compiler-edge.js(84,1405): error TS18004: No value exists in scope for the shorthand property 'objectEnumValues'. Either declare one or provide an initializer.
generated/prisma/runtime/wasm-compiler-edge.js(84,1422): error TS2303: Circular definition of import alias 'raw'.
generated/prisma/runtime/wasm-compiler-edge.js(84,1422): error TS18004: No value exists in scope for the shorthand property 'raw'. Either declare one or provide an initializer.
generated/prisma/runtime/wasm-compiler-edge.js(84,1426): error TS2303: Circular definition of import alias 'serializeJsonQuery'.
generated/prisma/runtime/wasm-compiler-edge.js(84,1426): error TS18004: No value exists in scope for the shorthand property 'serializeJsonQuery'. Either declare one or provide an initializer.
generated/prisma/runtime/wasm-compiler-edge.js(84,1445): error TS2303: Circular definition of import alias 'skip'.
generated/prisma/runtime/wasm-compiler-edge.js(84,1445): error TS18004: No value exists in scope for the shorthand property 'skip'. Either declare one or provide an initializer.
generated/prisma/runtime/wasm-compiler-edge.js(84,1450): error TS2303: Circular definition of import alias 'sqltag'.
generated/prisma/runtime/wasm-compiler-edge.js(84,1450): error TS18004: No value exists in scope for the shorthand property 'sqltag'. Either declare one or provide an initializer.
generated/prisma/runtime/wasm-compiler-edge.js(84,1457): error TS2303: Circular definition of import alias 'warnEnvConflicts'.
generated/prisma/runtime/wasm-compiler-edge.js(84,1457): error TS18004: No value exists in scope for the shorthand property 'warnEnvConflicts'. Either declare one or provide an initializer.
generated/prisma/runtime/wasm-compiler-edge.js(84,1474): error TS2303: Circular definition of import alias 'warnOnce'.
generated/prisma/runtime/wasm-compiler-edge.js(84,1474): error TS18004: No value exists in scope for the shorthand property 'warnOnce'. Either declare one or provide an initializer.
generated/prisma/runtime/wasm-engine-edge.js(5,209): error TS7006: Parameter 't' implicitly has an 'any' type.
generated/prisma/runtime/wasm-engine-edge.js(5,211): error TS7006: Parameter 'e' implicitly has an 'any' type.
generated/prisma/runtime/wasm-engine-edge.js(5,245): error TS7006: Parameter 't' implicitly has an 'any' type.
generated/prisma/runtime/wasm-engine-edge.js(5,247): error TS7006: Parameter 'e' implicitly has an 'any' type.
generated/prisma/runtime/wasm-engine-edge.js(5,304): error TS7006: Parameter 't' implicitly has an 'any' type.
generated/prisma/runtime/wasm-engine-edge.js(5,306): error TS7006: Parameter 'e' implicitly has an 'any' type.
generated/prisma/runtime/wasm-engine-edge.js(5,364): error TS7006: Parameter 't' implicitly has an 'any' type.
generated/prisma/runtime/wasm-engine-edge.js(5,366): error TS7006: Parameter 'e' implicitly has an 'any' type.
generated/prisma/runtime/wasm-engine-edge.js(5,368): error TS7006: Parameter 'r' implicitly has an 'any' type.
generated/prisma/runtime/wasm-engine-edge.js(5,370): error TS7006: Parameter 'n' implicitly has an 'any' type.
generated/prisma/runtime/wasm-engine-edge.js(5,542): error TS7006: Parameter 't' implicitly has an 'any' type.
generated/prisma/runtime/wasm-engine-edge.js(5,544): error TS7006: Parameter 'e' implicitly has an 'any' type.
generated/prisma/runtime/wasm-engine-edge.js(5,546): error TS7006: Parameter 'r' implicitly has an 'any' type.
generated/prisma/runtime/wasm-engine-edge.js(5,647): error TS7006: Parameter 't' implicitly has an 'any' type.
generated/prisma/runtime/wasm-engine-edge.js(5,699): error TS7006: Parameter 't' implicitly has an 'any' type.
generated/prisma/runtime/wasm-engine-edge.js(5,701): error TS7006: Parameter 'e' implicitly has an 'any' type.
generated/prisma/runtime/wasm-engine-edge.js(5,760): error TS7005: Variable 'y' implicitly has an 'any' type.
generated/prisma/runtime/wasm-engine-edge.js(5,762): error TS7005: Variable 'Hs' implicitly has an 'any' type.
generated/prisma/runtime/wasm-engine-edge.js(5,894): error TS7005: Variable 'y' implicitly has an 'any' type.
generated/prisma/runtime/wasm-engine-edge.js(5,1003): error TS7005: Variable 'y' implicitly has an 'any' type.
generated/prisma/runtime/wasm-engine-edge.js(5,1106): error TS7005: Variable 'y' implicitly has an 'any' type.
generated/prisma/runtime/wasm-engine-edge.js(5,1241): error TS7005: Variable 'y' implicitly has an 'any' type.
generated/prisma/runtime/wasm-engine-edge.js(5,1367): error TS7006: Parameter 't' implicitly has an 'any' type.
generated/prisma/runtime/wasm-engine-edge.js(5,1537): error TS7006: Parameter 'a' implicitly has an 'any' type.
generated/prisma/runtime/wasm-engine-edge.js(5,1539): error TS7006: Parameter 'f' implicitly has an 'any' type.
generated/prisma/runtime/wasm-engine-edge.js(5,1606): error TS2683: 'this' implicitly has type 'any' because it does not have a type annotation.
generated/prisma/runtime/wasm-engine-edge.js(5,1634): error TS2683: 'this' implicitly has type 'any' because it does not have a type annotation.
generated/prisma/runtime/wasm-engine-edge.js(5,1647): error TS2538: Type 'undefined' cannot be used as an index type.
generated/prisma/runtime/wasm-engine-edge.js(5,1662): error TS7006: Parameter 'a' implicitly has an 'any' type.
generated/prisma/runtime/wasm-engine-edge.js(5,1664): error TS7006: Parameter 'f' implicitly has an 'any' type.
generated/prisma/runtime/wasm-engine-edge.js(5,1677): error TS7006: Parameter 'v' implicitly has an 'any' type.
generated/prisma/runtime/wasm-engine-edge.js(5,1690): error TS2532: Object is possibly 'undefined'.
generated/prisma/runtime/wasm-engine-edge.js(5,1690): error TS2531: Object is possibly 'null'.
generated/prisma/runtime/wasm-engine-edge.js(5,1690): error TS2532: Object is possibly 'undefined'.
generated/prisma/runtime/wasm-engine-edge.js(5,1735): error TS7005: Variable 'Ks' implicitly has an 'any' type.
generated/prisma/runtime/wasm-engine-edge.js(5,1790): error TS2683: 'this' implicitly has type 'any' because it does not have a type annotation.
generated/prisma/runtime/wasm-engine-edge.js(5,1842): error TS2683: 'this' implicitly has type 'any' because it does not have a type annotation.
generated/prisma/runtime/wasm-engine-edge.js(5,1855): error TS2538: Type 'undefined' cannot be used as an index type.
generated/prisma/runtime/wasm-engine-edge.js(5,1879): error TS2532: Object is possibly 'undefined'.
generated/prisma/runtime/wasm-engine-edge.js(5,1879): error TS2531: Object is possibly 'null'.
generated/prisma/runtime/wasm-engine-edge.js(5,1906): error TS7006: Parameter 'a' implicitly has an 'any' type.
generated/prisma/runtime/wasm-engine-edge.js(5,1920): error TS7006: Parameter 'f' implicitly has an 'any' type.
generated/prisma/runtime/wasm-engine-edge.js(5,2307): error TS7006: Parameter 't' implicitly has an 'any' type.
generated/prisma/runtime/wasm-engine-edge.js(5,2383): error TS7006: Parameter 't' implicitly has an 'any' type.
generated/prisma/runtime/wasm-engine-edge.js(5,2385): error TS7006: Parameter 'e' implicitly has an 'any' type.
generated/prisma/runtime/wasm-engine-edge.js(5,2516): error TS7006: Parameter 't' implicitly has an 'any' type.
generated/prisma/runtime/wasm-engine-edge.js(5,2518): error TS7006: Parameter 'e' implicitly has an 'any' type.
generated/prisma/runtime/wasm-engine-edge.js(5,2522): error TS7005: Variable 'Xs' implicitly has an 'any' type.
generated/prisma/runtime/wasm-engine-edge.js(5,2652): error TS2339: Property 'code' does not exist on type 'RangeError'.
generated/prisma/runtime/wasm-engine-edge.js(5,2690): error TS7006: Parameter 't' implicitly has an 'any' type.
generated/prisma/runtime/wasm-engine-edge.js(5,2692): error TS7006: Parameter 'e' implicitly has an 'any' type.
generated/prisma/runtime/wasm-engine-edge.js(5,2820): error TS2339: Property 'code' does not exist on type 'TypeError'.
generated/prisma/runtime/wasm-engine-edge.js(5,2863): error TS7006: Parameter 't' implicitly has an 'any' type.
generated/prisma/runtime/wasm-engine-edge.js(5,2865): error TS7006: Parameter 'e' implicitly has an 'any' type.
generated/prisma/runtime/wasm-engine-edge.js(5,3016): error TS2339: Property 'code' does not exist on type 'RangeError'.
generated/prisma/runtime/wasm-engine-edge.js(5,3055): error TS7006: Parameter 't' implicitly has an 'any' type.
generated/prisma/runtime/wasm-engine-edge.js(5,3057): error TS7006: Parameter 'e' implicitly has an 'any' type.
generated/prisma/runtime/wasm-engine-edge.js(5,3059): error TS7006: Parameter 'r' implicitly has an 'any' type.
generated/prisma/runtime/wasm-engine-edge.js(5,3061): error TS7006: Parameter 'n' implicitly has an 'any' type.
generated/prisma/runtime/wasm-engine-edge.js(5,3192): error TS2339: Property 'code' does not exist on type 'RangeError'.
generated/prisma/runtime/wasm-engine-edge.js(5,3231): error TS7006: Parameter 't' implicitly has an 'any' type.
generated/prisma/runtime/wasm-engine-edge.js(5,3233): error TS7006: Parameter 'e' implicitly has an 'any' type.
generated/prisma/runtime/wasm-engine-edge.js(5,3360): error TS2339: Property 'code' does not exist on type 'TypeError'.
generated/prisma/runtime/wasm-engine-edge.js(5,3403): error TS7006: Parameter 't' implicitly has an 'any' type.
generated/prisma/runtime/wasm-engine-edge.js(5,3422): error TS7005: Variable 'y' implicitly has an 'any' type.
generated/prisma/runtime/wasm-engine-edge.js(5,3438): error TS7034: Variable 'y' implicitly has type 'any' in some locations where its type cannot be determined.
generated/prisma/runtime/wasm-engine-edge.js(5,3440): error TS7034: Variable 'Ks' implicitly has type 'any' in some locations where its type cannot be determined.
generated/prisma/runtime/wasm-engine-edge.js(5,3443): error TS7034: Variable 'Hs' implicitly has type 'any' in some locations where its type cannot be determined.
generated/prisma/runtime/wasm-engine-edge.js(5,3446): error TS7034: Variable 'zs' implicitly has type 'any' in some locations where its type cannot be determined.
generated/prisma/runtime/wasm-engine-edge.js(5,3449): error TS7034: Variable 'Ys' implicitly has type 'any' in some locations where its type cannot be determined.
generated/prisma/runtime/wasm-engine-edge.js(5,3452): error TS7034: Variable 'Xs' implicitly has type 'any' in some locations where its type cannot be determined.
generated/prisma/runtime/wasm-engine-edge.js(5,3455): error TS7034: Variable 'h' implicitly has type 'any' in some locations where its type cannot be determined.
generated/prisma/runtime/wasm-engine-edge.js(5,3457): error TS7034: Variable 'Hr' implicitly has type 'any' in some locations where its type cannot be determined.
generated/prisma/runtime/wasm-engine-edge.js(5,3574): error TS7006: Parameter 'e' implicitly has an 'any' type.
generated/prisma/runtime/wasm-engine-edge.js(5,3660): error TS7006: Parameter 'e' implicitly has an 'any' type.
generated/prisma/runtime/wasm-engine-edge.js(5,3703): error TS7006: Parameter 'e' implicitly has an 'any' type.
generated/prisma/runtime/wasm-engine-edge.js(5,3739): error TS7006: Parameter 'e' implicitly has an 'any' type.
generated/prisma/runtime/wasm-engine-edge.js(5,3784): error TS7006: Parameter 'e' implicitly has an 'any' type.
generated/prisma/runtime/wasm-engine-edge.js(5,4000): error TS2339: Property 'code' does not exist on type 'TypeError'.
generated/prisma/runtime/wasm-engine-edge.js(5,4048): error TS7006: Parameter 'e' implicitly has an 'any' type.
generated/prisma/runtime/wasm-engine-edge.js(5,4058): error TS7005: Variable 'Ys' implicitly has an 'any' type.
generated/prisma/runtime/wasm-engine-edge.js(5,4088): error TS7006: Parameter 'e' implicitly has an 'any' type.
generated/prisma/runtime/wasm-engine-edge.js(5,4090): error TS7006: Parameter 'r' implicitly has an 'any' type.
generated/prisma/runtime/wasm-engine-edge.js(5,4257): error TS7006: Parameter 'e' implicitly has an 'any' type.
generated/prisma/runtime/wasm-engine-edge.js(5,4547): error TS7006: Parameter 's' implicitly has an 'any' type.
generated/prisma/runtime/wasm-engine-edge.js(5,4568): error TS2769: No overload matches this call.
  Overload 1 of 7, '(buffer: ArrayBuffer, byteOffset?: number | undefined, length?: number | undefined): t', gave the following error.
    Argument of type 'ArrayBufferLike' is not assignable to parameter of type 'ArrayBuffer'.
      Type 'SharedArrayBuffer' is not assignable to type 'ArrayBuffer'.
        Types of property '[Symbol.toStringTag]' are incompatible.
          Type '"SharedArrayBuffer"' is not assignable to type '"ArrayBuffer"'.
  Overload 2 of 7, '(buffer: ArrayBuffer, byteOffset?: number | undefined, length?: number | undefined): t', gave the following error.
    Argument of type 'ArrayBufferLike' is not assignable to parameter of type 'ArrayBuffer'.
      Type 'SharedArrayBuffer' is not assignable to type 'ArrayBuffer'.
        Types of property '[Symbol.toStringTag]' are incompatible.
          Type '"SharedArrayBuffer"' is not assignable to type '"ArrayBuffer"'.
generated/prisma/runtime/wasm-engine-edge.js(5,4784): error TS7006: Parameter 'e' implicitly has an 'any' type.
generated/prisma/runtime/wasm-engine-edge.js(5,4786): error TS7006: Parameter 'r' implicitly has an 'any' type.
generated/prisma/runtime/wasm-engine-edge.js(5,4827): error TS7005: Variable 'n' implicitly has an 'any[]' type.
generated/prisma/runtime/wasm-engine-edge.js(5,4848): error TS7006: Parameter 'o' implicitly has an 'any' type.
generated/prisma/runtime/wasm-engine-edge.js(5,5124): error TS7006: Parameter 'e' implicitly has an 'any' type.
generated/prisma/runtime/wasm-engine-edge.js(5,5126): error TS7006: Parameter 'r' implicitly has an 'any' type.
generated/prisma/runtime/wasm-engine-edge.js(5,5364): error TS7006: Parameter 'e' implicitly has an 'any' type.
generated/prisma/runtime/wasm-engine-edge.js(5,5366): error TS7006: Parameter 'r' implicitly has an 'any' type.
generated/prisma/runtime/wasm-engine-edge.js(5,5618): error TS7006: Parameter 'e' implicitly has an 'any' type.
generated/prisma/runtime/wasm-engine-edge.js(5,5620): error TS7006: Parameter 'r' implicitly has an 'any' type.
generated/prisma/runtime/wasm-engine-edge.js(5,5819): error TS7006: Parameter 'e' implicitly has an 'any' type.
generated/prisma/runtime/wasm-engine-edge.js(5,5821): error TS7006: Parameter 'r' implicitly has an 'any' type.
generated/prisma/runtime/wasm-engine-edge.js(5,5863): error TS7006: Parameter 'e' implicitly has an 'any' type.
generated/prisma/runtime/wasm-engine-edge.js(5,5865): error TS7006: Parameter 'r' implicitly has an 'any' type.
generated/prisma/runtime/wasm-engine-edge.js(5,6075): error TS7006: Parameter 'e' implicitly has an 'any' type.
generated/prisma/runtime/wasm-engine-edge.js(5,6077): error TS7006: Parameter 'r' implicitly has an 'any' type.
generated/prisma/runtime/wasm-engine-edge.js(5,6119): error TS7006: Parameter 'e' implicitly has an 'any' type.
generated/prisma/runtime/wasm-engine-edge.js(5,6121): error TS7006: Parameter 'r' implicitly has an 'any' type.
generated/prisma/runtime/wasm-engine-edge.js(5,6123): error TS7006: Parameter 'n' implicitly has an 'any' type.
generated/prisma/runtime/wasm-engine-edge.js(5,6194): error TS7006: Parameter 'e' implicitly has an 'any' type.
generated/prisma/runtime/wasm-engine-edge.js(5,6196): error TS7006: Parameter 'r' implicitly has an 'any' type.
generated/prisma/runtime/wasm-engine-edge.js(5,6198): error TS7006: Parameter 'n' implicitly has an 'any' type.
generated/prisma/runtime/wasm-engine-edge.js(5,6270): error TS7006: Parameter 'e' implicitly has an 'any' type.
generated/prisma/runtime/wasm-engine-edge.js(5,6272): error TS7006: Parameter 'r' implicitly has an 'any' type.
generated/prisma/runtime/wasm-engine-edge.js(5,6274): error TS7006: Parameter 'n' implicitly has an 'any' type.
generated/prisma/runtime/wasm-engine-edge.js(5,6481): error TS7006: Parameter 'e' implicitly has an 'any' type.
generated/prisma/runtime/wasm-engine-edge.js(5,6483): error TS7006: Parameter 'r' implicitly has an 'any' type.
generated/prisma/runtime/wasm-engine-edge.js(5,6485): error TS7006: Parameter 'n' implicitly has an 'any' type.
generated/prisma/runtime/wasm-engine-edge.js(5,6531): error TS7006: Parameter 'e' implicitly has an 'any' type.
generated/prisma/runtime/wasm-engine-edge.js(5,6533): error TS7006: Parameter 'r' implicitly has an 'any' type.
generated/prisma/runtime/wasm-engine-edge.js(5,6535): error TS7006: Parameter 'n' implicitly has an 'any' type.
generated/prisma/runtime/wasm-engine-edge.js(5,6739): error TS7006: Parameter 'e' implicitly has an 'any' type.
generated/prisma/runtime/wasm-engine-edge.js(5,6741): error TS7006: Parameter 'r' implicitly has an 'any' type.
generated/prisma/runtime/wasm-engine-edge.js(5,6743): error TS7006: Parameter 'n' implicitly has an 'any' type.
generated/prisma/runtime/wasm-engine-edge.js(5,7300): error TS7006: Parameter 'e' implicitly has an 'any' type.
generated/prisma/runtime/wasm-engine-edge.js(5,7570): error TS7006: Parameter 'e' implicitly has an 'any' type.
generated/prisma/runtime/wasm-engine-edge.js(5,7657): error TS7006: Parameter 'e' implicitly has an 'any' type.
generated/prisma/runtime/wasm-engine-edge.js(5,7864): error TS7006: Parameter 'e' implicitly has an 'any' type.
generated/prisma/runtime/wasm-engine-edge.js(5,7866): error TS7006: Parameter 'r' implicitly has an 'any' type.
generated/prisma/runtime/wasm-engine-edge.js(5,7868): error TS7006: Parameter 'n' implicitly has an 'any' type.
generated/prisma/runtime/wasm-engine-edge.js(5,8450): error TS2339: Property 'length' does not exist on type 'number'.
generated/prisma/runtime/wasm-engine-edge.js(5,8482): error TS2339: Property 'length' does not exist on type 'number'.
generated/prisma/runtime/wasm-engine-edge.js(5,8501): error TS2339: Property 'slice' does not exist on type 'number'.
generated/prisma/runtime/wasm-engine-edge.js(5,8511): error TS2339: Property 'length' does not exist on type 'number'.
generated/prisma/runtime/wasm-engine-edge.js(5,8549): error TS2339: Property 'length' does not exist on type 'number'.
generated/prisma/runtime/wasm-engine-edge.js(5,8572): error TS2416: Property 'includes' in type 't' is not assignable to the same property in base type 'Uint8Array<ArrayBuffer>'.
  Type '(e: any, r?: null, n?: string) => boolean' is not assignable to type '(searchElement: number, fromIndex?: number | undefined) => boolean'.
    Types of parameters 'r' and 'fromIndex' are incompatible.
      Type 'number | undefined' is not assignable to type 'null | undefined'.
        Type 'number' is not assignable to type 'null | undefined'.
generated/prisma/runtime/wasm-engine-edge.js(5,8581): error TS7006: Parameter 'e' implicitly has an 'any' type.
generated/prisma/runtime/wasm-engine-edge.js(5,8633): error TS2416: Property 'lastIndexOf' in type 't' is not assignable to the same property in base type 'Uint8Array<ArrayBuffer>'.
  Type '(e: any, r?: null, n?: string) => any' is not assignable to type '(searchElement: number, fromIndex?: number | undefined) => number'.
    Types of parameters 'r' and 'fromIndex' are incompatible.
      Type 'number | undefined' is not assignable to type 'null | undefined'.
        Type 'number' is not assignable to type 'null | undefined'.
generated/prisma/runtime/wasm-engine-edge.js(5,8645): error TS7006: Parameter 'e' implicitly has an 'any' type.
generated/prisma/runtime/wasm-engine-edge.js(5,8695): error TS2416: Property 'indexOf' in type 't' is not assignable to the same property in base type 'Uint8Array<ArrayBuffer>'.
  Type '(e: any, r?: null, n?: string, i?: boolean) => any' is not assignable to type '(searchElement: number, fromIndex?: number | undefined) => number'.
    Types of parameters 'r' and 'fromIndex' are incompatible.
      Type 'number | undefined' is not assignable to type 'null | undefined'.
        Type 'number' is not assignable to type 'null | undefined'.
generated/prisma/runtime/wasm-engine-edge.js(5,8703): error TS7006: Parameter 'e' implicitly has an 'any' type.
generated/prisma/runtime/wasm-engine-edge.js(5,8741): error TS2551: Property 'findLastIndex' does not exist on type 't'. Did you mean 'findIndex'?
generated/prisma/runtime/wasm-engine-edge.js(5,9103): error TS7006: Parameter 'f' implicitly has an 'any' type.
generated/prisma/runtime/wasm-engine-edge.js(5,9105): error TS7006: Parameter 'v' implicitly has an 'any' type.
generated/prisma/runtime/wasm-engine-edge.js(5,9149): error TS7006: Parameter 'A' implicitly has an 'any' type.
generated/prisma/runtime/wasm-engine-edge.js(5,9151): error TS7006: Parameter 'I' implicitly has an 'any' type.
generated/prisma/runtime/wasm-engine-edge.js(5,9298): error TS7005: Variable 'zs' implicitly has an 'any' type.
generated/prisma/runtime/wasm-engine-edge.js(5,9391): error TS7005: Variable 'Hr' implicitly has an 'any' type.
generated/prisma/runtime/wasm-engine-edge.js(5,9574): error TS7006: Parameter 'i' implicitly has an 'any' type.
generated/prisma/runtime/wasm-engine-edge.js(5,9576): error TS7006: Parameter 'o' implicitly has an 'any' type.
generated/prisma/runtime/wasm-engine-edge.js(5,9582): error TS7005: Variable 'Hr' implicitly has an 'any' type.
generated/prisma/runtime/wasm-engine-edge.js(5,9784): error TS7005: Variable 'Hr' implicitly has an 'any' type.
generated/prisma/runtime/wasm-engine-edge.js(5,9865): error TS7006: Parameter 'i' implicitly has an 'any' type.
generated/prisma/runtime/wasm-engine-edge.js(5,9867): error TS7006: Parameter 'o' implicitly has an 'any' type.
generated/prisma/runtime/wasm-engine-edge.js(5,10530): error TS7005: Variable 'y' implicitly has an 'any' type.
generated/prisma/runtime/wasm-engine-edge.js(5,10559): error TS7005: Variable 'y' implicitly has an 'any' type.
generated/prisma/runtime/wasm-engine-edge.js(5,10597): error TS7034: Variable 'g' implicitly has type 'any' in some locations where its type cannot be determined.
generated/prisma/runtime/wasm-engine-edge.js(5,10637): error TS7006: Parameter 't' implicitly has an 'any' type.
generated/prisma/runtime/wasm-engine-edge.js(5,10639): error TS7019: Rest parameter 'e' implicitly has an 'any[]' type.
generated/prisma/runtime/wasm-engine-edge.js(5,10927): error TS7034: Variable 'b' implicitly has type 'any' in some locations where its type cannot be determined.
generated/prisma/runtime/wasm-engine-edge.js(5,10978): error TS7006: Parameter 'e' implicitly has an 'any' type.
generated/prisma/runtime/wasm-engine-edge.js(5,11036): error TS7006: Parameter 't' implicitly has an 'any' type.
generated/prisma/runtime/wasm-engine-edge.js(5,11038): error TS7006: Parameter 'e' implicitly has an 'any' type.
generated/prisma/runtime/wasm-engine-edge.js(5,11130): error TS7005: Variable '$' implicitly has an 'any' type.
generated/prisma/runtime/wasm-engine-edge.js(5,11254): error TS7005: Variable 'B' implicitly has an 'any' type.
generated/prisma/runtime/wasm-engine-edge.js(5,11413): error TS7005: Variable 'H' implicitly has an 'any' type.
generated/prisma/runtime/wasm-engine-edge.js(5,11423): error TS7005: Variable 'H' implicitly has an 'any' type.
generated/prisma/runtime/wasm-engine-edge.js(5,11500): error TS7005: Variable '$' implicitly has an 'any' type.
generated/prisma/runtime/wasm-engine-edge.js(5,11523): error TS7006: Parameter 't' implicitly has an 'any' type.
generated/prisma/runtime/wasm-engine-edge.js(5,11525): error TS7006: Parameter 'e' implicitly has an 'any' type.
generated/prisma/runtime/wasm-engine-edge.js(5,11527): error TS7006: Parameter 'r' implicitly has an 'any' type.
generated/prisma/runtime/wasm-engine-edge.js(5,11563): error TS7005: Variable '_e' implicitly has an 'any' type.
generated/prisma/runtime/wasm-engine-edge.js(5,11581): error TS7006: Parameter 't' implicitly has an 'any' type.
generated/prisma/runtime/wasm-engine-edge.js(5,11660): error TS7005: Variable 'B' implicitly has an 'any' type.
generated/prisma/runtime/wasm-engine-edge.js(5,11706): error TS7005: Variable 'B' implicitly has an 'any' type.
generated/prisma/runtime/wasm-engine-edge.js(5,11799): error TS7006: Parameter 't' implicitly has an 'any' type.
generated/prisma/runtime/wasm-engine-edge.js(5,11801): error TS7006: Parameter 'e' implicitly has an 'any' type.
generated/prisma/runtime/wasm-engine-edge.js(5,11881): error TS7005: Variable 'Yr' implicitly has an 'any' type.
generated/prisma/runtime/wasm-engine-edge.js(5,11911): error TS7005: Variable 'oe' implicitly has an 'any' type.
generated/prisma/runtime/wasm-engine-edge.js(5,12008): error TS7005: Variable 'ke' implicitly has an 'any' type.
generated/prisma/runtime/wasm-engine-edge.js(5,12050): error TS7005: Variable 'oe' implicitly has an 'any' type.
generated/prisma/runtime/wasm-engine-edge.js(5,12116): error TS7005: Variable 'we' implicitly has an 'any' type.
generated/prisma/runtime/wasm-engine-edge.js(5,12257): error TS7006: Parameter 't' implicitly has an 'any' type.
generated/prisma/runtime/wasm-engine-edge.js(5,12274): error TS7005: Variable 'B' implicitly has an 'any' type.
generated/prisma/runtime/wasm-engine-edge.js(5,12322): error TS7006: Parameter 't' implicitly has an 'any' type.
generated/prisma/runtime/wasm-engine-edge.js(5,12324): error TS7006: Parameter 'e' implicitly has an 'any' type.
generated/prisma/runtime/wasm-engine-edge.js(5,12326): error TS7006: Parameter 'r' implicitly has an 'any' type.
generated/prisma/runtime/wasm-engine-edge.js(5,12382): error TS7005: Variable 'le' implicitly has an 'any' type.
generated/prisma/runtime/wasm-engine-edge.js(5,12456): error TS7006: Parameter 't' implicitly has an 'any' type.
generated/prisma/runtime/wasm-engine-edge.js(5,12502): error TS7023: 'Et' implicitly has return type 'any' because it does not have a return type annotation and is referenced directly or indirectly in one of its return expressions.
generated/prisma/runtime/wasm-engine-edge.js(5,12505): error TS7006: Parameter 't' implicitly has an 'any' type.
generated/prisma/runtime/wasm-engine-edge.js(5,12507): error TS7006: Parameter 'e' implicitly has an 'any' type.
generated/prisma/runtime/wasm-engine-edge.js(5,12602): error TS7005: Variable 'le' implicitly has an 'any' type.
generated/prisma/runtime/wasm-engine-edge.js(5,12638): error TS7005: Variable 'oe' implicitly has an 'any' type.
generated/prisma/runtime/wasm-engine-edge.js(5,12799): error TS2365: Operator '<' cannot be applied to types 'string' and 'number'.
generated/prisma/runtime/wasm-engine-edge.js(5,12804): error TS2367: This comparison appears to be unintentional because the types 'string' and 'number' have no overlap.
generated/prisma/runtime/wasm-engine-edge.js(5,12810): error TS2367: This comparison appears to be unintentional because the types 'string' and 'number' have no overlap.
generated/prisma/runtime/wasm-engine-edge.js(5,12816): error TS2365: Operator '>' cannot be applied to types 'string' and 'number'.
generated/prisma/runtime/wasm-engine-edge.js(5,12879): error TS2365: Operator '>' cannot be applied to types 'string' and 'number'.
generated/prisma/runtime/wasm-engine-edge.js(5,13059): error TS7005: Variable 'we' implicitly has an 'any' type.
generated/prisma/runtime/wasm-engine-edge.js(5,13070): error TS7005: Variable 'oe' implicitly has an 'any' type.
generated/prisma/runtime/wasm-engine-edge.js(5,13081): error TS7005: Variable 'oe' implicitly has an 'any' type.
generated/prisma/runtime/wasm-engine-edge.js(5,13143): error TS7005: Variable 'we' implicitly has an 'any' type.
generated/prisma/runtime/wasm-engine-edge.js(5,13266): error TS7005: Variable 'we' implicitly has an 'any' type.
generated/prisma/runtime/wasm-engine-edge.js(5,13343): error TS7006: Parameter 't' implicitly has an 'any' type.
generated/prisma/runtime/wasm-engine-edge.js(5,13345): error TS7006: Parameter 'e' implicitly has an 'any' type.
generated/prisma/runtime/wasm-engine-edge.js(5,13609): error TS7005: Variable 'Qe' implicitly has an 'any' type.
generated/prisma/runtime/wasm-engine-edge.js(5,13614): error TS7005: Variable 'B' implicitly has an 'any' type.
generated/prisma/runtime/wasm-engine-edge.js(5,13632): error TS7005: Variable 'B' implicitly has an 'any' type.
generated/prisma/runtime/wasm-engine-edge.js(5,13643): error TS7005: Variable 'B' implicitly has an 'any' type.
generated/prisma/runtime/wasm-engine-edge.js(5,13685): error TS7005: Variable 'B' implicitly has an 'any' type.
generated/prisma/runtime/wasm-engine-edge.js(5,13715): error TS7005: Variable 'B' implicitly has an 'any' type.
generated/prisma/runtime/wasm-engine-edge.js(5,13734): error TS7005: Variable 'B' implicitly has an 'any' type.
generated/prisma/runtime/wasm-engine-edge.js(5,13788): error TS7005: Variable '$' implicitly has an 'any' type.
generated/prisma/runtime/wasm-engine-edge.js(5,13796): error TS7005: Variable 'or' implicitly has an 'any' type.
generated/prisma/runtime/wasm-engine-edge.js(5,13805): error TS7005: Variable 'or' implicitly has an 'any' type.
generated/prisma/runtime/wasm-engine-edge.js(5,13821): error TS7005: Variable 'Yr' implicitly has an 'any' type.
generated/prisma/runtime/wasm-engine-edge.js(5,13872): error TS7006: Parameter 't' implicitly has an 'any' type.
generated/prisma/runtime/wasm-engine-edge.js(5,13874): error TS7006: Parameter 'e' implicitly has an 'any' type.
generated/prisma/runtime/wasm-engine-edge.js(5,13876): error TS7006: Parameter 'r' implicitly has an 'any' type.
generated/prisma/runtime/wasm-engine-edge.js(5,13952): error TS7005: Variable 'B' implicitly has an 'any' type.
generated/prisma/runtime/wasm-engine-edge.js(5,13993): error TS7005: Variable 'B' implicitly has an 'any' type.
generated/prisma/runtime/wasm-engine-edge.js(5,14057): error TS7005: Variable 'B' implicitly has an 'any' type.
generated/prisma/runtime/wasm-engine-edge.js(5,14063): error TS7005: Variable 'B' implicitly has an 'any' type.
generated/prisma/runtime/wasm-engine-edge.js(5,14085): error TS7005: Variable 'ke' implicitly has an 'any' type.
generated/prisma/runtime/wasm-engine-edge.js(5,14212): error TS7005: Variable 'ke' implicitly has an 'any' type.
generated/prisma/runtime/wasm-engine-edge.js(5,14308): error TS7005: Variable 'ke' implicitly has an 'any' type.
generated/prisma/runtime/wasm-engine-edge.js(5,14315): error TS7005: Variable 'B' implicitly has an 'any' type.
generated/prisma/runtime/wasm-engine-edge.js(5,14319): error TS7005: Variable 'B' implicitly has an 'any' type.
generated/prisma/runtime/wasm-engine-edge.js(5,14322): error TS7005: Variable 'B' implicitly has an 'any' type.
generated/prisma/runtime/wasm-engine-edge.js(5,14329): error TS7005: Variable 'Qe' implicitly has an 'any' type.
generated/prisma/runtime/wasm-engine-edge.js(5,14335): error TS7005: Variable 'B' implicitly has an 'any' type.
generated/prisma/runtime/wasm-engine-edge.js(5,14417): error TS7005: Variable 'ke' implicitly has an 'any' type.
generated/prisma/runtime/wasm-engine-edge.js(5,14423): error TS7005: Variable 'B' implicitly has an 'any' type.
generated/prisma/runtime/wasm-engine-edge.js(5,14440): error TS7005: Variable 'ke' implicitly has an 'any' type.
generated/prisma/runtime/wasm-engine-edge.js(5,14451): error TS7005: Variable 'ke' implicitly has an 'any' type.
generated/prisma/runtime/wasm-engine-edge.js(5,14497): error TS7005: Variable 'H' implicitly has an 'any' type.
generated/prisma/runtime/wasm-engine-edge.js(5,14543): error TS7005: Variable 'H' implicitly has an 'any' type.
generated/prisma/runtime/wasm-engine-edge.js(5,14602): error TS7005: Variable '$' implicitly has an 'any' type.
generated/prisma/runtime/wasm-engine-edge.js(5,14610): error TS7005: Variable 'or' implicitly has an 'any' type.
generated/prisma/runtime/wasm-engine-edge.js(5,14619): error TS7005: Variable 'or' implicitly has an 'any' type.
generated/prisma/runtime/wasm-engine-edge.js(5,14635): error TS7005: Variable 'Yr' implicitly has an 'any' type.
generated/prisma/runtime/wasm-engine-edge.js(5,14665): error TS7006: Parameter 't' implicitly has an 'any' type.
generated/prisma/runtime/wasm-engine-edge.js(5,14667): error TS7006: Parameter 'e' implicitly has an 'any' type.
generated/prisma/runtime/wasm-engine-edge.js(5,14769): error TS7005: Variable '$' implicitly has an 'any' type.
generated/prisma/runtime/wasm-engine-edge.js(5,14906): error TS7005: Variable 'B' implicitly has an 'any' type.
generated/prisma/runtime/wasm-engine-edge.js(5,15210): error TS7005: Variable 'H' implicitly has an 'any' type.
generated/prisma/runtime/wasm-engine-edge.js(5,15227): error TS7005: Variable 'H' implicitly has an 'any' type.
generated/prisma/runtime/wasm-engine-edge.js(5,15318): error TS7005: Variable '$' implicitly has an 'any' type.
generated/prisma/runtime/wasm-engine-edge.js(5,15351): error TS7006: Parameter 't' implicitly has an 'any' type.
generated/prisma/runtime/wasm-engine-edge.js(5,15353): error TS7006: Parameter 'e' implicitly has an 'any' type.
generated/prisma/runtime/wasm-engine-edge.js(5,15355): error TS7006: Parameter 'r' implicitly has an 'any' type.
generated/prisma/runtime/wasm-engine-edge.js(5,15723): error TS7006: Parameter 't' implicitly has an 'any' type.
generated/prisma/runtime/wasm-engine-edge.js(5,15725): error TS7006: Parameter 'e' implicitly has an 'any' type.
generated/prisma/runtime/wasm-engine-edge.js(5,15775): error TS7006: Parameter 't' implicitly has an 'any' type.
generated/prisma/runtime/wasm-engine-edge.js(5,15799): error TS7006: Parameter 'o' implicitly has an 'any' type.
generated/prisma/runtime/wasm-engine-edge.js(5,15895): error TS2339: Property 'e' does not exist on type 'i'.
generated/prisma/runtime/wasm-engine-edge.js(5,15899): error TS2339: Property 'e' does not exist on type 'i'.
generated/prisma/runtime/wasm-engine-edge.js(5,15903): error TS2339: Property 'd' does not exist on type 'i'.
generated/prisma/runtime/wasm-engine-edge.js(5,15910): error TS2339: Property 'd' does not exist on type 'i'.
generated/prisma/runtime/wasm-engine-edge.js(5,15978): error TS7005: Variable '_e' implicitly has an 'any' type.
generated/prisma/runtime/wasm-engine-edge.js(5,16034): error TS2339: Property 'e' does not exist on type 'i'.
generated/prisma/runtime/wasm-engine-edge.js(5,16040): error TS2339: Property 'd' does not exist on type 'i'.
generated/prisma/runtime/wasm-engine-edge.js(5,16074): error TS2339: Property 'e' does not exist on type 'i'.
generated/prisma/runtime/wasm-engine-edge.js(5,16080): error TS2339: Property 'd' does not exist on type 'i'.
generated/prisma/runtime/wasm-engine-edge.js(5,16158): error TS7005: Variable '_e' implicitly has an 'any' type.
generated/prisma/runtime/wasm-engine-edge.js(5,16216): error TS7005: Variable 'ta' implicitly has an 'any' type.
generated/prisma/runtime/wasm-engine-edge.js(5,16252): error TS7005: Variable '_e' implicitly has an 'any' type.
generated/prisma/runtime/wasm-engine-edge.js(5,16273): error TS7005: Variable 'S' implicitly has an 'any' type.
generated/prisma/runtime/wasm-engine-edge.js(5,16590): error TS2538: Type 'undefined' cannot be used as an index type.
generated/prisma/runtime/wasm-engine-edge.js(5,16593): error TS2683: 'this' implicitly has type 'any' because it does not have a type annotation.
generated/prisma/runtime/wasm-engine-edge.js(5,16598): error TS2538: Type 'undefined' cannot be used as an index type.
generated/prisma/runtime/wasm-engine-edge.js(5,16635): error TS7006: Parameter 't' implicitly has an 'any' type.
generated/prisma/runtime/wasm-engine-edge.js(5,16676): error TS7005: Variable 'le' implicitly has an 'any' type.
generated/prisma/runtime/wasm-engine-edge.js(5,16725): error TS7005: Variable 'je' implicitly has an 'any' type.
generated/prisma/runtime/wasm-engine-edge.js(5,16832): error TS7005: Variable 'Qe' implicitly has an 'any' type.
generated/prisma/runtime/wasm-engine-edge.js(5,16864): error TS7053: Element implicitly has an 'any' type because expression of type 'any' can't be used to index type 'ra'.
generated/prisma/runtime/wasm-engine-edge.js(5,16891): error TS7005: Variable '_e' implicitly has an 'any' type.
generated/prisma/runtime/wasm-engine-edge.js(5,16948): error TS7053: Element implicitly has an 'any' type because expression of type 'string' can't be used to index type 'ra'.
  No index signature with a parameter of type 'string' was found on type 'ra'.
generated/prisma/runtime/wasm-engine-edge.js(5,16960): error TS2351: This expression is not constructable.
  Type 'ra' has no construct signatures.
generated/prisma/runtime/wasm-engine-edge.js(5,16985): error TS7005: Variable '_e' implicitly has an 'any' type.
generated/prisma/runtime/wasm-engine-edge.js(5,17014): error TS7034: Variable 'je' implicitly has type 'any' in some locations where its type cannot be determined.
generated/prisma/runtime/wasm-engine-edge.js(5,17023): error TS7034: Variable '$' implicitly has type 'any' in some locations where its type cannot be determined.
generated/prisma/runtime/wasm-engine-edge.js(5,17025): error TS7034: Variable 'le' implicitly has type 'any' in some locations where its type cannot be determined.
generated/prisma/runtime/wasm-engine-edge.js(5,17028): error TS7034: Variable '_e' implicitly has type 'any' in some locations where its type cannot be determined.
generated/prisma/runtime/wasm-engine-edge.js(5,17031): error TS7034: Variable 'Yr' implicitly has type 'any' in some locations where its type cannot be determined.
generated/prisma/runtime/wasm-engine-edge.js(5,17034): error TS7034: Variable 'Qe' implicitly has type 'any' in some locations where its type cannot be determined.
generated/prisma/runtime/wasm-engine-edge.js(5,17037): error TS7034: Variable 'ke' implicitly has type 'any' in some locations where its type cannot be determined.
generated/prisma/runtime/wasm-engine-edge.js(5,17040): error TS7034: Variable 'ta' implicitly has type 'any' in some locations where its type cannot be determined.
generated/prisma/runtime/wasm-engine-edge.js(5,17043): error TS7034: Variable 'oe' implicitly has type 'any' in some locations where its type cannot be determined.
generated/prisma/runtime/wasm-engine-edge.js(5,17046): error TS7034: Variable 'H' implicitly has type 'any' in some locations where its type cannot be determined.
generated/prisma/runtime/wasm-engine-edge.js(5,17048): error TS7034: Variable 'B' implicitly has type 'any' in some locations where its type cannot be determined.
generated/prisma/runtime/wasm-engine-edge.js(5,17050): error TS7034: Variable 'ei' implicitly has type 'any' in some locations where its type cannot be determined.
generated/prisma/runtime/wasm-engine-edge.js(5,17053): error TS7034: Variable 'or' implicitly has type 'any' in some locations where its type cannot be determined.
generated/prisma/runtime/wasm-engine-edge.js(5,17056): error TS7034: Variable 'S' implicitly has type 'any' in some locations where its type cannot be determined.
generated/prisma/runtime/wasm-engine-edge.js(5,17058): error TS7034: Variable 'we' implicitly has type 'any' in some locations where its type cannot be determined.
generated/prisma/runtime/wasm-engine-edge.js(5,17064): error TS7034: Variable 'sr' implicitly has type 'any' in some locations where its type cannot be determined.
generated/prisma/runtime/wasm-engine-edge.js(5,17499): error TS2339: Property 'absoluteValue' does not exist on type '{}'.
generated/prisma/runtime/wasm-engine-edge.js(5,17515): error TS2339: Property 'abs' does not exist on type '{}'.
generated/prisma/runtime/wasm-engine-edge.js(5,17540): error TS2351: This expression is not constructable.
  Type 'Function' has no construct signatures.
generated/prisma/runtime/wasm-engine-edge.js(5,17588): error TS2339: Property 'comparedTo' does not exist on type '{}'.
generated/prisma/runtime/wasm-engine-edge.js(5,17601): error TS2339: Property 'cmp' does not exist on type '{}'.
generated/prisma/runtime/wasm-engine-edge.js(5,17614): error TS7006: Parameter 't' implicitly has an 'any' type.
generated/prisma/runtime/wasm-engine-edge.js(5,17645): error TS2351: This expression is not constructable.
  Type 'Function' has no construct signatures.
generated/prisma/runtime/wasm-engine-edge.js(5,17664): error TS2339: Property 's' does not exist on type '{}'.
generated/prisma/runtime/wasm-engine-edge.js(5,17681): error TS2339: Property 's' does not exist on type '{}'.
generated/prisma/runtime/wasm-engine-edge.js(5,17694): error TS2339: Property 'e' does not exist on type '{}'.
generated/prisma/runtime/wasm-engine-edge.js(5,17709): error TS2447: The '^' operator is not allowed for boolean types. Consider using '!==' instead.
generated/prisma/runtime/wasm-engine-edge.js(5,17711): error TS2339: Property 'e' does not exist on type '{}'.
generated/prisma/runtime/wasm-engine-edge.js(5,17719): error TS2339: Property 's' does not exist on type '{}'.
generated/prisma/runtime/wasm-engine-edge.js(5,17736): error TS2339: Property 'd' does not exist on type '{}'.
generated/prisma/runtime/wasm-engine-edge.js(5,17785): error TS2339: Property 'd' does not exist on type '{}'.
generated/prisma/runtime/wasm-engine-edge.js(5,17806): error TS2447: The '^' operator is not allowed for boolean types. Consider using '!==' instead.
generated/prisma/runtime/wasm-engine-edge.js(5,17808): error TS2339: Property 'd' does not exist on type '{}'.
generated/prisma/runtime/wasm-engine-edge.js(5,17822): error TS2339: Property 's' does not exist on type '{}'.
generated/prisma/runtime/wasm-engine-edge.js(5,17846): error TS2447: The '^' operator is not allowed for boolean types. Consider using '!==' instead.
generated/prisma/runtime/wasm-engine-edge.js(5,17852): error TS2339: Property 's' does not exist on type '{}'.
generated/prisma/runtime/wasm-engine-edge.js(5,17864): error TS2339: Property 'decimalPlaces' does not exist on type '{}'.
generated/prisma/runtime/wasm-engine-edge.js(5,17880): error TS2339: Property 'dp' does not exist on type '{}'.
generated/prisma/runtime/wasm-engine-edge.js(5,17909): error TS2339: Property 'd' does not exist on type '{}'.
generated/prisma/runtime/wasm-engine-edge.js(5,17927): error TS2339: Property 'e' does not exist on type '{}'.
generated/prisma/runtime/wasm-engine-edge.js(5,17930): error TS7005: Variable 'B' implicitly has an 'any' type.
generated/prisma/runtime/wasm-engine-edge.js(5,17939): error TS2339: Property 'd' does not exist on type '{}'.
generated/prisma/runtime/wasm-engine-edge.js(5,17987): error TS2339: Property 'dividedBy' does not exist on type '{}'.
generated/prisma/runtime/wasm-engine-edge.js(5,17999): error TS2339: Property 'div' does not exist on type '{}'.
generated/prisma/runtime/wasm-engine-edge.js(5,18012): error TS7006: Parameter 't' implicitly has an 'any' type.
generated/prisma/runtime/wasm-engine-edge.js(5,18022): error TS7005: Variable 'we' implicitly has an 'any' type.
generated/prisma/runtime/wasm-engine-edge.js(5,18034): error TS2351: This expression is not constructable.
  Type 'Function' has no construct signatures.
generated/prisma/runtime/wasm-engine-edge.js(5,18058): error TS2339: Property 'dividedToIntegerBy' does not exist on type '{}'.
generated/prisma/runtime/wasm-engine-edge.js(5,18079): error TS2339: Property 'idiv' does not exist on type '{}'.
generated/prisma/runtime/wasm-engine-edge.js(5,18093): error TS7006: Parameter 't' implicitly has an 'any' type.
generated/prisma/runtime/wasm-engine-edge.js(5,18132): error TS7005: Variable 'we' implicitly has an 'any' type.
generated/prisma/runtime/wasm-engine-edge.js(5,18141): error TS2351: This expression is not constructable.
  Type 'Function' has no construct signatures.
generated/prisma/runtime/wasm-engine-edge.js(5,18153): error TS2339: Property 'precision' does not exist on type 'Function'.
generated/prisma/runtime/wasm-engine-edge.js(5,18167): error TS2339: Property 'equals' does not exist on type '{}'.
generated/prisma/runtime/wasm-engine-edge.js(5,18176): error TS2339: Property 'eq' does not exist on type '{}'.
generated/prisma/runtime/wasm-engine-edge.js(5,18188): error TS7006: Parameter 't' implicitly has an 'any' type.
generated/prisma/runtime/wasm-engine-edge.js(5,18203): error TS2339: Property 'cmp' does not exist on type '{}'.
generated/prisma/runtime/wasm-engine-edge.js(5,18213): error TS2339: Property 'exponent' does not exist on type '{}'.
generated/prisma/runtime/wasm-engine-edge.js(5,18251): error TS2339: Property 'greaterThan' does not exist on type '{}'.
generated/prisma/runtime/wasm-engine-edge.js(5,18265): error TS2339: Property 'gt' does not exist on type '{}'.
generated/prisma/runtime/wasm-engine-edge.js(5,18277): error TS7006: Parameter 't' implicitly has an 'any' type.
generated/prisma/runtime/wasm-engine-edge.js(5,18292): error TS2339: Property 'cmp' does not exist on type '{}'.
generated/prisma/runtime/wasm-engine-edge.js(5,18304): error TS2339: Property 'greaterThanOrEqualTo' does not exist on type '{}'.
generated/prisma/runtime/wasm-engine-edge.js(5,18327): error TS2339: Property 'gte' does not exist on type '{}'.
generated/prisma/runtime/wasm-engine-edge.js(5,18340): error TS7006: Parameter 't' implicitly has an 'any' type.
generated/prisma/runtime/wasm-engine-edge.js(5,18355): error TS2339: Property 'cmp' does not exist on type '{}'.
generated/prisma/runtime/wasm-engine-edge.js(5,18368): error TS2339: Property 'isInteger' does not exist on type '{}'.
generated/prisma/runtime/wasm-engine-edge.js(5,18380): error TS2339: Property 'isint' does not exist on type '{}'.
generated/prisma/runtime/wasm-engine-edge.js(5,18409): error TS2339: Property 'e' does not exist on type '{}'.
generated/prisma/runtime/wasm-engine-edge.js(5,18416): error TS2339: Property 'd' does not exist on type '{}'.
generated/prisma/runtime/wasm-engine-edge.js(5,18430): error TS2339: Property 'isNegative' does not exist on type '{}'.
generated/prisma/runtime/wasm-engine-edge.js(5,18443): error TS2339: Property 'isneg' does not exist on type '{}'.
generated/prisma/runtime/wasm-engine-edge.js(5,18472): error TS2339: Property 's' does not exist on type '{}'.
generated/prisma/runtime/wasm-engine-edge.js(5,18479): error TS2339: Property 'isPositive' does not exist on type '{}'.
generated/prisma/runtime/wasm-engine-edge.js(5,18492): error TS2339: Property 'ispos' does not exist on type '{}'.
generated/prisma/runtime/wasm-engine-edge.js(5,18521): error TS2339: Property 's' does not exist on type '{}'.
generated/prisma/runtime/wasm-engine-edge.js(5,18528): error TS2339: Property 'isZero' does not exist on type '{}'.
generated/prisma/runtime/wasm-engine-edge.js(5,18558): error TS2339: Property 's' does not exist on type '{}'.
generated/prisma/runtime/wasm-engine-edge.js(5,18567): error TS2339: Property 'lessThan' does not exist on type '{}'.
generated/prisma/runtime/wasm-engine-edge.js(5,18578): error TS2339: Property 'lt' does not exist on type '{}'.
generated/prisma/runtime/wasm-engine-edge.js(5,18590): error TS7006: Parameter 't' implicitly has an 'any' type.
generated/prisma/runtime/wasm-engine-edge.js(5,18605): error TS2339: Property 'cmp' does not exist on type '{}'.
generated/prisma/runtime/wasm-engine-edge.js(5,18617): error TS2339: Property 'lessThanOrEqualTo' does not exist on type '{}'.
generated/prisma/runtime/wasm-engine-edge.js(5,18637): error TS2339: Property 'lte' does not exist on type '{}'.
generated/prisma/runtime/wasm-engine-edge.js(5,18650): error TS7006: Parameter 't' implicitly has an 'any' type.
generated/prisma/runtime/wasm-engine-edge.js(5,18665): error TS2339: Property 'cmp' does not exist on type '{}'.
generated/prisma/runtime/wasm-engine-edge.js(5,18677): error TS2339: Property 'logarithm' does not exist on type '{}'.
generated/prisma/runtime/wasm-engine-edge.js(5,18689): error TS2339: Property 'log' does not exist on type '{}'.
generated/prisma/runtime/wasm-engine-edge.js(5,18702): error TS7006: Parameter 't' implicitly has an 'any' type.
generated/prisma/runtime/wasm-engine-edge.js(5,18738): error TS2339: Property 'precision' does not exist on type 'Function'.
generated/prisma/runtime/wasm-engine-edge.js(5,18774): error TS2351: This expression is not constructable.
  Type 'Function' has no construct signatures.
generated/prisma/runtime/wasm-engine-edge.js(5,18794): error TS2351: This expression is not constructable.
  Type 'Function' has no construct signatures.
generated/prisma/runtime/wasm-engine-edge.js(5,18811): error TS7005: Variable 'oe' implicitly has an 'any' type.
generated/prisma/runtime/wasm-engine-edge.js(5,18827): error TS7005: Variable 'le' implicitly has an 'any' type.
generated/prisma/runtime/wasm-engine-edge.js(5,18842): error TS2339: Property 's' does not exist on type '{}'.
generated/prisma/runtime/wasm-engine-edge.js(5,18858): error TS7005: Variable 'le' implicitly has an 'any' type.
generated/prisma/runtime/wasm-engine-edge.js(5,18864): error TS2339: Property 's' does not exist on type '{}'.
generated/prisma/runtime/wasm-engine-edge.js(5,18895): error TS2339: Property 'eq' does not exist on type '{}'.
generated/prisma/runtime/wasm-engine-edge.js(5,18898): error TS7005: Variable 'oe' implicitly has an 'any' type.
generated/prisma/runtime/wasm-engine-edge.js(5,18906): error TS2351: This expression is not constructable.
  Type 'Function' has no construct signatures.
generated/prisma/runtime/wasm-engine-edge.js(5,18919): error TS7005: Variable 'we' implicitly has an 'any' type.
generated/prisma/runtime/wasm-engine-edge.js(5,18957): error TS2339: Property 'minus' does not exist on type '{}'.
generated/prisma/runtime/wasm-engine-edge.js(5,18965): error TS2339: Property 'sub' does not exist on type '{}'.
generated/prisma/runtime/wasm-engine-edge.js(5,18978): error TS7006: Parameter 't' implicitly has an 'any' type.
generated/prisma/runtime/wasm-engine-edge.js(5,19005): error TS2351: This expression is not constructable.
  Type 'Function' has no construct signatures.
generated/prisma/runtime/wasm-engine-edge.js(5,19024): error TS2339: Property 's' does not exist on type '{}'.
generated/prisma/runtime/wasm-engine-edge.js(5,19061): error TS2339: Property 'modulo' does not exist on type '{}'.
generated/prisma/runtime/wasm-engine-edge.js(5,19070): error TS2339: Property 'mod' does not exist on type '{}'.
generated/prisma/runtime/wasm-engine-edge.js(5,19083): error TS7006: Parameter 't' implicitly has an 'any' type.
generated/prisma/runtime/wasm-engine-edge.js(5,19119): error TS2339: Property 'precision' does not exist on type 'Function'.
generated/prisma/runtime/wasm-engine-edge.js(5,19138): error TS2351: This expression is not constructable.
  Type 'Function' has no construct signatures.
generated/prisma/runtime/wasm-engine-edge.js(5,19160): error TS7005: Variable 'le' implicitly has an 'any' type.
generated/prisma/runtime/wasm-engine-edge.js(5,19179): error TS2339: Property 's' does not exist on type '{}'.
generated/prisma/runtime/wasm-engine-edge.js(5,19189): error TS7005: Variable 'we' implicitly has an 'any' type.
generated/prisma/runtime/wasm-engine-edge.js(5,19217): error TS2339: Property 'minus' does not exist on type '{}'.
generated/prisma/runtime/wasm-engine-edge.js(5,19233): error TS2351: This expression is not constructable.
  Type 'Function' has no construct signatures.
generated/prisma/runtime/wasm-engine-edge.js(5,19244): error TS2339: Property 'naturalExponential' does not exist on type '{}'.
generated/prisma/runtime/wasm-engine-edge.js(5,19265): error TS2339: Property 'exp' does not exist on type '{}'.
generated/prisma/runtime/wasm-engine-edge.js(5,19299): error TS2339: Property 'naturalLogarithm' does not exist on type '{}'.
generated/prisma/runtime/wasm-engine-edge.js(5,19318): error TS2339: Property 'ln' does not exist on type '{}'.
generated/prisma/runtime/wasm-engine-edge.js(5,19351): error TS2339: Property 'negated' does not exist on type '{}'.
generated/prisma/runtime/wasm-engine-edge.js(5,19361): error TS2339: Property 'neg' does not exist on type '{}'.
generated/prisma/runtime/wasm-engine-edge.js(5,19386): error TS2351: This expression is not constructable.
  Type 'Function' has no construct signatures.
generated/prisma/runtime/wasm-engine-edge.js(5,19433): error TS2339: Property 'plus' does not exist on type '{}'.
generated/prisma/runtime/wasm-engine-edge.js(5,19440): error TS2339: Property 'add' does not exist on type '{}'.
generated/prisma/runtime/wasm-engine-edge.js(5,19453): error TS7006: Parameter 't' implicitly has an 'any' type.
generated/prisma/runtime/wasm-engine-edge.js(5,19480): error TS2351: This expression is not constructable.
  Type 'Function' has no construct signatures.
generated/prisma/runtime/wasm-engine-edge.js(5,19499): error TS2339: Property 's' does not exist on type '{}'.
generated/prisma/runtime/wasm-engine-edge.js(5,19536): error TS2339: Property 'precision' does not exist on type '{}'.
generated/prisma/runtime/wasm-engine-edge.js(5,19548): error TS2339: Property 'sd' does not exist on type '{}'.
generated/prisma/runtime/wasm-engine-edge.js(5,19560): error TS7006: Parameter 't' implicitly has an 'any' type.
generated/prisma/runtime/wasm-engine-edge.js(5,19629): error TS7005: Variable '_e' implicitly has an 'any' type.
generated/prisma/runtime/wasm-engine-edge.js(5,19651): error TS2339: Property 'd' does not exist on type '{}'.
generated/prisma/runtime/wasm-engine-edge.js(5,19666): error TS7005: Variable 'B' implicitly has an 'any' type.
generated/prisma/runtime/wasm-engine-edge.js(5,19674): error TS2339: Property 'd' does not exist on type '{}'.
generated/prisma/runtime/wasm-engine-edge.js(5,19713): error TS2339: Property 'd' does not exist on type '{}'.
generated/prisma/runtime/wasm-engine-edge.js(5,19755): error TS2339: Property 'squareRoot' does not exist on type '{}'.
generated/prisma/runtime/wasm-engine-edge.js(5,19768): error TS2339: Property 'sqrt' does not exist on type '{}'.
generated/prisma/runtime/wasm-engine-edge.js(5,19830): error TS2339: Property 's' does not exist on type '{}'.
generated/prisma/runtime/wasm-engine-edge.js(5,19841): error TS2339: Property 's' does not exist on type '{}'.
generated/prisma/runtime/wasm-engine-edge.js(5,19854): error TS2351: This expression is not constructable.
  Type 'Function' has no construct signatures.
generated/prisma/runtime/wasm-engine-edge.js(5,19871): error TS7005: Variable 'le' implicitly has an 'any' type.
generated/prisma/runtime/wasm-engine-edge.js(5,19934): error TS2339: Property 'd' does not exist on type '{}'.
generated/prisma/runtime/wasm-engine-edge.js(5,19977): error TS2345: Argument of type 'string' is not assignable to parameter of type 'number'.
generated/prisma/runtime/wasm-engine-edge.js(5,19982): error TS7005: Variable 'Qe' implicitly has an 'any' type.
generated/prisma/runtime/wasm-engine-edge.js(5,19994): error TS2363: The right-hand side of an arithmetic operation must be of type 'any', 'number', 'bigint' or an enum type.
generated/prisma/runtime/wasm-engine-edge.js(5,20081): error TS2351: This expression is not constructable.
  Type 'Function' has no construct signatures.
generated/prisma/runtime/wasm-engine-edge.js(5,20093): error TS2351: This expression is not constructable.
  Type 'Function' has no construct signatures.
generated/prisma/runtime/wasm-engine-edge.js(5,20113): error TS2339: Property 'precision' does not exist on type 'Function'.
generated/prisma/runtime/wasm-engine-edge.js(5,20149): error TS7005: Variable 'we' implicitly has an 'any' type.
generated/prisma/runtime/wasm-engine-edge.js(5,20350): error TS2339: Property 'times' does not exist on type '{}'.
generated/prisma/runtime/wasm-engine-edge.js(5,20358): error TS2339: Property 'mul' does not exist on type '{}'.
generated/prisma/runtime/wasm-engine-edge.js(5,20371): error TS7006: Parameter 't' implicitly has an 'any' type.
generated/prisma/runtime/wasm-engine-edge.js(5,20423): error TS2339: Property 'd' does not exist on type '{}'.
generated/prisma/runtime/wasm-engine-edge.js(5,20434): error TS2351: This expression is not constructable.
  Type 'Function' has no construct signatures.
generated/prisma/runtime/wasm-engine-edge.js(5,20448): error TS2339: Property 's' does not exist on type '{}'.
generated/prisma/runtime/wasm-engine-edge.js(5,20467): error TS2351: This expression is not constructable.
  Type 'Function' has no construct signatures.
generated/prisma/runtime/wasm-engine-edge.js(5,20483): error TS2339: Property 's' does not exist on type '{}'.
generated/prisma/runtime/wasm-engine-edge.js(5,20489): error TS2339: Property 'e' does not exist on type '{}'.
generated/prisma/runtime/wasm-engine-edge.js(5,20616): error TS2532: Object is possibly 'undefined'.
generated/prisma/runtime/wasm-engine-edge.js(5,20646): error TS7005: Variable 'H' implicitly has an 'any' type.
generated/prisma/runtime/wasm-engine-edge.js(5,20654): error TS7005: Variable 'H' implicitly has an 'any' type.
generated/prisma/runtime/wasm-engine-edge.js(5,20664): error TS2532: Object is possibly 'undefined'.
generated/prisma/runtime/wasm-engine-edge.js(5,20672): error TS7005: Variable 'H' implicitly has an 'any' type.
generated/prisma/runtime/wasm-engine-edge.js(5,20733): error TS7005: Variable '$' implicitly has an 'any' type.
generated/prisma/runtime/wasm-engine-edge.js(5,20741): error TS2339: Property 'precision' does not exist on type 'Function'.
generated/prisma/runtime/wasm-engine-edge.js(5,20757): error TS2339: Property 'toDecimalPlaces' does not exist on type '{}'.
generated/prisma/runtime/wasm-engine-edge.js(5,20775): error TS2339: Property 'todp' does not exist on type '{}'.
generated/prisma/runtime/wasm-engine-edge.js(5,20789): error TS7006: Parameter 't' implicitly has an 'any' type.
generated/prisma/runtime/wasm-engine-edge.js(5,20791): error TS7006: Parameter 'e' implicitly has an 'any' type.
generated/prisma/runtime/wasm-engine-edge.js(5,20834): error TS2351: This expression is not constructable.
  Type 'Function' has no construct signatures.
generated/prisma/runtime/wasm-engine-edge.js(5,20860): error TS7005: Variable 'je' implicitly has an 'any' type.
generated/prisma/runtime/wasm-engine-edge.js(5,20879): error TS2339: Property 'rounding' does not exist on type 'Function'.
generated/prisma/runtime/wasm-engine-edge.js(5,20918): error TS2339: Property 'toExponential' does not exist on type '{}'.
generated/prisma/runtime/wasm-engine-edge.js(5,20941): error TS7006: Parameter 't' implicitly has an 'any' type.
generated/prisma/runtime/wasm-engine-edge.js(5,20943): error TS7006: Parameter 'e' implicitly has an 'any' type.
generated/prisma/runtime/wasm-engine-edge.js(5,21012): error TS7005: Variable 'je' implicitly has an 'any' type.
generated/prisma/runtime/wasm-engine-edge.js(5,21031): error TS2339: Property 'rounding' does not exist on type 'Function'.
generated/prisma/runtime/wasm-engine-edge.js(5,21058): error TS2351: This expression is not constructable.
  Type 'Function' has no construct signatures.
generated/prisma/runtime/wasm-engine-edge.js(5,21091): error TS2339: Property 'toFixed' does not exist on type '{}'.
generated/prisma/runtime/wasm-engine-edge.js(5,21108): error TS7006: Parameter 't' implicitly has an 'any' type.
generated/prisma/runtime/wasm-engine-edge.js(5,21110): error TS7006: Parameter 'e' implicitly has an 'any' type.
generated/prisma/runtime/wasm-engine-edge.js(5,21176): error TS7005: Variable 'je' implicitly has an 'any' type.
generated/prisma/runtime/wasm-engine-edge.js(5,21195): error TS2339: Property 'rounding' does not exist on type 'Function'.
generated/prisma/runtime/wasm-engine-edge.js(5,21222): error TS2351: This expression is not constructable.
  Type 'Function' has no construct signatures.
generated/prisma/runtime/wasm-engine-edge.js(5,21267): error TS2339: Property 'isneg' does not exist on type '{}'.
generated/prisma/runtime/wasm-engine-edge.js(5,21279): error TS2339: Property 'isZero' does not exist on type '{}'.
generated/prisma/runtime/wasm-engine-edge.js(5,21300): error TS2339: Property 'toInteger' does not exist on type '{}'.
generated/prisma/runtime/wasm-engine-edge.js(5,21312): error TS2339: Property 'toint' does not exist on type '{}'.
generated/prisma/runtime/wasm-engine-edge.js(5,21369): error TS2351: This expression is not constructable.
  Type 'Function' has no construct signatures.
generated/prisma/runtime/wasm-engine-edge.js(5,21383): error TS2339: Property 'rounding' does not exist on type 'Function'.
generated/prisma/runtime/wasm-engine-edge.js(5,21396): error TS2339: Property 'toNumber' does not exist on type '{}'.
generated/prisma/runtime/wasm-engine-edge.js(5,21431): error TS2339: Property 'toPower' does not exist on type '{}'.
generated/prisma/runtime/wasm-engine-edge.js(5,21441): error TS2339: Property 'pow' does not exist on type '{}'.
generated/prisma/runtime/wasm-engine-edge.js(5,21454): error TS7006: Parameter 't' implicitly has an 'any' type.
generated/prisma/runtime/wasm-engine-edge.js(5,21511): error TS2351: This expression is not constructable.
  Type 'Function' has no construct signatures.
generated/prisma/runtime/wasm-engine-edge.js(5,21536): error TS2351: This expression is not constructable.
  Type 'Function' has no construct signatures.
generated/prisma/runtime/wasm-engine-edge.js(5,21538): error TS7005: Variable 'oe' implicitly has an 'any' type.
generated/prisma/runtime/wasm-engine-edge.js(5,21551): error TS2351: This expression is not constructable.
  Type 'Function' has no construct signatures.
generated/prisma/runtime/wasm-engine-edge.js(5,21583): error TS7005: Variable 'le' implicitly has an 'any' type.
generated/prisma/runtime/wasm-engine-edge.js(5,21612): error TS2339: Property 'eq' does not exist on type 'pow'.
generated/prisma/runtime/wasm-engine-edge.js(5,21615): error TS7005: Variable 'oe' implicitly has an 'any' type.
generated/prisma/runtime/wasm-engine-edge.js(5,21635): error TS2339: Property 'precision' does not exist on type 'Function'.
generated/prisma/runtime/wasm-engine-edge.js(5,21650): error TS7005: Variable 'oe' implicitly has an 'any' type.
generated/prisma/runtime/wasm-engine-edge.js(5,21725): error TS7005: Variable 'ei' implicitly has an 'any' type.
generated/prisma/runtime/wasm-engine-edge.js(5,21739): error TS2351: This expression is not constructable.
  Type 'Function' has no construct signatures.
generated/prisma/runtime/wasm-engine-edge.js(5,21741): error TS7005: Variable 'oe' implicitly has an 'any' type.
generated/prisma/runtime/wasm-engine-edge.js(5,21759): error TS7005: Variable 'B' implicitly has an 'any' type.
generated/prisma/runtime/wasm-engine-edge.js(5,21801): error TS7005: Variable 'Qe' implicitly has an 'any' type.
generated/prisma/runtime/wasm-engine-edge.js(5,21820): error TS2339: Property 'times' does not exist on type 'pow'.
generated/prisma/runtime/wasm-engine-edge.js(5,21834): error TS2339: Property 'd' does not exist on type 'pow'.
generated/prisma/runtime/wasm-engine-edge.js(5,21861): error TS2351: This expression is not constructable.
  Type 'Function' has no construct signatures.
generated/prisma/runtime/wasm-engine-edge.js(5,21863): error TS7005: Variable 'oe' implicitly has an 'any' type.
generated/prisma/runtime/wasm-engine-edge.js(5,21906): error TS7005: Variable 'le' implicitly has an 'any' type.
generated/prisma/runtime/wasm-engine-edge.js(5,22012): error TS2339: Property 'toPrecision' does not exist on type '{}'.
generated/prisma/runtime/wasm-engine-edge.js(5,22033): error TS7006: Parameter 't' implicitly has an 'any' type.
generated/prisma/runtime/wasm-engine-edge.js(5,22035): error TS7006: Parameter 'e' implicitly has an 'any' type.
generated/prisma/runtime/wasm-engine-edge.js(5,22107): error TS2339: Property 'toExpNeg' does not exist on type 'Function'.
generated/prisma/runtime/wasm-engine-edge.js(5,22122): error TS2339: Property 'toExpPos' does not exist on type 'Function'.
generated/prisma/runtime/wasm-engine-edge.js(5,22141): error TS7005: Variable 'je' implicitly has an 'any' type.
generated/prisma/runtime/wasm-engine-edge.js(5,22160): error TS2339: Property 'rounding' does not exist on type 'Function'.
generated/prisma/runtime/wasm-engine-edge.js(5,22187): error TS2351: This expression is not constructable.
  Type 'Function' has no construct signatures.
generated/prisma/runtime/wasm-engine-edge.js(5,22222): error TS2339: Property 'toExpNeg' does not exist on type 'Function'.
generated/prisma/runtime/wasm-engine-edge.js(5,22240): error TS2339: Property 'toSignificantDigits' does not exist on type '{}'.
generated/prisma/runtime/wasm-engine-edge.js(5,22262): error TS2339: Property 'tosd' does not exist on type '{}'.
generated/prisma/runtime/wasm-engine-edge.js(5,22276): error TS7006: Parameter 't' implicitly has an 'any' type.
generated/prisma/runtime/wasm-engine-edge.js(5,22278): error TS7006: Parameter 'e' implicitly has an 'any' type.
generated/prisma/runtime/wasm-engine-edge.js(5,22331): error TS2339: Property 'precision' does not exist on type 'Function'.
generated/prisma/runtime/wasm-engine-edge.js(5,22345): error TS2339: Property 'rounding' does not exist on type 'Function'.
generated/prisma/runtime/wasm-engine-edge.js(5,22363): error TS7005: Variable 'je' implicitly has an 'any' type.
generated/prisma/runtime/wasm-engine-edge.js(5,22382): error TS2339: Property 'rounding' does not exist on type 'Function'.
generated/prisma/runtime/wasm-engine-edge.js(5,22408): error TS2351: This expression is not constructable.
  Type 'Function' has no construct signatures.
generated/prisma/runtime/wasm-engine-edge.js(5,22442): error TS2339: Property 'val' does not exist on type '{}'.
generated/prisma/runtime/wasm-engine-edge.js(5,22448): error TS2339: Property 'toJSON' does not exist on type '{}'.
generated/prisma/runtime/wasm-engine-edge.js(5,22455): error TS7053: Element implicitly has an 'any' type because expression of type 'symbol' can't be used to index type '{}'.
generated/prisma/runtime/wasm-engine-edge.js(5,22561): error TS2339: Property 'toExpNeg' does not exist on type 'Function'.
generated/prisma/runtime/wasm-engine-edge.js(5,22576): error TS2339: Property 'toExpPos' does not exist on type 'Function'.
generated/prisma/runtime/wasm-engine-edge.js(5,22612): error TS7006: Parameter 'n' implicitly has an 'any' type.
generated/prisma/runtime/wasm-engine-edge.js(5,22614): error TS7006: Parameter 'i' implicitly has an 'any' type.
generated/prisma/runtime/wasm-engine-edge.js(5,22677): error TS7005: Variable 'H' implicitly has an 'any' type.
generated/prisma/runtime/wasm-engine-edge.js(5,22685): error TS7005: Variable 'H' implicitly has an 'any' type.
generated/prisma/runtime/wasm-engine-edge.js(5,22725): error TS7006: Parameter 'n' implicitly has an 'any' type.
generated/prisma/runtime/wasm-engine-edge.js(5,22727): error TS7006: Parameter 'i' implicitly has an 'any' type.
generated/prisma/runtime/wasm-engine-edge.js(5,22729): error TS7006: Parameter 'o' implicitly has an 'any' type.
generated/prisma/runtime/wasm-engine-edge.js(5,22731): error TS7006: Parameter 's' implicitly has an 'any' type.
generated/prisma/runtime/wasm-engine-edge.js(5,22842): error TS7006: Parameter 'n' implicitly has an 'any' type.
generated/prisma/runtime/wasm-engine-edge.js(5,22844): error TS7006: Parameter 'i' implicitly has an 'any' type.
generated/prisma/runtime/wasm-engine-edge.js(5,22846): error TS7006: Parameter 'o' implicitly has an 'any' type.
generated/prisma/runtime/wasm-engine-edge.js(5,22897): error TS7005: Variable 'H' implicitly has an 'any' type.
generated/prisma/runtime/wasm-engine-edge.js(5,22959): error TS7006: Parameter 'n' implicitly has an 'any' type.
generated/prisma/runtime/wasm-engine-edge.js(5,22961): error TS7006: Parameter 'i' implicitly has an 'any' type.
generated/prisma/runtime/wasm-engine-edge.js(5,22963): error TS7006: Parameter 'o' implicitly has an 'any' type.
generated/prisma/runtime/wasm-engine-edge.js(5,22965): error TS7006: Parameter 's' implicitly has an 'any' type.
generated/prisma/runtime/wasm-engine-edge.js(5,23107): error TS7005: Variable 'le' implicitly has an 'any' type.
generated/prisma/runtime/wasm-engine-edge.js(5,23324): error TS7005: Variable 'B' implicitly has an 'any' type.
generated/prisma/runtime/wasm-engine-edge.js(5,23384): error TS7005: Variable 'H' implicitly has an 'any' type.
generated/prisma/runtime/wasm-engine-edge.js(5,23397): error TS2322: Type 'number' is not assignable to type 'never'.
generated/prisma/runtime/wasm-engine-edge.js(5,23427): error TS7005: Variable 'H' implicitly has an 'any' type.
generated/prisma/runtime/wasm-engine-edge.js(5,23582): error TS7005: Variable 'H' implicitly has an 'any' type.
generated/prisma/runtime/wasm-engine-edge.js(5,23640): error TS7005: Variable 'H' implicitly has an 'any' type.
generated/prisma/runtime/wasm-engine-edge.js(5,23671): error TS7005: Variable 'H' implicitly has an 'any' type.
generated/prisma/runtime/wasm-engine-edge.js(5,23677): error TS7005: Variable 'H' implicitly has an 'any' type.
generated/prisma/runtime/wasm-engine-edge.js(5,23915): error TS2322: Type 'number' is not assignable to type 'never'.
generated/prisma/runtime/wasm-engine-edge.js(5,24090): error TS7034: Variable 'P' implicitly has type 'any' in some locations where its type cannot be determined.
generated/prisma/runtime/wasm-engine-edge.js(5,24092): error TS7034: Variable 'xe' implicitly has type 'any' in some locations where its type cannot be determined.
generated/prisma/runtime/wasm-engine-edge.js(5,24139): error TS7005: Variable 'sr' implicitly has an 'any' type.
generated/prisma/runtime/wasm-engine-edge.js(5,24159): error TS7006: Parameter 'e' implicitly has an 'any' type.
generated/prisma/runtime/wasm-engine-edge.js(5,24182): error TS7005: Variable 'sr' implicitly has an 'any' type.
generated/prisma/runtime/wasm-engine-edge.js(5,24298): error TS7005: Variable 'sr' implicitly has an 'any' type.
generated/prisma/runtime/wasm-engine-edge.js(5,24618): error TS7006: Parameter 't' implicitly has an 'any' type.
generated/prisma/runtime/wasm-engine-edge.js(5,24881): error TS7006: Parameter 't' implicitly has an 'any' type.
generated/prisma/runtime/wasm-engine-edge.js(5,24883): error TS7006: Parameter 'e' implicitly has an 'any' type.
generated/prisma/runtime/wasm-engine-edge.js(5,24909): error TS7034: Variable 'Pi' implicitly has type 'any' in some locations where its type cannot be determined.
generated/prisma/runtime/wasm-engine-edge.js(5,25221): error TS7006: Parameter 'Yp' implicitly has an 'any' type.
generated/prisma/runtime/wasm-engine-edge.js(5,25224): error TS7006: Parameter 'Aa' implicitly has an 'any' type.
generated/prisma/runtime/wasm-engine-edge.js(5,27567): error TS7019: Rest parameter 't' implicitly has an 'any[]' type.
generated/prisma/runtime/wasm-engine-edge.js(5,27604): error TS7019: Rest parameter 't' implicitly has an 'any[]' type.
generated/prisma/runtime/wasm-engine-edge.js(5,27641): error TS7006: Parameter 't' implicitly has an 'any' type.
generated/prisma/runtime/wasm-engine-edge.js(5,27738): error TS7006: Parameter 't' implicitly has an 'any' type.
generated/prisma/runtime/wasm-engine-edge.js(5,27793): error TS7006: Parameter 't' implicitly has an 'any' type.
generated/prisma/runtime/wasm-engine-edge.js(5,27850): error TS7006: Parameter 't' implicitly has an 'any' type.
generated/prisma/runtime/wasm-engine-edge.js(5,27879): error TS7006: Parameter 'i' implicitly has an 'any' type.
generated/prisma/runtime/wasm-engine-edge.js(5,28013): error TS7034: Variable 'cr' implicitly has type 'any' in some locations where its type cannot be determined.
generated/prisma/runtime/wasm-engine-edge.js(5,28207): error TS7006: Parameter 'ud' implicitly has an 'any' type.
generated/prisma/runtime/wasm-engine-edge.js(5,28210): error TS7006: Parameter 'qa' implicitly has an 'any' type.
generated/prisma/runtime/wasm-engine-edge.js(5,28729): error TS7006: Parameter 'dr' implicitly has an 'any' type.
generated/prisma/runtime/wasm-engine-edge.js(5,28904): error TS7006: Parameter 'vd' implicitly has an 'any' type.
generated/prisma/runtime/wasm-engine-edge.js(5,28907): error TS7006: Parameter 'ki' implicitly has an 'any' type.
generated/prisma/runtime/wasm-engine-edge.js(5,28962): error TS7006: Parameter 't' implicitly has an 'any' type.
generated/prisma/runtime/wasm-engine-edge.js(5,28968): error TS7006: Parameter 'r' implicitly has an 'any' type.
generated/prisma/runtime/wasm-engine-edge.js(5,29466): error TS7006: Parameter 'eb' implicitly has an 'any' type.
generated/prisma/runtime/wasm-engine-edge.js(5,29469): error TS7006: Parameter 'qi' implicitly has an 'any' type.
generated/prisma/runtime/wasm-engine-edge.js(5,29545): error TS7006: Parameter 'e' implicitly has an 'any' type.
generated/prisma/runtime/wasm-engine-edge.js(5,29547): error TS7006: Parameter 'r' implicitly has an 'any' type.
generated/prisma/runtime/wasm-engine-edge.js(5,29549): error TS7006: Parameter 'n' implicitly has an 'any' type.
generated/prisma/runtime/wasm-engine-edge.js(5,29551): error TS7006: Parameter 'i' implicitly has an 'any' type.
generated/prisma/runtime/wasm-engine-edge.js(5,29553): error TS7006: Parameter 'o' implicitly has an 'any' type.
generated/prisma/runtime/wasm-engine-edge.js(5,29612): error TS7006: Parameter 'e' implicitly has an 'any' type.
generated/prisma/runtime/wasm-engine-edge.js(5,29614): error TS7006: Parameter 'r' implicitly has an 'any' type.
generated/prisma/runtime/wasm-engine-edge.js(5,30427): error TS7034: Variable 'Fr' implicitly has type 'any' in some locations where its type cannot be determined.
generated/prisma/runtime/wasm-engine-edge.js(5,30500): error TS7006: Parameter 'e' implicitly has an 'any' type.
generated/prisma/runtime/wasm-engine-edge.js(5,30502): error TS7006: Parameter 'r' implicitly has an 'any' type.
generated/prisma/runtime/wasm-engine-edge.js(5,30512): error TS7053: Element implicitly has an 'any' type because expression of type 'any' can't be used to index type '{}'.
generated/prisma/runtime/wasm-engine-edge.js(5,30529): error TS7053: Element implicitly has an 'any' type because expression of type 'any' can't be used to index type '{}'.
generated/prisma/runtime/wasm-engine-edge.js(5,30548): error TS7053: Element implicitly has an 'any' type because expression of type 'any' can't be used to index type '{}'.
generated/prisma/runtime/wasm-engine-edge.js(5,30581): error TS7006: Parameter 'e' implicitly has an 'any' type.
generated/prisma/runtime/wasm-engine-edge.js(5,30583): error TS7019: Rest parameter 'r' implicitly has an 'any[]' type.
generated/prisma/runtime/wasm-engine-edge.js(5,30596): error TS7053: Element implicitly has an 'any' type because expression of type 'any' can't be used to index type '{}'.
generated/prisma/runtime/wasm-engine-edge.js(5,30612): error TS7053: Element implicitly has an 'any' type because expression of type 'any' can't be used to index type '{}'.
generated/prisma/runtime/wasm-engine-edge.js(5,30635): error TS7006: Parameter 'n' implicitly has an 'any' type.
generated/prisma/runtime/wasm-engine-edge.js(5,30713): error TS7005: Variable 'xe' implicitly has an 'any' type.
generated/prisma/runtime/wasm-engine-edge.js(5,31519): error TS7006: Parameter 't' implicitly has an 'any' type.
generated/prisma/runtime/wasm-engine-edge.js(5,31552): error TS7006: Parameter 'e' implicitly has an 'any' type.
generated/prisma/runtime/wasm-engine-edge.js(5,31605): error TS7006: Parameter 't' implicitly has an 'any' type.
generated/prisma/runtime/wasm-engine-edge.js(5,31713): error TS7019: Rest parameter 't' implicitly has an 'any[]' type.
generated/prisma/runtime/wasm-engine-edge.js(5,31726): error TS7006: Parameter 'e' implicitly has an 'any' type.
generated/prisma/runtime/wasm-engine-edge.js(5,31900): error TS18048: 'g' is possibly 'undefined'.
generated/prisma/runtime/wasm-engine-edge.js(5,31913): error TS18048: 'g' is possibly 'undefined'.
generated/prisma/runtime/wasm-engine-edge.js(5,31923): error TS18048: 'g' is possibly 'undefined'.
generated/prisma/runtime/wasm-engine-edge.js(5,32020): error TS7006: Parameter 't' implicitly has an 'any' type.
generated/prisma/runtime/wasm-engine-edge.js(5,32022): error TS7006: Parameter 'e' implicitly has an 'any' type.
generated/prisma/runtime/wasm-engine-edge.js(5,32109): error TS7006: Parameter 'o' implicitly has an 'any' type.
generated/prisma/runtime/wasm-engine-edge.js(5,32580): error TS7034: Variable 'ur' implicitly has type 'any[]' in some locations where its type cannot be determined.
generated/prisma/runtime/wasm-engine-edge.js(5,32621): error TS18048: 'g' is possibly 'undefined'.
generated/prisma/runtime/wasm-engine-edge.js(5,32641): error TS7017: Element implicitly has an 'any' type because type 'typeof globalThis' has no index signature.
generated/prisma/runtime/wasm-engine-edge.js(5,32673): error TS7017: Element implicitly has an 'any' type because type 'typeof globalThis' has no index signature.
generated/prisma/runtime/wasm-engine-edge.js(5,32747): error TS7006: Parameter 't' implicitly has an 'any' type.
generated/prisma/runtime/wasm-engine-edge.js(5,32782): error TS7017: Element implicitly has an 'any' type because type 'typeof globalThis' has no index signature.
generated/prisma/runtime/wasm-engine-edge.js(5,32819): error TS7017: Element implicitly has an 'any' type because type 'typeof globalThis' has no index signature.
generated/prisma/runtime/wasm-engine-edge.js(5,32843): error TS7017: Element implicitly has an 'any' type because type 'typeof globalThis' has no index signature.
generated/prisma/runtime/wasm-engine-edge.js(5,32863): error TS7006: Parameter 't' implicitly has an 'any' type.
generated/prisma/runtime/wasm-engine-edge.js(5,32883): error TS7017: Element implicitly has an 'any' type because type 'typeof globalThis' has no index signature.
generated/prisma/runtime/wasm-engine-edge.js(5,32904): error TS7006: Parameter 'i' implicitly has an 'any' type.
generated/prisma/runtime/wasm-engine-edge.js(5,32956): error TS7006: Parameter 'i' implicitly has an 'any' type.
generated/prisma/runtime/wasm-engine-edge.js(5,33036): error TS7006: Parameter 'i' implicitly has an 'any' type.
generated/prisma/runtime/wasm-engine-edge.js(5,33135): error TS7019: Rest parameter 't' implicitly has an 'any[]' type.
generated/prisma/runtime/wasm-engine-edge.js(5,33233): error TS7006: Parameter 't' implicitly has an 'any' type.
generated/prisma/runtime/wasm-engine-edge.js(5,33331): error TS7019: Rest parameter 'n' implicitly has an 'any[]' type.
generated/prisma/runtime/wasm-engine-edge.js(5,33431): error TS7005: Variable 'ur' implicitly has an 'any[]' type.
generated/prisma/runtime/wasm-engine-edge.js(5,33586): error TS7053: Element implicitly has an 'any' type because expression of type 'string | symbol' can't be used to index type '{ color: string | undefined; enabled: any; namespace: any; log: (...t: any[]) => void; extend: () => void; }'.
  No index signature with a parameter of type 'string' was found on type '{ color: string | undefined; enabled: any; namespace: any; log: (...t: any[]) => void; extend: () => void; }'.
generated/prisma/runtime/wasm-engine-edge.js(5,33604): error TS7053: Element implicitly has an 'any' type because expression of type 'string | symbol' can't be used to index type '{ color: string | undefined; enabled: any; namespace: any; log: (...t: any[]) => void; extend: () => void; }'.
  No index signature with a parameter of type 'string' was found on type '{ color: string | undefined; enabled: any; namespace: any; log: (...t: any[]) => void; extend: () => void; }'.
generated/prisma/runtime/wasm-engine-edge.js(5,33644): error TS7053: Element implicitly has an 'any' type because expression of type 'string | symbol' can't be used to index type '{ enable(t: any): void; disable(): any; enabled(t: any): any; log: (...t: any[]) => void; formatters: {}; }'.
  No index signature with a parameter of type 'string' was found on type '{ enable(t: any): void; disable(): any; enabled(t: any): any; log: (...t: any[]) => void; formatters: {}; }'.
generated/prisma/runtime/wasm-engine-edge.js(5,33663): error TS7053: Element implicitly has an 'any' type because expression of type 'string | symbol' can't be used to index type '{ enable(t: any): void; disable(): any; enabled(t: any): any; log: (...t: any[]) => void; formatters: {}; }'.
  No index signature with a parameter of type 'string' was found on type '{ enable(t: any): void; disable(): any; enabled(t: any): any; log: (...t: any[]) => void; formatters: {}; }'.
generated/prisma/runtime/wasm-engine-edge.js(5,33685): error TS7006: Parameter 't' implicitly has an 'any' type.
generated/prisma/runtime/wasm-engine-edge.js(5,34615): error TS7006: Parameter 't' implicitly has an 'any' type.
generated/prisma/runtime/wasm-engine-edge.js(5,34791): error TS7005: Variable 'g' implicitly has an 'any' type.
generated/prisma/runtime/wasm-engine-edge.js(5,35043): error TS7006: Parameter 't' implicitly has an 'any' type.
generated/prisma/runtime/wasm-engine-edge.js(5,35145): error TS7006: Parameter 't' implicitly has an 'any' type.
generated/prisma/runtime/wasm-engine-edge.js(5,35173): error TS7006: Parameter 'e' implicitly has an 'any' type.
generated/prisma/runtime/wasm-engine-edge.js(5,35201): error TS7006: Parameter 'e' implicitly has an 'any' type.
generated/prisma/runtime/wasm-engine-edge.js(5,35230): error TS7006: Parameter 't' implicitly has an 'any' type.
generated/prisma/runtime/wasm-engine-edge.js(5,35341): error TS7008: Member 'registeredErrors' implicitly has an 'any[]' type.
generated/prisma/runtime/wasm-engine-edge.js(5,35374): error TS7006: Parameter 'e' implicitly has an 'any' type.
generated/prisma/runtime/wasm-engine-edge.js(5,35426): error TS7006: Parameter 'e' implicitly has an 'any' type.
generated/prisma/runtime/wasm-engine-edge.js(5,35535): error TS7006: Parameter 't' implicitly has an 'any' type.
generated/prisma/runtime/wasm-engine-edge.js(5,35789): error TS7019: Rest parameter 'n' implicitly has an 'any[]' type.
generated/prisma/runtime/wasm-engine-edge.js(5,35847): error TS7006: Parameter 'o' implicitly has an 'any' type.
generated/prisma/runtime/wasm-engine-edge.js(5,35891): error TS2339: Property 'getConnectionInfo' does not exist on type '{ adapterName: any; errorRegistry: ln; queryRaw: (...r: any[]) => Promise<{ ok: boolean; value: any; map(e: any): ...; flatMap(e: any): any; } | { ok: boolean; error: any; map(): ...; flatMap(): ...; }>; ... 4 more ...; startTransaction: (...n: any[]) => Promise<...>; }'.
generated/prisma/runtime/wasm-engine-edge.js(5,35951): error TS7006: Parameter 't' implicitly has an 'any' type.
generated/prisma/runtime/wasm-engine-edge.js(5,35953): error TS7006: Parameter 'e' implicitly has an 'any' type.
generated/prisma/runtime/wasm-engine-edge.js(5,36173): error TS7006: Parameter 't' implicitly has an 'any' type.
generated/prisma/runtime/wasm-engine-edge.js(5,36175): error TS7006: Parameter 'e' implicitly has an 'any' type.
generated/prisma/runtime/wasm-engine-edge.js(5,36191): error TS7019: Rest parameter 'r' implicitly has an 'any[]' type.
generated/prisma/runtime/wasm-engine-edge.js(5,36282): error TS18046: 'n' is of type 'unknown'.
generated/prisma/runtime/wasm-engine-edge.js(5,36368): error TS7006: Parameter 't' implicitly has an 'any' type.
generated/prisma/runtime/wasm-engine-edge.js(5,36370): error TS7006: Parameter 'e' implicitly has an 'any' type.
generated/prisma/runtime/wasm-engine-edge.js(5,36380): error TS7019: Rest parameter 'r' implicitly has an 'any[]' type.
generated/prisma/runtime/wasm-engine-edge.js(5,36464): error TS18046: 'n' is of type 'unknown'.
generated/prisma/runtime/wasm-engine-edge.js(5,36611): error TS7006: Parameter 't' implicitly has an 'any' type.
generated/prisma/runtime/wasm-engine-edge.js(5,36673): error TS7006: Parameter 't' implicitly has an 'any' type.
generated/prisma/runtime/wasm-engine-edge.js(5,37044): error TS7005: Variable 'g' implicitly has an 'any' type.
generated/prisma/runtime/wasm-engine-edge.js(5,37087): error TS7019: Rest parameter 't' implicitly has an 'any[]' type.
generated/prisma/runtime/wasm-engine-edge.js(5,37123): error TS7006: Parameter 't' implicitly has an 'any' type.
generated/prisma/runtime/wasm-engine-edge.js(5,37125): error TS7019: Rest parameter 'e' implicitly has an 'any[]' type.
generated/prisma/runtime/wasm-engine-edge.js(5,37191): error TS7006: Parameter 't' implicitly has an 'any' type.
generated/prisma/runtime/wasm-engine-edge.js(5,37193): error TS7019: Rest parameter 'e' implicitly has an 'any[]' type.
generated/prisma/runtime/wasm-engine-edge.js(5,37248): error TS7006: Parameter 't' implicitly has an 'any' type.
generated/prisma/runtime/wasm-engine-edge.js(5,37250): error TS7019: Rest parameter 'e' implicitly has an 'any[]' type.
generated/prisma/runtime/wasm-engine-edge.js(5,37307): error TS7006: Parameter 't' implicitly has an 'any' type.
generated/prisma/runtime/wasm-engine-edge.js(5,37309): error TS7019: Rest parameter 'e' implicitly has an 'any[]' type.
generated/prisma/runtime/wasm-engine-edge.js(5,37388): error TS7006: Parameter 't' implicitly has an 'any' type.
generated/prisma/runtime/wasm-engine-edge.js(5,37390): error TS7006: Parameter 'e' implicitly has an 'any' type.
generated/prisma/runtime/wasm-engine-edge.js(5,37575): error TS7006: Parameter 't' implicitly has an 'any' type.
generated/prisma/runtime/wasm-engine-edge.js(5,37577): error TS7006: Parameter 'e' implicitly has an 'any' type.
generated/prisma/runtime/wasm-engine-edge.js(5,37969): error TS7006: Parameter 't' implicitly has an 'any' type.
generated/prisma/runtime/wasm-engine-edge.js(5,38120): error TS7006: Parameter 't' implicitly has an 'any' type.
generated/prisma/runtime/wasm-engine-edge.js(5,38122): error TS7006: Parameter 'e' implicitly has an 'any' type.
generated/prisma/runtime/wasm-engine-edge.js(5,38210): error TS7006: Parameter 't' implicitly has an 'any' type.
generated/prisma/runtime/wasm-engine-edge.js(5,38212): error TS7006: Parameter 'e' implicitly has an 'any' type.
generated/prisma/runtime/wasm-engine-edge.js(5,38252): error TS7053: Element implicitly has an 'any' type because expression of type 'string' can't be used to index type '{}'.
  No index signature with a parameter of type 'string' was found on type '{}'.
generated/prisma/runtime/wasm-engine-edge.js(5,38312): error TS7006: Parameter 't' implicitly has an 'any' type.
generated/prisma/runtime/wasm-engine-edge.js(5,38314): error TS7006: Parameter 'e' implicitly has an 'any' type.
generated/prisma/runtime/wasm-engine-edge.js(5,38444): error TS7006: Parameter 't' implicitly has an 'any' type.
generated/prisma/runtime/wasm-engine-edge.js(5,38446): error TS7006: Parameter 'e' implicitly has an 'any' type.
generated/prisma/runtime/wasm-engine-edge.js(5,38550): error TS7006: Parameter 't' implicitly has an 'any' type.
generated/prisma/runtime/wasm-engine-edge.js(5,38552): error TS7006: Parameter 'e' implicitly has an 'any' type.
generated/prisma/runtime/wasm-engine-edge.js(5,38554): error TS7019: Rest parameter 'r' implicitly has an 'any[]' type.
generated/prisma/runtime/wasm-engine-edge.js(5,38649): error TS7008: Member 'retryable' implicitly has an 'any' type.
generated/prisma/runtime/wasm-engine-edge.js(5,38671): error TS7006: Parameter 'e' implicitly has an 'any' type.
generated/prisma/runtime/wasm-engine-edge.js(5,38673): error TS7006: Parameter 'r' implicitly has an 'any' type.
generated/prisma/runtime/wasm-engine-edge.js(5,38675): error TS7006: Parameter 'n' implicitly has an 'any' type.
generated/prisma/runtime/wasm-engine-edge.js(5,38977): error TS7008: Member 'batchRequestIdx' implicitly has an 'any' type.
generated/prisma/runtime/wasm-engine-edge.js(5,39005): error TS7006: Parameter 'e' implicitly has an 'any' type.
generated/prisma/runtime/wasm-engine-edge.js(5,39013): error TS7031: Binding element 'r' implicitly has an 'any' type.
generated/prisma/runtime/wasm-engine-edge.js(5,39029): error TS7031: Binding element 'n' implicitly has an 'any' type.
generated/prisma/runtime/wasm-engine-edge.js(5,39036): error TS7031: Binding element 'i' implicitly has an 'any' type.
generated/prisma/runtime/wasm-engine-edge.js(5,39054): error TS7031: Binding element 'o' implicitly has an 'any' type.
generated/prisma/runtime/wasm-engine-edge.js(5,39416): error TS7006: Parameter 'e' implicitly has an 'any' type.
generated/prisma/runtime/wasm-engine-edge.js(5,39418): error TS7006: Parameter 'r' implicitly has an 'any' type.
generated/prisma/runtime/wasm-engine-edge.js(5,39652): error TS7008: Member 'batchRequestIdx' implicitly has an 'any' type.
generated/prisma/runtime/wasm-engine-edge.js(5,39680): error TS7006: Parameter 'e' implicitly has an 'any' type.
generated/prisma/runtime/wasm-engine-edge.js(5,39697): error TS7031: Binding element 'r' implicitly has an 'any' type.
generated/prisma/runtime/wasm-engine-edge.js(5,39715): error TS7031: Binding element 'n' implicitly has an 'any' type.
generated/prisma/runtime/wasm-engine-edge.js(5,40093): error TS7006: Parameter 'e' implicitly has an 'any' type.
generated/prisma/runtime/wasm-engine-edge.js(5,40110): error TS7031: Binding element 'r' implicitly has an 'any' type.
generated/prisma/runtime/wasm-engine-edge.js(5,40345): error TS7006: Parameter 'e' implicitly has an 'any' type.
generated/prisma/runtime/wasm-engine-edge.js(5,40383): error TS7006: Parameter 'e' implicitly has an 'any' type.
generated/prisma/runtime/wasm-engine-edge.js(5,40385): error TS7006: Parameter 'r' implicitly has an 'any' type.
generated/prisma/runtime/wasm-engine-edge.js(5,40427): error TS7006: Parameter 'e' implicitly has an 'any' type.
generated/prisma/runtime/wasm-engine-edge.js(5,40429): error TS7006: Parameter 'r' implicitly has an 'any' type.
generated/prisma/runtime/wasm-engine-edge.js(5,40546): error TS7006: Parameter 't' implicitly has an 'any' type.
generated/prisma/runtime/wasm-engine-edge.js(5,40638): error TS7006: Parameter 't' implicitly has an 'any' type.
generated/prisma/runtime/wasm-engine-edge.js(5,40640): error TS7006: Parameter 'e' implicitly has an 'any' type.
generated/prisma/runtime/wasm-engine-edge.js(5,40679): error TS7053: Element implicitly has an 'any' type because expression of type 'any' can't be used to index type '{}'.
generated/prisma/runtime/wasm-engine-edge.js(5,40731): error TS7006: Parameter 't' implicitly has an 'any' type.
generated/prisma/runtime/wasm-engine-edge.js(5,40738): error TS7034: Variable 'e' implicitly has type 'any' in some locations where its type cannot be determined.
generated/prisma/runtime/wasm-engine-edge.js(5,40760): error TS7005: Variable 'e' implicitly has an 'any' type.
generated/prisma/runtime/wasm-engine-edge.js(5,40825): error TS7006: Parameter 't' implicitly has an 'any' type.
generated/prisma/runtime/wasm-engine-edge.js(5,40904): error TS7006: Parameter 't' implicitly has an 'any' type.
generated/prisma/runtime/wasm-engine-edge.js(5,40941): error TS7053: Element implicitly has an 'any' type because expression of type 'any' can't be used to index type '{}'.
generated/prisma/runtime/wasm-engine-edge.js(5,40993): error TS7006: Parameter 't' implicitly has an 'any' type.
generated/prisma/runtime/wasm-engine-edge.js(5,41086): error TS7006: Parameter 't' implicitly has an 'any' type.
generated/prisma/runtime/wasm-engine-edge.js(5,41166): error TS7006: Parameter 't' implicitly has an 'any' type.
generated/prisma/runtime/wasm-engine-edge.js(5,41176): error TS7005: Variable 'P' implicitly has an 'any' type.
generated/prisma/runtime/wasm-engine-edge.js(5,41496): error TS7006: Parameter 't' implicitly has an 'any' type.
generated/prisma/runtime/wasm-engine-edge.js(5,41538): error TS7006: Parameter 'e' implicitly has an 'any' type.
generated/prisma/runtime/wasm-engine-edge.js(5,41578): error TS7022: 'Rt' implicitly has type 'any' because it does not have a type annotation and is referenced directly or indirectly in its own initializer.
generated/prisma/runtime/wasm-engine-edge.js(5,42179): error TS7006: Parameter 't' implicitly has an 'any' type.
generated/prisma/runtime/wasm-engine-edge.js(5,42205): error TS7006: Parameter 't' implicitly has an 'any' type.
generated/prisma/runtime/wasm-engine-edge.js(5,42215): error TS7006: Parameter 't' implicitly has an 'any' type.
generated/prisma/runtime/wasm-engine-edge.js(5,42224): error TS7006: Parameter 't' implicitly has an 'any' type.
generated/prisma/runtime/wasm-engine-edge.js(5,42234): error TS7006: Parameter 't' implicitly has an 'any' type.
generated/prisma/runtime/wasm-engine-edge.js(5,42249): error TS7006: Parameter 't' implicitly has an 'any' type.
generated/prisma/runtime/wasm-engine-edge.js(5,42270): error TS7006: Parameter 't' implicitly has an 'any' type.
generated/prisma/runtime/wasm-engine-edge.js(5,42297): error TS7031: Binding element 't' implicitly has an 'any' type.
generated/prisma/runtime/wasm-engine-edge.js(5,42314): error TS7031: Binding element 'e' implicitly has an 'any' type.
generated/prisma/runtime/wasm-engine-edge.js(5,42324): error TS7031: Binding element 'r' implicitly has an 'any' type.
generated/prisma/runtime/wasm-engine-edge.js(5,42340): error TS7031: Binding element 'n' implicitly has an 'any' type.
generated/prisma/runtime/wasm-engine-edge.js(5,42447): error TS7031: Binding element 't' implicitly has an 'any' type.
generated/prisma/runtime/wasm-engine-edge.js(5,42458): error TS7031: Binding element 'e' implicitly has an 'any' type.
generated/prisma/runtime/wasm-engine-edge.js(5,42468): error TS7031: Binding element 'r' implicitly has an 'any' type.
generated/prisma/runtime/wasm-engine-edge.js(5,42478): error TS7031: Binding element 'n' implicitly has an 'any' type.
generated/prisma/runtime/wasm-engine-edge.js(5,42493): error TS7031: Binding element 'i' implicitly has an 'any' type.
generated/prisma/runtime/wasm-engine-edge.js(5,42509): error TS7031: Binding element 'o' implicitly has an 'any' type.
generated/prisma/runtime/wasm-engine-edge.js(5,42512): error TS7006: Parameter 's' implicitly has an 'any' type.
generated/prisma/runtime/wasm-engine-edge.js(6,16): error TS7006: Parameter 't' implicitly has an 'any' type.
generated/prisma/runtime/wasm-engine-edge.js(6,159): error TS7006: Parameter 't' implicitly has an 'any' type.
generated/prisma/runtime/wasm-engine-edge.js(6,203): error TS2304: Cannot find name '$getTemplateParameters'.
generated/prisma/runtime/wasm-engine-edge.js(6,232): error TS2304: Cannot find name '$getTemplateParameters'.
generated/prisma/runtime/wasm-engine-edge.js(6,352): error TS7006: Parameter 't' implicitly has an 'any' type.
generated/prisma/runtime/wasm-engine-edge.js(6,354): error TS7006: Parameter 'e' implicitly has an 'any' type.
generated/prisma/runtime/wasm-engine-edge.js(6,356): error TS7006: Parameter 'r' implicitly has an 'any' type.
generated/prisma/runtime/wasm-engine-edge.js(6,450): error TS7006: Parameter 't' implicitly has an 'any' type.
generated/prisma/runtime/wasm-engine-edge.js(6,477): error TS7006: Parameter 'e' implicitly has an 'any' type.
generated/prisma/runtime/wasm-engine-edge.js(6,520): error TS7006: Parameter 't' implicitly has an 'any' type.
generated/prisma/runtime/wasm-engine-edge.js(6,841): error TS7006: Parameter 't' implicitly has an 'any' type.
generated/prisma/runtime/wasm-engine-edge.js(6,843): error TS7006: Parameter 'e' implicitly has an 'any' type.
generated/prisma/runtime/wasm-engine-edge.js(6,890): error TS7006: Parameter 't' implicitly has an 'any' type.
generated/prisma/runtime/wasm-engine-edge.js(6,906): error TS7006: Parameter 'e' implicitly has an 'any' type.
generated/prisma/runtime/wasm-engine-edge.js(6,908): error TS7006: Parameter 'r' implicitly has an 'any' type.
generated/prisma/runtime/wasm-engine-edge.js(6,976): error TS7006: Parameter 't' implicitly has an 'any' type.
generated/prisma/runtime/wasm-engine-edge.js(6,1126): error TS7006: Parameter 't' implicitly has an 'any' type.
generated/prisma/runtime/wasm-engine-edge.js(6,1344): error TS7006: Parameter 'e' implicitly has an 'any' type.
generated/prisma/runtime/wasm-engine-edge.js(6,1346): error TS7006: Parameter 'r' implicitly has an 'any' type.
generated/prisma/runtime/wasm-engine-edge.js(6,1440): error TS7006: Parameter 'e' implicitly has an 'any' type.
generated/prisma/runtime/wasm-engine-edge.js(6,1772): error TS7006: Parameter 'r' implicitly has an 'any' type.
generated/prisma/runtime/wasm-engine-edge.js(6,1811): error TS7008: Member 'lines' implicitly has an 'any[]' type.
generated/prisma/runtime/wasm-engine-edge.js(6,1851): error TS7008: Member 'marginSymbol' implicitly has an 'any' type.
generated/prisma/runtime/wasm-engine-edge.js(6,1864): error TS7008: Member 'afterNextNewLineCallback' implicitly has an 'any' type.
generated/prisma/runtime/wasm-engine-edge.js(6,1895): error TS7006: Parameter 'e' implicitly has an 'any' type.
generated/prisma/runtime/wasm-engine-edge.js(6,1975): error TS7006: Parameter 'e' implicitly has an 'any' type.
generated/prisma/runtime/wasm-engine-edge.js(6,1977): error TS7006: Parameter 'r' implicitly has an 'any' type.
generated/prisma/runtime/wasm-engine-edge.js(6,1982): error TS7006: Parameter 'i' implicitly has an 'any' type.
generated/prisma/runtime/wasm-engine-edge.js(6,1984): error TS7006: Parameter 'o' implicitly has an 'any' type.
generated/prisma/runtime/wasm-engine-edge.js(6,2100): error TS7006: Parameter 'e' implicitly has an 'any' type.
generated/prisma/runtime/wasm-engine-edge.js(6,2335): error TS7006: Parameter 'e' implicitly has an 'any' type.
generated/prisma/runtime/wasm-engine-edge.js(6,2405): error TS7006: Parameter 'e' implicitly has an 'any' type.
generated/prisma/runtime/wasm-engine-edge.js(6,2576): error TS7006: Parameter 'e' implicitly has an 'any' type.
generated/prisma/runtime/wasm-engine-edge.js(7,294): error TS7006: Parameter 'e' implicitly has an 'any' type.
generated/prisma/runtime/wasm-engine-edge.js(7,316): error TS7006: Parameter 'e' implicitly has an 'any' type.
generated/prisma/runtime/wasm-engine-edge.js(7,411): error TS7006: Parameter 't' implicitly has an 'any' type.
generated/prisma/runtime/wasm-engine-edge.js(7,520): error TS7006: Parameter 't' implicitly has an 'any' type.
generated/prisma/runtime/wasm-engine-edge.js(7,591): error TS7006: Parameter 'e' implicitly has an 'any' type.
generated/prisma/runtime/wasm-engine-edge.js(7,632): error TS7006: Parameter 'e' implicitly has an 'any' type.
generated/prisma/runtime/wasm-engine-edge.js(7,691): error TS7006: Parameter 'e' implicitly has an 'any' type.
generated/prisma/runtime/wasm-engine-edge.js(7,725): error TS7006: Parameter 'e' implicitly has an 'any' type.
generated/prisma/runtime/wasm-engine-edge.js(7,1038): error TS7008: Member 'items' implicitly has an 'any[]' type.
generated/prisma/runtime/wasm-engine-edge.js(7,1055): error TS7006: Parameter 'e' implicitly has an 'any' type.
generated/prisma/runtime/wasm-engine-edge.js(7,1106): error TS7006: Parameter 'e' implicitly has an 'any' type.
generated/prisma/runtime/wasm-engine-edge.js(7,1241): error TS7006: Parameter 'e' implicitly has an 'any' type.
generated/prisma/runtime/wasm-engine-edge.js(7,1330): error TS7006: Parameter 'e' implicitly has an 'any' type.
generated/prisma/runtime/wasm-engine-edge.js(7,1438): error TS7006: Parameter 'e' implicitly has an 'any' type.
generated/prisma/runtime/wasm-engine-edge.js(7,1692): error TS7008: Member 'suggestions' implicitly has an 'any[]' type.
generated/prisma/runtime/wasm-engine-edge.js(7,1716): error TS7006: Parameter 'e' implicitly has an 'any' type.
generated/prisma/runtime/wasm-engine-edge.js(7,1719): error TS7053: Element implicitly has an 'any' type because expression of type 'any' can't be used to index type '{}'.
generated/prisma/runtime/wasm-engine-edge.js(7,1755): error TS7006: Parameter 'e' implicitly has an 'any' type.
generated/prisma/runtime/wasm-engine-edge.js(7,1792): error TS7006: Parameter 'e' implicitly has an 'any' type.
generated/prisma/runtime/wasm-engine-edge.js(7,1802): error TS7053: Element implicitly has an 'any' type because expression of type 'any' can't be used to index type '{}'.
generated/prisma/runtime/wasm-engine-edge.js(7,1830): error TS7006: Parameter 'e' implicitly has an 'any' type.
generated/prisma/runtime/wasm-engine-edge.js(7,2051): error TS7006: Parameter 'e' implicitly has an 'any' type.
generated/prisma/runtime/wasm-engine-edge.js(7,2116): error TS7006: Parameter 'e' implicitly has an 'any' type.
generated/prisma/runtime/wasm-engine-edge.js(7,2189): error TS7006: Parameter 'e' implicitly has an 'any' type.
generated/prisma/runtime/wasm-engine-edge.js(7,2199): error TS7053: Element implicitly has an 'any' type because expression of type 'any' can't be used to index type '{}'.
generated/prisma/runtime/wasm-engine-edge.js(7,2312): error TS7006: Parameter 'e' implicitly has an 'any' type.
generated/prisma/runtime/wasm-engine-edge.js(7,2371): error TS7006: Parameter 'e' implicitly has an 'any' type.
generated/prisma/runtime/wasm-engine-edge.js(7,2510): error TS7006: Parameter 'e' implicitly has an 'any' type.
generated/prisma/runtime/wasm-engine-edge.js(7,2910): error TS7006: Parameter 'e' implicitly has an 'any' type.
generated/prisma/runtime/wasm-engine-edge.js(7,3088): error TS7006: Parameter 'e' implicitly has an 'any' type.
generated/prisma/runtime/wasm-engine-edge.js(7,3258): error TS7006: Parameter 'e' implicitly has an 'any' type.
generated/prisma/runtime/wasm-engine-edge.js(7,3369): error TS7006: Parameter 'e' implicitly has an 'any' type.
generated/prisma/runtime/wasm-engine-edge.js(7,3371): error TS7006: Parameter 'r' implicitly has an 'any' type.
generated/prisma/runtime/wasm-engine-edge.js(7,3647): error TS7006: Parameter 'r' implicitly has an 'any' type.
generated/prisma/runtime/wasm-engine-edge.js(7,3716): error TS7006: Parameter 'r' implicitly has an 'any' type.
generated/prisma/runtime/wasm-engine-edge.js(7,3865): error TS7008: Member 'fields' implicitly has an 'any[]' type.
generated/prisma/runtime/wasm-engine-edge.js(7,3884): error TS7006: Parameter 'e' implicitly has an 'any' type.
generated/prisma/runtime/wasm-engine-edge.js(7,3886): error TS7006: Parameter 'r' implicitly has an 'any' type.
generated/prisma/runtime/wasm-engine-edge.js(7,3920): error TS7006: Parameter 'n' implicitly has an 'any' type.
generated/prisma/runtime/wasm-engine-edge.js(7,4028): error TS7006: Parameter 'e' implicitly has an 'any' type.
generated/prisma/runtime/wasm-engine-edge.js(7,4193): error TS7006: Parameter 't' implicitly has an 'any' type.
generated/prisma/runtime/wasm-engine-edge.js(7,4195): error TS7006: Parameter 'e' implicitly has an 'any' type.
generated/prisma/runtime/wasm-engine-edge.js(7,4197): error TS7006: Parameter 'r' implicitly has an 'any' type.
generated/prisma/runtime/wasm-engine-edge.js(7,4819): error TS7006: Parameter 't' implicitly has an 'any' type.
generated/prisma/runtime/wasm-engine-edge.js(7,4821): error TS7006: Parameter 'e' implicitly has an 'any' type.
generated/prisma/runtime/wasm-engine-edge.js(7,5000): error TS7006: Parameter 'n' implicitly has an 'any' type.
generated/prisma/runtime/wasm-engine-edge.js(7,5165): error TS7006: Parameter 't' implicitly has an 'any' type.
generated/prisma/runtime/wasm-engine-edge.js(7,5167): error TS7006: Parameter 'e' implicitly has an 'any' type.
generated/prisma/runtime/wasm-engine-edge.js(7,5393): error TS7006: Parameter 's' implicitly has an 'any' type.
generated/prisma/runtime/wasm-engine-edge.js(8,89): error TS7006: Parameter 't' implicitly has an 'any' type.
generated/prisma/runtime/wasm-engine-edge.js(8,91): error TS7006: Parameter 'e' implicitly has an 'any' type.
generated/prisma/runtime/wasm-engine-edge.js(8,93): error TS7006: Parameter 'r' implicitly has an 'any' type.
generated/prisma/runtime/wasm-engine-edge.js(8,422): error TS7006: Parameter 't' implicitly has an 'any' type.
generated/prisma/runtime/wasm-engine-edge.js(8,424): error TS7006: Parameter 'e' implicitly has an 'any' type.
generated/prisma/runtime/wasm-engine-edge.js(8,426): error TS7006: Parameter 'r' implicitly has an 'any' type.
generated/prisma/runtime/wasm-engine-edge.js(8,540): error TS7006: Parameter 'n' implicitly has an 'any' type.
generated/prisma/runtime/wasm-engine-edge.js(8,703): error TS7006: Parameter 't' implicitly has an 'any' type.
generated/prisma/runtime/wasm-engine-edge.js(8,705): error TS7006: Parameter 'e' implicitly has an 'any' type.
generated/prisma/runtime/wasm-engine-edge.js(8,858): error TS7006: Parameter 'o' implicitly has an 'any' type.
generated/prisma/runtime/wasm-engine-edge.js(8,1078): error TS7006: Parameter 't' implicitly has an 'any' type.
generated/prisma/runtime/wasm-engine-edge.js(8,1080): error TS7006: Parameter 'e' implicitly has an 'any' type.
generated/prisma/runtime/wasm-engine-edge.js(8,1460): error TS7006: Parameter 'i' implicitly has an 'any' type.
generated/prisma/runtime/wasm-engine-edge.js(8,1634): error TS7006: Parameter 't' implicitly has an 'any' type.
generated/prisma/runtime/wasm-engine-edge.js(8,1636): error TS7006: Parameter 'e' implicitly has an 'any' type.
generated/prisma/runtime/wasm-engine-edge.js(8,1886): error TS7006: Parameter 'n' implicitly has an 'any' type.
generated/prisma/runtime/wasm-engine-edge.js(8,2124): error TS7006: Parameter 't' implicitly has an 'any' type.
generated/prisma/runtime/wasm-engine-edge.js(8,2126): error TS7006: Parameter 'e' implicitly has an 'any' type.
generated/prisma/runtime/wasm-engine-edge.js(8,2229): error TS7006: Parameter 'n' implicitly has an 'any' type.
generated/prisma/runtime/wasm-engine-edge.js(8,2329): error TS7006: Parameter 't' implicitly has an 'any' type.
generated/prisma/runtime/wasm-engine-edge.js(8,2331): error TS7006: Parameter 'e' implicitly has an 'any' type.
generated/prisma/runtime/wasm-engine-edge.js(8,2496): error TS7006: Parameter 'i' implicitly has an 'any' type.
generated/prisma/runtime/wasm-engine-edge.js(8,2522): error TS7006: Parameter 'o' implicitly has an 'any' type.
generated/prisma/runtime/wasm-engine-edge.js(8,2547): error TS7006: Parameter 't' implicitly has an 'any' type.
generated/prisma/runtime/wasm-engine-edge.js(8,2549): error TS7006: Parameter 'e' implicitly has an 'any' type.
generated/prisma/runtime/wasm-engine-edge.js(8,2780): error TS7006: Parameter 'o' implicitly has an 'any' type.
generated/prisma/runtime/wasm-engine-edge.js(8,2813): error TS7006: Parameter 's' implicitly has an 'any' type.
generated/prisma/runtime/wasm-engine-edge.js(8,2838): error TS7006: Parameter 't' implicitly has an 'any' type.
generated/prisma/runtime/wasm-engine-edge.js(8,2840): error TS7006: Parameter 'e' implicitly has an 'any' type.
generated/prisma/runtime/wasm-engine-edge.js(8,2842): error TS7006: Parameter 'r' implicitly has an 'any' type.
generated/prisma/runtime/wasm-engine-edge.js(8,3001): error TS7006: Parameter 't' implicitly has an 'any' type.
generated/prisma/runtime/wasm-engine-edge.js(8,3003): error TS7006: Parameter 'e' implicitly has an 'any' type.
generated/prisma/runtime/wasm-engine-edge.js(8,3010): error TS7034: Variable 'r' implicitly has type 'any' in some locations where its type cannot be determined.
generated/prisma/runtime/wasm-engine-edge.js(8,3030): error TS7006: Parameter 'f' implicitly has an 'any' type.
generated/prisma/runtime/wasm-engine-edge.js(8,3033): error TS7005: Variable 'r' implicitly has an 'any' type.
generated/prisma/runtime/wasm-engine-edge.js(8,3789): error TS7006: Parameter 'v' implicitly has an 'any' type.
generated/prisma/runtime/wasm-engine-edge.js(8,3894): error TS7023: 'Hi' implicitly has return type 'any' because it does not have a return type annotation and is referenced directly or indirectly in one of its return expressions.
generated/prisma/runtime/wasm-engine-edge.js(8,3897): error TS7006: Parameter 't' implicitly has an 'any' type.
generated/prisma/runtime/wasm-engine-edge.js(8,3967): error TS7006: Parameter 't' implicitly has an 'any' type.
generated/prisma/runtime/wasm-engine-edge.js(8,3969): error TS7006: Parameter 'e' implicitly has an 'any' type.
generated/prisma/runtime/wasm-engine-edge.js(8,4134): error TS7006: Parameter 'i' implicitly has an 'any' type.
generated/prisma/runtime/wasm-engine-edge.js(8,4177): error TS7006: Parameter 's' implicitly has an 'any' type.
generated/prisma/runtime/wasm-engine-edge.js(8,4316): error TS7006: Parameter 't' implicitly has an 'any' type.
generated/prisma/runtime/wasm-engine-edge.js(8,4318): error TS7006: Parameter 'e' implicitly has an 'any' type.
generated/prisma/runtime/wasm-engine-edge.js(8,4483): error TS7006: Parameter 'i' implicitly has an 'any' type.
generated/prisma/runtime/wasm-engine-edge.js(8,4678): error TS7006: Parameter 'a' implicitly has an 'any' type.
generated/prisma/runtime/wasm-engine-edge.js(8,4752): error TS7006: Parameter 't' implicitly has an 'any' type.
generated/prisma/runtime/wasm-engine-edge.js(8,4754): error TS7006: Parameter 'e' implicitly has an 'any' type.
generated/prisma/runtime/wasm-engine-edge.js(8,4847): error TS7034: Variable 'i' implicitly has type 'any' in some locations where its type cannot be determined.
generated/prisma/runtime/wasm-engine-edge.js(8,4961): error TS7006: Parameter 'o' implicitly has an 'any' type.
generated/prisma/runtime/wasm-engine-edge.js(8,5002): error TS7005: Variable 'i' implicitly has an 'any' type.
generated/prisma/runtime/wasm-engine-edge.js(8,5114): error TS7006: Parameter 't' implicitly has an 'any' type.
generated/prisma/runtime/wasm-engine-edge.js(8,5116): error TS7006: Parameter 'e' implicitly has an 'any' type.
generated/prisma/runtime/wasm-engine-edge.js(8,5332): error TS7006: Parameter 'i' implicitly has an 'any' type.
generated/prisma/runtime/wasm-engine-edge.js(8,5563): error TS7006: Parameter 's' implicitly has an 'any' type.
generated/prisma/runtime/wasm-engine-edge.js(8,5763): error TS7006: Parameter 't' implicitly has an 'any' type.
generated/prisma/runtime/wasm-engine-edge.js(8,5765): error TS7006: Parameter 'e' implicitly has an 'any' type.
generated/prisma/runtime/wasm-engine-edge.js(8,5882): error TS7034: Variable 'i' implicitly has type 'any[]' in some locations where its type cannot be determined.
generated/prisma/runtime/wasm-engine-edge.js(8,6015): error TS7006: Parameter 'o' implicitly has an 'any' type.
generated/prisma/runtime/wasm-engine-edge.js(8,6401): error TS7005: Variable 'i' implicitly has an 'any[]' type.
generated/prisma/runtime/wasm-engine-edge.js(8,6554): error TS7006: Parameter 't' implicitly has an 'any' type.
generated/prisma/runtime/wasm-engine-edge.js(8,6556): error TS7006: Parameter 'e' implicitly has an 'any' type.
generated/prisma/runtime/wasm-engine-edge.js(8,6652): error TS7006: Parameter 't' implicitly has an 'any' type.
generated/prisma/runtime/wasm-engine-edge.js(8,6654): error TS7006: Parameter 'e' implicitly has an 'any' type.
generated/prisma/runtime/wasm-engine-edge.js(8,6765): error TS7006: Parameter 't' implicitly has an 'any' type.
generated/prisma/runtime/wasm-engine-edge.js(8,6767): error TS7006: Parameter 'e' implicitly has an 'any' type.
generated/prisma/runtime/wasm-engine-edge.js(8,6879): error TS7006: Parameter 't' implicitly has an 'any' type.
generated/prisma/runtime/wasm-engine-edge.js(8,6881): error TS7006: Parameter 'e' implicitly has an 'any' type.
generated/prisma/runtime/wasm-engine-edge.js(8,6987): error TS7006: Parameter 't' implicitly has an 'any' type.
generated/prisma/runtime/wasm-engine-edge.js(8,6989): error TS7006: Parameter 'e' implicitly has an 'any' type.
generated/prisma/runtime/wasm-engine-edge.js(8,7507): error TS7006: Parameter 't' implicitly has an 'any' type.
generated/prisma/runtime/wasm-engine-edge.js(8,7509): error TS7006: Parameter 'e' implicitly has an 'any' type.
generated/prisma/runtime/wasm-engine-edge.js(8,7643): error TS7006: Parameter 't' implicitly has an 'any' type.
generated/prisma/runtime/wasm-engine-edge.js(8,7747): error TS7031: Binding element 't' implicitly has an 'any' type.
generated/prisma/runtime/wasm-engine-edge.js(8,7757): error TS7031: Binding element 'e' implicitly has an 'any' type.
generated/prisma/runtime/wasm-engine-edge.js(8,7854): error TS7006: Parameter 't' implicitly has an 'any' type.
generated/prisma/runtime/wasm-engine-edge.js(8,7856): error TS7006: Parameter 'e' implicitly has an 'any' type.
generated/prisma/runtime/wasm-engine-edge.js(8,7965): error TS7006: Parameter 't' implicitly has an 'any' type.
generated/prisma/runtime/wasm-engine-edge.js(8,7967): error TS7006: Parameter 'e' implicitly has an 'any' type.
generated/prisma/runtime/wasm-engine-edge.js(8,8165): error TS7006: Parameter 'e' implicitly has an 'any' type.
generated/prisma/runtime/wasm-engine-edge.js(8,8167): error TS7006: Parameter 'r' implicitly has an 'any' type.
generated/prisma/runtime/wasm-engine-edge.js(8,8169): error TS7006: Parameter 'n' implicitly has an 'any' type.
generated/prisma/runtime/wasm-engine-edge.js(8,8171): error TS7006: Parameter 'i' implicitly has an 'any' type.
generated/prisma/runtime/wasm-engine-edge.js(8,8173): error TS7006: Parameter 'o' implicitly has an 'any' type.
generated/prisma/runtime/wasm-engine-edge.js(8,8402): error TS7006: Parameter 't' implicitly has an 'any' type.
generated/prisma/runtime/wasm-engine-edge.js(8,8504): error TS7006: Parameter 'e' implicitly has an 'any' type.
generated/prisma/runtime/wasm-engine-edge.js(8,8586): error TS2339: Property '_getNamespace' does not exist on type 've'.
generated/prisma/runtime/wasm-engine-edge.js(8,8775): error TS7008: Member '#e' implicitly has an 'any' type.
generated/prisma/runtime/wasm-engine-edge.js(8,8819): error TS7008: Member '#e' implicitly has an 'any' type.
generated/prisma/runtime/wasm-engine-edge.js(8,8865): error TS7008: Member '#e' implicitly has an 'any' type.
generated/prisma/runtime/wasm-engine-edge.js(8,9019): error TS7006: Parameter 't' implicitly has an 'any' type.
generated/prisma/runtime/wasm-engine-edge.js(8,9021): error TS7006: Parameter 'e' implicitly has an 'any' type.
generated/prisma/runtime/wasm-engine-edge.js(8,9139): error TS7006: Parameter 'e' implicitly has an 'any' type.
generated/prisma/runtime/wasm-engine-edge.js(8,9141): error TS7006: Parameter 'r' implicitly has an 'any' type.
generated/prisma/runtime/wasm-engine-edge.js(8,9295): error TS7006: Parameter 'e' implicitly has an 'any' type.
generated/prisma/runtime/wasm-engine-edge.js(8,9446): error TS7008: Member 'errorMessages' implicitly has an 'any[]' type.
generated/prisma/runtime/wasm-engine-edge.js(8,9475): error TS7006: Parameter 'e' implicitly has an 'any' type.
generated/prisma/runtime/wasm-engine-edge.js(8,9501): error TS7006: Parameter 'e' implicitly has an 'any' type.
generated/prisma/runtime/wasm-engine-edge.js(8,9544): error TS7006: Parameter 'e' implicitly has an 'any' type.
generated/prisma/runtime/wasm-engine-edge.js(8,9592): error TS7006: Parameter 'e' implicitly has an 'any' type.
generated/prisma/runtime/wasm-engine-edge.js(9,18): error TS7006: Parameter 't' implicitly has an 'any' type.
generated/prisma/runtime/wasm-engine-edge.js(9,54): error TS7006: Parameter 't' implicitly has an 'any' type.
generated/prisma/runtime/wasm-engine-edge.js(9,161): error TS7006: Parameter 't' implicitly has an 'any' type.
generated/prisma/runtime/wasm-engine-edge.js(9,498): error TS7005: Variable 'h' implicitly has an 'any' type.
generated/prisma/runtime/wasm-engine-edge.js(9,905): error TS7006: Parameter 't' implicitly has an 'any' type.
generated/prisma/runtime/wasm-engine-edge.js(9,974): error TS7006: Parameter 't' implicitly has an 'any' type.
generated/prisma/runtime/wasm-engine-edge.js(9,976): error TS7006: Parameter 'e' implicitly has an 'any' type.
generated/prisma/runtime/wasm-engine-edge.js(9,1115): error TS7031: Binding element 't' implicitly has an 'any' type.
generated/prisma/runtime/wasm-engine-edge.js(9,1124): error TS7031: Binding element 'e' implicitly has an 'any' type.
generated/prisma/runtime/wasm-engine-edge.js(9,1138): error TS7031: Binding element 'r' implicitly has an 'any' type.
generated/prisma/runtime/wasm-engine-edge.js(9,1149): error TS7031: Binding element 'n' implicitly has an 'any' type.
generated/prisma/runtime/wasm-engine-edge.js(9,1166): error TS7031: Binding element 'i' implicitly has an 'any' type.
generated/prisma/runtime/wasm-engine-edge.js(9,1182): error TS7031: Binding element 'o' implicitly has an 'any' type.
generated/prisma/runtime/wasm-engine-edge.js(9,1195): error TS7031: Binding element 's' implicitly has an 'any' type.
generated/prisma/runtime/wasm-engine-edge.js(9,1445): error TS7006: Parameter 't' implicitly has an 'any' type.
generated/prisma/runtime/wasm-engine-edge.js(9,1470): error TS7006: Parameter 'e' implicitly has an 'any' type.
generated/prisma/runtime/wasm-engine-edge.js(9,1526): error TS7006: Parameter 't' implicitly has an 'any' type.
generated/prisma/runtime/wasm-engine-edge.js(9,1528): error TS7006: Parameter 'e' implicitly has an 'any' type.
generated/prisma/runtime/wasm-engine-edge.js(9,1530): error TS7006: Parameter 'r' implicitly has an 'any' type.
generated/prisma/runtime/wasm-engine-edge.js(9,1687): error TS7006: Parameter 't' implicitly has an 'any' type.
generated/prisma/runtime/wasm-engine-edge.js(9,1706): error TS7006: Parameter 'n' implicitly has an 'any' type.
generated/prisma/runtime/wasm-engine-edge.js(9,1708): error TS7006: Parameter 'i' implicitly has an 'any' type.
generated/prisma/runtime/wasm-engine-edge.js(9,1779): error TS7006: Parameter 'o' implicitly has an 'any' type.
generated/prisma/runtime/wasm-engine-edge.js(9,1808): error TS7006: Parameter 'n' implicitly has an 'any' type.
generated/prisma/runtime/wasm-engine-edge.js(9,1857): error TS7006: Parameter 't' implicitly has an 'any' type.
generated/prisma/runtime/wasm-engine-edge.js(9,1859): error TS7006: Parameter 'e' implicitly has an 'any' type.
generated/prisma/runtime/wasm-engine-edge.js(9,1861): error TS7006: Parameter 'r' implicitly has an 'any' type.
generated/prisma/runtime/wasm-engine-edge.js(9,1886): error TS7031: Binding element 'n' implicitly has an 'any' type.
generated/prisma/runtime/wasm-engine-edge.js(9,1896): error TS7031: Binding element 'i' implicitly has an 'any' type.
generated/prisma/runtime/wasm-engine-edge.js(9,1899): error TS7006: Parameter 'o' implicitly has an 'any' type.
generated/prisma/runtime/wasm-engine-edge.js(9,1990): error TS7006: Parameter 't' implicitly has an 'any' type.
generated/prisma/runtime/wasm-engine-edge.js(9,1992): error TS7006: Parameter 'e' implicitly has an 'any' type.
generated/prisma/runtime/wasm-engine-edge.js(9,1994): error TS7006: Parameter 'r' implicitly has an 'any' type.
generated/prisma/runtime/wasm-engine-edge.js(9,2028): error TS7006: Parameter 'i' implicitly has an 'any' type.
generated/prisma/runtime/wasm-engine-edge.js(9,2064): error TS7006: Parameter 't' implicitly has an 'any' type.
generated/prisma/runtime/wasm-engine-edge.js(9,2066): error TS7006: Parameter 'e' implicitly has an 'any' type.
generated/prisma/runtime/wasm-engine-edge.js(9,2190): error TS7006: Parameter 't' implicitly has an 'any' type.
generated/prisma/runtime/wasm-engine-edge.js(9,2192): error TS7006: Parameter 'e' implicitly has an 'any' type.
generated/prisma/runtime/wasm-engine-edge.js(9,2334): error TS7006: Parameter 'e' implicitly has an 'any' type.
generated/prisma/runtime/wasm-engine-edge.js(9,2336): error TS7006: Parameter 'r' implicitly has an 'any' type.
generated/prisma/runtime/wasm-engine-edge.js(9,2774): error TS7006: Parameter 'e' implicitly has an 'any' type.
generated/prisma/runtime/wasm-engine-edge.js(9,2970): error TS7006: Parameter 'e' implicitly has an 'any' type.
generated/prisma/runtime/wasm-engine-edge.js(9,3296): error TS7006: Parameter 'e' implicitly has an 'any' type.
generated/prisma/runtime/wasm-engine-edge.js(9,3298): error TS7006: Parameter 'r' implicitly has an 'any' type.
generated/prisma/runtime/wasm-engine-edge.js(9,3952): error TS7006: Parameter 'e' implicitly has an 'any' type.
generated/prisma/runtime/wasm-engine-edge.js(9,4009): error TS7006: Parameter 'e' implicitly has an 'any' type.
generated/prisma/runtime/wasm-engine-edge.js(9,4079): error TS7006: Parameter 'e' implicitly has an 'any' type.
generated/prisma/runtime/wasm-engine-edge.js(9,4137): error TS7006: Parameter 'e' implicitly has an 'any' type.
generated/prisma/runtime/wasm-engine-edge.js(9,4272): error TS7006: Parameter 'e' implicitly has an 'any' type.
generated/prisma/runtime/wasm-engine-edge.js(9,4339): error TS7006: Parameter 'e' implicitly has an 'any' type.
generated/prisma/runtime/wasm-engine-edge.js(9,4341): error TS7006: Parameter 'r' implicitly has an 'any' type.
generated/prisma/runtime/wasm-engine-edge.js(9,4521): error TS7006: Parameter 'e' implicitly has an 'any' type.
generated/prisma/runtime/wasm-engine-edge.js(9,4550): error TS7006: Parameter 't' implicitly has an 'any' type.
generated/prisma/runtime/wasm-engine-edge.js(9,4588): error TS7006: Parameter 't' implicitly has an 'any' type.
generated/prisma/runtime/wasm-engine-edge.js(9,4693): error TS7006: Parameter 'e' implicitly has an 'any' type.
generated/prisma/runtime/wasm-engine-edge.js(9,4783): error TS7006: Parameter 'e' implicitly has an 'any' type.
generated/prisma/runtime/wasm-engine-edge.js(9,4837): error TS7006: Parameter 't' implicitly has an 'any' type.
generated/prisma/runtime/wasm-engine-edge.js(9,5496): error TS7031: Binding element 't' implicitly has an 'any' type.
generated/prisma/runtime/wasm-engine-edge.js(9,5505): error TS7031: Binding element 'e' implicitly has an 'any' type.
generated/prisma/runtime/wasm-engine-edge.js(9,5512): error TS7031: Binding element 'r' implicitly has an 'any' type.
generated/prisma/runtime/wasm-engine-edge.js(9,5531): error TS7031: Binding element 'n' implicitly has an 'any' type.
generated/prisma/runtime/wasm-engine-edge.js(9,5566): error TS7031: Binding element 'o' implicitly has an 'any' type.
generated/prisma/runtime/wasm-engine-edge.js(9,5581): error TS7031: Binding element 's' implicitly has an 'any' type.
generated/prisma/runtime/wasm-engine-edge.js(9,5595): error TS7031: Binding element 'a' implicitly has an 'any' type.
generated/prisma/runtime/wasm-engine-edge.js(9,5611): error TS7031: Binding element 'f' implicitly has an 'any' type.
generated/prisma/runtime/wasm-engine-edge.js(9,5629): error TS7031: Binding element 'v' implicitly has an 'any' type.
generated/prisma/runtime/wasm-engine-edge.js(9,5642): error TS7031: Binding element 'R' implicitly has an 'any' type.
generated/prisma/runtime/wasm-engine-edge.js(9,5874): error TS7053: Element implicitly has an 'any' type because expression of type 'any' can't be used to index type '{ findUnique: string; findUniqueOrThrow: string; findFirst: string; findFirstOrThrow: string; findMany: string; count: string; create: string; createMany: string; createManyAndReturn: string; ... 12 more ...; aggregateRaw: string; }'.
generated/prisma/runtime/wasm-engine-edge.js(9,5908): error TS2339: Property 'select' does not exist on type '{}'.
generated/prisma/runtime/wasm-engine-edge.js(9,5917): error TS2339: Property 'include' does not exist on type '{}'.
generated/prisma/runtime/wasm-engine-edge.js(9,5936): error TS7006: Parameter 'n' implicitly has an 'any' type.
generated/prisma/runtime/wasm-engine-edge.js(9,5947): error TS2339: Property 'omit' does not exist on type '{}'.
generated/prisma/runtime/wasm-engine-edge.js(9,5968): error TS2339: Property 'omit' does not exist on type '{}'.
generated/prisma/runtime/wasm-engine-edge.js(9,6027): error TS7006: Parameter 't' implicitly has an 'any' type.
generated/prisma/runtime/wasm-engine-edge.js(9,6029): error TS7006: Parameter 'e' implicitly has an 'any' type.
generated/prisma/runtime/wasm-engine-edge.js(9,6031): error TS7006: Parameter 'r' implicitly has an 'any' type.
generated/prisma/runtime/wasm-engine-edge.js(9,6033): error TS7006: Parameter 'n' implicitly has an 'any' type.
generated/prisma/runtime/wasm-engine-edge.js(9,6347): error TS7006: Parameter 't' implicitly has an 'any' type.
generated/prisma/runtime/wasm-engine-edge.js(9,6349): error TS7006: Parameter 'e' implicitly has an 'any' type.
generated/prisma/runtime/wasm-engine-edge.js(9,6351): error TS7006: Parameter 'r' implicitly has an 'any' type.
generated/prisma/runtime/wasm-engine-edge.js(9,6473): error TS7006: Parameter 't' implicitly has an 'any' type.
generated/prisma/runtime/wasm-engine-edge.js(9,6475): error TS7006: Parameter 'e' implicitly has an 'any' type.
generated/prisma/runtime/wasm-engine-edge.js(9,6477): error TS7006: Parameter 'r' implicitly has an 'any' type.
generated/prisma/runtime/wasm-engine-edge.js(9,6874): error TS7006: Parameter 't' implicitly has an 'any' type.
generated/prisma/runtime/wasm-engine-edge.js(9,6876): error TS7006: Parameter 'e' implicitly has an 'any' type.
generated/prisma/runtime/wasm-engine-edge.js(9,6878): error TS7006: Parameter 'r' implicitly has an 'any' type.
generated/prisma/runtime/wasm-engine-edge.js(9,7082): error TS7006: Parameter 't' implicitly has an 'any' type.
generated/prisma/runtime/wasm-engine-edge.js(9,7084): error TS7006: Parameter 'e' implicitly has an 'any' type.
generated/prisma/runtime/wasm-engine-edge.js(9,7284): error TS7053: Element implicitly has an 'any' type because expression of type 'string' can't be used to index type '{}'.
  No index signature with a parameter of type 'string' was found on type '{}'.
generated/prisma/runtime/wasm-engine-edge.js(9,7331): error TS7053: Element implicitly has an 'any' type because expression of type 'string' can't be used to index type '{}'.
  No index signature with a parameter of type 'string' was found on type '{}'.
generated/prisma/runtime/wasm-engine-edge.js(9,7345): error TS7053: Element implicitly has an 'any' type because expression of type 'string' can't be used to index type '{}'.
  No index signature with a parameter of type 'string' was found on type '{}'.
generated/prisma/runtime/wasm-engine-edge.js(9,7362): error TS7053: Element implicitly has an 'any' type because expression of type 'string' can't be used to index type '{}'.
  No index signature with a parameter of type 'string' was found on type '{}'.
generated/prisma/runtime/wasm-engine-edge.js(9,7394): error TS7023: 'co' implicitly has return type 'any' because it does not have a return type annotation and is referenced directly or indirectly in one of its return expressions.
generated/prisma/runtime/wasm-engine-edge.js(9,7397): error TS7006: Parameter 't' implicitly has an 'any' type.
generated/prisma/runtime/wasm-engine-edge.js(9,7399): error TS7006: Parameter 'e' implicitly has an 'any' type.
generated/prisma/runtime/wasm-engine-edge.js(9,8103): error TS7005: Variable 'h' implicitly has an 'any' type.
generated/prisma/runtime/wasm-engine-edge.js(9,8240): error TS7053: Element implicitly has an 'any' type because expression of type 'string' can't be used to index type '{ DbNull: Ot; JsonNull: kt; AnyNull: _t; }'.
  No index signature with a parameter of type 'string' was found on type '{ DbNull: Ot; JsonNull: kt; AnyNull: _t; }'.
generated/prisma/runtime/wasm-engine-edge.js(9,8751): error TS7006: Parameter 't' implicitly has an 'any' type.
generated/prisma/runtime/wasm-engine-edge.js(9,8753): error TS7006: Parameter 'e' implicitly has an 'any' type.
generated/prisma/runtime/wasm-engine-edge.js(9,8870): error TS7053: Element implicitly has an 'any' type because expression of type 'string' can't be used to index type '{}'.
  No index signature with a parameter of type 'string' was found on type '{}'.
generated/prisma/runtime/wasm-engine-edge.js(9,9139): error TS7023: 'Ol' implicitly has return type 'any' because it does not have a return type annotation and is referenced directly or indirectly in one of its return expressions.
generated/prisma/runtime/wasm-engine-edge.js(9,9142): error TS7006: Parameter 't' implicitly has an 'any' type.
generated/prisma/runtime/wasm-engine-edge.js(9,9144): error TS7006: Parameter 'e' implicitly has an 'any' type.
generated/prisma/runtime/wasm-engine-edge.js(9,9609): error TS7006: Parameter 't' implicitly has an 'any' type.
generated/prisma/runtime/wasm-engine-edge.js(9,9692): error TS7006: Parameter 't' implicitly has an 'any' type.
generated/prisma/runtime/wasm-engine-edge.js(9,9772): error TS7006: Parameter 't' implicitly has an 'any' type.
generated/prisma/runtime/wasm-engine-edge.js(9,9774): error TS7006: Parameter 'e' implicitly has an 'any' type.
generated/prisma/runtime/wasm-engine-edge.js(9,9972): error TS7006: Parameter 'e' implicitly has an 'any' type.
generated/prisma/runtime/wasm-engine-edge.js(9,10182): error TS7006: Parameter 'e' implicitly has an 'any' type.
generated/prisma/runtime/wasm-engine-edge.js(9,10745): error TS7006: Parameter 'e' implicitly has an 'any' type.
generated/prisma/runtime/wasm-engine-edge.js(9,10949): error TS7006: Parameter 'e' implicitly has an 'any' type.
generated/prisma/runtime/wasm-engine-edge.js(9,11128): error TS7006: Parameter 'e' implicitly has an 'any' type.
generated/prisma/runtime/wasm-engine-edge.js(9,11168): error TS7006: Parameter 'r' implicitly has an 'any' type.
generated/prisma/runtime/wasm-engine-edge.js(9,11197): error TS7006: Parameter 'e' implicitly has an 'any' type.
generated/prisma/runtime/wasm-engine-edge.js(9,11994): error TS7006: Parameter 'e' implicitly has an 'any' type.
generated/prisma/runtime/wasm-engine-edge.js(9,12114): error TS7006: Parameter 't' implicitly has an 'any' type.
generated/prisma/runtime/wasm-engine-edge.js(9,12304): error TS7006: Parameter 'e' implicitly has an 'any' type.
generated/prisma/runtime/wasm-engine-edge.js(9,12333): error TS7006: Parameter 'e' implicitly has an 'any' type.
generated/prisma/runtime/wasm-engine-edge.js(9,12422): error TS7006: Parameter 'e' implicitly has an 'any' type.
generated/prisma/runtime/wasm-engine-edge.js(9,12538): error TS7006: Parameter 't' implicitly has an 'any' type.
generated/prisma/runtime/wasm-engine-edge.js(9,12540): error TS7006: Parameter 'e' implicitly has an 'any' type.
generated/prisma/runtime/wasm-engine-edge.js(9,12625): error TS7006: Parameter 't' implicitly has an 'any' type.
generated/prisma/runtime/wasm-engine-edge.js(9,12719): error TS7006: Parameter 't' implicitly has an 'any' type.
generated/prisma/runtime/wasm-engine-edge.js(9,12863): error TS7006: Parameter 'e' implicitly has an 'any' type.
generated/prisma/runtime/wasm-engine-edge.js(9,12865): error TS7006: Parameter 'r' implicitly has an 'any' type.
generated/prisma/runtime/wasm-engine-edge.js(9,13028): error TS7006: Parameter 't' implicitly has an 'any' type.
generated/prisma/runtime/wasm-engine-edge.js(9,13038): error TS7019: Rest parameter 'e' implicitly has an 'any[]' type.
generated/prisma/runtime/wasm-engine-edge.js(9,13069): error TS7006: Parameter 't' implicitly has an 'any' type.
generated/prisma/runtime/wasm-engine-edge.js(9,13229): error TS7006: Parameter 'e' implicitly has an 'any' type.
generated/prisma/runtime/wasm-engine-edge.js(9,13231): error TS7006: Parameter 'r' implicitly has an 'any' type.
generated/prisma/runtime/wasm-engine-edge.js(9,13413): error TS7006: Parameter 's' implicitly has an 'any' type.
generated/prisma/runtime/wasm-engine-edge.js(9,13415): error TS7006: Parameter 'a' implicitly has an 'any' type.
generated/prisma/runtime/wasm-engine-edge.js(9,14217): error TS7006: Parameter 't' implicitly has an 'any' type.
generated/prisma/runtime/wasm-engine-edge.js(9,14431): error TS7006: Parameter 't' implicitly has an 'any' type.
generated/prisma/runtime/wasm-engine-edge.js(9,14482): error TS7006: Parameter 't' implicitly has an 'any' type.
generated/prisma/runtime/wasm-engine-edge.js(9,14484): error TS7019: Rest parameter 'e' implicitly has an 'any[]' type.
generated/prisma/runtime/wasm-engine-edge.js(9,14569): error TS7006: Parameter 't' implicitly has an 'any' type.
generated/prisma/runtime/wasm-engine-edge.js(9,14629): error TS7006: Parameter 'e' implicitly has an 'any' type.
generated/prisma/runtime/wasm-engine-edge.js(9,14681): error TS7006: Parameter 't' implicitly has an 'any' type.
generated/prisma/runtime/wasm-engine-edge.js(9,14683): error TS7006: Parameter 'e' implicitly has an 'any' type.
generated/prisma/runtime/wasm-engine-edge.js(9,14782): error TS7006: Parameter 't' implicitly has an 'any' type.
generated/prisma/runtime/wasm-engine-edge.js(9,14852): error TS7006: Parameter 'r' implicitly has an 'any' type.
generated/prisma/runtime/wasm-engine-edge.js(9,14928): error TS7006: Parameter 'r' implicitly has an 'any' type.
generated/prisma/runtime/wasm-engine-edge.js(9,15080): error TS7006: Parameter 't' implicitly has an 'any' type.
generated/prisma/runtime/wasm-engine-edge.js(9,15180): error TS7006: Parameter 'r' implicitly has an 'any' type.
generated/prisma/runtime/wasm-engine-edge.js(9,15182): error TS7006: Parameter 'n' implicitly has an 'any' type.
generated/prisma/runtime/wasm-engine-edge.js(9,15200): error TS7006: Parameter 'r' implicitly has an 'any' type.
generated/prisma/runtime/wasm-engine-edge.js(9,15202): error TS7006: Parameter 'n' implicitly has an 'any' type.
generated/prisma/runtime/wasm-engine-edge.js(9,15204): error TS7006: Parameter 'i' implicitly has an 'any' type.
generated/prisma/runtime/wasm-engine-edge.js(9,15317): error TS7006: Parameter 't' implicitly has an 'any' type.
generated/prisma/runtime/wasm-engine-edge.js(9,15319): error TS7006: Parameter 'e' implicitly has an 'any' type.
generated/prisma/runtime/wasm-engine-edge.js(9,16126): error TS7006: Parameter 't' implicitly has an 'any' type.
generated/prisma/runtime/wasm-engine-edge.js(9,16224): error TS7006: Parameter 't' implicitly has an 'any' type.
generated/prisma/runtime/wasm-engine-edge.js(9,16226): error TS7006: Parameter 'e' implicitly has an 'any' type.
generated/prisma/runtime/wasm-engine-edge.js(9,16245): error TS7006: Parameter 'r' implicitly has an 'any' type.
generated/prisma/runtime/wasm-engine-edge.js(9,16308): error TS7006: Parameter 't' implicitly has an 'any' type.
generated/prisma/runtime/wasm-engine-edge.js(9,16412): error TS7006: Parameter 't' implicitly has an 'any' type.
generated/prisma/runtime/wasm-engine-edge.js(9,16414): error TS7006: Parameter 'e' implicitly has an 'any' type.
generated/prisma/runtime/wasm-engine-edge.js(9,16548): error TS7006: Parameter 't' implicitly has an 'any' type.
generated/prisma/runtime/wasm-engine-edge.js(9,16693): error TS7031: Binding element 't' implicitly has an 'any' type.
generated/prisma/runtime/wasm-engine-edge.js(9,16713): error TS7031: Binding element 'e' implicitly has an 'any' type.
generated/prisma/runtime/wasm-engine-edge.js(9,16716): error TS7006: Parameter 'r' implicitly has an 'any' type.
generated/prisma/runtime/wasm-engine-edge.js(9,16718): error TS7006: Parameter 'n' implicitly has an 'any' type.
generated/prisma/runtime/wasm-engine-edge.js(9,16915): error TS7006: Parameter 't' implicitly has an 'any' type.
generated/prisma/runtime/wasm-engine-edge.js(9,16917): error TS7006: Parameter 'e' implicitly has an 'any' type.
generated/prisma/runtime/wasm-engine-edge.js(10,292): error TS7006: Parameter 't' implicitly has an 'any' type.
generated/prisma/runtime/wasm-engine-edge.js(10,309): error TS2304: Cannot find name '$EnabledCallSite'.
generated/prisma/runtime/wasm-engine-edge.js(10,357): error TS2304: Cannot find name '$EnabledCallSite'.
generated/prisma/runtime/wasm-engine-edge.js(10,578): error TS7053: Element implicitly has an 'any' type because expression of type 'string' can't be used to index type '{ _avg: boolean; _count: boolean; _sum: boolean; _min: boolean; _max: boolean; }'.
  No index signature with a parameter of type 'string' was found on type '{ _avg: boolean; _count: boolean; _sum: boolean; _min: boolean; _max: boolean; }'.
generated/prisma/runtime/wasm-engine-edge.js(10,593): error TS7053: Element implicitly has an 'any' type because expression of type 'string' can't be used to index type '{}'.
  No index signature with a parameter of type 'string' was found on type '{}'.
generated/prisma/runtime/wasm-engine-edge.js(10,616): error TS7053: Element implicitly has an 'any' type because expression of type 'string' can't be used to index type '{ select: {}; }'.
  No index signature with a parameter of type 'string' was found on type '{ select: {}; }'.
generated/prisma/runtime/wasm-engine-edge.js(10,673): error TS2339: Property '_count' does not exist on type '{}'.
generated/prisma/runtime/wasm-engine-edge.js(10,712): error TS2339: Property '_count' does not exist on type '{}'.
generated/prisma/runtime/wasm-engine-edge.js(10,748): error TS7006: Parameter 'e' implicitly has an 'any' type.
generated/prisma/runtime/wasm-engine-edge.js(10,761): error TS2339: Property '_count' does not exist on type '{}'.
generated/prisma/runtime/wasm-engine-edge.js(10,820): error TS7006: Parameter 't' implicitly has an 'any' type.
generated/prisma/runtime/wasm-engine-edge.js(10,822): error TS7006: Parameter 'e' implicitly has an 'any' type.
generated/prisma/runtime/wasm-engine-edge.js(10,942): error TS2339: Property 'select' does not exist on type '{}'.
generated/prisma/runtime/wasm-engine-edge.js(10,1067): error TS2339: Property 'select' does not exist on type '{}'.
generated/prisma/runtime/wasm-engine-edge.js(10,1084): error TS7006: Parameter 'e' implicitly has an 'any' type.
generated/prisma/runtime/wasm-engine-edge.js(10,1103): error TS7006: Parameter 'e' implicitly has an 'any' type.
generated/prisma/runtime/wasm-engine-edge.js(10,1139): error TS7006: Parameter 't' implicitly has an 'any' type.
generated/prisma/runtime/wasm-engine-edge.js(10,1141): error TS7006: Parameter 'e' implicitly has an 'any' type.
generated/prisma/runtime/wasm-engine-edge.js(10,1276): error TS2339: Property 'by' does not exist on type '{ select: {}; }'.
generated/prisma/runtime/wasm-engine-edge.js(10,1295): error TS2339: Property 'by' does not exist on type '{ select: {}; }'.
generated/prisma/runtime/wasm-engine-edge.js(10,1319): error TS7053: Element implicitly has an 'any' type because expression of type 'string' can't be used to index type '{}'.
  No index signature with a parameter of type 'string' was found on type '{}'.
generated/prisma/runtime/wasm-engine-edge.js(10,1349): error TS2339: Property 'by' does not exist on type '{ select: {}; }'.
generated/prisma/runtime/wasm-engine-edge.js(10,1364): error TS7053: Element implicitly has an 'any' type because expression of type 'any' can't be used to index type '{}'.
generated/prisma/runtime/wasm-engine-edge.js(10,1375): error TS2339: Property 'by' does not exist on type '{ select: {}; }'.
generated/prisma/runtime/wasm-engine-edge.js(10,1417): error TS7006: Parameter 'e' implicitly has an 'any' type.
generated/prisma/runtime/wasm-engine-edge.js(10,1431): error TS2339: Property '_count' does not exist on type '{}'.
generated/prisma/runtime/wasm-engine-edge.js(10,1460): error TS7006: Parameter 'r' implicitly has an 'any' type.
generated/prisma/runtime/wasm-engine-edge.js(10,1504): error TS7006: Parameter 't' implicitly has an 'any' type.
generated/prisma/runtime/wasm-engine-edge.js(10,1506): error TS7006: Parameter 'e' implicitly has an 'any' type.
generated/prisma/runtime/wasm-engine-edge.js(10,1582): error TS7006: Parameter 't' implicitly has an 'any' type.
generated/prisma/runtime/wasm-engine-edge.js(10,1584): error TS7006: Parameter 'e' implicitly has an 'any' type.
generated/prisma/runtime/wasm-engine-edge.js(10,1586): error TS7006: Parameter 'r' implicitly has an 'any' type.
generated/prisma/runtime/wasm-engine-edge.js(10,1615): error TS7006: Parameter 'n' implicitly has an 'any' type.
generated/prisma/runtime/wasm-engine-edge.js(10,1648): error TS7006: Parameter 'n' implicitly has an 'any' type.
generated/prisma/runtime/wasm-engine-edge.js(10,1683): error TS7006: Parameter 'n' implicitly has an 'any' type.
generated/prisma/runtime/wasm-engine-edge.js(10,1730): error TS7006: Parameter 't' implicitly has an 'any' type.
generated/prisma/runtime/wasm-engine-edge.js(10,1732): error TS7006: Parameter 'e' implicitly has an 'any' type.
generated/prisma/runtime/wasm-engine-edge.js(10,1757): error TS7006: Parameter 'i' implicitly has an 'any' type.
generated/prisma/runtime/wasm-engine-edge.js(10,1870): error TS7053: Element implicitly has an 'any' type because expression of type 'string' can't be used to index type '{}'.
  No index signature with a parameter of type 'string' was found on type '{}'.
generated/prisma/runtime/wasm-engine-edge.js(10,2011): error TS7006: Parameter 't' implicitly has an 'any' type.
generated/prisma/runtime/wasm-engine-edge.js(10,2050): error TS7006: Parameter 't' implicitly has an 'any' type.
generated/prisma/runtime/wasm-engine-edge.js(10,2052): error TS7006: Parameter 'e' implicitly has an 'any' type.
generated/prisma/runtime/wasm-engine-edge.js(10,2070): error TS7006: Parameter 'r' implicitly has an 'any' type.
generated/prisma/runtime/wasm-engine-edge.js(10,2072): error TS7006: Parameter 'n' implicitly has an 'any' type.
generated/prisma/runtime/wasm-engine-edge.js(10,2091): error TS7006: Parameter 't' implicitly has an 'any' type.
generated/prisma/runtime/wasm-engine-edge.js(10,2093): error TS7006: Parameter 'e' implicitly has an 'any' type.
generated/prisma/runtime/wasm-engine-edge.js(10,2095): error TS7006: Parameter 'r' implicitly has an 'any' type.
generated/prisma/runtime/wasm-engine-edge.js(10,2118): error TS7006: Parameter 'n' implicitly has an 'any' type.
generated/prisma/runtime/wasm-engine-edge.js(10,2120): error TS7006: Parameter 'i' implicitly has an 'any' type.
generated/prisma/runtime/wasm-engine-edge.js(10,2122): error TS7006: Parameter 'o' implicitly has an 'any' type.
generated/prisma/runtime/wasm-engine-edge.js(10,2124): error TS7006: Parameter 's' implicitly has an 'any' type.
generated/prisma/runtime/wasm-engine-edge.js(10,2188): error TS7006: Parameter 't' implicitly has an 'any' type.
generated/prisma/runtime/wasm-engine-edge.js(10,2190): error TS7006: Parameter 'e' implicitly has an 'any' type.
generated/prisma/runtime/wasm-engine-edge.js(10,2256): error TS7006: Parameter 't' implicitly has an 'any' type.
generated/prisma/runtime/wasm-engine-edge.js(10,2258): error TS7006: Parameter 'e' implicitly has an 'any' type.
generated/prisma/runtime/wasm-engine-edge.js(10,2260): error TS7006: Parameter 'r' implicitly has an 'any' type.
generated/prisma/runtime/wasm-engine-edge.js(10,2313): error TS7006: Parameter 't' implicitly has an 'any' type.
generated/prisma/runtime/wasm-engine-edge.js(10,2315): error TS7006: Parameter 'e' implicitly has an 'any' type.
generated/prisma/runtime/wasm-engine-edge.js(10,2317): error TS7006: Parameter 'r' implicitly has an 'any' type.
generated/prisma/runtime/wasm-engine-edge.js(10,2319): error TS7006: Parameter 'n' implicitly has an 'any' type.
generated/prisma/runtime/wasm-engine-edge.js(10,2321): error TS7006: Parameter 'i' implicitly has an 'any' type.
generated/prisma/runtime/wasm-engine-edge.js(10,2323): error TS7006: Parameter 'o' implicitly has an 'any' type.
generated/prisma/runtime/wasm-engine-edge.js(10,2377): error TS7006: Parameter 'f' implicitly has an 'any' type.
generated/prisma/runtime/wasm-engine-edge.js(10,2379): error TS7006: Parameter 'v' implicitly has an 'any' type.
generated/prisma/runtime/wasm-engine-edge.js(10,2414): error TS7006: Parameter 'f' implicitly has an 'any' type.
generated/prisma/runtime/wasm-engine-edge.js(10,2686): error TS7006: Parameter 't' implicitly has an 'any' type.
generated/prisma/runtime/wasm-engine-edge.js(10,2688): error TS7006: Parameter 'e' implicitly has an 'any' type.
generated/prisma/runtime/wasm-engine-edge.js(10,2742): error TS7006: Parameter 'r' implicitly has an 'any' type.
generated/prisma/runtime/wasm-engine-edge.js(10,2768): error TS7006: Parameter 'r' implicitly has an 'any' type.
generated/prisma/runtime/wasm-engine-edge.js(10,2935): error TS7006: Parameter 't' implicitly has an 'any' type.
generated/prisma/runtime/wasm-engine-edge.js(10,2937): error TS7006: Parameter 'e' implicitly has an 'any' type.
generated/prisma/runtime/wasm-engine-edge.js(10,3110): error TS7006: Parameter 't' implicitly has an 'any' type.
generated/prisma/runtime/wasm-engine-edge.js(10,3112): error TS7006: Parameter 'e' implicitly has an 'any' type.
generated/prisma/runtime/wasm-engine-edge.js(10,3205): error TS7006: Parameter 'i' implicitly has an 'any' type.
generated/prisma/runtime/wasm-engine-edge.js(10,3218): error TS7006: Parameter 'a' implicitly has an 'any' type.
generated/prisma/runtime/wasm-engine-edge.js(10,3221): error TS7006: Parameter 'f' implicitly has an 'any' type.
generated/prisma/runtime/wasm-engine-edge.js(10,3280): error TS7006: Parameter 'R' implicitly has an 'any' type.
generated/prisma/runtime/wasm-engine-edge.js(10,3520): error TS7006: Parameter 't' implicitly has an 'any' type.
generated/prisma/runtime/wasm-engine-edge.js(10,3557): error TS7006: Parameter 't' implicitly has an 'any' type.
generated/prisma/runtime/wasm-engine-edge.js(10,3559): error TS7006: Parameter 'e' implicitly has an 'any' type.
generated/prisma/runtime/wasm-engine-edge.js(10,3678): error TS7006: Parameter 't' implicitly has an 'any' type.
generated/prisma/runtime/wasm-engine-edge.js(10,3703): error TS7006: Parameter 'e' implicitly has an 'any' type.
generated/prisma/runtime/wasm-engine-edge.js(10,3751): error TS7006: Parameter 't' implicitly has an 'any' type.
generated/prisma/runtime/wasm-engine-edge.js(10,3905): error TS7006: Parameter 't' implicitly has an 'any' type.
generated/prisma/runtime/wasm-engine-edge.js(10,4045): error TS7006: Parameter 'n' implicitly has an 'any' type.
generated/prisma/runtime/wasm-engine-edge.js(10,4074): error TS7006: Parameter 't' implicitly has an 'any' type.
generated/prisma/runtime/wasm-engine-edge.js(10,4211): error TS7006: Parameter 'i' implicitly has an 'any' type.
generated/prisma/runtime/wasm-engine-edge.js(10,4363): error TS7006: Parameter 'i' implicitly has an 'any' type.
generated/prisma/runtime/wasm-engine-edge.js(10,4421): error TS7006: Parameter 't' implicitly has an 'any' type.
generated/prisma/runtime/wasm-engine-edge.js(10,4457): error TS7006: Parameter 't' implicitly has an 'any' type.
generated/prisma/runtime/wasm-engine-edge.js(10,4493): error TS2683: 'this' implicitly has type 'any' because it does not have a type annotation.
generated/prisma/runtime/wasm-engine-edge.js(10,4566): error TS2683: 'this' implicitly has type 'any' because it does not have a type annotation.
generated/prisma/runtime/wasm-engine-edge.js(10,4601): error TS2683: 'this' implicitly has type 'any' because it does not have a type annotation.
generated/prisma/runtime/wasm-engine-edge.js(10,4667): error TS2683: 'this' implicitly has type 'any' because it does not have a type annotation.
generated/prisma/runtime/wasm-engine-edge.js(10,4708): error TS2683: 'this' implicitly has type 'any' because it does not have a type annotation.
generated/prisma/runtime/wasm-engine-edge.js(10,4758): error TS2683: 'this' implicitly has type 'any' because it does not have a type annotation.
generated/prisma/runtime/wasm-engine-edge.js(10,4882): error TS7031: Binding element 't' implicitly has an 'any' type.
generated/prisma/runtime/wasm-engine-edge.js(10,4894): error TS7031: Binding element 'e' implicitly has an 'any' type.
generated/prisma/runtime/wasm-engine-edge.js(10,4903): error TS7031: Binding element 'r' implicitly has an 'any' type.
generated/prisma/runtime/wasm-engine-edge.js(10,4910): error TS7031: Binding element 'n' implicitly has an 'any' type.
generated/prisma/runtime/wasm-engine-edge.js(10,4923): error TS7031: Binding element 'i' implicitly has an 'any' type.
generated/prisma/runtime/wasm-engine-edge.js(10,4978): error TS7034: Variable 's' implicitly has type 'any[]' in some locations where its type cannot be determined.
generated/prisma/runtime/wasm-engine-edge.js(10,5068): error TS7006: Parameter 'R' implicitly has an 'any' type.
generated/prisma/runtime/wasm-engine-edge.js(10,5158): error TS7006: Parameter 'R' implicitly has an 'any' type.
generated/prisma/runtime/wasm-engine-edge.js(10,5226): error TS7005: Variable 's' implicitly has an 'any[]' type.
generated/prisma/runtime/wasm-engine-edge.js(10,5293): error TS7006: Parameter 't' implicitly has an 'any' type.
generated/prisma/runtime/wasm-engine-edge.js(10,5295): error TS7006: Parameter 'e' implicitly has an 'any' type.
generated/prisma/runtime/wasm-engine-edge.js(10,5313): error TS7006: Parameter 'r' implicitly has an 'any' type.
generated/prisma/runtime/wasm-engine-edge.js(10,5337): error TS7006: Parameter 't' implicitly has an 'any' type.
generated/prisma/runtime/wasm-engine-edge.js(10,5339): error TS7006: Parameter 'e' implicitly has an 'any' type.
generated/prisma/runtime/wasm-engine-edge.js(10,5425): error TS7031: Binding element 't' implicitly has an 'any' type.
generated/prisma/runtime/wasm-engine-edge.js(10,5434): error TS7031: Binding element 'e' implicitly has an 'any' type.
generated/prisma/runtime/wasm-engine-edge.js(10,5441): error TS7031: Binding element 'r' implicitly has an 'any' type.
generated/prisma/runtime/wasm-engine-edge.js(10,5460): error TS7031: Binding element 'n' implicitly has an 'any' type.
generated/prisma/runtime/wasm-engine-edge.js(10,5472): error TS7031: Binding element 'i' implicitly has an 'any' type.
generated/prisma/runtime/wasm-engine-edge.js(10,5856): error TS7031: Binding element 't' implicitly has an 'any' type.
generated/prisma/runtime/wasm-engine-edge.js(10,5865): error TS7031: Binding element 'e' implicitly has an 'any' type.
generated/prisma/runtime/wasm-engine-edge.js(10,5883): error TS7031: Binding element 'r' implicitly has an 'any' type.
generated/prisma/runtime/wasm-engine-edge.js(10,5902): error TS7031: Binding element 'n' implicitly has an 'any' type.
generated/prisma/runtime/wasm-engine-edge.js(10,5912): error TS7031: Binding element 'i' implicitly has an 'any' type.
generated/prisma/runtime/wasm-engine-edge.js(10,6014): error TS7006: Parameter 'R' implicitly has an 'any' type.
generated/prisma/runtime/wasm-engine-edge.js(10,6207): error TS7031: Binding element 't' implicitly has an 'any' type.
generated/prisma/runtime/wasm-engine-edge.js(10,6219): error TS7031: Binding element 'e' implicitly has an 'any' type.
generated/prisma/runtime/wasm-engine-edge.js(10,6226): error TS7031: Binding element 'r' implicitly has an 'any' type.
generated/prisma/runtime/wasm-engine-edge.js(10,6239): error TS7031: Binding element 'n' implicitly has an 'any' type.
generated/prisma/runtime/wasm-engine-edge.js(10,6258): error TS7031: Binding element 'i' implicitly has an 'any' type.
generated/prisma/runtime/wasm-engine-edge.js(10,6271): error TS7031: Binding element 'o' implicitly has an 'any' type.
generated/prisma/runtime/wasm-engine-edge.js(10,6403): error TS7006: Parameter 'a' implicitly has an 'any' type.
generated/prisma/runtime/wasm-engine-edge.js(10,6405): error TS7006: Parameter 'f' implicitly has an 'any' type.
generated/prisma/runtime/wasm-engine-edge.js(10,6407): error TS7006: Parameter 'v' implicitly has an 'any' type.
generated/prisma/runtime/wasm-engine-edge.js(10,6693): error TS7006: Parameter 't' implicitly has an 'any' type.
generated/prisma/runtime/wasm-engine-edge.js(10,6858): error TS7053: Element implicitly has an 'any' type because expression of type 'string' can't be used to index type '{}'.
  No index signature with a parameter of type 'string' was found on type '{}'.
generated/prisma/runtime/wasm-engine-edge.js(10,6893): error TS7006: Parameter 't' implicitly has an 'any' type.
generated/prisma/runtime/wasm-engine-edge.js(10,6942): error TS7006: Parameter 't' implicitly has an 'any' type.
generated/prisma/runtime/wasm-engine-edge.js(10,6987): error TS7006: Parameter 't' implicitly has an 'any' type.
generated/prisma/runtime/wasm-engine-edge.js(10,7074): error TS7005: Variable 'xe' implicitly has an 'any' type.
generated/prisma/runtime/wasm-engine-edge.js(10,7153): error TS2339: Property 'slice' does not exist on type 'ArrayBufferView<ArrayBufferLike>'.
generated/prisma/runtime/wasm-engine-edge.js(10,7392): error TS7053: Element implicitly has an 'any' type because expression of type 'string' can't be used to index type '{}'.
  No index signature with a parameter of type 'string' was found on type '{}'.
generated/prisma/runtime/wasm-engine-edge.js(10,7449): error TS7006: Parameter 't' implicitly has an 'any' type.
generated/prisma/runtime/wasm-engine-edge.js(10,7451): error TS7006: Parameter 'e' implicitly has an 'any' type.
generated/prisma/runtime/wasm-engine-edge.js(10,7453): error TS7006: Parameter 'r' implicitly has an 'any' type.
generated/prisma/runtime/wasm-engine-edge.js(10,7490): error TS7006: Parameter 'i' implicitly has an 'any' type.
generated/prisma/runtime/wasm-engine-edge.js(10,7777): error TS7006: Parameter 's' implicitly has an 'any' type.
generated/prisma/runtime/wasm-engine-edge.js(10,7893): error TS7006: Parameter 't' implicitly has an 'any' type.
generated/prisma/runtime/wasm-engine-edge.js(10,7895): error TS7006: Parameter 'e' implicitly has an 'any' type.
generated/prisma/runtime/wasm-engine-edge.js(10,8090): error TS7006: Parameter 't' implicitly has an 'any' type.
generated/prisma/runtime/wasm-engine-edge.js(10,8100): error TS7006: Parameter 'e' implicitly has an 'any' type.
generated/prisma/runtime/wasm-engine-edge.js(10,8215): error TS7006: Parameter 't' implicitly has an 'any' type.
generated/prisma/runtime/wasm-engine-edge.js(10,8217): error TS7006: Parameter 'e' implicitly has an 'any' type.
generated/prisma/runtime/wasm-engine-edge.js(10,8219): error TS7006: Parameter 'r' implicitly has an 'any' type.
generated/prisma/runtime/wasm-engine-edge.js(10,8221): error TS7006: Parameter 'n' implicitly has an 'any' type.
generated/prisma/runtime/wasm-engine-edge.js(10,8351): error TS7006: Parameter 's' implicitly has an 'any' type.
generated/prisma/runtime/wasm-engine-edge.js(10,8513): error TS7006: Parameter 's' implicitly has an 'any' type.
generated/prisma/runtime/wasm-engine-edge.js(10,8611): error TS7006: Parameter 't' implicitly has an 'any' type.
generated/prisma/runtime/wasm-engine-edge.js(10,8646): error TS7006: Parameter 'r' implicitly has an 'any' type.
generated/prisma/runtime/wasm-engine-edge.js(10,8776): error TS7031: Binding element 't' implicitly has an 'any' type.
generated/prisma/runtime/wasm-engine-edge.js(10,8785): error TS7031: Binding element 'e' implicitly has an 'any' type.
generated/prisma/runtime/wasm-engine-edge.js(10,8801): error TS7031: Binding element 'r' implicitly has an 'any' type.
generated/prisma/runtime/wasm-engine-edge.js(10,8813): error TS7031: Binding element 'n' implicitly has an 'any' type.
generated/prisma/runtime/wasm-engine-edge.js(12,32): error TS7053: Element implicitly has an 'any' type because expression of type 'any' can't be used to index type '{ Vercel: string; "Netlify CI": string; }'.
generated/prisma/runtime/wasm-engine-edge.js(12,117): error TS7006: Parameter 't' implicitly has an 'any' type.
generated/prisma/runtime/wasm-engine-edge.js(12,119): error TS7006: Parameter 'e' implicitly has an 'any' type.
generated/prisma/runtime/wasm-engine-edge.js(12,352): error TS7006: Parameter 't' implicitly has an 'any' type.
generated/prisma/runtime/wasm-engine-edge.js(12,354): error TS7006: Parameter 'e' implicitly has an 'any' type.
generated/prisma/runtime/wasm-engine-edge.js(12,388): error TS7006: Parameter 't' implicitly has an 'any' type.
generated/prisma/runtime/wasm-engine-edge.js(12,465): error TS7006: Parameter 't' implicitly has an 'any' type.
generated/prisma/runtime/wasm-engine-edge.js(12,467): error TS7006: Parameter 'e' implicitly has an 'any' type.
generated/prisma/runtime/wasm-engine-edge.js(12,507): error TS7053: Element implicitly has an 'any' type because expression of type 'string' can't be used to index type '{}'.
  No index signature with a parameter of type 'string' was found on type '{}'.
generated/prisma/runtime/wasm-engine-edge.js(12,540): error TS7023: 'lt' implicitly has return type 'any' because it does not have a return type annotation and is referenced directly or indirectly in one of its return expressions.
generated/prisma/runtime/wasm-engine-edge.js(12,543): error TS7006: Parameter 't' implicitly has an 'any' type.
generated/prisma/runtime/wasm-engine-edge.js(12,706): error TS7031: Binding element 't' implicitly has an 'any' type.
generated/prisma/runtime/wasm-engine-edge.js(12,714): error TS7031: Binding element 'e' implicitly has an 'any' type.
generated/prisma/runtime/wasm-engine-edge.js(12,811): error TS7005: Variable 'h' implicitly has an 'any' type.
generated/prisma/runtime/wasm-engine-edge.js(12,918): error TS7005: Variable 'P' implicitly has an 'any' type.
generated/prisma/runtime/wasm-engine-edge.js(12,1155): error TS7017: Element implicitly has an 'any' type because type 'typeof globalThis' has no index signature.
generated/prisma/runtime/wasm-engine-edge.js(12,1216): error TS7017: Element implicitly has an 'any' type because type 'typeof globalThis' has no index signature.
generated/prisma/runtime/wasm-engine-edge.js(12,1246): error TS7017: Element implicitly has an 'any' type because type 'typeof globalThis' has no index signature.
generated/prisma/runtime/wasm-engine-edge.js(12,1289): error TS7017: Element implicitly has an 'any' type because type 'typeof globalThis' has no index signature.
generated/prisma/runtime/wasm-engine-edge.js(12,1489): error TS2349: This expression is not callable.
  Not all constituents of type 'string | (() => boolean)' are callable.
    Type 'string' has no call signatures.
generated/prisma/runtime/wasm-engine-edge.js(12,1489): error TS2722: Cannot invoke an object which is possibly 'undefined'.
generated/prisma/runtime/wasm-engine-edge.js(12,1859): error TS7053: Element implicitly has an 'any' type because expression of type 'string | (() => boolean)' can't be used to index type '{ node: string; workerd: string; deno: string; netlify: string; "edge-light": string; }'.
  No index signature with a parameter of type 'string' was found on type '{ node: string; workerd: string; deno: string; netlify: string; "edge-light": string; }'.
generated/prisma/runtime/wasm-engine-edge.js(12,1862): error TS2538: Type '() => boolean' cannot be used as an index type.
generated/prisma/runtime/wasm-engine-edge.js(12,1926): error TS2345: Argument of type 'string | (() => boolean)' is not assignable to parameter of type 'string'.
  Type '() => boolean' is not assignable to type 'string'.
generated/prisma/runtime/wasm-engine-edge.js(12,1961): error TS7031: Binding element 't' implicitly has an 'any' type.
generated/prisma/runtime/wasm-engine-edge.js(12,1983): error TS7031: Binding element 'e' implicitly has an 'any' type.
generated/prisma/runtime/wasm-engine-edge.js(12,1989): error TS7031: Binding element 'r' implicitly has an 'any' type.
generated/prisma/runtime/wasm-engine-edge.js(12,2005): error TS7031: Binding element 'n' implicitly has an 'any' type.
generated/prisma/runtime/wasm-engine-edge.js(12,2039): error TS2538: Type 'undefined' cannot be used as an index type.
generated/prisma/runtime/wasm-engine-edge.js(12,2051): error TS2538: Type 'undefined' cannot be used as an index type.
generated/prisma/runtime/wasm-engine-edge.js(15,403): error TS7006: Parameter 'e' implicitly has an 'any' type.
generated/prisma/runtime/wasm-engine-edge.js(15,405): error TS7006: Parameter 'r' implicitly has an 'any' type.
generated/prisma/runtime/wasm-engine-edge.js(15,564): error TS7006: Parameter 'e' implicitly has an 'any' type.
generated/prisma/runtime/wasm-engine-edge.js(15,566): error TS7006: Parameter 'r' implicitly has an 'any' type.
generated/prisma/runtime/wasm-engine-edge.js(15,652): error TS7006: Parameter 't' implicitly has an 'any' type.
generated/prisma/runtime/wasm-engine-edge.js(15,654): error TS7006: Parameter 'e' implicitly has an 'any' type.
generated/prisma/runtime/wasm-engine-edge.js(15,763): error TS7006: Parameter 'e' implicitly has an 'any' type.
generated/prisma/runtime/wasm-engine-edge.js(15,765): error TS7006: Parameter 'r' implicitly has an 'any' type.
generated/prisma/runtime/wasm-engine-edge.js(15,830): error TS7006: Parameter 't' implicitly has an 'any' type.
generated/prisma/runtime/wasm-engine-edge.js(15,1049): error TS7005: Variable 'g' implicitly has an 'any' type.
generated/prisma/runtime/wasm-engine-edge.js(15,1055): error TS7005: Variable 'g' implicitly has an 'any' type.
generated/prisma/runtime/wasm-engine-edge.js(15,1559): error TS7005: Variable 'g' implicitly has an 'any' type.
generated/prisma/runtime/wasm-engine-edge.js(15,1824): error TS7031: Binding element 'e' implicitly has an 'any' type.
generated/prisma/runtime/wasm-engine-edge.js(15,1840): error TS7031: Binding element 'r' implicitly has an 'any' type.
generated/prisma/runtime/wasm-engine-edge.js(15,1851): error TS7031: Binding element 'n' implicitly has an 'any' type.
generated/prisma/runtime/wasm-engine-edge.js(15,1864): error TS7031: Binding element 'i' implicitly has an 'any' type.
generated/prisma/runtime/wasm-engine-edge.js(15,1877): error TS7031: Binding element 'o' implicitly has an 'any' type.
generated/prisma/runtime/wasm-engine-edge.js(15,1975): error TS2339: Property 'traceparent' does not exist on type '{}'.
generated/prisma/runtime/wasm-engine-edge.js(15,1989): error TS2339: Property 'transactionId' does not exist on type '{}'.
generated/prisma/runtime/wasm-engine-edge.js(15,2230): error TS2339: Property 'traceparent' does not exist on type '{ Accept: string; Authorization: string; "Content-Type": string; "Prisma-Engine-Hash": any; "Prisma-Engine-Version": any; }'.
generated/prisma/runtime/wasm-engine-edge.js(15,2286): error TS7053: Element implicitly has an 'any' type because expression of type '"X-Transaction-Id"' can't be used to index type '{ Accept: string; Authorization: string; "Content-Type": string; "Prisma-Engine-Hash": any; "Prisma-Engine-Version": any; }'.
  Property 'X-Transaction-Id' does not exist on type '{ Accept: string; Authorization: string; "Content-Type": string; "Prisma-Engine-Hash": any; "Prisma-Engine-Version": any; }'.
generated/prisma/runtime/wasm-engine-edge.js(15,2347): error TS7053: Element implicitly has an 'any' type because expression of type '"X-Capture-Telemetry"' can't be used to index type '{ Accept: string; Authorization: string; "Content-Type": string; "Prisma-Engine-Hash": any; "Prisma-Engine-Version": any; }'.
  Property 'X-Capture-Telemetry' does not exist on type '{ Accept: string; Authorization: string; "Content-Type": string; "Prisma-Engine-Hash": any; "Prisma-Engine-Version": any; }'.
generated/prisma/runtime/wasm-engine-edge.js(15,2569): error TS7006: Parameter 't' implicitly has an 'any' type.
generated/prisma/runtime/wasm-engine-edge.js(15,2609): error TS7006: Parameter 't' implicitly has an 'any' type.
generated/prisma/runtime/wasm-engine-edge.js(15,2756): error TS7006: Parameter 'e' implicitly has an 'any' type.
generated/prisma/runtime/wasm-engine-edge.js(15,2935): error TS7006: Parameter 'e' implicitly has an 'any' type.
generated/prisma/runtime/wasm-engine-edge.js(15,2937): error TS7006: Parameter 'r' implicitly has an 'any' type.
generated/prisma/runtime/wasm-engine-edge.js(15,3082): error TS7006: Parameter 'e' implicitly has an 'any' type.
generated/prisma/runtime/wasm-engine-edge.js(15,3084): error TS7006: Parameter 'r' implicitly has an 'any' type.
generated/prisma/runtime/wasm-engine-edge.js(15,3326): error TS7006: Parameter 'e' implicitly has an 'any' type.
generated/prisma/runtime/wasm-engine-edge.js(15,3578): error TS7006: Parameter 'e' implicitly has an 'any' type.
generated/prisma/runtime/wasm-engine-edge.js(15,3580): error TS7006: Parameter 'r' implicitly has an 'any' type.
generated/prisma/runtime/wasm-engine-edge.js(15,3582): error TS7006: Parameter 'n' implicitly has an 'any' type.
generated/prisma/runtime/wasm-engine-edge.js(15,3757): error TS7006: Parameter 'e' implicitly has an 'any' type.
generated/prisma/runtime/wasm-engine-edge.js(15,3759): error TS7006: Parameter 'r' implicitly has an 'any' type.
generated/prisma/runtime/wasm-engine-edge.js(15,3968): error TS7006: Parameter 'e' implicitly has an 'any' type.
generated/prisma/runtime/wasm-engine-edge.js(15,3970): error TS7006: Parameter 'r' implicitly has an 'any' type.
generated/prisma/runtime/wasm-engine-edge.js(15,3972): error TS7006: Parameter 'n' implicitly has an 'any' type.
generated/prisma/runtime/wasm-engine-edge.js(15,4143): error TS7006: Parameter 'e' implicitly has an 'any' type.
generated/prisma/runtime/wasm-engine-edge.js(15,4358): error TS7006: Parameter 'e' implicitly has an 'any' type.
generated/prisma/runtime/wasm-engine-edge.js(15,4555): error TS7006: Parameter 'e' implicitly has an 'any' type.
generated/prisma/runtime/wasm-engine-edge.js(15,4753): error TS7006: Parameter 'e' implicitly has an 'any' type.
generated/prisma/runtime/wasm-engine-edge.js(15,4940): error TS7006: Parameter 'e' implicitly has an 'any' type.
generated/prisma/runtime/wasm-engine-edge.js(15,5111): error TS7006: Parameter 'e' implicitly has an 'any' type.
generated/prisma/runtime/wasm-engine-edge.js(15,5113): error TS7006: Parameter 'r' implicitly has an 'any' type.
generated/prisma/runtime/wasm-engine-edge.js(15,5115): error TS7006: Parameter 'n' implicitly has an 'any' type.
generated/prisma/runtime/wasm-engine-edge.js(15,5318): error TS7006: Parameter 'e' implicitly has an 'any' type.
generated/prisma/runtime/wasm-engine-edge.js(15,5508): error TS7006: Parameter 'e' implicitly has an 'any' type.
generated/prisma/runtime/wasm-engine-edge.js(15,5580): error TS7006: Parameter 't' implicitly has an 'any' type.
generated/prisma/runtime/wasm-engine-edge.js(15,6342): error TS7006: Parameter 't' implicitly has an 'any' type.
generated/prisma/runtime/wasm-engine-edge.js(15,6344): error TS7006: Parameter 'e' implicitly has an 'any' type.
generated/prisma/runtime/wasm-engine-edge.js(15,6469): error TS2345: Argument of type '{ code: any; clientVersion: any; }' is not assignable to parameter of type '{ code: any; clientVersion: any; meta: any; batchRequestIdx: any; }'.
  Type '{ code: any; clientVersion: any; }' is missing the following properties from type '{ code: any; clientVersion: any; meta: any; batchRequestIdx: any; }': meta, batchRequestIdx
generated/prisma/runtime/wasm-engine-edge.js(15,7537): error TS7053: Element implicitly has an 'any' type because expression of type 'any' can't be used to index type '{ IDParseError: string; NoQueryEngineFoundError: string; TransactionStartError: string; }'.
generated/prisma/runtime/wasm-engine-edge.js(15,7956): error TS7006: Parameter 't' implicitly has an 'any' type.
generated/prisma/runtime/wasm-engine-edge.js(15,7958): error TS7006: Parameter 'e' implicitly has an 'any' type.
generated/prisma/runtime/wasm-engine-edge.js(15,8057): error TS7006: Parameter 't' implicitly has an 'any' type.
generated/prisma/runtime/wasm-engine-edge.js(15,8289): error TS7006: Parameter 't' implicitly has an 'any' type.
generated/prisma/runtime/wasm-engine-edge.js(15,8392): error TS2532: Object is possibly 'undefined'.
generated/prisma/runtime/wasm-engine-edge.js(15,8401): error TS2532: Object is possibly 'undefined'.
generated/prisma/runtime/wasm-engine-edge.js(15,8411): error TS2532: Object is possibly 'undefined'.
generated/prisma/runtime/wasm-engine-edge.js(15,8478): error TS2532: Object is possibly 'undefined'.
generated/prisma/runtime/wasm-engine-edge.js(15,8484): error TS2532: Object is possibly 'undefined'.
generated/prisma/runtime/wasm-engine-edge.js(15,8525): error TS18048: 'R' is possibly 'undefined'.
generated/prisma/runtime/wasm-engine-edge.js(15,8538): error TS18048: 'R' is possibly 'undefined'.
generated/prisma/runtime/wasm-engine-edge.js(15,8549): error TS2532: Object is possibly 'undefined'.
generated/prisma/runtime/wasm-engine-edge.js(15,8555): error TS2532: Object is possibly 'undefined'.
generated/prisma/runtime/wasm-engine-edge.js(15,8576): error TS2532: Object is possibly 'undefined'.
generated/prisma/runtime/wasm-engine-edge.js(15,8584): error TS2532: Object is possibly 'undefined'.
generated/prisma/runtime/wasm-engine-edge.js(15,8636): error TS2532: Object is possibly 'undefined'.
generated/prisma/runtime/wasm-engine-edge.js(15,8642): error TS2532: Object is possibly 'undefined'.
generated/prisma/runtime/wasm-engine-edge.js(15,8697): error TS7006: Parameter 't' implicitly has an 'any' type.
generated/prisma/runtime/wasm-engine-edge.js(15,8739): error TS7006: Parameter 'r' implicitly has an 'any' type.
generated/prisma/runtime/wasm-engine-edge.js(15,9344): error TS7006: Parameter 'e' implicitly has an 'any' type.
generated/prisma/runtime/wasm-engine-edge.js(15,9346): error TS7006: Parameter 'r' implicitly has an 'any' type.
generated/prisma/runtime/wasm-engine-edge.js(16,57): error TS7006: Parameter 't' implicitly has an 'any' type.
generated/prisma/runtime/wasm-engine-edge.js(16,59): error TS7006: Parameter 'e' implicitly has an 'any' type.
generated/prisma/runtime/wasm-engine-edge.js(16,63): error TS7006: Parameter 'n' implicitly has an 'any' type.
generated/prisma/runtime/wasm-engine-edge.js(16,147): error TS18046: 's' is of type 'unknown'.
generated/prisma/runtime/wasm-engine-edge.js(16,312): error TS7006: Parameter 't' implicitly has an 'any' type.
generated/prisma/runtime/wasm-engine-edge.js(16,314): error TS7006: Parameter 'e' implicitly has an 'any' type.
generated/prisma/runtime/wasm-engine-edge.js(16,385): error TS7005: Variable 'g' implicitly has an 'any' type.
generated/prisma/runtime/wasm-engine-edge.js(16,443): error TS7017: Element implicitly has an 'any' type because type 'typeof globalThis' has no index signature.
generated/prisma/runtime/wasm-engine-edge.js(16,490): error TS7005: Variable 'g' implicitly has an 'any' type.
generated/prisma/runtime/wasm-engine-edge.js(16,548): error TS7017: Element implicitly has an 'any' type because type 'typeof globalThis' has no index signature.
generated/prisma/runtime/wasm-engine-edge.js(16,794): error TS18048: 's' is possibly 'undefined'.
generated/prisma/runtime/wasm-engine-edge.js(16,1342): error TS7006: Parameter 't' implicitly has an 'any' type.
generated/prisma/runtime/wasm-engine-edge.js(16,1344): error TS7006: Parameter 'e' implicitly has an 'any' type.
generated/prisma/runtime/wasm-engine-edge.js(16,1404): error TS7006: Parameter 't' implicitly has an 'any' type.
generated/prisma/runtime/wasm-engine-edge.js(16,1658): error TS7008: Member 'remoteClientVersion' implicitly has an 'any' type.
generated/prisma/runtime/wasm-engine-edge.js(16,1678): error TS7008: Member 'host' implicitly has an 'any' type.
generated/prisma/runtime/wasm-engine-edge.js(16,1683): error TS7008: Member 'headerBuilder' implicitly has an 'any' type.
generated/prisma/runtime/wasm-engine-edge.js(16,1697): error TS7008: Member 'startPromise' implicitly has an 'any' type.
generated/prisma/runtime/wasm-engine-edge.js(16,1710): error TS7008: Member 'protocol' implicitly has an 'any' type.
generated/prisma/runtime/wasm-engine-edge.js(16,1731): error TS7006: Parameter 'e' implicitly has an 'any' type.
generated/prisma/runtime/wasm-engine-edge.js(16,2624): error TS7006: Parameter 'e' implicitly has an 'any' type.
generated/prisma/runtime/wasm-engine-edge.js(16,2659): error TS7006: Parameter 'r' implicitly has an 'any' type.
generated/prisma/runtime/wasm-engine-edge.js(16,3279): error TS7006: Parameter 'e' implicitly has an 'any' type.
generated/prisma/runtime/wasm-engine-edge.js(16,4000): error TS7006: Parameter 'e' implicitly has an 'any' type.
generated/prisma/runtime/wasm-engine-edge.js(16,4015): error TS7031: Binding element 'r' implicitly has an 'any' type.
generated/prisma/runtime/wasm-engine-edge.js(16,4040): error TS7031: Binding element 'n' implicitly has an 'any' type.
generated/prisma/runtime/wasm-engine-edge.js(16,4063): error TS7031: Binding element 'i' implicitly has an 'any' type.
generated/prisma/runtime/wasm-engine-edge.js(16,4186): error TS7006: Parameter 'e' implicitly has an 'any' type.
generated/prisma/runtime/wasm-engine-edge.js(16,4201): error TS7031: Binding element 'r' implicitly has an 'any' type.
generated/prisma/runtime/wasm-engine-edge.js(16,4215): error TS7031: Binding element 'n' implicitly has an 'any' type.
generated/prisma/runtime/wasm-engine-edge.js(16,4238): error TS7031: Binding element 'i' implicitly has an 'any' type.
generated/prisma/runtime/wasm-engine-edge.js(16,4402): error TS7006: Parameter 'f' implicitly has an 'any' type.
generated/prisma/runtime/wasm-engine-edge.js(16,4556): error TS7031: Binding element 'e' implicitly has an 'any' type.
generated/prisma/runtime/wasm-engine-edge.js(16,4570): error TS7031: Binding element 'r' implicitly has an 'any' type.
generated/prisma/runtime/wasm-engine-edge.js(16,4593): error TS7031: Binding element 'n' implicitly has an 'any' type.
generated/prisma/runtime/wasm-engine-edge.js(16,4618): error TS7031: Binding element 'i' implicitly has an 'any' type.
generated/prisma/runtime/wasm-engine-edge.js(16,4697): error TS7031: Binding element 'o' implicitly has an 'any' type.
generated/prisma/runtime/wasm-engine-edge.js(16,5251): error TS7006: Parameter 'e' implicitly has an 'any' type.
generated/prisma/runtime/wasm-engine-edge.js(16,5253): error TS7006: Parameter 'r' implicitly has an 'any' type.
generated/prisma/runtime/wasm-engine-edge.js(16,5255): error TS7006: Parameter 'n' implicitly has an 'any' type.
generated/prisma/runtime/wasm-engine-edge.js(16,5366): error TS7053: Element implicitly has an 'any' type because expression of type 'any' can't be used to index type '{ start: string; commit: string; rollback: string; }'.
generated/prisma/runtime/wasm-engine-edge.js(16,5413): error TS7031: Binding element 'o' implicitly has an 'any' type.
generated/prisma/runtime/wasm-engine-edge.js(16,6521): error TS7006: Parameter 'e' implicitly has an 'any' type.
generated/prisma/runtime/wasm-engine-edge.js(16,6548): error TS7006: Parameter 'i' implicitly has an 'any' type.
generated/prisma/runtime/wasm-engine-edge.js(16,7063): error TS7006: Parameter 'e' implicitly has an 'any' type.
generated/prisma/runtime/wasm-engine-edge.js(16,7216): error TS7006: Parameter 'e' implicitly has an 'any' type.
generated/prisma/runtime/wasm-engine-edge.js(16,7325): error TS2345: Argument of type '{ clientVersion: any; }' is not assignable to parameter of type '{ clientVersion: any; batchRequestIdx: any; }'.
  Property 'batchRequestIdx' is missing in type '{ clientVersion: any; }' but required in type '{ clientVersion: any; batchRequestIdx: any; }'.
generated/prisma/runtime/wasm-engine-edge.js(16,7498): error TS7006: Parameter 't' implicitly has an 'any' type.
generated/prisma/runtime/wasm-engine-edge.js(16,7568): error TS7034: Variable 'Vn' implicitly has type 'any' in some locations where its type cannot be determined.
generated/prisma/runtime/wasm-engine-edge.js(16,7593): error TS7006: Parameter 't' implicitly has an 'any' type.
generated/prisma/runtime/wasm-engine-edge.js(16,7838): error TS7005: Variable 'Vn' implicitly has an 'any' type.
generated/prisma/runtime/wasm-engine-edge.js(16,8161): error TS2349: This expression is not callable.
  No constituent of type 'ExportValue' is callable.
generated/prisma/runtime/wasm-engine-edge.js(16,8161): error TS2722: Cannot invoke an object which is possibly 'undefined'.
generated/prisma/runtime/wasm-engine-edge.js(16,8161): error TS18048: 'v' is possibly 'undefined'.
generated/prisma/runtime/wasm-engine-edge.js(16,8196): error TS7005: Variable 'Vn' implicitly has an 'any' type.
generated/prisma/runtime/wasm-engine-edge.js(16,8419): error TS7006: Parameter 't' implicitly has an 'any' type.
generated/prisma/runtime/wasm-engine-edge.js(16,8476): error TS7006: Parameter 't' implicitly has an 'any' type.
generated/prisma/runtime/wasm-engine-edge.js(16,8675): error TS7008: Member 'engine' implicitly has an 'any' type.
generated/prisma/runtime/wasm-engine-edge.js(16,8682): error TS7022: 'libraryInstantiationPromise' implicitly has type 'any' because it does not have a type annotation and is referenced directly or indirectly in its own initializer.
generated/prisma/runtime/wasm-engine-edge.js(16,8710): error TS7008: Member 'libraryStartingPromise' implicitly has an 'any' type.
generated/prisma/runtime/wasm-engine-edge.js(16,8733): error TS7008: Member 'libraryStoppingPromise' implicitly has an 'any' type.
generated/prisma/runtime/wasm-engine-edge.js(16,8771): error TS7008: Member 'executingQueryPromise' implicitly has an 'any' type.
generated/prisma/runtime/wasm-engine-edge.js(16,8800): error TS7008: Member 'QueryEngineConstructor' implicitly has an 'any' type.
generated/prisma/runtime/wasm-engine-edge.js(16,8837): error TS7008: Member 'library' implicitly has an 'any' type.
generated/prisma/runtime/wasm-engine-edge.js(16,8856): error TS7008: Member 'libQueryEnginePath' implicitly has an 'any' type.
generated/prisma/runtime/wasm-engine-edge.js(16,8875): error TS7008: Member 'binaryTarget' implicitly has an 'any' type.
generated/prisma/runtime/wasm-engine-edge.js(16,8938): error TS7008: Member 'lastQuery' implicitly has an 'any' type.
generated/prisma/runtime/wasm-engine-edge.js(16,8948): error TS7008: Member 'loggerRustPanic' implicitly has an 'any' type.
generated/prisma/runtime/wasm-engine-edge.js(16,8978): error TS7008: Member 'adapterPromise' implicitly has an 'any' type.
generated/prisma/runtime/wasm-engine-edge.js(16,8993): error TS7008: Member 'versionInfo' implicitly has an 'any' type.
generated/prisma/runtime/wasm-engine-edge.js(16,9017): error TS7006: Parameter 'e' implicitly has an 'any' type.
generated/prisma/runtime/wasm-engine-edge.js(16,9019): error TS7006: Parameter 'r' implicitly has an 'any' type.
generated/prisma/runtime/wasm-engine-edge.js(16,9356): error TS2538: Type 'undefined' cannot be used as an index type.
generated/prisma/runtime/wasm-engine-edge.js(16,9493): error TS7006: Parameter 'e' implicitly has an 'any' type.
generated/prisma/runtime/wasm-engine-edge.js(16,10016): error TS7006: Parameter 'e' implicitly has an 'any' type.
generated/prisma/runtime/wasm-engine-edge.js(16,10032): error TS7019: Rest parameter 'r' implicitly has an 'any[]' type.
generated/prisma/runtime/wasm-engine-edge.js(16,10370): error TS7006: Parameter 'e' implicitly has an 'any' type.
generated/prisma/runtime/wasm-engine-edge.js(16,10372): error TS7006: Parameter 'r' implicitly has an 'any' type.
generated/prisma/runtime/wasm-engine-edge.js(16,10374): error TS7006: Parameter 'n' implicitly has an 'any' type.
generated/prisma/runtime/wasm-engine-edge.js(16,10866): error TS2345: Argument of type '{ code: any; clientVersion: any; meta: any; }' is not assignable to parameter of type '{ code: any; clientVersion: any; meta: any; batchRequestIdx: any; }'.
  Property 'batchRequestIdx' is missing in type '{ code: any; clientVersion: any; meta: any; }' but required in type '{ code: any; clientVersion: any; meta: any; batchRequestIdx: any; }'.
generated/prisma/runtime/wasm-engine-edge.js(16,10996): error TS2345: Argument of type '{ clientVersion: any; }' is not assignable to parameter of type '{ clientVersion: any; batchRequestIdx: any; }'.
  Property 'batchRequestIdx' is missing in type '{ clientVersion: any; }' but required in type '{ clientVersion: any; batchRequestIdx: any; }'.
generated/prisma/runtime/wasm-engine-edge.js(16,11054): error TS7023: 'instantiateLibrary' implicitly has return type 'any' because it does not have a return type annotation and is referenced directly or indirectly in one of its return expressions.
generated/prisma/runtime/wasm-engine-edge.js(16,11369): error TS7006: Parameter 'e' implicitly has an 'any' type.
generated/prisma/runtime/wasm-engine-edge.js(16,11427): error TS2345: Argument of type '{ clientVersion: any; }' is not assignable to parameter of type '{ clientVersion: any; batchRequestIdx: any; }'.
  Property 'batchRequestIdx' is missing in type '{ clientVersion: any; }' but required in type '{ clientVersion: any; batchRequestIdx: any; }'.
generated/prisma/runtime/wasm-engine-edge.js(16,11557): error TS2345: Argument of type '{ clientVersion: any; }' is not assignable to parameter of type '{ clientVersion: any; batchRequestIdx: any; }'.
  Property 'batchRequestIdx' is missing in type '{ clientVersion: any; }' but required in type '{ clientVersion: any; batchRequestIdx: any; }'.
generated/prisma/runtime/wasm-engine-edge.js(16,11798): error TS7005: Variable 'b' implicitly has an 'any' type.
generated/prisma/runtime/wasm-engine-edge.js(16,12048): error TS7005: Variable 'g' implicitly has an 'any' type.
generated/prisma/runtime/wasm-engine-edge.js(16,12280): error TS7006: Parameter 'n' implicitly has an 'any' type.
generated/prisma/runtime/wasm-engine-edge.js(16,12349): error TS18046: 'r' is of type 'unknown'.
generated/prisma/runtime/wasm-engine-edge.js(16,12452): error TS7006: Parameter 'e' implicitly has an 'any' type.
generated/prisma/runtime/wasm-engine-edge.js(16,12788): error TS7006: Parameter 'e' implicitly has an 'any' type.
generated/prisma/runtime/wasm-engine-edge.js(16,12850): error TS7006: Parameter 'e' implicitly has an 'any' type.
generated/prisma/runtime/wasm-engine-edge.js(16,13827): error TS18046: 'r' is of type 'unknown'.
generated/prisma/runtime/wasm-engine-edge.js(16,15048): error TS7006: Parameter 'e' implicitly has an 'any' type.
generated/prisma/runtime/wasm-engine-edge.js(16,15100): error TS7006: Parameter 'e' implicitly has an 'any' type.
generated/prisma/runtime/wasm-engine-edge.js(16,15115): error TS7031: Binding element 'r' implicitly has an 'any' type.
generated/prisma/runtime/wasm-engine-edge.js(16,15140): error TS7031: Binding element 'n' implicitly has an 'any' type.
generated/prisma/runtime/wasm-engine-edge.js(16,15583): error TS2345: Argument of type '{ clientVersion: any; }' is not assignable to parameter of type '{ clientVersion: any; batchRequestIdx: any; }'.
  Property 'batchRequestIdx' is missing in type '{ clientVersion: any; }' but required in type '{ clientVersion: any; batchRequestIdx: any; }'.
generated/prisma/runtime/wasm-engine-edge.js(16,15727): error TS18046: 's' is of type 'unknown'.
generated/prisma/runtime/wasm-engine-edge.js(16,15754): error TS18046: 's' is of type 'unknown'.
generated/prisma/runtime/wasm-engine-edge.js(16,15815): error TS18046: 's' is of type 'unknown'.
generated/prisma/runtime/wasm-engine-edge.js(17,17): error TS2345: Argument of type '{ clientVersion: any; }' is not assignable to parameter of type '{ clientVersion: any; batchRequestIdx: any; }'.
  Property 'batchRequestIdx' is missing in type '{ clientVersion: any; }' but required in type '{ clientVersion: any; batchRequestIdx: any; }'.
generated/prisma/runtime/wasm-engine-edge.js(17,80): error TS7006: Parameter 'e' implicitly has an 'any' type.
generated/prisma/runtime/wasm-engine-edge.js(17,95): error TS7031: Binding element 'r' implicitly has an 'any' type.
generated/prisma/runtime/wasm-engine-edge.js(17,109): error TS7031: Binding element 'n' implicitly has an 'any' type.
generated/prisma/runtime/wasm-engine-edge.js(17,519): error TS2345: Argument of type '{ clientVersion: any; }' is not assignable to parameter of type '{ clientVersion: any; batchRequestIdx: any; }'.
  Property 'batchRequestIdx' is missing in type '{ clientVersion: any; }' but required in type '{ clientVersion: any; batchRequestIdx: any; }'.
generated/prisma/runtime/wasm-engine-edge.js(17,828): error TS7006: Parameter 'e' implicitly has an 'any' type.
generated/prisma/runtime/wasm-engine-edge.js(17,830): error TS7006: Parameter 'r' implicitly has an 'any' type.
generated/prisma/runtime/wasm-engine-edge.js(17,1020): error TS7006: Parameter 'e' implicitly has an 'any' type.
generated/prisma/runtime/wasm-engine-edge.js(17,1022): error TS7006: Parameter 'r' implicitly has an 'any' type.
generated/prisma/runtime/wasm-engine-edge.js(17,1252): error TS7006: Parameter 'e' implicitly has an 'any' type.
generated/prisma/runtime/wasm-engine-edge.js(17,1400): error TS7006: Parameter 't' implicitly has an 'any' type.
generated/prisma/runtime/wasm-engine-edge.js(17,1503): error TS7031: Binding element 't' implicitly has an 'any' type.
generated/prisma/runtime/wasm-engine-edge.js(17,1513): error TS7031: Binding element 'e' implicitly has an 'any' type.
generated/prisma/runtime/wasm-engine-edge.js(17,1526): error TS7031: Binding element 'r' implicitly has an 'any' type.
generated/prisma/runtime/wasm-engine-edge.js(17,1544): error TS7031: Binding element 'n' implicitly has an 'any' type.
generated/prisma/runtime/wasm-engine-edge.js(17,1552): error TS7034: Variable 'i' implicitly has type 'any[]' in some locations where its type cannot be determined.
generated/prisma/runtime/wasm-engine-edge.js(17,1557): error TS7034: Variable 'o' implicitly has type 'any[]' in some locations where its type cannot be determined.
generated/prisma/runtime/wasm-engine-edge.js(17,1564): error TS7006: Parameter 'D' implicitly has an 'any' type.
generated/prisma/runtime/wasm-engine-edge.js(17,1604): error TS7006: Parameter 'D' implicitly has an 'any' type.
generated/prisma/runtime/wasm-engine-edge.js(18,1045): error TS7006: Parameter 'D' implicitly has an 'any' type.
generated/prisma/runtime/wasm-engine-edge.js(18,1075): error TS7005: Variable 'o' implicitly has an 'any[]' type.
generated/prisma/runtime/wasm-engine-edge.js(18,1107): error TS7005: Variable 'i' implicitly has an 'any[]' type.
generated/prisma/runtime/wasm-engine-edge.js(18,1116): error TS7005: Variable 'o' implicitly has an 'any[]' type.
generated/prisma/runtime/wasm-engine-edge.js(18,1159): error TS7005: Variable 'i' implicitly has an 'any[]' type.
generated/prisma/runtime/wasm-engine-edge.js(18,1203): error TS7006: Parameter 'e' implicitly has an 'any' type.
generated/prisma/runtime/wasm-engine-edge.js(18,1319): error TS7005: Variable 'g' implicitly has an 'any' type.
generated/prisma/runtime/wasm-engine-edge.js(18,1529): error TS18048: 'o.errors' is possibly 'undefined'.
generated/prisma/runtime/wasm-engine-edge.js(18,1827): error TS7006: Parameter 'e' implicitly has an 'any' type.
generated/prisma/runtime/wasm-engine-edge.js(20,128): error TS7031: Binding element 't' implicitly has an 'any' type.
generated/prisma/runtime/wasm-engine-edge.js(20,193): error TS7006: Parameter 't' implicitly has an 'any' type.
generated/prisma/runtime/wasm-engine-edge.js(20,265): error TS7006: Parameter 't' implicitly has an 'any' type.
generated/prisma/runtime/wasm-engine-edge.js(20,286): error TS7006: Parameter 'e' implicitly has an 'any' type.
generated/prisma/runtime/wasm-engine-edge.js(20,288): error TS7006: Parameter 'r' implicitly has an 'any' type.
generated/prisma/runtime/wasm-engine-edge.js(20,290): error TS7006: Parameter 'n' implicitly has an 'any' type.
generated/prisma/runtime/wasm-engine-edge.js(20,352): error TS7006: Parameter 't' implicitly has an 'any' type.
generated/prisma/runtime/wasm-engine-edge.js(20,418): error TS7006: Parameter 't' implicitly has an 'any' type.
generated/prisma/runtime/wasm-engine-edge.js(20,420): error TS7006: Parameter 'e' implicitly has an 'any' type.
generated/prisma/runtime/wasm-engine-edge.js(20,451): error TS7006: Parameter 'r' implicitly has an 'any' type.
generated/prisma/runtime/wasm-engine-edge.js(20,473): error TS7023: 'fs' implicitly has return type 'any' because it does not have a return type annotation and is referenced directly or indirectly in one of its return expressions.
generated/prisma/runtime/wasm-engine-edge.js(20,476): error TS7006: Parameter 't' implicitly has an 'any' type.
generated/prisma/runtime/wasm-engine-edge.js(20,478): error TS7006: Parameter 'e' implicitly has an 'any' type.
generated/prisma/runtime/wasm-engine-edge.js(20,514): error TS7024: Function implicitly has return type 'any' because it does not have a return type annotation and is referenced directly or indirectly in one of its return expressions.
generated/prisma/runtime/wasm-engine-edge.js(20,670): error TS7005: Variable 'xe' implicitly has an 'any' type.
generated/prisma/runtime/wasm-engine-edge.js(20,745): error TS7005: Variable 'h' implicitly has an 'any' type.
generated/prisma/runtime/wasm-engine-edge.js(20,874): error TS7005: Variable 'h' implicitly has an 'any' type.
generated/prisma/runtime/wasm-engine-edge.js(20,1014): error TS7005: Variable 'h' implicitly has an 'any' type.
generated/prisma/runtime/wasm-engine-edge.js(20,1106): error TS7006: Parameter 't' implicitly has an 'any' type.
generated/prisma/runtime/wasm-engine-edge.js(20,1300): error TS7023: 'gs' implicitly has return type 'any' because it does not have a return type annotation and is referenced directly or indirectly in one of its return expressions.
generated/prisma/runtime/wasm-engine-edge.js(20,1303): error TS7006: Parameter 't' implicitly has an 'any' type.
generated/prisma/runtime/wasm-engine-edge.js(20,1470): error TS7053: Element implicitly has an 'any' type because expression of type 'string' can't be used to index type '{}'.
  No index signature with a parameter of type 'string' was found on type '{}'.
generated/prisma/runtime/wasm-engine-edge.js(20,1502): error TS7023: 'ds' implicitly has return type 'any' because it does not have a return type annotation and is referenced directly or indirectly in one of its return expressions.
generated/prisma/runtime/wasm-engine-edge.js(20,1505): error TS7006: Parameter 't' implicitly has an 'any' type.
generated/prisma/runtime/wasm-engine-edge.js(20,1611): error TS7006: Parameter 't' implicitly has an 'any' type.
generated/prisma/runtime/wasm-engine-edge.js(20,1613): error TS7006: Parameter 'e' implicitly has an 'any' type.
generated/prisma/runtime/wasm-engine-edge.js(20,1615): error TS7006: Parameter 'r' implicitly has an 'any' type.
generated/prisma/runtime/wasm-engine-edge.js(20,1617): error TS7006: Parameter 'n' implicitly has an 'any' type.
generated/prisma/runtime/wasm-engine-edge.js(27,26): error TS7031: Binding element 't' implicitly has an 'any' type.
generated/prisma/runtime/wasm-engine-edge.js(27,43): error TS7031: Binding element 'e' implicitly has an 'any' type.
generated/prisma/runtime/wasm-engine-edge.js(27,48): error TS7006: Parameter 'r' implicitly has an 'any' type.
generated/prisma/runtime/wasm-engine-edge.js(27,729): error TS7006: Parameter 't' implicitly has an 'any' type.
generated/prisma/runtime/wasm-engine-edge.js(27,791): error TS7006: Parameter 't' implicitly has an 'any' type.
generated/prisma/runtime/wasm-engine-edge.js(27,861): error TS7006: Parameter 't' implicitly has an 'any' type.
generated/prisma/runtime/wasm-engine-edge.js(27,903): error TS7006: Parameter 't' implicitly has an 'any' type.
generated/prisma/runtime/wasm-engine-edge.js(27,956): error TS7006: Parameter 't' implicitly has an 'any' type.
generated/prisma/runtime/wasm-engine-edge.js(27,975): error TS7006: Parameter 'r' implicitly has an 'any' type.
generated/prisma/runtime/wasm-engine-edge.js(27,977): error TS7006: Parameter 'n' implicitly has an 'any' type.
generated/prisma/runtime/wasm-engine-edge.js(27,1126): error TS7006: Parameter 's' implicitly has an 'any' type.
generated/prisma/runtime/wasm-engine-edge.js(27,1128): error TS7006: Parameter 'a' implicitly has an 'any' type.
generated/prisma/runtime/wasm-engine-edge.js(27,1159): error TS7006: Parameter 's' implicitly has an 'any' type.
generated/prisma/runtime/wasm-engine-edge.js(27,1191): error TS7006: Parameter 's' implicitly has an 'any' type.
generated/prisma/runtime/wasm-engine-edge.js(27,1236): error TS7006: Parameter 's' implicitly has an 'any' type.
generated/prisma/runtime/wasm-engine-edge.js(27,1356): error TS7006: Parameter 't' implicitly has an 'any' type.
generated/prisma/runtime/wasm-engine-edge.js(27,1585): error TS7006: Parameter 't' implicitly has an 'any' type.
generated/prisma/runtime/wasm-engine-edge.js(27,1587): error TS7006: Parameter 'e' implicitly has an 'any' type.
generated/prisma/runtime/wasm-engine-edge.js(27,1688): error TS7006: Parameter 'e' implicitly has an 'any' type.
generated/prisma/runtime/wasm-engine-edge.js(27,1766): error TS7006: Parameter 'e' implicitly has an 'any' type.
generated/prisma/runtime/wasm-engine-edge.js(27,1919): error TS7006: Parameter 'e' implicitly has an 'any' type.
generated/prisma/runtime/wasm-engine-edge.js(27,1921): error TS7006: Parameter 'r' implicitly has an 'any' type.
generated/prisma/runtime/wasm-engine-edge.js(27,2012): error TS7053: Element implicitly has an 'any' type because expression of type '`V${any}_PRISMA_INSTRUMENTATION`' can't be used to index type 'typeof globalThis'.
generated/prisma/runtime/wasm-engine-edge.js(27,2069): error TS7017: Element implicitly has an 'any' type because type 'typeof globalThis' has no index signature.
generated/prisma/runtime/wasm-engine-edge.js(27,2190): error TS7006: Parameter 't' implicitly has an 'any' type.
generated/prisma/runtime/wasm-engine-edge.js(27,2206): error TS7034: Variable 'r' implicitly has type 'any' in some locations where its type cannot be determined.
generated/prisma/runtime/wasm-engine-edge.js(27,2242): error TS7006: Parameter 'i' implicitly has an 'any' type.
generated/prisma/runtime/wasm-engine-edge.js(27,2260): error TS7005: Variable 'r' implicitly has an 'any' type.
generated/prisma/runtime/wasm-engine-edge.js(27,2312): error TS7006: Parameter 't' implicitly has an 'any' type.
generated/prisma/runtime/wasm-engine-edge.js(27,2353): error TS7006: Parameter 'e' implicitly has an 'any' type.
generated/prisma/runtime/wasm-engine-edge.js(27,2355): error TS7006: Parameter 'r' implicitly has an 'any' type.
generated/prisma/runtime/wasm-engine-edge.js(27,2522): error TS7006: Parameter 't' implicitly has an 'any' type.
generated/prisma/runtime/wasm-engine-edge.js(27,2603): error TS7006: Parameter 't' implicitly has an 'any' type.
generated/prisma/runtime/wasm-engine-edge.js(27,2820): error TS7023: 'Wn' implicitly has return type 'any' because it does not have a return type annotation and is referenced directly or indirectly in one of its return expressions.
generated/prisma/runtime/wasm-engine-edge.js(27,2823): error TS7006: Parameter 't' implicitly has an 'any' type.
generated/prisma/runtime/wasm-engine-edge.js(27,2862): error TS7024: Function implicitly has return type 'any' because it does not have a return type annotation and is referenced directly or indirectly in one of its return expressions.
generated/prisma/runtime/wasm-engine-edge.js(27,3307): error TS7006: Parameter 't' implicitly has an 'any' type.
generated/prisma/runtime/wasm-engine-edge.js(27,3317): error TS7053: Element implicitly has an 'any' type because expression of type 'any' can't be used to index type '{ aggregate: boolean; aggregateRaw: boolean; createMany: boolean; createManyAndReturn: boolean; createOne: boolean; deleteMany: boolean; deleteOne: boolean; executeRaw: boolean; findFirst: boolean; ... 11 more ...; upsertOne: boolean; }'.
generated/prisma/runtime/wasm-engine-edge.js(27,3372): error TS7006: Parameter 'e' implicitly has an 'any' type.
generated/prisma/runtime/wasm-engine-edge.js(27,3436): error TS7006: Parameter 'e' implicitly has an 'any' type.
generated/prisma/runtime/wasm-engine-edge.js(27,3479): error TS7053: Element implicitly has an 'any' type because expression of type 'any' can't be used to index type '{}'.
generated/prisma/runtime/wasm-engine-edge.js(27,3497): error TS7053: Element implicitly has an 'any' type because expression of type 'any' can't be used to index type '{}'.
generated/prisma/runtime/wasm-engine-edge.js(27,3553): error TS7005: Variable 'g' implicitly has an 'any' type.
generated/prisma/runtime/wasm-engine-edge.js(27,3635): error TS7053: Element implicitly has an 'any' type because expression of type 'any' can't be used to index type '{}'.
generated/prisma/runtime/wasm-engine-edge.js(27,3771): error TS7053: Element implicitly has an 'any' type because expression of type 'string' can't be used to index type '{}'.
  No index signature with a parameter of type 'string' was found on type '{}'.
generated/prisma/runtime/wasm-engine-edge.js(27,3794): error TS7053: Element implicitly has an 'any' type because expression of type 'string' can't be used to index type '{}'.
  No index signature with a parameter of type 'string' was found on type '{}'.
generated/prisma/runtime/wasm-engine-edge.js(27,3868): error TS7006: Parameter 'n' implicitly has an 'any' type.
generated/prisma/runtime/wasm-engine-edge.js(27,3930): error TS7006: Parameter 'n' implicitly has an 'any' type.
generated/prisma/runtime/wasm-engine-edge.js(27,3960): error TS7006: Parameter 'n' implicitly has an 'any' type.
generated/prisma/runtime/wasm-engine-edge.js(27,3962): error TS7006: Parameter 'i' implicitly has an 'any' type.
generated/prisma/runtime/wasm-engine-edge.js(27,4043): error TS7006: Parameter 'n' implicitly has an 'any' type.
generated/prisma/runtime/wasm-engine-edge.js(27,4063): error TS7006: Parameter 'n' implicitly has an 'any' type.
generated/prisma/runtime/wasm-engine-edge.js(27,4234): error TS7006: Parameter 'n' implicitly has an 'any' type.
generated/prisma/runtime/wasm-engine-edge.js(27,4371): error TS7006: Parameter 't' implicitly has an 'any' type.
generated/prisma/runtime/wasm-engine-edge.js(27,4373): error TS7006: Parameter 'e' implicitly has an 'any' type.
generated/prisma/runtime/wasm-engine-edge.js(27,4490): error TS7005: Variable 'h' implicitly has an 'any' type.
generated/prisma/runtime/wasm-engine-edge.js(27,4563): error TS7005: Variable 'xe' implicitly has an 'any' type.
generated/prisma/runtime/wasm-engine-edge.js(27,4693): error TS7006: Parameter 'r' implicitly has an 'any' type.
generated/prisma/runtime/wasm-engine-edge.js(27,4743): error TS7006: Parameter 'r' implicitly has an 'any' type.
generated/prisma/runtime/wasm-engine-edge.js(27,4794): error TS7006: Parameter 'r' implicitly has an 'any' type.
generated/prisma/runtime/wasm-engine-edge.js(27,4848): error TS7006: Parameter 'r' implicitly has an 'any' type.
generated/prisma/runtime/wasm-engine-edge.js(27,4899): error TS7006: Parameter 'r' implicitly has an 'any' type.
generated/prisma/runtime/wasm-engine-edge.js(27,4946): error TS7006: Parameter 'r' implicitly has an 'any' type.
generated/prisma/runtime/wasm-engine-edge.js(27,4993): error TS7006: Parameter 't' implicitly has an 'any' type.
generated/prisma/runtime/wasm-engine-edge.js(27,5098): error TS7053: Element implicitly has an 'any' type because expression of type 'any' can't be used to index type '{}'.
generated/prisma/runtime/wasm-engine-edge.js(27,5165): error TS7006: Parameter 't' implicitly has an 'any' type.
generated/prisma/runtime/wasm-engine-edge.js(27,5212): error TS7053: Element implicitly has an 'any' type because expression of type 'any' can't be used to index type '{}'.
generated/prisma/runtime/wasm-engine-edge.js(27,5334): error TS7006: Parameter 'e' implicitly has an 'any' type.
generated/prisma/runtime/wasm-engine-edge.js(27,5336): error TS7006: Parameter 'r' implicitly has an 'any' type.
generated/prisma/runtime/wasm-engine-edge.js(27,5426): error TS7031: Binding element 'n' implicitly has an 'any' type.
generated/prisma/runtime/wasm-engine-edge.js(27,5449): error TS7031: Binding element 'i' implicitly has an 'any' type.
generated/prisma/runtime/wasm-engine-edge.js(27,5503): error TS7006: Parameter 'A' implicitly has an 'any' type.
generated/prisma/runtime/wasm-engine-edge.js(27,5579): error TS7006: Parameter 'A' implicitly has an 'any' type.
generated/prisma/runtime/wasm-engine-edge.js(27,5738): error TS7006: Parameter 'A' implicitly has an 'any' type.
generated/prisma/runtime/wasm-engine-edge.js(27,5740): error TS7006: Parameter 'I' implicitly has an 'any' type.
generated/prisma/runtime/wasm-engine-edge.js(27,5863): error TS7006: Parameter 'n' implicitly has an 'any' type.
generated/prisma/runtime/wasm-engine-edge.js(27,6188): error TS7006: Parameter 'n' implicitly has an 'any' type.
generated/prisma/runtime/wasm-engine-edge.js(27,6274): error TS7006: Parameter 'n' implicitly has an 'any' type.
generated/prisma/runtime/wasm-engine-edge.js(27,6276): error TS7006: Parameter 'i' implicitly has an 'any' type.
generated/prisma/runtime/wasm-engine-edge.js(27,6406): error TS7006: Parameter 'e' implicitly has an 'any' type.
generated/prisma/runtime/wasm-engine-edge.js(27,6684): error TS7031: Binding element 'e' implicitly has an 'any' type.
generated/prisma/runtime/wasm-engine-edge.js(27,6695): error TS7031: Binding element 'r' implicitly has an 'any' type.
generated/prisma/runtime/wasm-engine-edge.js(27,6698): error TS7006: Parameter 'n' implicitly has an 'any' type.
generated/prisma/runtime/wasm-engine-edge.js(27,6743): error TS7005: Variable 'g' implicitly has an 'any' type.
generated/prisma/runtime/wasm-engine-edge.js(27,6808): error TS7006: Parameter 'e' implicitly has an 'any' type.
generated/prisma/runtime/wasm-engine-edge.js(27,6912): error TS18046: 'r' is of type 'unknown'.
generated/prisma/runtime/wasm-engine-edge.js(27,6994): error TS7031: Binding element 'e' implicitly has an 'any' type.
generated/prisma/runtime/wasm-engine-edge.js(27,7009): error TS7031: Binding element 'r' implicitly has an 'any' type.
generated/prisma/runtime/wasm-engine-edge.js(27,7020): error TS7031: Binding element 'n' implicitly has an 'any' type.
generated/prisma/runtime/wasm-engine-edge.js(27,7034): error TS7031: Binding element 'i' implicitly has an 'any' type.
generated/prisma/runtime/wasm-engine-edge.js(27,7041): error TS7031: Binding element 'o' implicitly has an 'any' type.
generated/prisma/runtime/wasm-engine-edge.js(27,7053): error TS7031: Binding element 's' implicitly has an 'any' type.
generated/prisma/runtime/wasm-engine-edge.js(27,7066): error TS7031: Binding element 'a' implicitly has an 'any' type.
generated/prisma/runtime/wasm-engine-edge.js(27,7960): error TS7006: Parameter 'e' implicitly has an 'any' type.
generated/prisma/runtime/wasm-engine-edge.js(27,8047): error TS7006: Parameter 'e' implicitly has an 'any' type.
generated/prisma/runtime/wasm-engine-edge.js(27,8049): error TS7006: Parameter 'r' implicitly has an 'any' type.
generated/prisma/runtime/wasm-engine-edge.js(27,8051): error TS7006: Parameter 'n' implicitly has an 'any' type.
generated/prisma/runtime/wasm-engine-edge.js(27,8151): error TS7006: Parameter 'v' implicitly has an 'any' type.
generated/prisma/runtime/wasm-engine-edge.js(27,8301): error TS7006: Parameter 't' implicitly has an 'any' type.
generated/prisma/runtime/wasm-engine-edge.js(27,8490): error TS7006: Parameter 't' implicitly has an 'any' type.
generated/prisma/runtime/wasm-engine-edge.js(27,8539): error TS7006: Parameter 't' implicitly has an 'any' type.
generated/prisma/runtime/wasm-engine-edge.js(27,8541): error TS7006: Parameter 'e' implicitly has an 'any' type.
generated/prisma/runtime/wasm-engine-edge.js(27,8617): error TS7006: Parameter 't' implicitly has an 'any' type.
generated/prisma/runtime/wasm-engine-edge.js(27,8674): error TS7006: Parameter 't' implicitly has an 'any' type.
generated/prisma/runtime/wasm-engine-edge.js(27,8978): error TS7006: Parameter 'e' implicitly has an 'any' type.
generated/prisma/runtime/wasm-engine-edge.js(28,423): error TS7006: Parameter 't' implicitly has an 'any' type.
generated/prisma/runtime/wasm-engine-edge.js(28,442): error TS7031: Binding element 'e' implicitly has an 'any' type.
generated/prisma/runtime/wasm-engine-edge.js(31,71): error TS7006: Parameter 't' implicitly has an 'any' type.
generated/prisma/runtime/wasm-engine-edge.js(31,73): error TS7006: Parameter 'e' implicitly has an 'any' type.
generated/prisma/runtime/wasm-engine-edge.js(31,519): error TS7006: Parameter 't' implicitly has an 'any' type.
generated/prisma/runtime/wasm-engine-edge.js(32,46): error TS7006: Parameter 't' implicitly has an 'any' type.
generated/prisma/runtime/wasm-engine-edge.js(32,308): error TS7006: Parameter 't' implicitly has an 'any' type.
generated/prisma/runtime/wasm-engine-edge.js(32,455): error TS7006: Parameter 'r' implicitly has an 'any' type.
generated/prisma/runtime/wasm-engine-edge.js(32,637): error TS7006: Parameter 'i' implicitly has an 'any' type.
generated/prisma/runtime/wasm-engine-edge.js(32,878): error TS7053: Element implicitly has an 'any' type because expression of type 'string' can't be used to index type '{ level: (r: any) => void; emit: (i: any) => void; }'.
  No index signature with a parameter of type 'string' was found on type '{ level: (r: any) => void; emit: (i: any) => void; }'.
generated/prisma/runtime/wasm-engine-edge.js(32,883): error TS7053: Element implicitly has an 'any' type because expression of type 'string' can't be used to index type '{ level: (r: any) => void; emit: (i: any) => void; }'.
  No index signature with a parameter of type 'string' was found on type '{ level: (r: any) => void; emit: (i: any) => void; }'.
generated/prisma/runtime/wasm-engine-edge.js(32,1001): error TS7006: Parameter 't' implicitly has an 'any' type.
generated/prisma/runtime/wasm-engine-edge.js(32,1377): error TS7006: Parameter 't' implicitly has an 'any' type.
generated/prisma/runtime/wasm-engine-edge.js(32,1379): error TS7006: Parameter 'e' implicitly has an 'any' type.
generated/prisma/runtime/wasm-engine-edge.js(32,1708): error TS7006: Parameter 'v' implicitly has an 'any' type.
generated/prisma/runtime/wasm-engine-edge.js(32,2002): error TS7006: Parameter 't' implicitly has an 'any' type.
generated/prisma/runtime/wasm-engine-edge.js(32,2369): error TS7006: Parameter 't' implicitly has an 'any' type.
generated/prisma/runtime/wasm-engine-edge.js(32,2371): error TS7006: Parameter 'e' implicitly has an 'any' type.
generated/prisma/runtime/wasm-engine-edge.js(32,2522): error TS7053: Element implicitly has an 'any' type because expression of type 'string' can't be used to index type '{ datasources: (t: any, { datasourceNames: e }: { datasourceNames: any; }) => void; adapter: (t: any, e: any) => void; datasourceUrl: (t: any) => void; errorFormat: (t: any) => void; log: (t: any) => void; transactionOptions: (t: any) => void; omit: (t: any, e: any) => void; __internal: (t: any) => void; }'.
  No index signature with a parameter of type 'string' was found on type '{ datasources: (t: any, { datasourceNames: e }: { datasourceNames: any; }) => void; adapter: (t: any, e: any) => void; datasourceUrl: (t: any) => void; errorFormat: (t: any) => void; log: (t: any) => void; transactionOptions: (t: any) => void; omit: (t: any, e: any) => void; __internal: (t: any) => void; }'.
generated/prisma/runtime/wasm-engine-edge.js(32,2683): error TS7006: Parameter 't' implicitly has an 'any' type.
generated/prisma/runtime/wasm-engine-edge.js(32,2685): error TS7006: Parameter 'e' implicitly has an 'any' type.
generated/prisma/runtime/wasm-engine-edge.js(32,2795): error TS7006: Parameter 't' implicitly has an 'any' type.
generated/prisma/runtime/wasm-engine-edge.js(32,2797): error TS7006: Parameter 'e' implicitly has an 'any' type.
generated/prisma/runtime/wasm-engine-edge.js(32,2840): error TS7006: Parameter 'i' implicitly has an 'any' type.
generated/prisma/runtime/wasm-engine-edge.js(32,2893): error TS7006: Parameter 'i' implicitly has an 'any' type.
generated/prisma/runtime/wasm-engine-edge.js(32,2895): error TS7006: Parameter 'o' implicitly has an 'any' type.
generated/prisma/runtime/wasm-engine-edge.js(32,2983): error TS7006: Parameter 't' implicitly has an 'any' type.
generated/prisma/runtime/wasm-engine-edge.js(32,2985): error TS7006: Parameter 'e' implicitly has an 'any' type.
generated/prisma/runtime/wasm-engine-edge.js(32,3037): error TS7006: Parameter 't' implicitly has an 'any' type.
generated/prisma/runtime/wasm-engine-edge.js(32,3039): error TS7006: Parameter 'e' implicitly has an 'any' type.
generated/prisma/runtime/wasm-engine-edge.js(32,3111): error TS7006: Parameter 't' implicitly has an 'any' type.
generated/prisma/runtime/wasm-engine-edge.js(32,3113): error TS7006: Parameter 'e' implicitly has an 'any' type.
generated/prisma/runtime/wasm-engine-edge.js(36,43): error TS7006: Parameter 't' implicitly has an 'any' type.
generated/prisma/runtime/wasm-engine-edge.js(36,132): error TS7034: Variable 'i' implicitly has type 'any' in some locations where its type cannot be determined.
generated/prisma/runtime/wasm-engine-edge.js(36,183): error TS7005: Variable 'i' implicitly has an 'any' type.
generated/prisma/runtime/wasm-engine-edge.js(36,200): error TS7006: Parameter 'v' implicitly has an 'any' type.
generated/prisma/runtime/wasm-engine-edge.js(36,257): error TS7006: Parameter 'R' implicitly has an 'any' type.
generated/prisma/runtime/wasm-engine-edge.js(36,273): error TS7006: Parameter 'R' implicitly has an 'any' type.
generated/prisma/runtime/wasm-engine-edge.js(36,328): error TS7005: Variable 'i' implicitly has an 'any' type.
generated/prisma/runtime/wasm-engine-edge.js(36,413): error TS7017: Element implicitly has an 'any' type because type 'typeof globalThis' has no index signature.
generated/prisma/runtime/wasm-engine-edge.js(36,465): error TS7006: Parameter 't' implicitly has an 'any' type.
generated/prisma/runtime/wasm-engine-edge.js(36,498): error TS7006: Parameter 't' implicitly has an 'any' type.
generated/prisma/runtime/wasm-engine-edge.js(36,598): error TS7006: Parameter 't' implicitly has an 'any' type.
generated/prisma/runtime/wasm-engine-edge.js(36,664): error TS7008: Member '_connectionPromise' implicitly has an 'any' type.
generated/prisma/runtime/wasm-engine-edge.js(36,683): error TS7008: Member '_disconnectionPromise' implicitly has an 'any' type.
generated/prisma/runtime/wasm-engine-edge.js(36,904): error TS7006: Parameter 'n' implicitly has an 'any' type.
generated/prisma/runtime/wasm-engine-edge.js(36,974): error TS7005: Variable 'Fr' implicitly has an 'any' type.
generated/prisma/runtime/wasm-engine-edge.js(36,1253): error TS7005: Variable 'cr' implicitly has an 'any' type.
generated/prisma/runtime/wasm-engine-edge.js(36,1354): error TS7005: Variable 'cr' implicitly has an 'any' type.
generated/prisma/runtime/wasm-engine-edge.js(36,2071): error TS2339: Property 'enable' does not exist on type '(t: any) => (...n: any[]) => void'.
generated/prisma/runtime/wasm-engine-edge.js(36,2101): error TS7005: Variable 'cr' implicitly has an 'any' type.
generated/prisma/runtime/wasm-engine-edge.js(36,2138): error TS7005: Variable 'Pi' implicitly has an 'any' type.
generated/prisma/runtime/wasm-engine-edge.js(36,2308): error TS7005: Variable 'g' implicitly has an 'any' type.
generated/prisma/runtime/wasm-engine-edge.js(36,2366): error TS7005: Variable 'g' implicitly has an 'any' type.
generated/prisma/runtime/wasm-engine-edge.js(36,2800): error TS7006: Parameter 'C' implicitly has an 'any' type.
generated/prisma/runtime/wasm-engine-edge.js(36,4000): error TS7006: Parameter 'D' implicitly has an 'any' type.
generated/prisma/runtime/wasm-engine-edge.js(36,4007): error TS2339: Property 'log' does not exist on type '{}'.
generated/prisma/runtime/wasm-engine-edge.js(36,4017): error TS2339: Property 'tags' does not exist on type '{}'.
generated/prisma/runtime/wasm-engine-edge.js(36,4069): error TS18046: 'f' is of type 'unknown'.
generated/prisma/runtime/wasm-engine-edge.js(36,4194): error TS7006: Parameter 'n' implicitly has an 'any' type.
generated/prisma/runtime/wasm-engine-edge.js(36,4196): error TS7006: Parameter 'i' implicitly has an 'any' type.
generated/prisma/runtime/wasm-engine-edge.js(36,4236): error TS2339: Property 'onBeforeExit' does not exist on type 'Zt | er | $n'.
  Property 'onBeforeExit' does not exist on type '$n'.
generated/prisma/runtime/wasm-engine-edge.js(36,4333): error TS2339: Property 'start' does not exist on type 'Zt | er | $n'.
  Property 'start' does not exist on type '$n'.
generated/prisma/runtime/wasm-engine-edge.js(36,4356): error TS18046: 'n' is of type 'unknown'.
generated/prisma/runtime/wasm-engine-edge.js(36,4438): error TS2339: Property 'stop' does not exist on type 'Zt | er | $n'.
  Property 'stop' does not exist on type '$n'.
generated/prisma/runtime/wasm-engine-edge.js(36,4460): error TS18046: 'n' is of type 'unknown'.
generated/prisma/runtime/wasm-engine-edge.js(36,4532): error TS7006: Parameter 'n' implicitly has an 'any' type.
generated/prisma/runtime/wasm-engine-edge.js(36,4534): error TS7006: Parameter 'i' implicitly has an 'any' type.
generated/prisma/runtime/wasm-engine-edge.js(36,4536): error TS7006: Parameter 'o' implicitly has an 'any' type.
generated/prisma/runtime/wasm-engine-edge.js(36,4538): error TS7006: Parameter 's' implicitly has an 'any' type.
generated/prisma/runtime/wasm-engine-edge.js(36,4775): error TS7006: Parameter 'n' implicitly has an 'any' type.
generated/prisma/runtime/wasm-engine-edge.js(36,4777): error TS7019: Rest parameter 'i' implicitly has an 'any[]' type.
generated/prisma/runtime/wasm-engine-edge.js(36,4816): error TS7006: Parameter 'o' implicitly has an 'any' type.
generated/prisma/runtime/wasm-engine-edge.js(36,5417): error TS7006: Parameter 'n' implicitly has an 'any' type.
generated/prisma/runtime/wasm-engine-edge.js(36,5419): error TS7019: Rest parameter 'i' implicitly has an 'any[]' type.
generated/prisma/runtime/wasm-engine-edge.js(36,5458): error TS7006: Parameter 'o' implicitly has an 'any' type.
generated/prisma/runtime/wasm-engine-edge.js(36,5612): error TS7006: Parameter 'n' implicitly has an 'any' type.
generated/prisma/runtime/wasm-engine-edge.js(36,5823): error TS7006: Parameter 'i' implicitly has an 'any' type.
generated/prisma/runtime/wasm-engine-edge.js(36,5999): error TS7006: Parameter 'n' implicitly has an 'any' type.
generated/prisma/runtime/wasm-engine-edge.js(36,6001): error TS7006: Parameter 'i' implicitly has an 'any' type.
generated/prisma/runtime/wasm-engine-edge.js(36,6003): error TS7006: Parameter 'o' implicitly has an 'any' type.
generated/prisma/runtime/wasm-engine-edge.js(36,6005): error TS7006: Parameter 's' implicitly has an 'any' type.
generated/prisma/runtime/wasm-engine-edge.js(36,6238): error TS7006: Parameter 'n' implicitly has an 'any' type.
generated/prisma/runtime/wasm-engine-edge.js(36,6240): error TS7019: Rest parameter 'i' implicitly has an 'any[]' type.
generated/prisma/runtime/wasm-engine-edge.js(36,6279): error TS7006: Parameter 'o' implicitly has an 'any' type.
generated/prisma/runtime/wasm-engine-edge.js(36,6738): error TS7006: Parameter 'n' implicitly has an 'any' type.
generated/prisma/runtime/wasm-engine-edge.js(36,6774): error TS7006: Parameter 'i' implicitly has an 'any' type.
generated/prisma/runtime/wasm-engine-edge.js(36,7017): error TS7006: Parameter 'n' implicitly has an 'any' type.
generated/prisma/runtime/wasm-engine-edge.js(36,7019): error TS7019: Rest parameter 'i' implicitly has an 'any[]' type.
generated/prisma/runtime/wasm-engine-edge.js(36,7058): error TS7006: Parameter 'o' implicitly has an 'any' type.
generated/prisma/runtime/wasm-engine-edge.js(36,7147): error TS7031: Binding element 'n' implicitly has an 'any' type.
generated/prisma/runtime/wasm-engine-edge.js(36,7157): error TS7031: Binding element 'i' implicitly has an 'any' type.
generated/prisma/runtime/wasm-engine-edge.js(36,7203): error TS7006: Parameter 'f' implicitly has an 'any' type.
generated/prisma/runtime/wasm-engine-edge.js(36,7205): error TS7006: Parameter 'v' implicitly has an 'any' type.
generated/prisma/runtime/wasm-engine-edge.js(36,7678): error TS7031: Binding element 'n' implicitly has an 'any' type.
generated/prisma/runtime/wasm-engine-edge.js(36,7688): error TS7031: Binding element 'i' implicitly has an 'any' type.
generated/prisma/runtime/wasm-engine-edge.js(36,7993): error TS2339: Property 'transaction' does not exist on type 'Zt | er | $n'.
  Property 'transaction' does not exist on type '$n'.
generated/prisma/runtime/wasm-engine-edge.js(36,8103): error TS2339: Property 'transaction' does not exist on type 'Zt | er | $n'.
  Property 'transaction' does not exist on type '$n'.
generated/prisma/runtime/wasm-engine-edge.js(36,8163): error TS2339: Property 'transaction' does not exist on type 'Zt | er | $n'.
  Property 'transaction' does not exist on type '$n'.
generated/prisma/runtime/wasm-engine-edge.js(36,8233): error TS7006: Parameter 'n' implicitly has an 'any' type.
generated/prisma/runtime/wasm-engine-edge.js(36,8403): error TS7006: Parameter 'n' implicitly has an 'any' type.
generated/prisma/runtime/wasm-engine-edge.js(36,8405): error TS7006: Parameter 'i' implicitly has an 'any' type.
generated/prisma/runtime/wasm-engine-edge.js(36,8966): error TS7006: Parameter 'n' implicitly has an 'any' type.
generated/prisma/runtime/wasm-engine-edge.js(36,9318): error TS7006: Parameter 'f' implicitly has an 'any' type.
generated/prisma/runtime/wasm-engine-edge.js(36,9746): error TS7031: Binding element 'n' implicitly has an 'any' type.
generated/prisma/runtime/wasm-engine-edge.js(36,9761): error TS7031: Binding element 'i' implicitly has an 'any' type.
generated/prisma/runtime/wasm-engine-edge.js(36,9772): error TS7031: Binding element 'o' implicitly has an 'any' type.
generated/prisma/runtime/wasm-engine-edge.js(36,9783): error TS7031: Binding element 's' implicitly has an 'any' type.
generated/prisma/runtime/wasm-engine-edge.js(36,9792): error TS7031: Binding element 'a' implicitly has an 'any' type.
generated/prisma/runtime/wasm-engine-edge.js(36,9800): error TS7031: Binding element 'f' implicitly has an 'any' type.
generated/prisma/runtime/wasm-engine-edge.js(36,9813): error TS7031: Binding element 'v' implicitly has an 'any' type.
generated/prisma/runtime/wasm-engine-edge.js(36,9827): error TS7031: Binding element 'R' implicitly has an 'any' type.
generated/prisma/runtime/wasm-engine-edge.js(36,9838): error TS7031: Binding element 'A' implicitly has an 'any' type.
generated/prisma/runtime/wasm-engine-edge.js(36,9854): error TS7031: Binding element 'I' implicitly has an 'any' type.
generated/prisma/runtime/wasm-engine-edge.js(36,9877): error TS7031: Binding element 'C' implicitly has an 'any' type.
generated/prisma/runtime/wasm-engine-edge.js(36,10232): error TS2339: Property 'enabled' does not exist on type '(t: any) => (...n: any[]) => void'.
generated/prisma/runtime/wasm-engine-edge.js(37,337): error TS18046: 'L' is of type 'unknown'.
generated/prisma/runtime/wasm-engine-edge.js(37,414): error TS7006: Parameter 'n' implicitly has an 'any' type.
generated/prisma/runtime/wasm-engine-edge.js(37,519): error TS2339: Property 'applyPendingMigrations' does not exist on type 'Zt | er | $n'.
  Property 'applyPendingMigrations' does not exist on type '$n'.
generated/prisma/runtime/wasm-engine-edge.js(37,577): error TS7006: Parameter 't' implicitly has an 'any' type.
generated/prisma/runtime/wasm-engine-edge.js(37,579): error TS7006: Parameter 'e' implicitly has an 'any' type.
generated/prisma/runtime/wasm-engine-edge.js(37,631): error TS7006: Parameter 't' implicitly has an 'any' type.
generated/prisma/runtime/wasm-engine-edge.js(37,675): error TS2339: Property 'raw' does not exist on type 'any[]'.
generated/prisma/runtime/wasm-engine-edge.js(37,852): error TS7006: Parameter 't' implicitly has an 'any' type.
generated/prisma/runtime/wasm-engine-edge.js(37,1027): error TS2303: Circular definition of import alias 'DMMF'.
generated/prisma/runtime/wasm-engine-edge.js(37,1027): error TS18004: No value exists in scope for the shorthand property 'DMMF'. Either declare one or provide an initializer.
generated/prisma/runtime/wasm-engine-edge.js(37,1032): error TS2303: Circular definition of import alias 'Debug'.
generated/prisma/runtime/wasm-engine-edge.js(37,1032): error TS18004: No value exists in scope for the shorthand property 'Debug'. Either declare one or provide an initializer.
generated/prisma/runtime/wasm-engine-edge.js(37,1038): error TS2303: Circular definition of import alias 'Decimal'.
generated/prisma/runtime/wasm-engine-edge.js(37,1038): error TS18004: No value exists in scope for the shorthand property 'Decimal'. Either declare one or provide an initializer.
generated/prisma/runtime/wasm-engine-edge.js(37,1046): error TS2303: Circular definition of import alias 'Extensions'.
generated/prisma/runtime/wasm-engine-edge.js(37,1046): error TS18004: No value exists in scope for the shorthand property 'Extensions'. Either declare one or provide an initializer.
generated/prisma/runtime/wasm-engine-edge.js(37,1057): error TS2303: Circular definition of import alias 'MetricsClient'.
generated/prisma/runtime/wasm-engine-edge.js(37,1057): error TS18004: No value exists in scope for the shorthand property 'MetricsClient'. Either declare one or provide an initializer.
generated/prisma/runtime/wasm-engine-edge.js(37,1071): error TS2303: Circular definition of import alias 'PrismaClientInitializationError'.
generated/prisma/runtime/wasm-engine-edge.js(37,1071): error TS18004: No value exists in scope for the shorthand property 'PrismaClientInitializationError'. Either declare one or provide an initializer.
generated/prisma/runtime/wasm-engine-edge.js(37,1103): error TS2303: Circular definition of import alias 'PrismaClientKnownRequestError'.
generated/prisma/runtime/wasm-engine-edge.js(37,1103): error TS18004: No value exists in scope for the shorthand property 'PrismaClientKnownRequestError'. Either declare one or provide an initializer.
generated/prisma/runtime/wasm-engine-edge.js(37,1133): error TS2303: Circular definition of import alias 'PrismaClientRustPanicError'.
generated/prisma/runtime/wasm-engine-edge.js(37,1133): error TS18004: No value exists in scope for the shorthand property 'PrismaClientRustPanicError'. Either declare one or provide an initializer.
generated/prisma/runtime/wasm-engine-edge.js(37,1160): error TS2303: Circular definition of import alias 'PrismaClientUnknownRequestError'.
generated/prisma/runtime/wasm-engine-edge.js(37,1160): error TS18004: No value exists in scope for the shorthand property 'PrismaClientUnknownRequestError'. Either declare one or provide an initializer.
generated/prisma/runtime/wasm-engine-edge.js(37,1192): error TS2303: Circular definition of import alias 'PrismaClientValidationError'.
generated/prisma/runtime/wasm-engine-edge.js(37,1192): error TS18004: No value exists in scope for the shorthand property 'PrismaClientValidationError'. Either declare one or provide an initializer.
generated/prisma/runtime/wasm-engine-edge.js(37,1220): error TS2303: Circular definition of import alias 'Public'.
generated/prisma/runtime/wasm-engine-edge.js(37,1220): error TS18004: No value exists in scope for the shorthand property 'Public'. Either declare one or provide an initializer.
generated/prisma/runtime/wasm-engine-edge.js(37,1227): error TS2303: Circular definition of import alias 'Sql'.
generated/prisma/runtime/wasm-engine-edge.js(37,1227): error TS18004: No value exists in scope for the shorthand property 'Sql'. Either declare one or provide an initializer.
generated/prisma/runtime/wasm-engine-edge.js(37,1231): error TS2303: Circular definition of import alias 'createParam'.
generated/prisma/runtime/wasm-engine-edge.js(37,1231): error TS18004: No value exists in scope for the shorthand property 'createParam'. Either declare one or provide an initializer.
generated/prisma/runtime/wasm-engine-edge.js(37,1243): error TS2303: Circular definition of import alias 'defineDmmfProperty'.
generated/prisma/runtime/wasm-engine-edge.js(37,1243): error TS18004: No value exists in scope for the shorthand property 'defineDmmfProperty'. Either declare one or provide an initializer.
generated/prisma/runtime/wasm-engine-edge.js(37,1262): error TS2303: Circular definition of import alias 'deserializeJsonResponse'.
generated/prisma/runtime/wasm-engine-edge.js(37,1262): error TS18004: No value exists in scope for the shorthand property 'deserializeJsonResponse'. Either declare one or provide an initializer.
generated/prisma/runtime/wasm-engine-edge.js(37,1286): error TS2303: Circular definition of import alias 'deserializeRawResult'.
generated/prisma/runtime/wasm-engine-edge.js(37,1286): error TS18004: No value exists in scope for the shorthand property 'deserializeRawResult'. Either declare one or provide an initializer.
generated/prisma/runtime/wasm-engine-edge.js(37,1307): error TS2303: Circular definition of import alias 'dmmfToRuntimeDataModel'.
generated/prisma/runtime/wasm-engine-edge.js(37,1307): error TS18004: No value exists in scope for the shorthand property 'dmmfToRuntimeDataModel'. Either declare one or provide an initializer.
generated/prisma/runtime/wasm-engine-edge.js(37,1330): error TS2303: Circular definition of import alias 'empty'.
generated/prisma/runtime/wasm-engine-edge.js(37,1330): error TS18004: No value exists in scope for the shorthand property 'empty'. Either declare one or provide an initializer.
generated/prisma/runtime/wasm-engine-edge.js(37,1336): error TS2303: Circular definition of import alias 'getPrismaClient'.
generated/prisma/runtime/wasm-engine-edge.js(37,1336): error TS18004: No value exists in scope for the shorthand property 'getPrismaClient'. Either declare one or provide an initializer.
generated/prisma/runtime/wasm-engine-edge.js(37,1352): error TS2303: Circular definition of import alias 'getRuntime'.
generated/prisma/runtime/wasm-engine-edge.js(37,1352): error TS18004: No value exists in scope for the shorthand property 'getRuntime'. Either declare one or provide an initializer.
generated/prisma/runtime/wasm-engine-edge.js(37,1363): error TS2303: Circular definition of import alias 'join'.
generated/prisma/runtime/wasm-engine-edge.js(37,1363): error TS18004: No value exists in scope for the shorthand property 'join'. Either declare one or provide an initializer.
generated/prisma/runtime/wasm-engine-edge.js(37,1368): error TS2303: Circular definition of import alias 'makeStrictEnum'.
generated/prisma/runtime/wasm-engine-edge.js(37,1368): error TS18004: No value exists in scope for the shorthand property 'makeStrictEnum'. Either declare one or provide an initializer.
generated/prisma/runtime/wasm-engine-edge.js(37,1383): error TS2303: Circular definition of import alias 'makeTypedQueryFactory'.
generated/prisma/runtime/wasm-engine-edge.js(37,1383): error TS18004: No value exists in scope for the shorthand property 'makeTypedQueryFactory'. Either declare one or provide an initializer.
generated/prisma/runtime/wasm-engine-edge.js(37,1405): error TS2303: Circular definition of import alias 'objectEnumValues'.
generated/prisma/runtime/wasm-engine-edge.js(37,1405): error TS18004: No value exists in scope for the shorthand property 'objectEnumValues'. Either declare one or provide an initializer.
generated/prisma/runtime/wasm-engine-edge.js(37,1422): error TS2303: Circular definition of import alias 'raw'.
generated/prisma/runtime/wasm-engine-edge.js(37,1422): error TS18004: No value exists in scope for the shorthand property 'raw'. Either declare one or provide an initializer.
generated/prisma/runtime/wasm-engine-edge.js(37,1426): error TS2303: Circular definition of import alias 'serializeJsonQuery'.
generated/prisma/runtime/wasm-engine-edge.js(37,1426): error TS18004: No value exists in scope for the shorthand property 'serializeJsonQuery'. Either declare one or provide an initializer.
generated/prisma/runtime/wasm-engine-edge.js(37,1445): error TS2303: Circular definition of import alias 'skip'.
generated/prisma/runtime/wasm-engine-edge.js(37,1445): error TS18004: No value exists in scope for the shorthand property 'skip'. Either declare one or provide an initializer.
generated/prisma/runtime/wasm-engine-edge.js(37,1450): error TS2303: Circular definition of import alias 'sqltag'.
generated/prisma/runtime/wasm-engine-edge.js(37,1450): error TS18004: No value exists in scope for the shorthand property 'sqltag'. Either declare one or provide an initializer.
generated/prisma/runtime/wasm-engine-edge.js(37,1457): error TS2303: Circular definition of import alias 'warnEnvConflicts'.
generated/prisma/runtime/wasm-engine-edge.js(37,1457): error TS18004: No value exists in scope for the shorthand property 'warnEnvConflicts'. Either declare one or provide an initializer.
generated/prisma/runtime/wasm-engine-edge.js(37,1474): error TS2303: Circular definition of import alias 'warnOnce'.
generated/prisma/runtime/wasm-engine-edge.js(37,1474): error TS18004: No value exists in scope for the shorthand property 'warnOnce'. Either declare one or provide an initializer.
generated/prisma/wasm-edge-light-loader.mjs(5,23): error TS2307: Cannot find module './query_engine_bg.wasm?module' or its corresponding type declarations.
generated/prisma/wasm-worker-loader.mjs(5,23): error TS2307: Cannot find module './query_engine_bg.wasm' or its corresponding type declarations.
generated/prisma/wasm.js(35,1): error TS2740: Type 'typeof Prisma' is missing the following properties from type 'typeof Prisma': TransactionIsolationLevel, UserScalarFieldEnum, ProfileScalarFieldEnum, CompanyScalarFieldEnum, and 10 more.
generated/prisma/wasm.js(284,8): error TS2339: Property 'dirname' does not exist on type '{ generator: { name: string; provider: { fromEnvVar: null; value: string; }; output: { value: string; fromEnvVar: null; }; config: { engineType: string; }; binaryTargets: { fromEnvVar: null; value: string; native: boolean; }[]; previewFeatures: never[]; sourceFilePath: string; isCustomOutput: boolean; }; ... 10 more...'.
generated/prisma/wasm.js(286,8): error TS2339: Property 'runtimeDataModel' does not exist on type '{ generator: { name: string; provider: { fromEnvVar: null; value: string; }; output: { value: string; fromEnvVar: null; }; config: { engineType: string; }; binaryTargets: { fromEnvVar: null; value: string; native: boolean; }[]; previewFeatures: never[]; sourceFilePath: string; isCustomOutput: boolean; }; ... 10 more...'.
generated/prisma/wasm.js(287,43): error TS2339: Property 'runtimeDataModel' does not exist on type '{ generator: { name: string; provider: { fromEnvVar: null; value: string; }; output: { value: string; fromEnvVar: null; }; config: { engineType: string; }; binaryTargets: { fromEnvVar: null; value: string; native: boolean; }[]; previewFeatures: never[]; sourceFilePath: string; isCustomOutput: boolean; }; ... 10 more...'.
generated/prisma/wasm.js(288,8): error TS2339: Property 'engineWasm' does not exist on type '{ generator: { name: string; provider: { fromEnvVar: null; value: string; }; output: { value: string; fromEnvVar: null; }; config: { engineType: string; }; binaryTargets: { fromEnvVar: null; value: string; native: boolean; }[]; previewFeatures: never[]; sourceFilePath: string; isCustomOutput: boolean; }; ... 10 more...'.
generated/prisma/wasm.js(296,8): error TS2339: Property 'compilerWasm' does not exist on type '{ generator: { name: string; provider: { fromEnvVar: null; value: string; }; output: { value: string; fromEnvVar: null; }; config: { engineType: string; }; binaryTargets: { fromEnvVar: null; value: string; native: boolean; }[]; previewFeatures: never[]; sourceFilePath: string; isCustomOutput: boolean; }; ... 10 more...'.
generated/prisma/wasm.js(298,8): error TS2339: Property 'injectableEdgeEnv' does not exist on type '{ generator: { name: string; provider: { fromEnvVar: null; value: string; }; output: { value: string; fromEnvVar: null; }; config: { engineType: string; }; binaryTargets: { fromEnvVar: null; value: string; native: boolean; }[]; previewFeatures: never[]; sourceFilePath: string; isCustomOutput: boolean; }; ... 10 more...'.
generated/prisma/wasm.js(300,56): error TS7053: Element implicitly has an 'any' type because expression of type '"DATABASE_URL"' can't be used to index type 'typeof globalThis'.
  Property 'DATABASE_URL' does not exist on type 'typeof globalThis'.
generated/prisma/wasm.js(304,42): error TS7053: Element implicitly has an 'any' type because expression of type '"DEBUG"' can't be used to index type 'typeof globalThis'.
  Property 'DEBUG' does not exist on type 'typeof globalThis'.
generated/prisma/wasm.js(305,53): error TS7053: Element implicitly has an 'any' type because expression of type '"DEBUG"' can't be used to index type 'typeof globalThis'.
  Property 'DEBUG' does not exist on type 'typeof globalThis'.
